2026-08-09 00:50:18.190 | DEBUG    | ttnn:<module>:79 - Initial ttnn.CONFIG:
Config{cache_path=/home/ttuser/.cache/ttnn,model_cache_path=/home/ttuser/.cache/ttnn/models,tmp_dir=/tmp/ttnn,enable_model_cache=false,enable_fast_runtime_mode=true,throw_exception_on_fallback=false,enable_logging=false,enable_graph_report=false,enable_graph_python_stack_traces=false,enable_detailed_buffer_report=false,enable_detailed_tensor_report=false,enable_comparison_mode=false,comparison_mode_should_raise_exception=false,comparison_mode_pcc=0.9999,root_report_path=generated/ttnn/reports,report_name=std::nullopt,std::nullopt}
2026-08-09 00:50:18.241 | info     |          Device | Opening user mode device driver (tt_cluster.cpp:228)
2026-08-09 00:50:18.241 | info     |             UMD | Cluster constructor started. (cluster.cpp:348)
2026-08-09 00:50:18.241 | info     |             UMD | Creating TopologyDiscovery for architecture: blackhole (topology_discovery.cpp:95)
2026-08-09 00:50:18.241 | info     |             UMD | Starting topology discovery. (topology_discovery.cpp:114)
2026-08-09 00:50:18.244 | info     |             UMD | Established firmware bundle version: 19.11.0 (topology_discovery.cpp:574)
2026-08-09 00:50:18.244 | info     |             UMD | Completed topology discovery. (topology_discovery.cpp:118)
2026-08-09 00:50:18.245 | warning  |             UMD | Board 0x46131924022 has 1 chips, but expected 2 chips for board type p300. (cluster_descriptor.cpp:1238)
2026-08-09 00:50:18.264 | info     |             UMD | Opening local chip ids/PCIe ids: {0}/[2] and remote chip ids {} (cluster.cpp:168)
2026-08-09 00:50:18.264 | info     |             UMD | IOMMU: enabled (cluster.cpp:142)
2026-08-09 00:50:18.264 | info     |             UMD | KMD version: 2.10.0 (cluster.cpp:145)
2026-08-09 00:50:18.264 | info     |             UMD | Cluster constructor completed. (cluster.cpp:520)
2026-08-09 00:50:18.264 | warning  |          Device | Using CUSTOM cluster type for P300 board with 1 chips (tt_cluster.cpp:202)
2026-08-09 00:50:18.264 | info     |             UMD | Starting devices in cluster (cluster.cpp:1024)
2026-08-09 00:50:18.297 | info     |             UMD | Starting devices in cluster completed. (cluster.cpp:1032)
2026-08-09 00:50:18.352 | info     |     Distributed | Using custom mesh graph descriptor: /home/ttuser/.local/lib/model-bringup/tt-metal/tt_metal/fabric/mesh_graph_descriptors/p150_mesh_graph_descriptor.textproto (metal_env.cpp:404)
2026-08-09 00:50:18.353 | warning  |          Always | Unknown motherboard 'B850M-C' for chip_id=0 (bus_id=0x3) — falling back to bus_id as tray_id. Add this motherboard and its bus IDs to mobo_to_bus_ids in physical_system_discovery.cpp. (physical_system_discovery.cpp:89)
2026-08-09 00:50:18.353 | info     |          Fabric | Logical multi-mesh adjacency: intermesh degree histogram {0:1}; intra-mesh degree histograms mesh0 {0:1} (topology_mapper_utils.cpp:2342)
2026-08-09 00:50:18.353 | info     |          Fabric | Physical multi-mesh adjacency: intermesh degree histogram {0:1}; intra-mesh degree histograms mesh0 {0:1} (topology_mapper_utils.cpp:2350)
2026-08-09 00:50:18.357 | info     |    BuildKernels | Using pre-compiled firmware from: /home/ttuser/.local/lib/model-bringup/tt-metal/tt_metal/pre-compiled/5822202293905037534/ (build_env_manager.cpp:347)
2026-08-09 00:50:18.414 | info     |           Metal | ShmResourceTracker: removed orphaned shm '/tt_device_154095680226369_memory' (shm_resource_tracker.cpp:282)
2026-08-09 00:50:18.993 | info     |           Metal | [Real-time profiler] Device 0 sync complete: 100 samples, frequency=1.349987 GHz, device_time_at_sync=8329531554857 cycles (realtime_profiler_manager.cpp:1127)
== norm
2026-08-09 00:50:19.025 | critical |          Always | TT_FATAL: subblock_wt=16, but subblock width must less than 4 tiles in fp32 mode when dst_full_sync_en is false (assert.hpp:104)
2026-08-09 00:50:19.038 | critical |          Always | TT_FATAL: subblock_wt=5, but subblock width must less than 4 tiles in fp32 mode when dst_full_sync_en is false (assert.hpp:104)
  interleaved (baseline): 103.8 us/call, cores 1
  sharded 5x2 block_w=16 subblock_w=16: FAILED TT_FATAL @ /home/ttuser/.local/lib/model-bringup/tt-metal/ttnn/cpp/ttnn/operations/normalization/layernorm/device/sharde
  sharded 5x2 block_w=16 subblock_w=4: 24.6 us/call max|err|=0.03125
  sharded 5x2 block_w=16 subblock_w=2: 23.7 us/call max|err|=0.03125
  sharded 5x2 block_w=16 subblock_w=1: 24.3 us/call max|err|=0.03125
  sharded 8x4 block_w=5 subblock_w=5: FAILED TT_FATAL @ /home/ttuser/.local/lib/model-bringup/tt-metal/ttnn/cpp/ttnn/operations/normalization/layernorm/device/sharde
  sharded 8x4 block_w=5 subblock_w=1: 30.8 us/call max|err|=0.03125
  sharded 8x5 block_w=4 subblock_w=4: 44.5 us/call max|err|=0.03125
  sharded 8x5 block_w=4 subblock_w=2: 35.2 us/call max|err|=0.03125
  sharded 8x5 block_w=4 subblock_w=1: 31.9 us/call max|err|=0.03125
  sharded 10x4 block_w=4 subblock_w=4: 43.2 us/call max|err|=0.03125
  sharded 10x4 block_w=4 subblock_w=2: 42.6 us/call max|err|=0.03125
  sharded 10x4 block_w=4 subblock_w=1: 32.0 us/call max|err|=0.03125
  grid 8x8: skipped, 160 tiles not divisible by 64
nanobind: leaked 1 instances!
 - leaked instance 0x79aa7cf11908 of type "ttnn._ttnn.tensor.CoreRangeSet"
nanobind: leaked 41 types!
 - leaked type "DispatchCoreAxis"
 - leaked type "ttnn._ttnn.device.SubDeviceManagerId"
 - leaked type "MathFidelity"
 - leaked type "ttnn._ttnn.operations.matmul.MatmulMultiCoreReuseMultiCast1DProgramConfig"
 - leaked type "ttnn._ttnn.types.Shape"
 - leaked type "ttnn._ttnn.operations.matmul.MatmulInputs"
 - leaked type "ttnn._ttnn.operations.matmul.MatmulMultiCoreReuseMultiCastBatchedDRAMShardedProgramConfig"
 - leaked type "BufferType"
 - leaked type "UnaryOpType"
 - leaked type "Layout"
 - ... skipped remainder
nanobind: leaked 343 functions!
 - leaked function ""
 - leaked function ""
 - leaked function "create_matmul_attributes"
 - leaked function ""
 - leaked function ""
 - leaked function ""
 - leaked function "get_view"
 - leaked function ""
 - leaked function ""
 - leaked function "mesh_size"
 - ... skipped remainder
nanobind: this is likely caused by a reference counting issue in the binding code.
See https://nanobind.readthedocs.io/en/latest/refleaks.html2026-08-09 00:50:19.335 | info     |    BuildKernels | JIT cache stats: 96/96 hits (100.0%) [96 cached, 43 build-once dedup, 0 merged artifacts, 0 merged genfiles] (build_cache_telemetry.cpp:207)
2026-08-09 00:50:19.335 | info     |    BuildKernels | JIT telemetry: 3 registered TelemetryTokens (build_cache_telemetry.cpp:230)
2026-08-09 00:50:19.339 | info     |          Device | Closing user mode device drivers (tt_cluster.cpp:513)
2026-08-09 00:50:19.339 | info     |             UMD | Closing devices in cluster (cluster.cpp:1037)
2026-08-09 00:50:19.473 | info     |             UMD | Closing devices in cluster completed. (cluster.cpp:1046)
2026-08-09 00:50:19.473 | info     |             UMD | Cluster destructor started. (cluster.cpp:754)
2026-08-09 00:50:19.473 | info     |             UMD | Cluster destructor completed. (cluster.cpp:757)
