2026-08-09 01:18:15.129 | DEBUG    | ttnn:<module>:79 - Initial ttnn.CONFIG:
Config{cache_path=/home/ttuser/.cache/ttnn,model_cache_path=/home/ttuser/.cache/ttnn/models,tmp_dir=/tmp/ttnn,enable_model_cache=false,enable_fast_runtime_mode=true,throw_exception_on_fallback=false,enable_logging=false,enable_graph_report=false,enable_graph_python_stack_traces=false,enable_detailed_buffer_report=false,enable_detailed_tensor_report=false,enable_comparison_mode=false,comparison_mode_should_raise_exception=false,comparison_mode_pcc=0.9999,root_report_path=generated/ttnn/reports,report_name=std::nullopt,std::nullopt}
2026-08-09 01:18:15.179 | info     |          Device | Opening user mode device driver (tt_cluster.cpp:228)
2026-08-09 01:18:15.179 | info     |             UMD | Cluster constructor started. (cluster.cpp:348)
2026-08-09 01:18:15.179 | info     |             UMD | Creating TopologyDiscovery for architecture: blackhole (topology_discovery.cpp:95)
2026-08-09 01:18:15.179 | info     |             UMD | Starting topology discovery. (topology_discovery.cpp:114)
2026-08-09 01:18:15.182 | info     |             UMD | Established firmware bundle version: 19.11.0 (topology_discovery.cpp:574)
2026-08-09 01:18:15.182 | info     |             UMD | Completed topology discovery. (topology_discovery.cpp:118)
2026-08-09 01:18:15.182 | warning  |             UMD | Board 0x46131924022 has 1 chips, but expected 2 chips for board type p300. (cluster_descriptor.cpp:1238)
2026-08-09 01:18:15.202 | info     |             UMD | Opening local chip ids/PCIe ids: {0}/[2] and remote chip ids {} (cluster.cpp:168)
2026-08-09 01:18:15.202 | info     |             UMD | IOMMU: enabled (cluster.cpp:142)
2026-08-09 01:18:15.202 | info     |             UMD | KMD version: 2.10.0 (cluster.cpp:145)
2026-08-09 01:18:15.202 | info     |             UMD | Cluster constructor completed. (cluster.cpp:520)
2026-08-09 01:18:15.202 | warning  |          Device | Using CUSTOM cluster type for P300 board with 1 chips (tt_cluster.cpp:202)
2026-08-09 01:18:15.202 | info     |             UMD | Starting devices in cluster (cluster.cpp:1024)
2026-08-09 01:18:15.298 | info     |             UMD | Starting devices in cluster completed. (cluster.cpp:1032)
2026-08-09 01:18:15.353 | info     |     Distributed | Using custom mesh graph descriptor: /home/ttuser/.local/lib/model-bringup/tt-metal/tt_metal/fabric/mesh_graph_descriptors/p150_mesh_graph_descriptor.textproto (metal_env.cpp:404)
2026-08-09 01:18:15.354 | warning  |          Always | Unknown motherboard 'B850M-C' for chip_id=0 (bus_id=0x3) — falling back to bus_id as tray_id. Add this motherboard and its bus IDs to mobo_to_bus_ids in physical_system_discovery.cpp. (physical_system_discovery.cpp:89)
2026-08-09 01:18:15.354 | info     |          Fabric | Logical multi-mesh adjacency: intermesh degree histogram {0:1}; intra-mesh degree histograms mesh0 {0:1} (topology_mapper_utils.cpp:2342)
2026-08-09 01:18:15.354 | info     |          Fabric | Physical multi-mesh adjacency: intermesh degree histogram {0:1}; intra-mesh degree histograms mesh0 {0:1} (topology_mapper_utils.cpp:2350)
2026-08-09 01:18:15.357 | info     |    BuildKernels | Using pre-compiled firmware from: /home/ttuser/.local/lib/model-bringup/tt-metal/tt_metal/pre-compiled/5822202293905037534/ (build_env_manager.cpp:347)
2026-08-09 01:18:15.414 | info     |           Metal | ShmResourceTracker: removed orphaned shm '/tt_device_154095680226369_memory' (shm_resource_tracker.cpp:282)
2026-08-09 01:18:15.993 | info     |           Metal | [Real-time profiler] Device 0 sync complete: 100 samples, frequency=1.349988 GHz, device_time_at_sync=8961178287965 cycles (realtime_profiler_manager.cpp:1127)
== headsplit
  headsplit prefill L=2048: current=13.68 ms  widened+nlp_create_qkv_heads=5.15 ms
  headsplit decode-rows L=32: current=0.55 ms  widened+nlp_create_qkv_heads=0.74 ms
== conv1d
2026-08-09 01:18:19.510 | critical |          Always | TT_FATAL: DRAM Auto slice could not find valid slice configuration. Tried up to 64 slices for width-slicing on output dimension 2048. Available L1: 1461504 bytes. Operation requires more memory than available even with maximum slicing. (assert.hpp:104)
  conv1d num_slices=0: FAIL TT_FATAL @ /home/ttuser/.local/lib/model-bringup/tt-metal/ttnn/cpp/ttnn/operations/sliding_window/op_slicing/op_slicing.cpp:266: found_valid_config
in
2026-08-09 01:18:19.757 | critical |          Always | TT_FATAL: Out of Memory: Not enough space to allocate 22937600 B L1 buffer across 32 banks, where each bank needs to store 716800 B, but bank size is 1461504 B (allocated: 1310720 B, free: 150784 B, largest free block: 150784 B) (assert.hpp:104)
  conv1d num_slices=2: FAIL TT_FATAL @ /home/ttuser/.local/lib/model-bringup/tt-metal/tt_metal/impl/allocator/bank_manager.cpp:462: false
info:
Out of Memory: Not enough space to
2026-08-09 01:18:19.814 | critical |          Always | TT_FATAL: Out of Memory: Not enough space to allocate 11468800 B L1 buffer across 16 banks, where each bank needs to store 716800 B, but bank size is 1461504 B (allocated: 1310720 B, free: 150784 B, largest free block: 150784 B) (assert.hpp:104)
  conv1d num_slices=4: FAIL TT_FATAL @ /home/ttuser/.local/lib/model-bringup/tt-metal/tt_metal/impl/allocator/bank_manager.cpp:462: false
info:
Out of Memory: Not enough space to
2026-08-09 01:18:19.871 | critical |          Always | TT_FATAL: Out of Memory: Not enough space to allocate 5734400 B L1 buffer across 8 banks, where each bank needs to store 716800 B, but bank size is 1461504 B (allocated: 1310720 B, free: 150784 B, largest free block: 150784 B) (assert.hpp:104)
  conv1d num_slices=8: FAIL TT_FATAL @ /home/ttuser/.local/lib/model-bringup/tt-metal/tt_metal/impl/allocator/bank_manager.cpp:462: false
info:
Out of Memory: Not enough space to
2026-08-09 01:18:19.928 | critical |          Always | TT_FATAL: Out of Memory: Not enough space to allocate 2867200 B L1 buffer across 4 banks, where each bank needs to store 716800 B, but bank size is 1461504 B (allocated: 1310720 B, free: 150784 B, largest free block: 150784 B) (assert.hpp:104)
  conv1d num_slices=16: FAIL TT_FATAL @ /home/ttuser/.local/lib/model-bringup/tt-metal/tt_metal/impl/allocator/bank_manager.cpp:462: false
info:
Out of Memory: Not enough space to
2026-08-09 01:18:19.984 | critical |          Always | TT_FATAL: Out of Memory: Not enough space to allocate 1433600 B L1 buffer across 2 banks, where each bank needs to store 716800 B, but bank size is 1461504 B (allocated: 1310720 B, free: 150784 B, largest free block: 150784 B) (assert.hpp:104)
  conv1d num_slices=32: FAIL TT_FATAL @ /home/ttuser/.local/lib/model-bringup/tt-metal/tt_metal/impl/allocator/bank_manager.cpp:462: false
info:
Out of Memory: Not enough space to
== ba
  ba N=  128 default : 63.1 us
  ba N=  128 grid 8x8: 62.2 us
  ba N=  128 grid 4x8: 35.3 us
  ba N=  256 default : 65.4 us
  ba N=  256 grid 8x8: 63.1 us
  ba N=  256 grid 4x8: 35.6 us
  ba N=  512 default : 75.1 us
  ba N=  512 grid 8x8: 75.0 us
  ba N=  512 grid 4x8: 41.7 us
  ba N= 1024 default : 79.4 us
  ba N= 1024 grid 8x8: 79.7 us
  ba N= 1024 grid 4x8: 70.5 us
  ba N=128 bf16 weights: 65.3 us
nanobind: leaked 1 instances!
 - leaked instance 0x710a3addea48 of type "ttnn._ttnn.tensor.CoreRangeSet"
nanobind: leaked 41 types!
 - leaked type "DispatchCoreAxis"
 - leaked type "ttnn._ttnn.device.SubDeviceManagerId"
 - leaked type "MathFidelity"
 - leaked type "ttnn._ttnn.operations.matmul.MatmulMultiCoreReuseMultiCast1DProgramConfig"
 - leaked type "ttnn._ttnn.types.Shape"
 - leaked type "ttnn._ttnn.operations.matmul.MatmulInputs"
 - leaked type "ttnn._ttnn.operations.matmul.MatmulMultiCoreReuseMultiCastBatchedDRAMShardedProgramConfig"
 - leaked type "BufferType"
 - leaked type "UnaryOpType"
 - leaked type "Layout"
 - ... skipped remainder
nanobind: leaked 343 functions!
 - leaked function ""
 - leaked function "__eq__"
 - leaked function ""
 - leaked function ""
 - leaked function "to_json"
 - leaked function "__getitem__"
 - leaked function "get_fabric_node_id"
 - leaked function ""
 - leaked function "get_device_id"
 - leaked function "bounding_box"
 - ... skipped remainder
nanobind: this is likely caused by a reference counting issue in the binding code.
See https://nanobind.readthedocs.io/en/latest/refleaks.html2026-08-09 01:18:23.108 | info     |    BuildKernels | JIT cache stats: 81/125 hits (64.8%) [81 cached, 65 build-once dedup, 0 merged artifacts, 0 merged genfiles] (build_cache_telemetry.cpp:207)
2026-08-09 01:18:23.108 | info     |    BuildKernels | JIT telemetry: 3 registered TelemetryTokens (build_cache_telemetry.cpp:230)
2026-08-09 01:18:23.113 | info     |          Device | Closing user mode device drivers (tt_cluster.cpp:513)
2026-08-09 01:18:23.113 | info     |             UMD | Closing devices in cluster (cluster.cpp:1037)
2026-08-09 01:18:23.276 | info     |             UMD | Closing devices in cluster completed. (cluster.cpp:1046)
2026-08-09 01:18:23.276 | info     |             UMD | Cluster destructor started. (cluster.cpp:754)
2026-08-09 01:18:23.276 | info     |             UMD | Cluster destructor completed. (cluster.cpp:757)
