2026-07-17 15:47:52.983 | DEBUG    | ttnn:<module>:79 - Initial ttnn.CONFIG:
Config{cache_path=/home/ttuser/.cache/ttnn,model_cache_path=/home/ttuser/.cache/ttnn/models,tmp_dir=/tmp/ttnn,enable_model_cache=false,enable_fast_runtime_mode=true,throw_exception_on_fallback=false,enable_logging=false,enable_graph_report=false,enable_graph_python_stack_traces=false,enable_detailed_buffer_report=false,enable_detailed_tensor_report=false,enable_comparison_mode=false,comparison_mode_should_raise_exception=false,comparison_mode_pcc=0.9999,root_report_path=generated/ttnn/reports,report_name=std::nullopt,std::nullopt}
============================= test session starts ==============================
platform linux -- Python 3.12.3, pytest-9.0.3, pluggy-1.6.0 -- /home/ttuser/.tenstorrent-venv/bin/python
cachedir: .pytest_cache
rootdir: /home/ttuser/dev/tt-metal
configfile: pytest.ini
plugins: anyio-4.13.0
collecting ... collected 33 items / 25 deselected / 8 selected

models/autoports/hexgrad_kokoro_82m/tests/test_optimized_multichip_decoder.py::test_selected_optimizations_active 2026-07-17 15:47:53.982 | info     |          Device | Opening user mode device driver (tt_cluster.cpp:228)
2026-07-17 15:47:53.982 | info     |             UMD | Cluster constructor started. (cluster.cpp:348)
2026-07-17 15:47:53.982 | info     |             UMD | Creating TopologyDiscovery for architecture: blackhole (topology_discovery.cpp:91)
2026-07-17 15:47:53.982 | info     |             UMD | Starting topology discovery. (topology_discovery.cpp:110)
2026-07-17 15:47:53.985 | info     |             UMD | Established firmware bundle version: 19.11.0 (topology_discovery.cpp:569)
2026-07-17 15:47:53.985 | info     |             UMD | Firmware bundle version 19.11.0 on the system is newer than the latest fully tested version 19.5.0 for blackhole architecture. Newest features may not be supported. (topology_discovery.cpp:601)
2026-07-17 15:47:53.996 | info     |             UMD | Completed topology discovery. (topology_discovery.cpp:114)
2026-07-17 15:47:54.281 | info     |             UMD | Opening local chip ids/PCIe ids: {0, 1, 2, 3}/[0, 1, 2, 3] and remote chip ids {} (cluster.cpp:168)
2026-07-17 15:47:54.281 | info     |             UMD | IOMMU: enabled (cluster.cpp:142)
2026-07-17 15:47:54.281 | info     |             UMD | KMD version: 2.9.0 (cluster.cpp:145)
2026-07-17 15:47:54.281 | info     |             UMD | Cluster constructor completed. (cluster.cpp:520)
2026-07-17 15:47:54.283 | info     |             UMD | Starting devices in cluster (cluster.cpp:1024)
2026-07-17 15:47:54.469 | info     |             UMD | Starting devices in cluster completed. (cluster.cpp:1032)
2026-07-17 15:47:54.612 | info     |     Distributed | Using auto discovery to generate mesh graph. (metal_env.cpp:367)
2026-07-17 15:47:54.612 | info     |     Distributed | Constructing control plane using auto-discovery (no mesh graph descriptor). (metal_env.cpp:429)
2026-07-17 15:47:54.612 | warning  |          Always | Unknown motherboard 'B850M-C' for chip_id=0 (bus_id=0x1) — falling back to bus_id as tray_id. Add this motherboard and its bus IDs to mobo_to_bus_ids in physical_system_discovery.cpp. (physical_system_discovery.cpp:89)
2026-07-17 15:47:54.612 | warning  |          Always | Unknown motherboard 'B850M-C' for chip_id=1 (bus_id=0x2) — falling back to bus_id as tray_id. Add this motherboard and its bus IDs to mobo_to_bus_ids in physical_system_discovery.cpp. (physical_system_discovery.cpp:89)
2026-07-17 15:47:54.612 | warning  |          Always | Unknown motherboard 'B850M-C' for chip_id=2 (bus_id=0x3) — falling back to bus_id as tray_id. Add this motherboard and its bus IDs to mobo_to_bus_ids in physical_system_discovery.cpp. (physical_system_discovery.cpp:89)
2026-07-17 15:47:54.612 | warning  |          Always | Unknown motherboard 'B850M-C' for chip_id=3 (bus_id=0x4) — falling back to bus_id as tray_id. Add this motherboard and its bus IDs to mobo_to_bus_ids in physical_system_discovery.cpp. (physical_system_discovery.cpp:89)
2026-07-17 15:47:54.612 | warning  |          Always | Unknown motherboard 'B850M-C' for chip_id=1 (bus_id=0x2) — falling back to bus_id as tray_id. Add this motherboard and its bus IDs to mobo_to_bus_ids in physical_system_discovery.cpp. (physical_system_discovery.cpp:89)
2026-07-17 15:47:54.612 | warning  |          Always | Unknown motherboard 'B850M-C' for chip_id=0 (bus_id=0x1) — falling back to bus_id as tray_id. Add this motherboard and its bus IDs to mobo_to_bus_ids in physical_system_discovery.cpp. (physical_system_discovery.cpp:89)
2026-07-17 15:47:54.612 | warning  |          Always | Unknown motherboard 'B850M-C' for chip_id=2 (bus_id=0x3) — falling back to bus_id as tray_id. Add this motherboard and its bus IDs to mobo_to_bus_ids in physical_system_discovery.cpp. (physical_system_discovery.cpp:89)
2026-07-17 15:47:54.612 | warning  |          Always | Unknown motherboard 'B850M-C' for chip_id=3 (bus_id=0x4) — falling back to bus_id as tray_id. Add this motherboard and its bus IDs to mobo_to_bus_ids in physical_system_discovery.cpp. (physical_system_discovery.cpp:89)
2026-07-17 15:47:54.612 | info     |          Fabric | Logical multi-mesh adjacency: intermesh degree histogram {0:1}; intra-mesh degree histograms mesh0 {2:4} (topology_mapper_utils.cpp:2342)
2026-07-17 15:47:54.612 | info     |          Fabric | Physical multi-mesh adjacency: intermesh degree histogram {0:1}; intra-mesh degree histograms mesh0 {2:4} (topology_mapper_utils.cpp:2350)
2026-07-17 15:47:54.613 | info     |           Metal | Fabric config changed from FabricConfig::DISABLED to FabricConfig::FABRIC_1D_RING, reinitializing control plane (metal_env.cpp:281)
2026-07-17 15:47:54.613 | info     |     Distributed | Using auto discovery to generate mesh graph. (metal_env.cpp:367)
2026-07-17 15:47:54.613 | info     |     Distributed | Constructing control plane using auto-discovery (no mesh graph descriptor). (metal_env.cpp:429)
2026-07-17 15:47:54.613 | warning  |          Always | Unknown motherboard 'B850M-C' for chip_id=0 (bus_id=0x1) — falling back to bus_id as tray_id. Add this motherboard and its bus IDs to mobo_to_bus_ids in physical_system_discovery.cpp. (physical_system_discovery.cpp:89)
2026-07-17 15:47:54.613 | warning  |          Always | Unknown motherboard 'B850M-C' for chip_id=1 (bus_id=0x2) — falling back to bus_id as tray_id. Add this motherboard and its bus IDs to mobo_to_bus_ids in physical_system_discovery.cpp. (physical_system_discovery.cpp:89)
2026-07-17 15:47:54.613 | warning  |          Always | Unknown motherboard 'B850M-C' for chip_id=2 (bus_id=0x3) — falling back to bus_id as tray_id. Add this motherboard and its bus IDs to mobo_to_bus_ids in physical_system_discovery.cpp. (physical_system_discovery.cpp:89)
2026-07-17 15:47:54.613 | warning  |          Always | Unknown motherboard 'B850M-C' for chip_id=3 (bus_id=0x4) — falling back to bus_id as tray_id. Add this motherboard and its bus IDs to mobo_to_bus_ids in physical_system_discovery.cpp. (physical_system_discovery.cpp:89)
2026-07-17 15:47:54.613 | warning  |          Always | Unknown motherboard 'B850M-C' for chip_id=1 (bus_id=0x2) — falling back to bus_id as tray_id. Add this motherboard and its bus IDs to mobo_to_bus_ids in physical_system_discovery.cpp. (physical_system_discovery.cpp:89)
2026-07-17 15:47:54.613 | warning  |          Always | Unknown motherboard 'B850M-C' for chip_id=0 (bus_id=0x1) — falling back to bus_id as tray_id. Add this motherboard and its bus IDs to mobo_to_bus_ids in physical_system_discovery.cpp. (physical_system_discovery.cpp:89)
2026-07-17 15:47:54.613 | warning  |          Always | Unknown motherboard 'B850M-C' for chip_id=2 (bus_id=0x3) — falling back to bus_id as tray_id. Add this motherboard and its bus IDs to mobo_to_bus_ids in physical_system_discovery.cpp. (physical_system_discovery.cpp:89)
2026-07-17 15:47:54.613 | warning  |          Always | Unknown motherboard 'B850M-C' for chip_id=3 (bus_id=0x4) — falling back to bus_id as tray_id. Add this motherboard and its bus IDs to mobo_to_bus_ids in physical_system_discovery.cpp. (physical_system_discovery.cpp:89)
2026-07-17 15:47:54.613 | info     |          Fabric | Logical multi-mesh adjacency: intermesh degree histogram {0:1}; intra-mesh degree histograms mesh0 {2:4} (topology_mapper_utils.cpp:2342)
2026-07-17 15:47:54.613 | info     |          Fabric | Physical multi-mesh adjacency: intermesh degree histogram {0:1}; intra-mesh degree histograms mesh0 {2:4} (topology_mapper_utils.cpp:2350)
2026-07-17 15:47:54.613 | DEBUG    | ttnn.device:__init__:152 - Using default dispatch core type for this system: DispatchCoreType.WORKER
2026-07-17 15:47:54.614 | DEBUG    | ttnn.device:__init__:154 - Using default dispatch core axis for this system: DispatchCoreAxis.COL
2026-07-17 15:47:55.417 | info     |       LLRuntime | Watcher log file: /home/ttuser/dev/tt-metal/generated/watcher/watcher.log (watcher_server.cpp:286)
2026-07-17 15:47:55.417 | info     |       LLRuntime | Watcher attached device 0 (watcher_server.cpp:132)
2026-07-17 15:47:55.417 | info     |       LLRuntime | Watcher attached device 1 (watcher_server.cpp:132)
2026-07-17 15:47:55.417 | info     |       LLRuntime | Watcher attached device 2 (watcher_server.cpp:132)
2026-07-17 15:47:55.417 | info     |       LLRuntime | Watcher attached device 3 (watcher_server.cpp:132)
2026-07-17 15:47:55.417 | info     |       LLRuntime | Watcher server initialized, disabled features: ETH (watcher_server.cpp:547)
2026-07-17 15:47:55.417 | info     |           Metal | Watcher checking device 0 (watcher_device_reader.cpp:393)
2026-07-17 15:47:55.423 | info     |           Metal | Watcher checking device 1 (watcher_device_reader.cpp:393)
2026-07-17 15:47:55.424 | info     |           Metal | Initializing Fabric (fabric_firmware_initializer.cpp:288)
2026-07-17 15:47:55.431 | info     |           Metal | Watcher checking device 2 (watcher_device_reader.cpp:393)
2026-07-17 15:47:55.437 | info     |           Metal | Watcher checking device 3 (watcher_device_reader.cpp:393)
2026-07-17 15:47:59.535 | info     |           Metal | Fabric initialized on Device 0 (device.cpp:429)
2026-07-17 15:48:00.794 | info     |           Metal | Fabric initialized on Device 1 (device.cpp:429)
2026-07-17 15:48:00.795 | info     |           Metal | Fabric initialized on Device 2 (device.cpp:429)
2026-07-17 15:48:00.871 | info     |           Metal | Fabric initialized on Device 3 (device.cpp:429)
2026-07-17 15:48:00.871 | info     |           Metal | Fabric initialized on 4 devices (fabric_firmware_initializer.cpp:435)
2026-07-17 15:48:00.871 | info     |           Metal | Fabric Initialized with config FabricConfig::FABRIC_1D_RING (fabric_firmware_initializer.cpp:305)
2026-07-17 15:48:02.702 | info     |           Metal | ShmResourceTracker: removed orphaned shm '/tt_device_154095680226368_memory' (shm_resource_tracker.cpp:282)
2026-07-17 15:48:02.702 | info     |           Metal | ShmResourceTracker: removed orphaned shm '/tt_device_154095680226369_memory' (shm_resource_tracker.cpp:282)
2026-07-17 15:48:02.702 | info     |           Metal | ShmResourceTracker: removed orphaned shm '/tt_device_154095680227712_memory' (shm_resource_tracker.cpp:282)
2026-07-17 15:48:02.702 | info     |           Metal | ShmResourceTracker: removed orphaned shm '/tt_device_154095680227713_memory' (shm_resource_tracker.cpp:282)
2026-07-17 15:48:03.803 | info     |           Metal | [Real-time profiler] Device 2 sync complete: 100 samples, frequency=1.349974 GHz, device_time_at_sync=1771524258357 cycles (realtime_profiler_manager.cpp:1127)
2026-07-17 15:48:03.803 | info     |           Metal | [Real-time profiler] Device 0 sync complete: 100 samples, frequency=1.349996 GHz, device_time_at_sync=1754179165824 cycles (realtime_profiler_manager.cpp:1127)
2026-07-17 15:48:03.805 | info     |           Metal | [Real-time profiler] Device 1 sync complete: 100 samples, frequency=1.349985 GHz, device_time_at_sync=1761244711437 cycles (realtime_profiler_manager.cpp:1127)
2026-07-17 15:48:03.806 | info     |           Metal | [Real-time profiler] Device 3 sync complete: 100 samples, frequency=1.349990 GHz, device_time_at_sync=1780072804653 cycles (realtime_profiler_manager.cpp:1127)
2026-07-17 15:48:05.603 | info     |           Metal | Watcher checking device 0 (watcher_device_reader.cpp:393)
2026-07-17 15:48:05.609 | info     |           Metal | Watcher checking device 1 (watcher_device_reader.cpp:393)
2026-07-17 15:48:05.615 | info     |           Metal | Watcher checking device 2 (watcher_device_reader.cpp:393)
2026-07-17 15:48:05.621 | info     |           Metal | Watcher checking device 3 (watcher_device_reader.cpp:393)
2026-07-17 15:48:15.645 | info     |           Metal | Watcher checking device 0 (watcher_device_reader.cpp:393)
2026-07-17 15:48:15.657 | info     |           Metal | Watcher checking device 1 (watcher_device_reader.cpp:393)
2026-07-17 15:48:15.670 | info     |           Metal | Watcher checking device 2 (watcher_device_reader.cpp:393)
2026-07-17 15:48:15.684 | info     |           Metal | Watcher checking device 3 (watcher_device_reader.cpp:393)
2026-07-17 15:48:22.047 | warning  |           Metal | Allocating device buffers is unsafe due to the existence of an active trace. These buffers may be corrupted once a trace is executed. (allocator.cpp:110)
PASSED
models/autoports/hexgrad_kokoro_82m/tests/test_optimized_multichip_decoder.py::test_prefill_pcc_vs_single_chip[512] 2026-07-17 15:48:25.707 | info     |           Metal | Watcher checking device 0 (watcher_device_reader.cpp:393)
2026-07-17 15:48:25.713 | info     |           Metal | Watcher checking device 1 (watcher_device_reader.cpp:393)
2026-07-17 15:48:25.720 | info     |           Metal | Watcher checking device 2 (watcher_device_reader.cpp:393)
2026-07-17 15:48:25.725 | info     |           Metal | Watcher checking device 3 (watcher_device_reader.cpp:393)
2026-07-17 15:48:35.756 | info     |           Metal | Watcher checking device 0 (watcher_device_reader.cpp:393)
2026-07-17 15:48:35.762 | info     |           Metal | Watcher checking device 1 (watcher_device_reader.cpp:393)
2026-07-17 15:48:35.768 | info     |           Metal | Watcher checking device 2 (watcher_device_reader.cpp:393)
2026-07-17 15:48:35.774 | info     |           Metal | Watcher checking device 3 (watcher_device_reader.cpp:393)
PASSED
models/autoports/hexgrad_kokoro_82m/tests/test_optimized_multichip_decoder.py::test_decode_traced_pcc[512] PASSED
models/autoports/hexgrad_kokoro_82m/tests/test_optimized_multichip_decoder.py::test_decode_traced_masked_batch 2026-07-17 15:48:45.793 | info     |           Metal | Watcher checking device 0 (watcher_device_reader.cpp:393)
2026-07-17 15:48:45.799 | info     |           Metal | Watcher checking device 1 (watcher_device_reader.cpp:393)
2026-07-17 15:48:45.805 | info     |           Metal | Watcher checking device 2 (watcher_device_reader.cpp:393)
2026-07-17 15:48:45.811 | info     |           Metal | Watcher checking device 3 (watcher_device_reader.cpp:393)
PASSED
models/autoports/hexgrad_kokoro_82m/tests/test_optimized_multichip_decoder.py::test_component_pcc_vs_single_chip 2026-07-17 15:48:55.839 | info     |           Metal | Watcher checking device 0 (watcher_device_reader.cpp:393)
2026-07-17 15:48:55.845 | info     |           Metal | Watcher checking device 1 (watcher_device_reader.cpp:393)
2026-07-17 15:48:55.851 | info     |           Metal | Watcher checking device 2 (watcher_device_reader.cpp:393)
2026-07-17 15:48:55.857 | info     |           Metal | Watcher checking device 3 (watcher_device_reader.cpp:393)
PASSED
models/autoports/hexgrad_kokoro_82m/tests/test_optimized_multichip_decoder.py::test_decode_determinism PASSED
models/autoports/hexgrad_kokoro_82m/tests/test_optimized_multichip_decoder.py::test_decode_is_stateless PASSED
models/autoports/hexgrad_kokoro_82m/tests/test_optimized_multichip_decoder.py::test_decode_stress_repeated_replay PASSED

=============================== warnings summary ===============================
../../.tenstorrent-venv/lib/python3.12/site-packages/_pytest/config/__init__.py:1434
  /home/ttuser/.tenstorrent-venv/lib/python3.12/site-packages/_pytest/config/__init__.py:1434: PytestConfigWarning: Unknown config option: timeout

    self._warn_or_fail_if_strict(f"Unknown config option: {key}\n")

-- Docs: https://docs.pytest.org/en/stable/how-to/capture-warnings.html
==================================== PASSES ====================================
- generated xml file: /home/ttuser/dev/tt-metal/generated/test_reports/most_recent_tests.xml -
============================== slowest durations ===============================
15.70s call     models/autoports/hexgrad_kokoro_82m/tests/test_optimized_multichip_decoder.py::test_prefill_pcc_vs_single_chip[512]
14.48s call     models/autoports/hexgrad_kokoro_82m/tests/test_optimized_multichip_decoder.py::test_selected_optimizations_active
13.61s setup    models/autoports/hexgrad_kokoro_82m/tests/test_optimized_multichip_decoder.py::test_selected_optimizations_active
11.16s call     models/autoports/hexgrad_kokoro_82m/tests/test_optimized_multichip_decoder.py::test_component_pcc_vs_single_chip
8.89s call     models/autoports/hexgrad_kokoro_82m/tests/test_optimized_multichip_decoder.py::test_decode_traced_masked_batch
2.58s call     models/autoports/hexgrad_kokoro_82m/tests/test_optimized_multichip_decoder.py::test_decode_stress_repeated_replay
1.05s call     models/autoports/hexgrad_kokoro_82m/tests/test_optimized_multichip_decoder.py::test_decode_is_stateless
0.92s call     models/autoports/hexgrad_kokoro_82m/tests/test_optimized_multichip_decoder.py::test_decode_traced_pcc[512]
0.23s setup    models/autoports/hexgrad_kokoro_82m/tests/test_optimized_multichip_decoder.py::test_prefill_pcc_vs_single_chip[512]
0.23s setup    models/autoports/hexgrad_kokoro_82m/tests/test_optimized_multichip_decoder.py::test_component_pcc_vs_single_chip
0.22s setup    models/autoports/hexgrad_kokoro_82m/tests/test_optimized_multichip_decoder.py::test_decode_traced_pcc[512]
0.22s setup    models/autoports/hexgrad_kokoro_82m/tests/test_optimized_multichip_decoder.py::test_decode_traced_masked_batch
0.22s setup    models/autoports/hexgrad_kokoro_82m/tests/test_optimized_multichip_decoder.py::test_decode_is_stateless
0.22s setup    models/autoports/hexgrad_kokoro_82m/tests/test_optimized_multichip_decoder.py::test_decode_determinism
0.22s setup    models/autoports/hexgrad_kokoro_82m/tests/test_optimized_multichip_decoder.py::test_decode_stress_repeated_replay
0.16s teardown models/autoports/hexgrad_kokoro_82m/tests/test_optimized_multichip_decoder.py::test_decode_stress_repeated_replay
0.04s call     models/autoports/hexgrad_kokoro_82m/tests/test_optimized_multichip_decoder.py::test_decode_determinism

(7 durations < 0.005s hidden.  Use -vv to show these durations.)
=========================== short test summary info ============================
PASSED models/autoports/hexgrad_kokoro_82m/tests/test_optimized_multichip_decoder.py::test_selected_optimizations_active
PASSED models/autoports/hexgrad_kokoro_82m/tests/test_optimized_multichip_decoder.py::test_prefill_pcc_vs_single_chip[512]
PASSED models/autoports/hexgrad_kokoro_82m/tests/test_optimized_multichip_decoder.py::test_decode_traced_pcc[512]
PASSED models/autoports/hexgrad_kokoro_82m/tests/test_optimized_multichip_decoder.py::test_decode_traced_masked_batch
PASSED models/autoports/hexgrad_kokoro_82m/tests/test_optimized_multichip_decoder.py::test_component_pcc_vs_single_chip
PASSED models/autoports/hexgrad_kokoro_82m/tests/test_optimized_multichip_decoder.py::test_decode_determinism
PASSED models/autoports/hexgrad_kokoro_82m/tests/test_optimized_multichip_decoder.py::test_decode_is_stateless
PASSED models/autoports/hexgrad_kokoro_82m/tests/test_optimized_multichip_decoder.py::test_decode_stress_repeated_replay
============ 8 passed, 25 deselected, 1 warning in 70.19s (0:01:10) ============
2026-07-17 15:49:05.877 | info     |           Metal | Watcher checking device 0 (watcher_device_reader.cpp:393)
2026-07-17 15:49:05.883 | info     |           Metal | Watcher checking device 1 (watcher_device_reader.cpp:393)
2026-07-17 15:49:05.888 | info     |           Metal | Watcher checking device 2 (watcher_device_reader.cpp:393)
2026-07-17 15:49:05.894 | info     |           Metal | Watcher checking device 3 (watcher_device_reader.cpp:393)
nanobind: leaked 2 instances!
 - leaked instance 0x78a5439b8408 of type "ttnn._ttnn.tensor.MemoryConfig"
 - leaked instance 0x78a543a577c8 of type "ttnn._ttnn.tensor.CoreRangeSet"
nanobind: leaked 20 types!
 - leaked type "ttnn._ttnn.operations.matmul.MatmulMultiCoreReuseMultiCast1DProgramConfig"
 - leaked type "ttnn._ttnn.operations.matmul.MatmulInputs"
 - leaked type "ttnn._ttnn.operations.matmul.MatmulMultiCoreReuseMultiCastBatchedDRAMShardedProgramConfig"
 - leaked type "BufferType"
 - leaked type "UnaryOpType"
 - leaked type "Layout"
 - leaked type "ttnn._ttnn.operations.matmul.MatmulMultiCoreReuseOptimizedProgramFactory"
 - leaked type "Arch"
 - leaked type "ttnn._ttnn.operations.matmul.MatmulParams"
 - leaked type "ttnn._ttnn.tensor.CoreRangeSet"
 - ... skipped remainder
nanobind: leaked 247 functions!
 - leaked function ""
 - leaked function "get_view"
 - leaked function ""
 - leaked function ""
 - leaked function "__init__"
 - leaked function ""
 - leaked function ""
 - leaked function ""
 - leaked function ""
 - leaked function ""
 - ... skipped remainder
nanobind: this is likely caused by a reference counting issue in the binding code.
See https://nanobind.readthedocs.io/en/latest/refleaks.html2026-07-17 15:49:06.384 | info     |    BuildKernels | JIT cache stats: 0/445 hits (0.0%) [0 cached, 310 build-once dedup, 0 merged artifacts, 0 merged genfiles] (build_cache_telemetry.cpp:207)
2026-07-17 15:49:06.384 | info     |    BuildKernels | JIT telemetry: 2 registered TelemetryTokens (build_cache_telemetry.cpp:230)
2026-07-17 15:49:06.386 | info     |       LLRuntime | Watcher thread stopped watching... (watcher_server.cpp:595)
2026-07-17 15:49:06.386 | info     |       LLRuntime | Watcher detached device 0 (watcher_server.cpp:181)
2026-07-17 15:49:06.386 | info     |       LLRuntime | Watcher detached device 1 (watcher_server.cpp:181)
2026-07-17 15:49:06.386 | info     |       LLRuntime | Watcher detached device 2 (watcher_server.cpp:181)
2026-07-17 15:49:06.386 | info     |       LLRuntime | Watcher detached device 3 (watcher_server.cpp:181)
2026-07-17 15:49:06.401 | info     |          Device | Closing user mode device drivers (tt_cluster.cpp:512)
2026-07-17 15:49:06.401 | info     |             UMD | Closing devices in cluster (cluster.cpp:1037)
2026-07-17 15:49:06.916 | info     |             UMD | Closing devices in cluster completed. (cluster.cpp:1046)
2026-07-17 15:49:06.917 | info     |             UMD | Cluster destructor started. (cluster.cpp:754)
2026-07-17 15:49:06.917 | info     |             UMD | Cluster destructor completed. (cluster.cpp:757)
