{
  "verdict": "pass",
  "chat_run_to_run": {
    "text_exact_match": true,
    "selected_tokens_match": true,
    "selected_token_match_by_position": [
      true,
      true,
      true
    ],
    "maximum_selected_logprob_absolute_delta": 0.0,
    "minimum_top10_token_overlap": 10,
    "maximum_common_logprob_absolute_delta": 0.0
  },
  "chat_cross_batch_position": [
    {
      "text_exact_match": true,
      "selected_tokens_match": true,
      "selected_token_match_by_position": [
        true,
        true,
        true
      ],
      "maximum_selected_logprob_absolute_delta": 0.0,
      "minimum_top10_token_overlap": 10,
      "maximum_common_logprob_absolute_delta": 0.0
    },
    {
      "text_exact_match": true,
      "selected_tokens_match": true,
      "selected_token_match_by_position": [
        true,
        true,
        true
      ],
      "maximum_selected_logprob_absolute_delta": 0.0,
      "minimum_top10_token_overlap": 10,
      "maximum_common_logprob_absolute_delta": 0.0
    },
    {
      "text_exact_match": true,
      "selected_tokens_match": true,
      "selected_token_match_by_position": [
        true,
        true,
        true
      ],
      "maximum_selected_logprob_absolute_delta": 0.0,
      "minimum_top10_token_overlap": 10,
      "maximum_common_logprob_absolute_delta": 0.0
    },
    {
      "text_exact_match": true,
      "selected_tokens_match": true,
      "selected_token_match_by_position": [
        true,
        true,
        true
      ],
      "maximum_selected_logprob_absolute_delta": 0.0,
      "minimum_top10_token_overlap": 10,
      "maximum_common_logprob_absolute_delta": 0.0
    },
    {
      "text_exact_match": true,
      "selected_tokens_match": true,
      "selected_token_match_by_position": [
        true,
        true,
        true
      ],
      "maximum_selected_logprob_absolute_delta": 0.0,
      "minimum_top10_token_overlap": 10,
      "maximum_common_logprob_absolute_delta": 0.0
    },
    {
      "text_exact_match": true,
      "selected_tokens_match": true,
      "selected_token_match_by_position": [
        true,
        true,
        true
      ],
      "maximum_selected_logprob_absolute_delta": 0.0,
      "minimum_top10_token_overlap": 10,
      "maximum_common_logprob_absolute_delta": 0.0
    },
    {
      "text_exact_match": true,
      "selected_tokens_match": true,
      "selected_token_match_by_position": [
        true,
        true,
        true
      ],
      "maximum_selected_logprob_absolute_delta": 0.0,
      "minimum_top10_token_overlap": 10,
      "maximum_common_logprob_absolute_delta": 0.0
    }
  ],
  "chat_graph_shape": [
    {
      "text_exact_match": true,
      "selected_tokens_match": true,
      "selected_token_match_by_position": [
        true,
        true,
        true
      ],
      "maximum_selected_logprob_absolute_delta": 1.1920928244535389e-07,
      "minimum_top10_token_overlap": 9,
      "maximum_common_logprob_absolute_delta": 0.75
    },
    {
      "text_exact_match": true,
      "selected_tokens_match": true,
      "selected_token_match_by_position": [
        true,
        true,
        true
      ],
      "maximum_selected_logprob_absolute_delta": 1.1920928244535389e-07,
      "minimum_top10_token_overlap": 9,
      "maximum_common_logprob_absolute_delta": 0.75
    },
    {
      "text_exact_match": true,
      "selected_tokens_match": true,
      "selected_token_match_by_position": [
        true,
        true,
        true
      ],
      "maximum_selected_logprob_absolute_delta": 1.1920928244535389e-07,
      "minimum_top10_token_overlap": 9,
      "maximum_common_logprob_absolute_delta": 0.75
    },
    {
      "text_exact_match": true,
      "selected_tokens_match": true,
      "selected_token_match_by_position": [
        true,
        true,
        true
      ],
      "maximum_selected_logprob_absolute_delta": 1.1920928244535389e-07,
      "minimum_top10_token_overlap": 9,
      "maximum_common_logprob_absolute_delta": 0.75
    },
    {
      "text_exact_match": true,
      "selected_tokens_match": true,
      "selected_token_match_by_position": [
        true,
        true,
        true
      ],
      "maximum_selected_logprob_absolute_delta": 1.1920928244535389e-07,
      "minimum_top10_token_overlap": 9,
      "maximum_common_logprob_absolute_delta": 0.75
    },
    {
      "text_exact_match": true,
      "selected_tokens_match": true,
      "selected_token_match_by_position": [
        true,
        true,
        true
      ],
      "maximum_selected_logprob_absolute_delta": 1.1920928244535389e-07,
      "minimum_top10_token_overlap": 9,
      "maximum_common_logprob_absolute_delta": 0.75
    },
    {
      "text_exact_match": true,
      "selected_tokens_match": true,
      "selected_token_match_by_position": [
        true,
        true,
        true
      ],
      "maximum_selected_logprob_absolute_delta": 1.1920928244535389e-07,
      "minimum_top10_token_overlap": 9,
      "maximum_common_logprob_absolute_delta": 0.75
    },
    {
      "text_exact_match": true,
      "selected_tokens_match": true,
      "selected_token_match_by_position": [
        true,
        true,
        true
      ],
      "maximum_selected_logprob_absolute_delta": 1.1920928244535389e-07,
      "minimum_top10_token_overlap": 9,
      "maximum_common_logprob_absolute_delta": 0.75
    }
  ],
  "direct_run_to_run": [
    {
      "text_exact_match": true,
      "selected_tokens_match": true,
      "selected_token_match_by_position": [
        true,
        true
      ],
      "maximum_selected_logprob_absolute_delta": 0.0,
      "minimum_top10_token_overlap": 10,
      "maximum_common_logprob_absolute_delta": 0.0
    },
    {
      "text_exact_match": true,
      "selected_tokens_match": true,
      "selected_token_match_by_position": [
        true,
        true
      ],
      "maximum_selected_logprob_absolute_delta": 0.0,
      "minimum_top10_token_overlap": 10,
      "maximum_common_logprob_absolute_delta": 0.0
    },
    {
      "text_exact_match": true,
      "selected_tokens_match": true,
      "selected_token_match_by_position": [
        true,
        true
      ],
      "maximum_selected_logprob_absolute_delta": 0.0,
      "minimum_top10_token_overlap": 10,
      "maximum_common_logprob_absolute_delta": 0.0
    },
    {
      "text_exact_match": true,
      "selected_tokens_match": true,
      "selected_token_match_by_position": [
        true,
        true
      ],
      "maximum_selected_logprob_absolute_delta": 0.0,
      "minimum_top10_token_overlap": 10,
      "maximum_common_logprob_absolute_delta": 0.0
    }
  ],
  "direct_standalone": [
    {
      "text_exact_match": false,
      "selected_tokens_match": true,
      "selected_token_match_by_position": [
        true,
        true
      ],
      "maximum_selected_logprob_absolute_delta": 0.0,
      "minimum_top10_token_overlap": 10,
      "maximum_common_logprob_absolute_delta": 0.0
    },
    {
      "text_exact_match": false,
      "selected_tokens_match": true,
      "selected_token_match_by_position": [
        true,
        true
      ],
      "maximum_selected_logprob_absolute_delta": 0.0,
      "minimum_top10_token_overlap": 10,
      "maximum_common_logprob_absolute_delta": 0.0
    },
    {
      "text_exact_match": false,
      "selected_tokens_match": true,
      "selected_token_match_by_position": [
        true,
        true
      ],
      "maximum_selected_logprob_absolute_delta": 0.0,
      "minimum_top10_token_overlap": 10,
      "maximum_common_logprob_absolute_delta": 0.0
    },
    {
      "text_exact_match": false,
      "selected_tokens_match": true,
      "selected_token_match_by_position": [
        true,
        true
      ],
      "maximum_selected_logprob_absolute_delta": 0.0,
      "minimum_top10_token_overlap": 10,
      "maximum_common_logprob_absolute_delta": 0.0
    }
  ],
  "direct_cross_batch_position": {
    "0": [
      {
        "text_exact_match": true,
        "selected_tokens_match": true,
        "selected_token_match_by_position": [
          true,
          true
        ],
        "maximum_selected_logprob_absolute_delta": 0.0,
        "minimum_top10_token_overlap": 10,
        "maximum_common_logprob_absolute_delta": 0.0
      }
    ],
    "1": [
      {
        "text_exact_match": true,
        "selected_tokens_match": true,
        "selected_token_match_by_position": [
          true,
          true
        ],
        "maximum_selected_logprob_absolute_delta": 0.0,
        "minimum_top10_token_overlap": 10,
        "maximum_common_logprob_absolute_delta": 0.0
      }
    ],
    "2": [
      {
        "text_exact_match": true,
        "selected_tokens_match": true,
        "selected_token_match_by_position": [
          true,
          true
        ],
        "maximum_selected_logprob_absolute_delta": 0.0,
        "minimum_top10_token_overlap": 10,
        "maximum_common_logprob_absolute_delta": 0.0
      }
    ],
    "3": [
      {
        "text_exact_match": true,
        "selected_tokens_match": true,
        "selected_token_match_by_position": [
          true,
          true
        ],
        "maximum_selected_logprob_absolute_delta": 0.0,
        "minimum_top10_token_overlap": 10,
        "maximum_common_logprob_absolute_delta": 0.0
      }
    ]
  },
  "direct_graph_shape": [
    {
      "text_exact_match": true,
      "selected_tokens_match": true,
      "selected_token_match_by_position": [
        true,
        true
      ],
      "maximum_selected_logprob_absolute_delta": 1.4394773244857788,
      "minimum_top10_token_overlap": 5,
      "maximum_common_logprob_absolute_delta": 1.4394773244857788
    },
    {
      "text_exact_match": true,
      "selected_tokens_match": true,
      "selected_token_match_by_position": [
        true,
        true
      ],
      "maximum_selected_logprob_absolute_delta": 0.3293083906173706,
      "minimum_top10_token_overlap": 6,
      "maximum_common_logprob_absolute_delta": 0.798058271408081
    },
    {
      "text_exact_match": true,
      "selected_tokens_match": true,
      "selected_token_match_by_position": [
        true,
        true
      ],
      "maximum_selected_logprob_absolute_delta": 0.000680005585309118,
      "minimum_top10_token_overlap": 10,
      "maximum_common_logprob_absolute_delta": 0.9055700302124023
    },
    {
      "text_exact_match": true,
      "selected_tokens_match": true,
      "selected_token_match_by_position": [
        true,
        true
      ],
      "maximum_selected_logprob_absolute_delta": 0.017694830894470215,
      "minimum_top10_token_overlap": 8,
      "maximum_common_logprob_absolute_delta": 1.0760552883148193
    },
    {
      "text_exact_match": true,
      "selected_tokens_match": true,
      "selected_token_match_by_position": [
        true,
        true
      ],
      "maximum_selected_logprob_absolute_delta": 1.4394773244857788,
      "minimum_top10_token_overlap": 5,
      "maximum_common_logprob_absolute_delta": 1.4394773244857788
    },
    {
      "text_exact_match": true,
      "selected_tokens_match": true,
      "selected_token_match_by_position": [
        true,
        true
      ],
      "maximum_selected_logprob_absolute_delta": 0.3293083906173706,
      "minimum_top10_token_overlap": 6,
      "maximum_common_logprob_absolute_delta": 0.798058271408081
    },
    {
      "text_exact_match": true,
      "selected_tokens_match": true,
      "selected_token_match_by_position": [
        true,
        true
      ],
      "maximum_selected_logprob_absolute_delta": 0.000680005585309118,
      "minimum_top10_token_overlap": 10,
      "maximum_common_logprob_absolute_delta": 0.9055700302124023
    },
    {
      "text_exact_match": true,
      "selected_tokens_match": true,
      "selected_token_match_by_position": [
        true,
        true
      ],
      "maximum_selected_logprob_absolute_delta": 0.017694830894470215,
      "minimum_top10_token_overlap": 8,
      "maximum_common_logprob_absolute_delta": 1.0760552883148193
    }
  ],
  "direct_concurrent_standalone": [
    {
      "text_exact_match": false,
      "selected_tokens_match": true,
      "selected_token_match_by_position": [
        true,
        true
      ],
      "maximum_selected_logprob_absolute_delta": 1.4394773244857788,
      "minimum_top10_token_overlap": 5,
      "maximum_common_logprob_absolute_delta": 1.4394773244857788
    },
    {
      "text_exact_match": false,
      "selected_tokens_match": true,
      "selected_token_match_by_position": [
        true,
        true
      ],
      "maximum_selected_logprob_absolute_delta": 0.3293083906173706,
      "minimum_top10_token_overlap": 6,
      "maximum_common_logprob_absolute_delta": 0.798058271408081
    },
    {
      "text_exact_match": false,
      "selected_tokens_match": true,
      "selected_token_match_by_position": [
        true,
        true
      ],
      "maximum_selected_logprob_absolute_delta": 0.000680005585309118,
      "minimum_top10_token_overlap": 10,
      "maximum_common_logprob_absolute_delta": 0.9055700302124023
    },
    {
      "text_exact_match": false,
      "selected_tokens_match": true,
      "selected_token_match_by_position": [
        true,
        true
      ],
      "maximum_selected_logprob_absolute_delta": 0.017694830894470215,
      "minimum_top10_token_overlap": 8,
      "maximum_common_logprob_absolute_delta": 1.0760552883148193
    },
    {
      "text_exact_match": false,
      "selected_tokens_match": true,
      "selected_token_match_by_position": [
        true,
        true
      ],
      "maximum_selected_logprob_absolute_delta": 1.4394773244857788,
      "minimum_top10_token_overlap": 5,
      "maximum_common_logprob_absolute_delta": 1.4394773244857788
    },
    {
      "text_exact_match": false,
      "selected_tokens_match": true,
      "selected_token_match_by_position": [
        true,
        true
      ],
      "maximum_selected_logprob_absolute_delta": 0.3293083906173706,
      "minimum_top10_token_overlap": 6,
      "maximum_common_logprob_absolute_delta": 0.798058271408081
    },
    {
      "text_exact_match": false,
      "selected_tokens_match": true,
      "selected_token_match_by_position": [
        true,
        true
      ],
      "maximum_selected_logprob_absolute_delta": 0.000680005585309118,
      "minimum_top10_token_overlap": 10,
      "maximum_common_logprob_absolute_delta": 0.9055700302124023
    },
    {
      "text_exact_match": false,
      "selected_tokens_match": true,
      "selected_token_match_by_position": [
        true,
        true
      ],
      "maximum_selected_logprob_absolute_delta": 0.017694830894470215,
      "minimum_top10_token_overlap": 8,
      "maximum_common_logprob_absolute_delta": 1.0760552883148193
    }
  ]
}
