2026-08-03 17:26:38.676 | DEBUG    | ttnn:<module>:79 - Initial ttnn.CONFIG:
Config{cache_path=/home/ttuser/.cache/ttnn,model_cache_path=/home/ttuser/.cache/ttnn/models,tmp_dir=/tmp/ttnn,enable_model_cache=false,enable_fast_runtime_mode=true,throw_exception_on_fallback=false,enable_logging=false,enable_graph_report=false,enable_graph_python_stack_traces=false,enable_detailed_buffer_report=false,enable_detailed_tensor_report=false,enable_comparison_mode=false,comparison_mode_should_raise_exception=false,comparison_mode_pcc=0.9999,root_report_path=generated/ttnn/reports,report_name=std::nullopt,std::nullopt}
Warning: You are sending unauthenticated requests to the HF Hub. Please set a HF_TOKEN to enable higher rate limits and faster downloads.
[transformers] Unrecognized keys in `rope_parameters` for 'rope_type'='default': {'sliding_attention', 'full_attention'}
2026-08-03 17:26:41.540 | info     |          Device | Opening user mode device driver (tt_cluster.cpp:228)
2026-08-03 17:26:41.540 | info     |             UMD | Cluster constructor started. (cluster.cpp:348)
2026-08-03 17:26:41.540 | info     |             UMD | Creating TopologyDiscovery for architecture: blackhole (topology_discovery.cpp:95)
2026-08-03 17:26:41.540 | info     |             UMD | Starting topology discovery. (topology_discovery.cpp:114)
2026-08-03 17:26:41.552 | info     |             UMD | Established firmware bundle version: 19.11.0 (topology_discovery.cpp:574)
2026-08-03 17:26:41.552 | info     |             UMD | Completed topology discovery. (topology_discovery.cpp:118)
2026-08-03 17:26:41.632 | info     |             UMD | Opening local chip ids/PCIe ids: {0, 1, 2, 3}/[0, 1, 2, 3] and remote chip ids {} (cluster.cpp:168)
2026-08-03 17:26:41.632 | info     |             UMD | IOMMU: enabled (cluster.cpp:142)
2026-08-03 17:26:41.632 | info     |             UMD | KMD version: 2.10.0 (cluster.cpp:145)
2026-08-03 17:26:41.632 | info     |             UMD | Cluster constructor completed. (cluster.cpp:520)
2026-08-03 17:26:41.633 | info     |             UMD | Starting devices in cluster (cluster.cpp:1024)
2026-08-03 17:26:41.814 | info     |             UMD | Starting devices in cluster completed. (cluster.cpp:1032)
2026-08-03 17:26:41.936 | info     |     Distributed | Using auto discovery to generate mesh graph. (metal_env.cpp:408)
2026-08-03 17:26:41.936 | info     |     Distributed | Constructing control plane using auto-discovery (no mesh graph descriptor). (metal_env.cpp:470)
2026-08-03 17:26:41.936 | warning  |          Always | Unknown motherboard 'B850M-C' for chip_id=0 (bus_id=0x1) — falling back to bus_id as tray_id. Add this motherboard and its bus IDs to mobo_to_bus_ids in physical_system_discovery.cpp. (physical_system_discovery.cpp:89)
2026-08-03 17:26:41.936 | warning  |          Always | Unknown motherboard 'B850M-C' for chip_id=1 (bus_id=0x2) — falling back to bus_id as tray_id. Add this motherboard and its bus IDs to mobo_to_bus_ids in physical_system_discovery.cpp. (physical_system_discovery.cpp:89)
2026-08-03 17:26:41.936 | warning  |          Always | Unknown motherboard 'B850M-C' for chip_id=2 (bus_id=0x3) — falling back to bus_id as tray_id. Add this motherboard and its bus IDs to mobo_to_bus_ids in physical_system_discovery.cpp. (physical_system_discovery.cpp:89)
2026-08-03 17:26:41.936 | warning  |          Always | Unknown motherboard 'B850M-C' for chip_id=3 (bus_id=0x4) — falling back to bus_id as tray_id. Add this motherboard and its bus IDs to mobo_to_bus_ids in physical_system_discovery.cpp. (physical_system_discovery.cpp:89)
2026-08-03 17:26:41.936 | warning  |          Always | Unknown motherboard 'B850M-C' for chip_id=1 (bus_id=0x2) — falling back to bus_id as tray_id. Add this motherboard and its bus IDs to mobo_to_bus_ids in physical_system_discovery.cpp. (physical_system_discovery.cpp:89)
2026-08-03 17:26:41.936 | warning  |          Always | Unknown motherboard 'B850M-C' for chip_id=0 (bus_id=0x1) — falling back to bus_id as tray_id. Add this motherboard and its bus IDs to mobo_to_bus_ids in physical_system_discovery.cpp. (physical_system_discovery.cpp:89)
2026-08-03 17:26:41.936 | warning  |          Always | Unknown motherboard 'B850M-C' for chip_id=2 (bus_id=0x3) — falling back to bus_id as tray_id. Add this motherboard and its bus IDs to mobo_to_bus_ids in physical_system_discovery.cpp. (physical_system_discovery.cpp:89)
2026-08-03 17:26:41.936 | warning  |          Always | Unknown motherboard 'B850M-C' for chip_id=3 (bus_id=0x4) — falling back to bus_id as tray_id. Add this motherboard and its bus IDs to mobo_to_bus_ids in physical_system_discovery.cpp. (physical_system_discovery.cpp:89)
2026-08-03 17:26:41.936 | info     |          Fabric | Logical multi-mesh adjacency: intermesh degree histogram {0:1}; intra-mesh degree histograms mesh0 {2:4} (topology_mapper_utils.cpp:2342)
2026-08-03 17:26:41.936 | info     |          Fabric | Physical multi-mesh adjacency: intermesh degree histogram {0:1}; intra-mesh degree histograms mesh0 {2:4} (topology_mapper_utils.cpp:2350)
2026-08-03 17:26:41.995 | info     |    BuildKernels | Using pre-compiled firmware from: /home/ttuser/.local/lib/model-bringup/tt-metal/tt_metal/pre-compiled/5822202293905037534/ (build_env_manager.cpp:347)
2026-08-03 17:26:41.996 | info     |    BuildKernels | Using pre-compiled firmware from: /home/ttuser/.local/lib/model-bringup/tt-metal/tt_metal/pre-compiled/5822202293905037534/ (build_env_manager.cpp:347)
2026-08-03 17:26:41.996 | info     |    BuildKernels | Using pre-compiled firmware from: /home/ttuser/.local/lib/model-bringup/tt-metal/tt_metal/pre-compiled/5822202293905037534/ (build_env_manager.cpp:347)
2026-08-03 17:26:41.997 | info     |    BuildKernels | Using pre-compiled firmware from: /home/ttuser/.local/lib/model-bringup/tt-metal/tt_metal/pre-compiled/5822202293905037534/ (build_env_manager.cpp:347)
2026-08-03 17:26:42.032 | warning  |           Metal | Unable to set process priority to 0, error code: -1 (thread_pool.cpp:106)
2026-08-03 17:26:42.032 | warning  |           Metal | Unable to set process priority to 0, error code: -1 (thread_pool.cpp:106)
2026-08-03 17:26:42.033 | warning  |           Metal | Unable to set process priority to 0, error code: -1 (thread_pool.cpp:106)
2026-08-03 17:26:42.033 | warning  |           Metal | Unable to set process priority to 0, error code: -1 (thread_pool.cpp:106)
2026-08-03 17:26:42.034 | warning  |           Metal | Unable to set process priority to 0, error code: -1 (thread_pool.cpp:106)
2026-08-03 17:26:42.034 | warning  |           Metal | Unable to set process priority to 0, error code: -1 (thread_pool.cpp:106)
2026-08-03 17:26:42.035 | warning  |           Metal | Unable to set process priority to 0, error code: -1 (thread_pool.cpp:106)
2026-08-03 17:26:42.035 | warning  |           Metal | Unable to set process priority to 0, error code: -1 (thread_pool.cpp:106)
2026-08-03 17:26:42.036 | info     |           Metal | Initializing Fabric (fabric_firmware_initializer.cpp:296)
2026-08-03 17:26:42.055 | info     |           Metal | Fabric initialized on Device 0 (device.cpp:431)
2026-08-03 17:26:42.061 | info     |           Metal | Fabric initialized on Device 1 (device.cpp:431)
2026-08-03 17:26:42.062 | info     |           Metal | Fabric initialized on Device 2 (device.cpp:431)
2026-08-03 17:26:42.062 | info     |           Metal | Fabric initialized on Device 3 (device.cpp:431)
2026-08-03 17:26:42.062 | info     |           Metal | Fabric initialized on 4 devices (fabric_firmware_initializer.cpp:444)
2026-08-03 17:26:42.062 | info     |           Metal | Fabric Initialized with config FabricConfig::FABRIC_1D_RING (fabric_firmware_initializer.cpp:313)
2026-08-03 17:26:42.111 | info     |           Metal | ShmResourceTracker: removed stale shm '/tt_d2h_133968_1529939620_0' (shm_resource_tracker.cpp:265)
2026-08-03 17:26:42.111 | info     |           Metal | ShmResourceTracker: removed stale shm '/tt_d2h_133968_1529939620_1' (shm_resource_tracker.cpp:265)
2026-08-03 17:26:42.111 | info     |           Metal | ShmResourceTracker: removed stale shm '/tt_d2h_133968_1529939620_2' (shm_resource_tracker.cpp:265)
2026-08-03 17:26:42.111 | info     |           Metal | ShmResourceTracker: removed stale shm '/tt_d2h_133968_1529939620_3' (shm_resource_tracker.cpp:265)
2026-08-03 17:26:42.111 | info     |           Metal | ShmResourceTracker: removed stale manifest '/dev/shm/tt_socket_manifest_133968' (shm_resource_tracker.cpp:275)
2026-08-03 17:26:42.111 | info     |           Metal | ShmResourceTracker: removed orphaned shm '/tt_device_154095680226368_memory' (shm_resource_tracker.cpp:282)
2026-08-03 17:26:42.111 | info     |           Metal | ShmResourceTracker: removed orphaned shm '/tt_device_154095680226369_memory' (shm_resource_tracker.cpp:282)
2026-08-03 17:26:42.111 | info     |           Metal | ShmResourceTracker: removed orphaned shm '/tt_device_154095680227712_memory' (shm_resource_tracker.cpp:282)
2026-08-03 17:26:42.111 | info     |           Metal | ShmResourceTracker: removed orphaned shm '/tt_device_154095680227713_memory' (shm_resource_tracker.cpp:282)
2026-08-03 17:26:42.690 | info     |           Metal | [Real-time profiler] Device 0 sync complete: 100 samples, frequency=1.349992 GHz, device_time_at_sync=32910031745 cycles (realtime_profiler_manager.cpp:1127)
2026-08-03 17:26:42.691 | info     |           Metal | [Real-time profiler] Device 3 sync complete: 100 samples, frequency=1.349990 GHz, device_time_at_sync=32944081132 cycles (realtime_profiler_manager.cpp:1127)
2026-08-03 17:26:42.691 | info     |           Metal | [Real-time profiler] Device 2 sync complete: 100 samples, frequency=1.349987 GHz, device_time_at_sync=32970489734 cycles (realtime_profiler_manager.cpp:1127)
2026-08-03 17:26:42.692 | info     |           Metal | [Real-time profiler] Device 1 sync complete: 100 samples, frequency=1.349994 GHz, device_time_at_sync=32895917595 cycles (realtime_profiler_manager.cpp:1127)
[transformers] Unrecognized keys in `rope_parameters` for 'rope_type'='default': {'sliding_attention', 'full_attention'}
Fetching 8 files:   0%|          | 0/8 [00:00<?, ?it/s]Fetching 8 files: 100%|██████████| 8/8 [00:00<00:00, 60787.01it/s]
2026-08-03 17:26:56.241 | info     |           Metal | Fabric config changed from FabricConfig::FABRIC_1D_RING to FabricConfig::FABRIC_1D_RING, reinitializing control plane (metal_env.cpp:322)
2026-08-03 17:26:56.242 | info     |     Distributed | Using auto discovery to generate mesh graph. (metal_env.cpp:408)
2026-08-03 17:26:56.242 | info     |     Distributed | Constructing control plane using auto-discovery (no mesh graph descriptor). (metal_env.cpp:470)
2026-08-03 17:26:56.242 | warning  |          Always | Unknown motherboard 'B850M-C' for chip_id=0 (bus_id=0x1) — falling back to bus_id as tray_id. Add this motherboard and its bus IDs to mobo_to_bus_ids in physical_system_discovery.cpp. (physical_system_discovery.cpp:89)
2026-08-03 17:26:56.242 | warning  |          Always | Unknown motherboard 'B850M-C' for chip_id=1 (bus_id=0x2) — falling back to bus_id as tray_id. Add this motherboard and its bus IDs to mobo_to_bus_ids in physical_system_discovery.cpp. (physical_system_discovery.cpp:89)
2026-08-03 17:26:56.242 | warning  |          Always | Unknown motherboard 'B850M-C' for chip_id=2 (bus_id=0x3) — falling back to bus_id as tray_id. Add this motherboard and its bus IDs to mobo_to_bus_ids in physical_system_discovery.cpp. (physical_system_discovery.cpp:89)
2026-08-03 17:26:56.242 | warning  |          Always | Unknown motherboard 'B850M-C' for chip_id=3 (bus_id=0x4) — falling back to bus_id as tray_id. Add this motherboard and its bus IDs to mobo_to_bus_ids in physical_system_discovery.cpp. (physical_system_discovery.cpp:89)
2026-08-03 17:26:56.242 | warning  |          Always | Unknown motherboard 'B850M-C' for chip_id=1 (bus_id=0x2) — falling back to bus_id as tray_id. Add this motherboard and its bus IDs to mobo_to_bus_ids in physical_system_discovery.cpp. (physical_system_discovery.cpp:89)
2026-08-03 17:26:56.242 | warning  |          Always | Unknown motherboard 'B850M-C' for chip_id=0 (bus_id=0x1) — falling back to bus_id as tray_id. Add this motherboard and its bus IDs to mobo_to_bus_ids in physical_system_discovery.cpp. (physical_system_discovery.cpp:89)
2026-08-03 17:26:56.242 | warning  |          Always | Unknown motherboard 'B850M-C' for chip_id=2 (bus_id=0x3) — falling back to bus_id as tray_id. Add this motherboard and its bus IDs to mobo_to_bus_ids in physical_system_discovery.cpp. (physical_system_discovery.cpp:89)
2026-08-03 17:26:56.242 | warning  |          Always | Unknown motherboard 'B850M-C' for chip_id=3 (bus_id=0x4) — falling back to bus_id as tray_id. Add this motherboard and its bus IDs to mobo_to_bus_ids in physical_system_discovery.cpp. (physical_system_discovery.cpp:89)
2026-08-03 17:26:56.242 | info     |          Fabric | Logical multi-mesh adjacency: intermesh degree histogram {0:1}; intra-mesh degree histograms mesh0 {2:4} (topology_mapper_utils.cpp:2342)
2026-08-03 17:26:56.242 | info     |          Fabric | Physical multi-mesh adjacency: intermesh degree histogram {0:1}; intra-mesh degree histograms mesh0 {2:4} (topology_mapper_utils.cpp:2350)
2026-08-03 17:26:56.256 | info     |    BuildKernels | Using pre-compiled firmware from: /home/ttuser/.local/lib/model-bringup/tt-metal/tt_metal/pre-compiled/5822202293905037534/ (build_env_manager.cpp:347)
2026-08-03 17:26:56.257 | info     |    BuildKernels | Using pre-compiled firmware from: /home/ttuser/.local/lib/model-bringup/tt-metal/tt_metal/pre-compiled/5822202293905037534/ (build_env_manager.cpp:347)
2026-08-03 17:26:56.257 | info     |    BuildKernels | Using pre-compiled firmware from: /home/ttuser/.local/lib/model-bringup/tt-metal/tt_metal/pre-compiled/5822202293905037534/ (build_env_manager.cpp:347)
2026-08-03 17:26:56.258 | info     |    BuildKernels | Using pre-compiled firmware from: /home/ttuser/.local/lib/model-bringup/tt-metal/tt_metal/pre-compiled/5822202293905037534/ (build_env_manager.cpp:347)
2026-08-03 17:26:56.291 | warning  |           Metal | Unable to set process priority to 0, error code: -1 (thread_pool.cpp:106)
2026-08-03 17:26:56.292 | warning  |           Metal | Unable to set process priority to 0, error code: -1 (thread_pool.cpp:106)
2026-08-03 17:26:56.292 | warning  |           Metal | Unable to set process priority to 0, error code: -1 (thread_pool.cpp:106)
2026-08-03 17:26:56.292 | warning  |           Metal | Unable to set process priority to 0, error code: -1 (thread_pool.cpp:106)
2026-08-03 17:26:56.293 | warning  |           Metal | Unable to set process priority to 0, error code: -1 (thread_pool.cpp:106)
2026-08-03 17:26:56.293 | warning  |           Metal | Unable to set process priority to 0, error code: -1 (thread_pool.cpp:106)
2026-08-03 17:26:56.294 | warning  |           Metal | Unable to set process priority to 0, error code: -1 (thread_pool.cpp:106)
2026-08-03 17:26:56.294 | warning  |           Metal | Unable to set process priority to 0, error code: -1 (thread_pool.cpp:106)
2026-08-03 17:26:56.295 | info     |           Metal | Initializing Fabric (fabric_firmware_initializer.cpp:296)
2026-08-03 17:26:56.305 | info     |           Metal | Fabric initialized on Device 0 (device.cpp:431)
2026-08-03 17:26:56.306 | info     |           Metal | Fabric initialized on Device 1 (device.cpp:431)
2026-08-03 17:26:56.307 | info     |           Metal | Fabric initialized on Device 2 (device.cpp:431)
2026-08-03 17:26:56.308 | info     |           Metal | Fabric initialized on Device 3 (device.cpp:431)
2026-08-03 17:26:56.308 | info     |           Metal | Fabric initialized on 4 devices (fabric_firmware_initializer.cpp:444)
2026-08-03 17:26:56.308 | info     |           Metal | Fabric Initialized with config FabricConfig::FABRIC_1D_RING (fabric_firmware_initializer.cpp:313)
[transformers] Unrecognized keys in `rope_parameters` for 'rope_type'='default': {'sliding_attention', 'full_attention'}
Fetching 8 files:   0%|          | 0/8 [00:00<?, ?it/s]Fetching 8 files: 100%|██████████| 8/8 [00:00<00:00, 22748.77it/s]
PERF_RESULT {"layer": 4, "attention_type": "full_attention", "is_moe": true, "prefill_len": 4096, "decode_iters": 30, "before_multichip": {"prefill_ms": 101.661, "decode_ms_per_token": 0.8456}, "after_optimized": {"prefill_ms": 76.549, "decode_ms_per_token": 0.7775}, "decode_speedup": 1.0876, "prefill_speedup": 1.328}
nanobind: leaked 1 instances!
 - leaked instance 0x7b6f8e15ec58 of type "ttnn._ttnn.tensor.CoreRangeSet"
nanobind: leaked 13 types!
 - leaked type "ttnn._ttnn.operations.matmul.MatmulMultiCoreReuseMultiCast1DProgramConfig"
 - leaked type "ttnn._ttnn.operations.matmul.MatmulInputs"
 - leaked type "ttnn._ttnn.operations.matmul.MatmulMultiCoreReuseMultiCastBatchedDRAMShardedProgramConfig"
 - leaked type "UnaryOpType"
 - leaked type "ttnn._ttnn.operations.matmul.MatmulMultiCoreReuseOptimizedProgramFactory"
 - leaked type "ttnn._ttnn.operations.matmul.MatmulParams"
 - leaked type "ttnn._ttnn.tensor.CoreRangeSet"
 - leaked type "ttnn._ttnn.operations.matmul.MatmulMultiCoreReuseProgramConfig"
 - leaked type "ttnn._ttnn.operations.matmul.MatmulDeviceOperation"
 - leaked type "ttnn._ttnn.tensor.Tensor"
 - ... skipped remainder
nanobind: leaked 199 functions!
 - leaked function ""
 - leaked function "from_json"
 - leaked function ""
 - leaked function "experimental_per_core_buffer_address"
 - leaked function "compute_output_specs"
 - leaked function "create_output_tensors"
 - leaked function ""
 - leaked function "from_json"
 - leaked function ""
 - leaked function "to_json"
 - ... skipped remainder
nanobind: this is likely caused by a reference counting issue in the binding code.
See https://nanobind.readthedocs.io/en/latest/refleaks.html2026-08-03 17:27:07.700 | info     |    BuildKernels | JIT cache stats: 553/569 hits (97.2%) [553 cached, 838 build-once dedup, 0 merged artifacts, 0 merged genfiles] (build_cache_telemetry.cpp:207)
2026-08-03 17:27:07.700 | info     |    BuildKernels | JIT telemetry: 3 registered TelemetryTokens (build_cache_telemetry.cpp:230)
2026-08-03 17:27:07.814 | info     |          Device | Closing user mode device drivers (tt_cluster.cpp:513)
2026-08-03 17:27:07.814 | info     |             UMD | Closing devices in cluster (cluster.cpp:1037)
2026-08-03 17:27:08.335 | info     |             UMD | Closing devices in cluster completed. (cluster.cpp:1046)
2026-08-03 17:27:08.335 | info     |             UMD | Cluster destructor started. (cluster.cpp:754)
2026-08-03 17:27:08.335 | info     |             UMD | Cluster destructor completed. (cluster.cpp:757)
