2026-08-03 17:43:59.804 | DEBUG    | ttnn:<module>:79 - Initial ttnn.CONFIG:
Config{cache_path=/home/ttuser/.cache/ttnn,model_cache_path=/home/ttuser/.cache/ttnn/models,tmp_dir=/tmp/ttnn,enable_model_cache=false,enable_fast_runtime_mode=true,throw_exception_on_fallback=false,enable_logging=false,enable_graph_report=false,enable_graph_python_stack_traces=false,enable_detailed_buffer_report=false,enable_detailed_tensor_report=false,enable_comparison_mode=false,comparison_mode_should_raise_exception=false,comparison_mode_pcc=0.9999,root_report_path=generated/ttnn/reports,report_name=std::nullopt,std::nullopt}
[1m============================= test session starts ==============================[0m
platform linux -- Python 3.12.3, pytest-9.0.3, pluggy-1.6.0 -- /home/ttuser/.tenstorrent-venv/bin/python
rootdir: /home/ttuser/dev/tt-metal
configfile: pytest.ini
plugins: anyio-4.13.0
[1mcollecting ... [0mcollected 9 items

../home/ttuser/dev/tt-metal/models/autoports/poolside_laguna_xs_2_1/tests/test_multichip_decoder.py::test_decode_pcc[0-32] 2026-08-03 17:44:00.484 | info     |          Device | Opening user mode device driver (tt_cluster.cpp:228)
2026-08-03 17:44:00.484 | info     |             UMD | Cluster constructor started. (cluster.cpp:348)
2026-08-03 17:44:00.484 | info     |             UMD | Creating TopologyDiscovery for architecture: blackhole (topology_discovery.cpp:95)
2026-08-03 17:44:00.484 | info     |             UMD | Starting topology discovery. (topology_discovery.cpp:114)
2026-08-03 17:44:00.495 | info     |             UMD | Established firmware bundle version: 19.11.0 (topology_discovery.cpp:574)
2026-08-03 17:44:00.496 | info     |             UMD | Completed topology discovery. (topology_discovery.cpp:118)
2026-08-03 17:44:00.574 | info     |             UMD | Opening local chip ids/PCIe ids: {0, 1, 2, 3}/[0, 1, 2, 3] and remote chip ids {} (cluster.cpp:168)
2026-08-03 17:44:00.574 | info     |             UMD | IOMMU: enabled (cluster.cpp:142)
2026-08-03 17:44:00.574 | info     |             UMD | KMD version: 2.10.0 (cluster.cpp:145)
2026-08-03 17:44:00.574 | info     |             UMD | Cluster constructor completed. (cluster.cpp:520)
2026-08-03 17:44:00.576 | info     |             UMD | Starting devices in cluster (cluster.cpp:1024)
2026-08-03 17:44:00.833 | info     |             UMD | Starting devices in cluster completed. (cluster.cpp:1032)
2026-08-03 17:44:00.956 | info     |     Distributed | Using auto discovery to generate mesh graph. (metal_env.cpp:408)
2026-08-03 17:44:00.956 | info     |     Distributed | Constructing control plane using auto-discovery (no mesh graph descriptor). (metal_env.cpp:470)
2026-08-03 17:44:00.956 | warning  |          Always | Unknown motherboard 'B850M-C' for chip_id=0 (bus_id=0x1) — falling back to bus_id as tray_id. Add this motherboard and its bus IDs to mobo_to_bus_ids in physical_system_discovery.cpp. (physical_system_discovery.cpp:89)
2026-08-03 17:44:00.956 | warning  |          Always | Unknown motherboard 'B850M-C' for chip_id=1 (bus_id=0x2) — falling back to bus_id as tray_id. Add this motherboard and its bus IDs to mobo_to_bus_ids in physical_system_discovery.cpp. (physical_system_discovery.cpp:89)
2026-08-03 17:44:00.956 | warning  |          Always | Unknown motherboard 'B850M-C' for chip_id=2 (bus_id=0x3) — falling back to bus_id as tray_id. Add this motherboard and its bus IDs to mobo_to_bus_ids in physical_system_discovery.cpp. (physical_system_discovery.cpp:89)
2026-08-03 17:44:00.956 | warning  |          Always | Unknown motherboard 'B850M-C' for chip_id=3 (bus_id=0x4) — falling back to bus_id as tray_id. Add this motherboard and its bus IDs to mobo_to_bus_ids in physical_system_discovery.cpp. (physical_system_discovery.cpp:89)
2026-08-03 17:44:00.956 | warning  |          Always | Unknown motherboard 'B850M-C' for chip_id=1 (bus_id=0x2) — falling back to bus_id as tray_id. Add this motherboard and its bus IDs to mobo_to_bus_ids in physical_system_discovery.cpp. (physical_system_discovery.cpp:89)
2026-08-03 17:44:00.956 | warning  |          Always | Unknown motherboard 'B850M-C' for chip_id=0 (bus_id=0x1) — falling back to bus_id as tray_id. Add this motherboard and its bus IDs to mobo_to_bus_ids in physical_system_discovery.cpp. (physical_system_discovery.cpp:89)
2026-08-03 17:44:00.956 | warning  |          Always | Unknown motherboard 'B850M-C' for chip_id=2 (bus_id=0x3) — falling back to bus_id as tray_id. Add this motherboard and its bus IDs to mobo_to_bus_ids in physical_system_discovery.cpp. (physical_system_discovery.cpp:89)
2026-08-03 17:44:00.956 | warning  |          Always | Unknown motherboard 'B850M-C' for chip_id=3 (bus_id=0x4) — falling back to bus_id as tray_id. Add this motherboard and its bus IDs to mobo_to_bus_ids in physical_system_discovery.cpp. (physical_system_discovery.cpp:89)
2026-08-03 17:44:00.956 | info     |          Fabric | Logical multi-mesh adjacency: intermesh degree histogram {0:1}; intra-mesh degree histograms mesh0 {2:4} (topology_mapper_utils.cpp:2342)
2026-08-03 17:44:00.956 | info     |          Fabric | Physical multi-mesh adjacency: intermesh degree histogram {0:1}; intra-mesh degree histograms mesh0 {2:4} (topology_mapper_utils.cpp:2350)
2026-08-03 17:44:00.959 | info     |    BuildKernels | Using pre-compiled firmware from: /home/ttuser/.local/lib/model-bringup/tt-metal/tt_metal/pre-compiled/5822202293905037534/ (build_env_manager.cpp:347)
2026-08-03 17:44:00.960 | info     |    BuildKernels | Using pre-compiled firmware from: /home/ttuser/.local/lib/model-bringup/tt-metal/tt_metal/pre-compiled/5822202293905037534/ (build_env_manager.cpp:347)
2026-08-03 17:44:00.961 | info     |    BuildKernels | Using pre-compiled firmware from: /home/ttuser/.local/lib/model-bringup/tt-metal/tt_metal/pre-compiled/5822202293905037534/ (build_env_manager.cpp:347)
2026-08-03 17:44:00.961 | info     |    BuildKernels | Using pre-compiled firmware from: /home/ttuser/.local/lib/model-bringup/tt-metal/tt_metal/pre-compiled/5822202293905037534/ (build_env_manager.cpp:347)
2026-08-03 17:44:00.995 | warning  |           Metal | Unable to set process priority to 0, error code: -1 (thread_pool.cpp:106)
2026-08-03 17:44:00.996 | warning  |           Metal | Unable to set process priority to 0, error code: -1 (thread_pool.cpp:106)
2026-08-03 17:44:00.997 | warning  |           Metal | Unable to set process priority to 0, error code: -1 (thread_pool.cpp:106)
2026-08-03 17:44:00.997 | warning  |           Metal | Unable to set process priority to 0, error code: -1 (thread_pool.cpp:106)
2026-08-03 17:44:00.998 | warning  |           Metal | Unable to set process priority to 0, error code: -1 (thread_pool.cpp:106)
2026-08-03 17:44:00.998 | warning  |           Metal | Unable to set process priority to 0, error code: -1 (thread_pool.cpp:106)
2026-08-03 17:44:00.999 | warning  |           Metal | Unable to set process priority to 0, error code: -1 (thread_pool.cpp:106)
2026-08-03 17:44:00.999 | warning  |           Metal | Unable to set process priority to 0, error code: -1 (thread_pool.cpp:106)
2026-08-03 17:44:01.000 | info     |           Metal | Initializing Fabric (fabric_firmware_initializer.cpp:296)
2026-08-03 17:44:01.019 | info     |           Metal | Fabric initialized on Device 0 (device.cpp:431)
2026-08-03 17:44:01.024 | info     |           Metal | Fabric initialized on Device 1 (device.cpp:431)
2026-08-03 17:44:01.025 | info     |           Metal | Fabric initialized on Device 2 (device.cpp:431)
2026-08-03 17:44:01.026 | info     |           Metal | Fabric initialized on Device 3 (device.cpp:431)
2026-08-03 17:44:01.026 | info     |           Metal | Fabric initialized on 4 devices (fabric_firmware_initializer.cpp:444)
2026-08-03 17:44:01.026 | info     |           Metal | Fabric Initialized with config FabricConfig::FABRIC_1D_RING (fabric_firmware_initializer.cpp:313)
2026-08-03 17:44:01.075 | info     |           Metal | ShmResourceTracker: removed orphaned shm '/tt_device_154095680226368_memory' (shm_resource_tracker.cpp:282)
2026-08-03 17:44:01.075 | info     |           Metal | ShmResourceTracker: removed orphaned shm '/tt_device_154095680226369_memory' (shm_resource_tracker.cpp:282)
2026-08-03 17:44:01.075 | info     |           Metal | ShmResourceTracker: removed orphaned shm '/tt_device_154095680227712_memory' (shm_resource_tracker.cpp:282)
2026-08-03 17:44:01.075 | info     |           Metal | ShmResourceTracker: removed orphaned shm '/tt_device_154095680227713_memory' (shm_resource_tracker.cpp:282)
2026-08-03 17:44:01.655 | info     |           Metal | [Real-time profiler] Device 0 sync complete: 100 samples, frequency=1.349995 GHz, device_time_at_sync=68664915202 cycles (realtime_profiler_manager.cpp:1127)
2026-08-03 17:44:01.655 | info     |           Metal | [Real-time profiler] Device 1 sync complete: 100 samples, frequency=1.349993 GHz, device_time_at_sync=68711883513 cycles (realtime_profiler_manager.cpp:1127)
2026-08-03 17:44:01.655 | info     |           Metal | [Real-time profiler] Device 3 sync complete: 100 samples, frequency=1.349995 GHz, device_time_at_sync=69007727290 cycles (realtime_profiler_manager.cpp:1127)
2026-08-03 17:44:01.657 | info     |           Metal | [Real-time profiler] Device 2 sync complete: 100 samples, frequency=1.349991 GHz, device_time_at_sync=68897911613 cycles (realtime_profiler_manager.cpp:1127)
Warning: You are sending unauthenticated requests to the HF Hub. Please set a HF_TOKEN to enable higher rate limits and faster downloads.
[transformers] Unrecognized keys in `rope_parameters` for 'rope_type'='default': {'sliding_attention', 'full_attention'}
Fetching 8 files:   0%|          | 0/8 [00:00<?, ?it/s]Fetching 8 files: 100%|██████████| 8/8 [00:00<00:00, 33621.68it/s]
[32mPASSED[0m
../home/ttuser/dev/tt-metal/models/autoports/poolside_laguna_xs_2_1/tests/test_multichip_decoder.py::test_decode_pcc[0-513] [32mPASSED[0m
../home/ttuser/dev/tt-metal/models/autoports/poolside_laguna_xs_2_1/tests/test_multichip_decoder.py::test_decode_pcc[0-2048] [32mPASSED[0m
../home/ttuser/dev/tt-metal/models/autoports/poolside_laguna_xs_2_1/tests/test_multichip_decoder.py::test_decode_pcc[1-32] Fetching 8 files:   0%|          | 0/8 [00:00<?, ?it/s]Fetching 8 files: 100%|██████████| 8/8 [00:00<00:00, 19599.55it/s]
[transformers] You tried to access the `ExpertsInterface` with a `config._experts_implementation` set to `None`. This is expected if you use an Expert Module as a standalone Module. If this is not the case, something went wrong with the dispatch of `config._experts_implementation`
[32mPASSED[0m
../home/ttuser/dev/tt-metal/models/autoports/poolside_laguna_xs_2_1/tests/test_multichip_decoder.py::test_decode_pcc[1-513] [32mPASSED[0m
../home/ttuser/dev/tt-metal/models/autoports/poolside_laguna_xs_2_1/tests/test_multichip_decoder.py::test_decode_pcc[1-2048] [32mPASSED[0m
../home/ttuser/dev/tt-metal/models/autoports/poolside_laguna_xs_2_1/tests/test_multichip_decoder.py::test_decode_pcc[4-32] Fetching 8 files:   0%|          | 0/8 [00:00<?, ?it/s]Fetching 8 files: 100%|██████████| 8/8 [00:00<00:00, 57952.39it/s]
[32mPASSED[0m
../home/ttuser/dev/tt-metal/models/autoports/poolside_laguna_xs_2_1/tests/test_multichip_decoder.py::test_decode_pcc[4-513] [32mPASSED[0m
../home/ttuser/dev/tt-metal/models/autoports/poolside_laguna_xs_2_1/tests/test_multichip_decoder.py::test_decode_pcc[4-2048] [32mPASSED[0m

[33m=============================== warnings summary ===============================[0m
../home/ttuser/.tenstorrent-venv/lib/python3.12/site-packages/_pytest/config/__init__.py:1434
  /home/ttuser/.tenstorrent-venv/lib/python3.12/site-packages/_pytest/config/__init__.py:1434: PytestConfigWarning: Unknown config option: timeout
  
    self._warn_or_fail_if_strict(f"Unknown config option: {key}\n")

-- Docs: https://docs.pytest.org/en/stable/how-to/capture-warnings.html
==================================== PASSES ====================================
[32m[1m____________________________ test_decode_pcc[0-32] _____________________________[0m
------------------------------ Captured log setup ------------------------------
[33mWARNING [0m huggingface_hub.utils._http:_http.py:904 Warning: You are sending unauthenticated requests to the HF Hub. Please set a HF_TOKEN to enable higher rate limits and faster downloads.
---- generated xml file: /tmp/generated/test_reports/most_recent_tests.xml -----
============================== slowest durations ===============================
12.43s call     models/autoports/poolside_laguna_xs_2_1/tests/test_multichip_decoder.py::test_decode_pcc[1-32]
11.39s call     models/autoports/poolside_laguna_xs_2_1/tests/test_multichip_decoder.py::test_decode_pcc[4-32]
3.08s setup    models/autoports/poolside_laguna_xs_2_1/tests/test_multichip_decoder.py::test_decode_pcc[0-32]
2.48s call     models/autoports/poolside_laguna_xs_2_1/tests/test_multichip_decoder.py::test_decode_pcc[0-32]
1.35s call     models/autoports/poolside_laguna_xs_2_1/tests/test_multichip_decoder.py::test_decode_pcc[1-2048]
1.20s call     models/autoports/poolside_laguna_xs_2_1/tests/test_multichip_decoder.py::test_decode_pcc[0-2048]
0.94s call     models/autoports/poolside_laguna_xs_2_1/tests/test_multichip_decoder.py::test_decode_pcc[4-2048]
0.64s call     models/autoports/poolside_laguna_xs_2_1/tests/test_multichip_decoder.py::test_decode_pcc[1-513]
0.29s call     models/autoports/poolside_laguna_xs_2_1/tests/test_multichip_decoder.py::test_decode_pcc[0-513]
0.22s call     models/autoports/poolside_laguna_xs_2_1/tests/test_multichip_decoder.py::test_decode_pcc[4-513]
0.16s setup    models/autoports/poolside_laguna_xs_2_1/tests/test_multichip_decoder.py::test_decode_pcc[1-32]
0.14s setup    models/autoports/poolside_laguna_xs_2_1/tests/test_multichip_decoder.py::test_decode_pcc[0-513]
0.14s setup    models/autoports/poolside_laguna_xs_2_1/tests/test_multichip_decoder.py::test_decode_pcc[0-2048]
0.14s setup    models/autoports/poolside_laguna_xs_2_1/tests/test_multichip_decoder.py::test_decode_pcc[4-2048]
0.13s setup    models/autoports/poolside_laguna_xs_2_1/tests/test_multichip_decoder.py::test_decode_pcc[1-2048]
0.13s setup    models/autoports/poolside_laguna_xs_2_1/tests/test_multichip_decoder.py::test_decode_pcc[4-513]
0.13s setup    models/autoports/poolside_laguna_xs_2_1/tests/test_multichip_decoder.py::test_decode_pcc[4-32]
0.13s setup    models/autoports/poolside_laguna_xs_2_1/tests/test_multichip_decoder.py::test_decode_pcc[1-513]
0.12s teardown models/autoports/poolside_laguna_xs_2_1/tests/test_multichip_decoder.py::test_decode_pcc[4-2048]

(8 durations < 0.005s hidden.  Use -vv to show these durations.)
[36m[1m=========================== short test summary info ============================[0m
[32mPASSED[0m ../home/ttuser/dev/tt-metal/models/autoports/poolside_laguna_xs_2_1/tests/test_multichip_decoder.py::[1mtest_decode_pcc[0-32][0m
[32mPASSED[0m ../home/ttuser/dev/tt-metal/models/autoports/poolside_laguna_xs_2_1/tests/test_multichip_decoder.py::[1mtest_decode_pcc[0-513][0m
[32mPASSED[0m ../home/ttuser/dev/tt-metal/models/autoports/poolside_laguna_xs_2_1/tests/test_multichip_decoder.py::[1mtest_decode_pcc[0-2048][0m
[32mPASSED[0m ../home/ttuser/dev/tt-metal/models/autoports/poolside_laguna_xs_2_1/tests/test_multichip_decoder.py::[1mtest_decode_pcc[1-32][0m
[32mPASSED[0m ../home/ttuser/dev/tt-metal/models/autoports/poolside_laguna_xs_2_1/tests/test_multichip_decoder.py::[1mtest_decode_pcc[1-513][0m
[32mPASSED[0m ../home/ttuser/dev/tt-metal/models/autoports/poolside_laguna_xs_2_1/tests/test_multichip_decoder.py::[1mtest_decode_pcc[1-2048][0m
[32mPASSED[0m ../home/ttuser/dev/tt-metal/models/autoports/poolside_laguna_xs_2_1/tests/test_multichip_decoder.py::[1mtest_decode_pcc[4-32][0m
[32mPASSED[0m ../home/ttuser/dev/tt-metal/models/autoports/poolside_laguna_xs_2_1/tests/test_multichip_decoder.py::[1mtest_decode_pcc[4-513][0m
[32mPASSED[0m ../home/ttuser/dev/tt-metal/models/autoports/poolside_laguna_xs_2_1/tests/test_multichip_decoder.py::[1mtest_decode_pcc[4-2048][0m
[33m======================== [32m9 passed[0m, [33m[1m1 warning[0m[33m in 35.28s[0m[33m =========================[0m
nanobind: leaked 2 instances!
 - leaked instance 0x7f3264b79ba8 of type "ttnn._ttnn.tensor.CoreRangeSet"
 - leaked instance 0x7f3268f89c08 of type "ttnn._ttnn.tensor.MemoryConfig"
nanobind: leaked 20 types!
 - leaked type "ttnn._ttnn.operations.matmul.MatmulMultiCoreReuseMultiCast1DProgramConfig"
 - leaked type "ttnn._ttnn.operations.matmul.MatmulInputs"
 - leaked type "ttnn._ttnn.operations.matmul.MatmulMultiCoreReuseMultiCastBatchedDRAMShardedProgramConfig"
 - leaked type "BufferType"
 - leaked type "UnaryOpType"
 - leaked type "Layout"
 - leaked type "ttnn._ttnn.operations.matmul.MatmulMultiCoreReuseOptimizedProgramFactory"
 - leaked type "Arch"
 - leaked type "ttnn._ttnn.operations.matmul.MatmulParams"
 - leaked type "ttnn._ttnn.tensor.CoreRangeSet"
 - ... skipped remainder
nanobind: leaked 247 functions!
 - leaked function ""
 - leaked function ""
 - leaked function ""
 - leaked function ""
 - leaked function ""
 - leaked function "__ne__"
 - leaked function "to_numpy"
 - leaked function "get_optimal_dram_bank_to_logical_worker_assignment"
 - leaked function "get_system_mesh_id"
 - leaked function ""
 - ... skipped remainder
nanobind: this is likely caused by a reference counting issue in the binding code.
See https://nanobind.readthedocs.io/en/latest/refleaks.html2026-08-03 17:44:36.971 | info     |    BuildKernels | JIT cache stats: 813/819 hits (99.3%) [813 cached, 756 build-once dedup, 0 merged artifacts, 0 merged genfiles] (build_cache_telemetry.cpp:207)
2026-08-03 17:44:36.971 | info     |    BuildKernels | JIT telemetry: 3 registered TelemetryTokens (build_cache_telemetry.cpp:230)
2026-08-03 17:44:36.989 | info     |          Device | Closing user mode device drivers (tt_cluster.cpp:513)
2026-08-03 17:44:36.989 | info     |             UMD | Closing devices in cluster (cluster.cpp:1037)
2026-08-03 17:44:37.556 | info     |             UMD | Closing devices in cluster completed. (cluster.cpp:1046)
2026-08-03 17:44:37.556 | info     |             UMD | Cluster destructor started. (cluster.cpp:754)
2026-08-03 17:44:37.556 | info     |             UMD | Cluster destructor completed. (cluster.cpp:757)
