2026-08-03 17:45:09.427 | DEBUG    | ttnn:<module>:79 - Initial ttnn.CONFIG:
Config{cache_path=/home/ttuser/.cache/ttnn,model_cache_path=/home/ttuser/.cache/ttnn/models,tmp_dir=/tmp/ttnn,enable_model_cache=false,enable_fast_runtime_mode=true,throw_exception_on_fallback=false,enable_logging=false,enable_graph_report=false,enable_graph_python_stack_traces=false,enable_detailed_buffer_report=false,enable_detailed_tensor_report=false,enable_comparison_mode=false,comparison_mode_should_raise_exception=false,comparison_mode_pcc=0.9999,root_report_path=generated/ttnn/reports,report_name=std::nullopt,std::nullopt}
Warning: You are sending unauthenticated requests to the HF Hub. Please set a HF_TOKEN to enable higher rate limits and faster downloads.
[transformers] Unrecognized keys in `rope_parameters` for 'rope_type'='default': {'sliding_attention', 'full_attention'}
2026-08-03 17:45:11.163 | info     |          Device | Opening user mode device driver (tt_cluster.cpp:228)
2026-08-03 17:45:11.163 | info     |             UMD | Cluster constructor started. (cluster.cpp:348)
2026-08-03 17:45:11.163 | info     |             UMD | Creating TopologyDiscovery for architecture: blackhole (topology_discovery.cpp:95)
2026-08-03 17:45:11.163 | info     |             UMD | Starting topology discovery. (topology_discovery.cpp:114)
2026-08-03 17:45:11.174 | info     |             UMD | Established firmware bundle version: 19.11.0 (topology_discovery.cpp:574)
2026-08-03 17:45:11.175 | info     |             UMD | Completed topology discovery. (topology_discovery.cpp:118)
2026-08-03 17:45:11.253 | info     |             UMD | Opening local chip ids/PCIe ids: {0, 1, 2, 3}/[0, 1, 2, 3] and remote chip ids {} (cluster.cpp:168)
2026-08-03 17:45:11.254 | info     |             UMD | IOMMU: enabled (cluster.cpp:142)
2026-08-03 17:45:11.254 | info     |             UMD | KMD version: 2.10.0 (cluster.cpp:145)
2026-08-03 17:45:11.254 | info     |             UMD | Cluster constructor completed. (cluster.cpp:520)
2026-08-03 17:45:11.255 | info     |             UMD | Starting devices in cluster (cluster.cpp:1024)
2026-08-03 17:45:11.441 | info     |             UMD | Starting devices in cluster completed. (cluster.cpp:1032)
2026-08-03 17:45:11.563 | info     |     Distributed | Using auto discovery to generate mesh graph. (metal_env.cpp:408)
2026-08-03 17:45:11.563 | info     |     Distributed | Constructing control plane using auto-discovery (no mesh graph descriptor). (metal_env.cpp:470)
2026-08-03 17:45:11.563 | warning  |          Always | Unknown motherboard 'B850M-C' for chip_id=0 (bus_id=0x1) — falling back to bus_id as tray_id. Add this motherboard and its bus IDs to mobo_to_bus_ids in physical_system_discovery.cpp. (physical_system_discovery.cpp:89)
2026-08-03 17:45:11.563 | warning  |          Always | Unknown motherboard 'B850M-C' for chip_id=1 (bus_id=0x2) — falling back to bus_id as tray_id. Add this motherboard and its bus IDs to mobo_to_bus_ids in physical_system_discovery.cpp. (physical_system_discovery.cpp:89)
2026-08-03 17:45:11.563 | warning  |          Always | Unknown motherboard 'B850M-C' for chip_id=2 (bus_id=0x3) — falling back to bus_id as tray_id. Add this motherboard and its bus IDs to mobo_to_bus_ids in physical_system_discovery.cpp. (physical_system_discovery.cpp:89)
2026-08-03 17:45:11.563 | warning  |          Always | Unknown motherboard 'B850M-C' for chip_id=3 (bus_id=0x4) — falling back to bus_id as tray_id. Add this motherboard and its bus IDs to mobo_to_bus_ids in physical_system_discovery.cpp. (physical_system_discovery.cpp:89)
2026-08-03 17:45:11.563 | warning  |          Always | Unknown motherboard 'B850M-C' for chip_id=1 (bus_id=0x2) — falling back to bus_id as tray_id. Add this motherboard and its bus IDs to mobo_to_bus_ids in physical_system_discovery.cpp. (physical_system_discovery.cpp:89)
2026-08-03 17:45:11.563 | warning  |          Always | Unknown motherboard 'B850M-C' for chip_id=0 (bus_id=0x1) — falling back to bus_id as tray_id. Add this motherboard and its bus IDs to mobo_to_bus_ids in physical_system_discovery.cpp. (physical_system_discovery.cpp:89)
2026-08-03 17:45:11.563 | warning  |          Always | Unknown motherboard 'B850M-C' for chip_id=2 (bus_id=0x3) — falling back to bus_id as tray_id. Add this motherboard and its bus IDs to mobo_to_bus_ids in physical_system_discovery.cpp. (physical_system_discovery.cpp:89)
2026-08-03 17:45:11.563 | warning  |          Always | Unknown motherboard 'B850M-C' for chip_id=3 (bus_id=0x4) — falling back to bus_id as tray_id. Add this motherboard and its bus IDs to mobo_to_bus_ids in physical_system_discovery.cpp. (physical_system_discovery.cpp:89)
2026-08-03 17:45:11.563 | info     |          Fabric | Logical multi-mesh adjacency: intermesh degree histogram {0:1}; intra-mesh degree histograms mesh0 {2:4} (topology_mapper_utils.cpp:2342)
2026-08-03 17:45:11.563 | info     |          Fabric | Physical multi-mesh adjacency: intermesh degree histogram {0:1}; intra-mesh degree histograms mesh0 {2:4} (topology_mapper_utils.cpp:2350)
2026-08-03 17:45:11.566 | info     |    BuildKernels | Using pre-compiled firmware from: /home/ttuser/.local/lib/model-bringup/tt-metal/tt_metal/pre-compiled/5822202293905037534/ (build_env_manager.cpp:347)
2026-08-03 17:45:11.567 | info     |    BuildKernels | Using pre-compiled firmware from: /home/ttuser/.local/lib/model-bringup/tt-metal/tt_metal/pre-compiled/5822202293905037534/ (build_env_manager.cpp:347)
2026-08-03 17:45:11.568 | info     |    BuildKernels | Using pre-compiled firmware from: /home/ttuser/.local/lib/model-bringup/tt-metal/tt_metal/pre-compiled/5822202293905037534/ (build_env_manager.cpp:347)
2026-08-03 17:45:11.569 | info     |    BuildKernels | Using pre-compiled firmware from: /home/ttuser/.local/lib/model-bringup/tt-metal/tt_metal/pre-compiled/5822202293905037534/ (build_env_manager.cpp:347)
2026-08-03 17:45:11.603 | warning  |           Metal | Unable to set process priority to 0, error code: -1 (thread_pool.cpp:106)
2026-08-03 17:45:11.604 | warning  |           Metal | Unable to set process priority to 0, error code: -1 (thread_pool.cpp:106)
2026-08-03 17:45:11.604 | warning  |           Metal | Unable to set process priority to 0, error code: -1 (thread_pool.cpp:106)
2026-08-03 17:45:11.605 | warning  |           Metal | Unable to set process priority to 0, error code: -1 (thread_pool.cpp:106)
2026-08-03 17:45:11.605 | warning  |           Metal | Unable to set process priority to 0, error code: -1 (thread_pool.cpp:106)
2026-08-03 17:45:11.606 | warning  |           Metal | Unable to set process priority to 0, error code: -1 (thread_pool.cpp:106)
2026-08-03 17:45:11.606 | warning  |           Metal | Unable to set process priority to 0, error code: -1 (thread_pool.cpp:106)
2026-08-03 17:45:11.607 | warning  |           Metal | Unable to set process priority to 0, error code: -1 (thread_pool.cpp:106)
2026-08-03 17:45:11.607 | info     |           Metal | Initializing Fabric (fabric_firmware_initializer.cpp:296)
2026-08-03 17:45:11.635 | info     |           Metal | Fabric initialized on Device 0 (device.cpp:431)
2026-08-03 17:45:11.636 | info     |           Metal | Fabric initialized on Device 1 (device.cpp:431)
2026-08-03 17:45:11.637 | info     |           Metal | Fabric initialized on Device 2 (device.cpp:431)
2026-08-03 17:45:11.637 | info     |           Metal | Fabric initialized on Device 3 (device.cpp:431)
2026-08-03 17:45:11.637 | info     |           Metal | Fabric initialized on 4 devices (fabric_firmware_initializer.cpp:444)
2026-08-03 17:45:11.637 | info     |           Metal | Fabric Initialized with config FabricConfig::FABRIC_1D_RING (fabric_firmware_initializer.cpp:313)
2026-08-03 17:45:11.686 | info     |           Metal | ShmResourceTracker: removed orphaned shm '/tt_device_154095680226368_memory' (shm_resource_tracker.cpp:282)
2026-08-03 17:45:11.686 | info     |           Metal | ShmResourceTracker: removed orphaned shm '/tt_device_154095680226369_memory' (shm_resource_tracker.cpp:282)
2026-08-03 17:45:11.686 | info     |           Metal | ShmResourceTracker: removed orphaned shm '/tt_device_154095680227712_memory' (shm_resource_tracker.cpp:282)
2026-08-03 17:45:11.686 | info     |           Metal | ShmResourceTracker: removed orphaned shm '/tt_device_154095680227713_memory' (shm_resource_tracker.cpp:282)
2026-08-03 17:45:12.265 | info     |           Metal | [Real-time profiler] Device 2 sync complete: 100 samples, frequency=1.349990 GHz, device_time_at_sync=118692311937 cycles (realtime_profiler_manager.cpp:1127)
2026-08-03 17:45:12.266 | info     |           Metal | [Real-time profiler] Device 0 sync complete: 100 samples, frequency=1.349996 GHz, device_time_at_sync=118262310068 cycles (realtime_profiler_manager.cpp:1127)
2026-08-03 17:45:12.266 | info     |           Metal | [Real-time profiler] Device 3 sync complete: 100 samples, frequency=1.349985 GHz, device_time_at_sync=118828924769 cycles (realtime_profiler_manager.cpp:1127)
2026-08-03 17:45:12.267 | info     |           Metal | [Real-time profiler] Device 1 sync complete: 100 samples, frequency=1.349994 GHz, device_time_at_sync=118395449184 cycles (realtime_profiler_manager.cpp:1127)
[transformers] Unrecognized keys in `rope_parameters` for 'rope_type'='default': {'sliding_attention', 'full_attention'}
Fetching 8 files:   0%|          | 0/8 [00:00<?, ?it/s]Fetching 8 files: 100%|██████████| 8/8 [00:00<00:00, 77136.63it/s]
2026-08-03 17:45:23.069 | info     |           Metal | Fabric config changed from FabricConfig::FABRIC_1D_RING to FabricConfig::FABRIC_1D_RING, reinitializing control plane (metal_env.cpp:322)
2026-08-03 17:45:23.069 | info     |     Distributed | Using auto discovery to generate mesh graph. (metal_env.cpp:408)
2026-08-03 17:45:23.069 | info     |     Distributed | Constructing control plane using auto-discovery (no mesh graph descriptor). (metal_env.cpp:470)
2026-08-03 17:45:23.069 | warning  |          Always | Unknown motherboard 'B850M-C' for chip_id=0 (bus_id=0x1) — falling back to bus_id as tray_id. Add this motherboard and its bus IDs to mobo_to_bus_ids in physical_system_discovery.cpp. (physical_system_discovery.cpp:89)
2026-08-03 17:45:23.069 | warning  |          Always | Unknown motherboard 'B850M-C' for chip_id=1 (bus_id=0x2) — falling back to bus_id as tray_id. Add this motherboard and its bus IDs to mobo_to_bus_ids in physical_system_discovery.cpp. (physical_system_discovery.cpp:89)
2026-08-03 17:45:23.069 | warning  |          Always | Unknown motherboard 'B850M-C' for chip_id=2 (bus_id=0x3) — falling back to bus_id as tray_id. Add this motherboard and its bus IDs to mobo_to_bus_ids in physical_system_discovery.cpp. (physical_system_discovery.cpp:89)
2026-08-03 17:45:23.069 | warning  |          Always | Unknown motherboard 'B850M-C' for chip_id=3 (bus_id=0x4) — falling back to bus_id as tray_id. Add this motherboard and its bus IDs to mobo_to_bus_ids in physical_system_discovery.cpp. (physical_system_discovery.cpp:89)
2026-08-03 17:45:23.069 | warning  |          Always | Unknown motherboard 'B850M-C' for chip_id=1 (bus_id=0x2) — falling back to bus_id as tray_id. Add this motherboard and its bus IDs to mobo_to_bus_ids in physical_system_discovery.cpp. (physical_system_discovery.cpp:89)
2026-08-03 17:45:23.069 | warning  |          Always | Unknown motherboard 'B850M-C' for chip_id=0 (bus_id=0x1) — falling back to bus_id as tray_id. Add this motherboard and its bus IDs to mobo_to_bus_ids in physical_system_discovery.cpp. (physical_system_discovery.cpp:89)
2026-08-03 17:45:23.069 | warning  |          Always | Unknown motherboard 'B850M-C' for chip_id=2 (bus_id=0x3) — falling back to bus_id as tray_id. Add this motherboard and its bus IDs to mobo_to_bus_ids in physical_system_discovery.cpp. (physical_system_discovery.cpp:89)
2026-08-03 17:45:23.069 | warning  |          Always | Unknown motherboard 'B850M-C' for chip_id=3 (bus_id=0x4) — falling back to bus_id as tray_id. Add this motherboard and its bus IDs to mobo_to_bus_ids in physical_system_discovery.cpp. (physical_system_discovery.cpp:89)
2026-08-03 17:45:23.069 | info     |          Fabric | Logical multi-mesh adjacency: intermesh degree histogram {0:1}; intra-mesh degree histograms mesh0 {2:4} (topology_mapper_utils.cpp:2342)
2026-08-03 17:45:23.069 | info     |          Fabric | Physical multi-mesh adjacency: intermesh degree histogram {0:1}; intra-mesh degree histograms mesh0 {2:4} (topology_mapper_utils.cpp:2350)
2026-08-03 17:45:23.082 | info     |    BuildKernels | Using pre-compiled firmware from: /home/ttuser/.local/lib/model-bringup/tt-metal/tt_metal/pre-compiled/5822202293905037534/ (build_env_manager.cpp:347)
2026-08-03 17:45:23.083 | info     |    BuildKernels | Using pre-compiled firmware from: /home/ttuser/.local/lib/model-bringup/tt-metal/tt_metal/pre-compiled/5822202293905037534/ (build_env_manager.cpp:347)
2026-08-03 17:45:23.084 | info     |    BuildKernels | Using pre-compiled firmware from: /home/ttuser/.local/lib/model-bringup/tt-metal/tt_metal/pre-compiled/5822202293905037534/ (build_env_manager.cpp:347)
2026-08-03 17:45:23.085 | info     |    BuildKernels | Using pre-compiled firmware from: /home/ttuser/.local/lib/model-bringup/tt-metal/tt_metal/pre-compiled/5822202293905037534/ (build_env_manager.cpp:347)
2026-08-03 17:45:23.118 | warning  |           Metal | Unable to set process priority to 0, error code: -1 (thread_pool.cpp:106)
2026-08-03 17:45:23.118 | warning  |           Metal | Unable to set process priority to 0, error code: -1 (thread_pool.cpp:106)
2026-08-03 17:45:23.118 | warning  |           Metal | Unable to set process priority to 0, error code: -1 (thread_pool.cpp:106)
2026-08-03 17:45:23.119 | warning  |           Metal | Unable to set process priority to 0, error code: -1 (thread_pool.cpp:106)
2026-08-03 17:45:23.119 | warning  |           Metal | Unable to set process priority to 0, error code: -1 (thread_pool.cpp:106)
2026-08-03 17:45:23.120 | warning  |           Metal | Unable to set process priority to 0, error code: -1 (thread_pool.cpp:106)
2026-08-03 17:45:23.120 | warning  |           Metal | Unable to set process priority to 0, error code: -1 (thread_pool.cpp:106)
2026-08-03 17:45:23.121 | warning  |           Metal | Unable to set process priority to 0, error code: -1 (thread_pool.cpp:106)
2026-08-03 17:45:23.121 | info     |           Metal | Initializing Fabric (fabric_firmware_initializer.cpp:296)
2026-08-03 17:45:23.132 | info     |           Metal | Fabric initialized on Device 0 (device.cpp:431)
2026-08-03 17:45:23.132 | info     |           Metal | Fabric initialized on Device 1 (device.cpp:431)
2026-08-03 17:45:23.133 | info     |           Metal | Fabric initialized on Device 2 (device.cpp:431)
2026-08-03 17:45:23.134 | info     |           Metal | Fabric initialized on Device 3 (device.cpp:431)
2026-08-03 17:45:23.134 | info     |           Metal | Fabric initialized on 4 devices (fabric_firmware_initializer.cpp:444)
2026-08-03 17:45:23.134 | info     |           Metal | Fabric Initialized with config FabricConfig::FABRIC_1D_RING (fabric_firmware_initializer.cpp:313)
[transformers] Unrecognized keys in `rope_parameters` for 'rope_type'='default': {'sliding_attention', 'full_attention'}
Fetching 8 files:   0%|          | 0/8 [00:00<?, ?it/s]Fetching 8 files: 100%|██████████| 8/8 [00:00<00:00, 70344.72it/s]
PERF_RESULT {"layer": 4, "attention_type": "full_attention", "is_moe": true, "prefill_len": 4096, "decode_iters": 30, "before_multichip": {"prefill_ms": 101.748, "decode_ms_per_token": 0.8452}, "after_optimized": {"prefill_ms": 76.309, "decode_ms_per_token": 0.7774}, "decode_speedup": 1.0873, "prefill_speedup": 1.3334}
nanobind: leaked 1 instances!
 - leaked instance 0x732ee01c68c8 of type "ttnn._ttnn.tensor.CoreRangeSet"
nanobind: leaked 13 types!
 - leaked type "ttnn._ttnn.operations.matmul.MatmulMultiCoreReuseMultiCast1DProgramConfig"
 - leaked type "ttnn._ttnn.operations.matmul.MatmulInputs"
 - leaked type "ttnn._ttnn.operations.matmul.MatmulMultiCoreReuseMultiCastBatchedDRAMShardedProgramConfig"
 - leaked type "UnaryOpType"
 - leaked type "ttnn._ttnn.operations.matmul.MatmulMultiCoreReuseOptimizedProgramFactory"
 - leaked type "ttnn._ttnn.operations.matmul.MatmulParams"
 - leaked type "ttnn._ttnn.tensor.CoreRangeSet"
 - leaked type "ttnn._ttnn.operations.matmul.MatmulMultiCoreReuseProgramConfig"
 - leaked type "ttnn._ttnn.operations.matmul.MatmulDeviceOperation"
 - leaked type "ttnn._ttnn.tensor.Tensor"
 - ... skipped remainder
nanobind: leaked 199 functions!
 - leaked function "subtract"
 - leaked function ""
 - leaked function "__init__"
 - leaked function ""
 - leaked function "merge"
 - leaked function "__repr__"
 - leaked function ""
 - leaked function "reshape"
 - leaked function ""
 - leaked function "volume"
 - ... skipped remainder
nanobind: this is likely caused by a reference counting issue in the binding code.
See https://nanobind.readthedocs.io/en/latest/refleaks.html2026-08-03 17:45:33.879 | info     |    BuildKernels | JIT cache stats: 569/569 hits (100.0%) [569 cached, 838 build-once dedup, 0 merged artifacts, 0 merged genfiles] (build_cache_telemetry.cpp:207)
2026-08-03 17:45:33.879 | info     |    BuildKernels | JIT telemetry: 3 registered TelemetryTokens (build_cache_telemetry.cpp:230)
2026-08-03 17:45:34.028 | info     |          Device | Closing user mode device drivers (tt_cluster.cpp:513)
2026-08-03 17:45:34.028 | info     |             UMD | Closing devices in cluster (cluster.cpp:1037)
2026-08-03 17:45:34.563 | info     |             UMD | Closing devices in cluster completed. (cluster.cpp:1046)
2026-08-03 17:45:34.563 | info     |             UMD | Cluster destructor started. (cluster.cpp:754)
2026-08-03 17:45:34.563 | info     |             UMD | Cluster destructor completed. (cluster.cpp:757)
