{
  "verdict": "pass",
  "chat_run_to_run": {
    "text_exact_match": true,
    "selected_tokens_match": true,
    "selected_token_match_by_position": [
      true,
      true,
      true
    ],
    "maximum_selected_logprob_absolute_delta": 0.0,
    "minimum_top10_token_overlap": 10,
    "maximum_common_logprob_absolute_delta": 0.0
  },
  "chat_cross_batch_position": [
    {
      "text_exact_match": true,
      "selected_tokens_match": true,
      "selected_token_match_by_position": [
        true,
        true,
        true
      ],
      "maximum_selected_logprob_absolute_delta": 0.0,
      "minimum_top10_token_overlap": 10,
      "maximum_common_logprob_absolute_delta": 0.0
    },
    {
      "text_exact_match": true,
      "selected_tokens_match": true,
      "selected_token_match_by_position": [
        true,
        true,
        true
      ],
      "maximum_selected_logprob_absolute_delta": 0.0,
      "minimum_top10_token_overlap": 10,
      "maximum_common_logprob_absolute_delta": 0.0
    },
    {
      "text_exact_match": true,
      "selected_tokens_match": true,
      "selected_token_match_by_position": [
        true,
        true,
        true
      ],
      "maximum_selected_logprob_absolute_delta": 0.0,
      "minimum_top10_token_overlap": 10,
      "maximum_common_logprob_absolute_delta": 0.0
    },
    {
      "text_exact_match": true,
      "selected_tokens_match": true,
      "selected_token_match_by_position": [
        true,
        true,
        true
      ],
      "maximum_selected_logprob_absolute_delta": 0.0,
      "minimum_top10_token_overlap": 10,
      "maximum_common_logprob_absolute_delta": 0.0
    },
    {
      "text_exact_match": true,
      "selected_tokens_match": true,
      "selected_token_match_by_position": [
        true,
        true,
        true
      ],
      "maximum_selected_logprob_absolute_delta": 0.0,
      "minimum_top10_token_overlap": 10,
      "maximum_common_logprob_absolute_delta": 0.0
    },
    {
      "text_exact_match": true,
      "selected_tokens_match": true,
      "selected_token_match_by_position": [
        true,
        true,
        true
      ],
      "maximum_selected_logprob_absolute_delta": 0.0,
      "minimum_top10_token_overlap": 10,
      "maximum_common_logprob_absolute_delta": 0.0
    },
    {
      "text_exact_match": true,
      "selected_tokens_match": true,
      "selected_token_match_by_position": [
        true,
        true,
        true
      ],
      "maximum_selected_logprob_absolute_delta": 0.0,
      "minimum_top10_token_overlap": 10,
      "maximum_common_logprob_absolute_delta": 0.0
    }
  ],
  "chat_graph_shape": [
    {
      "text_exact_match": true,
      "selected_tokens_match": true,
      "selected_token_match_by_position": [
        true,
        true,
        true
      ],
      "maximum_selected_logprob_absolute_delta": 2.3841835172788706e-07,
      "minimum_top10_token_overlap": 9,
      "maximum_common_logprob_absolute_delta": 0.5624990463256836
    },
    {
      "text_exact_match": true,
      "selected_tokens_match": true,
      "selected_token_match_by_position": [
        true,
        true,
        true
      ],
      "maximum_selected_logprob_absolute_delta": 2.3841835172788706e-07,
      "minimum_top10_token_overlap": 9,
      "maximum_common_logprob_absolute_delta": 0.5624990463256836
    },
    {
      "text_exact_match": true,
      "selected_tokens_match": true,
      "selected_token_match_by_position": [
        true,
        true,
        true
      ],
      "maximum_selected_logprob_absolute_delta": 2.3841835172788706e-07,
      "minimum_top10_token_overlap": 9,
      "maximum_common_logprob_absolute_delta": 0.5624990463256836
    },
    {
      "text_exact_match": true,
      "selected_tokens_match": true,
      "selected_token_match_by_position": [
        true,
        true,
        true
      ],
      "maximum_selected_logprob_absolute_delta": 2.3841835172788706e-07,
      "minimum_top10_token_overlap": 9,
      "maximum_common_logprob_absolute_delta": 0.5624990463256836
    },
    {
      "text_exact_match": true,
      "selected_tokens_match": true,
      "selected_token_match_by_position": [
        true,
        true,
        true
      ],
      "maximum_selected_logprob_absolute_delta": 2.3841835172788706e-07,
      "minimum_top10_token_overlap": 9,
      "maximum_common_logprob_absolute_delta": 0.5624990463256836
    },
    {
      "text_exact_match": true,
      "selected_tokens_match": true,
      "selected_token_match_by_position": [
        true,
        true,
        true
      ],
      "maximum_selected_logprob_absolute_delta": 2.3841835172788706e-07,
      "minimum_top10_token_overlap": 9,
      "maximum_common_logprob_absolute_delta": 0.5624990463256836
    },
    {
      "text_exact_match": true,
      "selected_tokens_match": true,
      "selected_token_match_by_position": [
        true,
        true,
        true
      ],
      "maximum_selected_logprob_absolute_delta": 2.3841835172788706e-07,
      "minimum_top10_token_overlap": 9,
      "maximum_common_logprob_absolute_delta": 0.5624990463256836
    },
    {
      "text_exact_match": true,
      "selected_tokens_match": true,
      "selected_token_match_by_position": [
        true,
        true,
        true
      ],
      "maximum_selected_logprob_absolute_delta": 2.3841835172788706e-07,
      "minimum_top10_token_overlap": 9,
      "maximum_common_logprob_absolute_delta": 0.5624990463256836
    }
  ],
  "direct_run_to_run": [
    {
      "text_exact_match": true,
      "selected_tokens_match": true,
      "selected_token_match_by_position": [
        true,
        true
      ],
      "maximum_selected_logprob_absolute_delta": 0.0,
      "minimum_top10_token_overlap": 10,
      "maximum_common_logprob_absolute_delta": 0.0
    },
    {
      "text_exact_match": true,
      "selected_tokens_match": true,
      "selected_token_match_by_position": [
        true,
        true
      ],
      "maximum_selected_logprob_absolute_delta": 0.0,
      "minimum_top10_token_overlap": 10,
      "maximum_common_logprob_absolute_delta": 0.0
    },
    {
      "text_exact_match": true,
      "selected_tokens_match": true,
      "selected_token_match_by_position": [
        true,
        true
      ],
      "maximum_selected_logprob_absolute_delta": 0.0,
      "minimum_top10_token_overlap": 10,
      "maximum_common_logprob_absolute_delta": 0.0
    },
    {
      "text_exact_match": true,
      "selected_tokens_match": true,
      "selected_token_match_by_position": [
        true,
        true
      ],
      "maximum_selected_logprob_absolute_delta": 0.0,
      "minimum_top10_token_overlap": 10,
      "maximum_common_logprob_absolute_delta": 0.0
    }
  ],
  "direct_standalone": [
    {
      "text_exact_match": false,
      "selected_tokens_match": true,
      "selected_token_match_by_position": [
        true,
        true
      ],
      "maximum_selected_logprob_absolute_delta": 0.0,
      "minimum_top10_token_overlap": 10,
      "maximum_common_logprob_absolute_delta": 0.0
    },
    {
      "text_exact_match": false,
      "selected_tokens_match": true,
      "selected_token_match_by_position": [
        true,
        true
      ],
      "maximum_selected_logprob_absolute_delta": 0.0,
      "minimum_top10_token_overlap": 10,
      "maximum_common_logprob_absolute_delta": 0.0
    },
    {
      "text_exact_match": false,
      "selected_tokens_match": true,
      "selected_token_match_by_position": [
        true,
        true
      ],
      "maximum_selected_logprob_absolute_delta": 0.0,
      "minimum_top10_token_overlap": 10,
      "maximum_common_logprob_absolute_delta": 0.0
    },
    {
      "text_exact_match": false,
      "selected_tokens_match": true,
      "selected_token_match_by_position": [
        true,
        true
      ],
      "maximum_selected_logprob_absolute_delta": 0.0,
      "minimum_top10_token_overlap": 10,
      "maximum_common_logprob_absolute_delta": 0.0
    }
  ],
  "direct_cross_batch_position": {
    "0": [
      {
        "text_exact_match": true,
        "selected_tokens_match": true,
        "selected_token_match_by_position": [
          true,
          true
        ],
        "maximum_selected_logprob_absolute_delta": 0.0,
        "minimum_top10_token_overlap": 10,
        "maximum_common_logprob_absolute_delta": 0.0
      }
    ],
    "1": [
      {
        "text_exact_match": true,
        "selected_tokens_match": true,
        "selected_token_match_by_position": [
          true,
          true
        ],
        "maximum_selected_logprob_absolute_delta": 0.0,
        "minimum_top10_token_overlap": 10,
        "maximum_common_logprob_absolute_delta": 0.0
      }
    ],
    "2": [
      {
        "text_exact_match": true,
        "selected_tokens_match": true,
        "selected_token_match_by_position": [
          true,
          true
        ],
        "maximum_selected_logprob_absolute_delta": 0.0,
        "minimum_top10_token_overlap": 10,
        "maximum_common_logprob_absolute_delta": 0.0
      }
    ],
    "3": [
      {
        "text_exact_match": true,
        "selected_tokens_match": true,
        "selected_token_match_by_position": [
          true,
          true
        ],
        "maximum_selected_logprob_absolute_delta": 0.0,
        "minimum_top10_token_overlap": 10,
        "maximum_common_logprob_absolute_delta": 0.0
      }
    ]
  },
  "direct_graph_shape": [
    {
      "text_exact_match": true,
      "selected_tokens_match": true,
      "selected_token_match_by_position": [
        true,
        true
      ],
      "maximum_selected_logprob_absolute_delta": 0.35811924934387207,
      "minimum_top10_token_overlap": 8,
      "maximum_common_logprob_absolute_delta": 1.358119249343872
    },
    {
      "text_exact_match": true,
      "selected_tokens_match": true,
      "selected_token_match_by_position": [
        true,
        true
      ],
      "maximum_selected_logprob_absolute_delta": 0.03281413018703461,
      "minimum_top10_token_overlap": 9,
      "maximum_common_logprob_absolute_delta": 0.6717753410339355
    },
    {
      "text_exact_match": true,
      "selected_tokens_match": true,
      "selected_token_match_by_position": [
        true,
        true
      ],
      "maximum_selected_logprob_absolute_delta": 0.19794705510139465,
      "minimum_top10_token_overlap": 9,
      "maximum_common_logprob_absolute_delta": 0.9270529747009277
    },
    {
      "text_exact_match": true,
      "selected_tokens_match": true,
      "selected_token_match_by_position": [
        true,
        true
      ],
      "maximum_selected_logprob_absolute_delta": 0.022529304027557373,
      "minimum_top10_token_overlap": 6,
      "maximum_common_logprob_absolute_delta": 0.35247063636779785
    },
    {
      "text_exact_match": true,
      "selected_tokens_match": true,
      "selected_token_match_by_position": [
        true,
        true
      ],
      "maximum_selected_logprob_absolute_delta": 0.35811924934387207,
      "minimum_top10_token_overlap": 8,
      "maximum_common_logprob_absolute_delta": 1.358119249343872
    },
    {
      "text_exact_match": true,
      "selected_tokens_match": true,
      "selected_token_match_by_position": [
        true,
        true
      ],
      "maximum_selected_logprob_absolute_delta": 0.03281413018703461,
      "minimum_top10_token_overlap": 9,
      "maximum_common_logprob_absolute_delta": 0.6717753410339355
    },
    {
      "text_exact_match": true,
      "selected_tokens_match": true,
      "selected_token_match_by_position": [
        true,
        true
      ],
      "maximum_selected_logprob_absolute_delta": 0.19794705510139465,
      "minimum_top10_token_overlap": 9,
      "maximum_common_logprob_absolute_delta": 0.9270529747009277
    },
    {
      "text_exact_match": true,
      "selected_tokens_match": true,
      "selected_token_match_by_position": [
        true,
        true
      ],
      "maximum_selected_logprob_absolute_delta": 0.022529304027557373,
      "minimum_top10_token_overlap": 6,
      "maximum_common_logprob_absolute_delta": 0.35247063636779785
    }
  ],
  "direct_concurrent_standalone": [
    {
      "text_exact_match": false,
      "selected_tokens_match": true,
      "selected_token_match_by_position": [
        true,
        true
      ],
      "maximum_selected_logprob_absolute_delta": 0.35811924934387207,
      "minimum_top10_token_overlap": 8,
      "maximum_common_logprob_absolute_delta": 1.358119249343872
    },
    {
      "text_exact_match": false,
      "selected_tokens_match": true,
      "selected_token_match_by_position": [
        true,
        true
      ],
      "maximum_selected_logprob_absolute_delta": 0.03281413018703461,
      "minimum_top10_token_overlap": 9,
      "maximum_common_logprob_absolute_delta": 0.6717753410339355
    },
    {
      "text_exact_match": false,
      "selected_tokens_match": true,
      "selected_token_match_by_position": [
        true,
        true
      ],
      "maximum_selected_logprob_absolute_delta": 0.19794705510139465,
      "minimum_top10_token_overlap": 9,
      "maximum_common_logprob_absolute_delta": 0.9270529747009277
    },
    {
      "text_exact_match": false,
      "selected_tokens_match": true,
      "selected_token_match_by_position": [
        true,
        true
      ],
      "maximum_selected_logprob_absolute_delta": 0.022529304027557373,
      "minimum_top10_token_overlap": 6,
      "maximum_common_logprob_absolute_delta": 0.35247063636779785
    },
    {
      "text_exact_match": false,
      "selected_tokens_match": true,
      "selected_token_match_by_position": [
        true,
        true
      ],
      "maximum_selected_logprob_absolute_delta": 0.35811924934387207,
      "minimum_top10_token_overlap": 8,
      "maximum_common_logprob_absolute_delta": 1.358119249343872
    },
    {
      "text_exact_match": false,
      "selected_tokens_match": true,
      "selected_token_match_by_position": [
        true,
        true
      ],
      "maximum_selected_logprob_absolute_delta": 0.03281413018703461,
      "minimum_top10_token_overlap": 9,
      "maximum_common_logprob_absolute_delta": 0.6717753410339355
    },
    {
      "text_exact_match": false,
      "selected_tokens_match": true,
      "selected_token_match_by_position": [
        true,
        true
      ],
      "maximum_selected_logprob_absolute_delta": 0.19794705510139465,
      "minimum_top10_token_overlap": 9,
      "maximum_common_logprob_absolute_delta": 0.9270529747009277
    },
    {
      "text_exact_match": false,
      "selected_tokens_match": true,
      "selected_token_match_by_position": [
        true,
        true
      ],
      "maximum_selected_logprob_absolute_delta": 0.022529304027557373,
      "minimum_top10_token_overlap": 6,
      "maximum_common_logprob_absolute_delta": 0.35247063636779785
    }
  ]
}
