2026-07-17 16:03:16.319 | DEBUG    | ttnn:<module>:79 - Initial ttnn.CONFIG:
Config{cache_path=/home/ttuser/.cache/ttnn,model_cache_path=/home/ttuser/.cache/ttnn/models,tmp_dir=/tmp/ttnn,enable_model_cache=false,enable_fast_runtime_mode=true,throw_exception_on_fallback=false,enable_logging=false,enable_graph_report=false,enable_graph_python_stack_traces=false,enable_detailed_buffer_report=false,enable_detailed_tensor_report=false,enable_comparison_mode=false,comparison_mode_should_raise_exception=false,comparison_mode_pcc=0.9999,root_report_path=generated/ttnn/reports,report_name=std::nullopt,std::nullopt}
2026-07-17 16:03:16.501 | info     |          Device | Opening user mode device driver (tt_cluster.cpp:228)
2026-07-17 16:03:16.501 | info     |             UMD | Cluster constructor started. (cluster.cpp:348)
2026-07-17 16:03:16.501 | info     |             UMD | Creating TopologyDiscovery for architecture: blackhole (topology_discovery.cpp:91)
2026-07-17 16:03:16.501 | info     |             UMD | Starting topology discovery. (topology_discovery.cpp:110)
2026-07-17 16:03:16.504 | info     |             UMD | Established firmware bundle version: 19.11.0 (topology_discovery.cpp:569)
2026-07-17 16:03:16.504 | info     |             UMD | Firmware bundle version 19.11.0 on the system is newer than the latest fully tested version 19.5.0 for blackhole architecture. Newest features may not be supported. (topology_discovery.cpp:601)
2026-07-17 16:03:16.514 | info     |             UMD | Completed topology discovery. (topology_discovery.cpp:114)
2026-07-17 16:03:16.821 | info     |             UMD | Opening local chip ids/PCIe ids: {0, 1, 2, 3}/[0, 1, 2, 3] and remote chip ids {} (cluster.cpp:168)
2026-07-17 16:03:16.821 | info     |             UMD | IOMMU: enabled (cluster.cpp:142)
2026-07-17 16:03:16.821 | info     |             UMD | KMD version: 2.9.0 (cluster.cpp:145)
2026-07-17 16:03:16.821 | info     |             UMD | Cluster constructor completed. (cluster.cpp:520)
2026-07-17 16:03:16.823 | info     |             UMD | Starting devices in cluster (cluster.cpp:1024)
2026-07-17 16:03:17.078 | info     |             UMD | Starting devices in cluster completed. (cluster.cpp:1032)
2026-07-17 16:03:17.213 | info     |     Distributed | Using auto discovery to generate mesh graph. (metal_env.cpp:367)
2026-07-17 16:03:17.213 | info     |     Distributed | Constructing control plane using auto-discovery (no mesh graph descriptor). (metal_env.cpp:429)
2026-07-17 16:03:17.213 | warning  |          Always | Unknown motherboard 'B850M-C' for chip_id=0 (bus_id=0x1) — falling back to bus_id as tray_id. Add this motherboard and its bus IDs to mobo_to_bus_ids in physical_system_discovery.cpp. (physical_system_discovery.cpp:89)
2026-07-17 16:03:17.213 | warning  |          Always | Unknown motherboard 'B850M-C' for chip_id=1 (bus_id=0x2) — falling back to bus_id as tray_id. Add this motherboard and its bus IDs to mobo_to_bus_ids in physical_system_discovery.cpp. (physical_system_discovery.cpp:89)
2026-07-17 16:03:17.213 | warning  |          Always | Unknown motherboard 'B850M-C' for chip_id=2 (bus_id=0x3) — falling back to bus_id as tray_id. Add this motherboard and its bus IDs to mobo_to_bus_ids in physical_system_discovery.cpp. (physical_system_discovery.cpp:89)
2026-07-17 16:03:17.213 | warning  |          Always | Unknown motherboard 'B850M-C' for chip_id=3 (bus_id=0x4) — falling back to bus_id as tray_id. Add this motherboard and its bus IDs to mobo_to_bus_ids in physical_system_discovery.cpp. (physical_system_discovery.cpp:89)
2026-07-17 16:03:17.213 | warning  |          Always | Unknown motherboard 'B850M-C' for chip_id=1 (bus_id=0x2) — falling back to bus_id as tray_id. Add this motherboard and its bus IDs to mobo_to_bus_ids in physical_system_discovery.cpp. (physical_system_discovery.cpp:89)
2026-07-17 16:03:17.213 | warning  |          Always | Unknown motherboard 'B850M-C' for chip_id=0 (bus_id=0x1) — falling back to bus_id as tray_id. Add this motherboard and its bus IDs to mobo_to_bus_ids in physical_system_discovery.cpp. (physical_system_discovery.cpp:89)
2026-07-17 16:03:17.213 | warning  |          Always | Unknown motherboard 'B850M-C' for chip_id=2 (bus_id=0x3) — falling back to bus_id as tray_id. Add this motherboard and its bus IDs to mobo_to_bus_ids in physical_system_discovery.cpp. (physical_system_discovery.cpp:89)
2026-07-17 16:03:17.213 | warning  |          Always | Unknown motherboard 'B850M-C' for chip_id=3 (bus_id=0x4) — falling back to bus_id as tray_id. Add this motherboard and its bus IDs to mobo_to_bus_ids in physical_system_discovery.cpp. (physical_system_discovery.cpp:89)
2026-07-17 16:03:17.214 | info     |          Fabric | Logical multi-mesh adjacency: intermesh degree histogram {0:1}; intra-mesh degree histograms mesh0 {2:4} (topology_mapper_utils.cpp:2342)
2026-07-17 16:03:17.214 | info     |          Fabric | Physical multi-mesh adjacency: intermesh degree histogram {0:1}; intra-mesh degree histograms mesh0 {2:4} (topology_mapper_utils.cpp:2350)
2026-07-17 16:03:17.214 | DEBUG    | ttnn.device:__init__:152 - Using default dispatch core type for this system: DispatchCoreType.WORKER
2026-07-17 16:03:17.214 | DEBUG    | ttnn.device:__init__:154 - Using default dispatch core axis for this system: DispatchCoreAxis.COL
2026-07-17 16:03:17.220 | info     |    BuildKernels | Using pre-compiled firmware from: /home/ttuser/dev/tt-metal/tt_metal/pre-compiled/13793420398762238087/ (build_env_manager.cpp:347)
2026-07-17 16:03:17.220 | info     |    BuildKernels | Using pre-compiled firmware from: /home/ttuser/dev/tt-metal/tt_metal/pre-compiled/13793420398762238087/ (build_env_manager.cpp:347)
2026-07-17 16:03:17.220 | info     |    BuildKernels | Using pre-compiled firmware from: /home/ttuser/dev/tt-metal/tt_metal/pre-compiled/13793420398762238087/ (build_env_manager.cpp:347)
2026-07-17 16:03:17.220 | info     |    BuildKernels | Using pre-compiled firmware from: /home/ttuser/dev/tt-metal/tt_metal/pre-compiled/13793420398762238087/ (build_env_manager.cpp:347)
2026-07-17 16:03:17.260 | info     |           Metal | Initializing Fabric (fabric_firmware_initializer.cpp:288)
2026-07-17 16:03:17.283 | info     |           Metal | Fabric initialized on Device 0 (device.cpp:429)
2026-07-17 16:03:17.288 | info     |           Metal | Fabric initialized on Device 1 (device.cpp:429)
2026-07-17 16:03:17.289 | info     |           Metal | Fabric initialized on Device 2 (device.cpp:429)
2026-07-17 16:03:17.291 | info     |           Metal | Fabric initialized on Device 3 (device.cpp:429)
2026-07-17 16:03:17.291 | info     |           Metal | Fabric initialized on 4 devices (fabric_firmware_initializer.cpp:435)
2026-07-17 16:03:17.291 | info     |           Metal | Fabric Initialized with config FabricConfig::FABRIC_1D_RING (fabric_firmware_initializer.cpp:305)
2026-07-17 16:03:17.340 | info     |           Metal | ShmResourceTracker: removed orphaned shm '/tt_device_154095680226368_memory' (shm_resource_tracker.cpp:282)
2026-07-17 16:03:17.340 | info     |           Metal | ShmResourceTracker: removed orphaned shm '/tt_device_154095680226369_memory' (shm_resource_tracker.cpp:282)
2026-07-17 16:03:17.340 | info     |           Metal | ShmResourceTracker: removed orphaned shm '/tt_device_154095680227712_memory' (shm_resource_tracker.cpp:282)
2026-07-17 16:03:17.340 | info     |           Metal | ShmResourceTracker: removed orphaned shm '/tt_device_154095680227713_memory' (shm_resource_tracker.cpp:282)
2026-07-17 16:03:17.924 | info     |           Metal | [Real-time profiler] Device 1 sync complete: 100 samples, frequency=1.349988 GHz, device_time_at_sync=1851064256333 cycles (realtime_profiler_manager.cpp:1127)
2026-07-17 16:03:17.925 | info     |           Metal | [Real-time profiler] Device 3 sync complete: 100 samples, frequency=1.349999 GHz, device_time_at_sync=1870255906244 cycles (realtime_profiler_manager.cpp:1127)
2026-07-17 16:03:17.927 | info     |           Metal | [Real-time profiler] Device 2 sync complete: 100 samples, frequency=1.349985 GHz, device_time_at_sync=1861578718514 cycles (realtime_profiler_manager.cpp:1127)
2026-07-17 16:03:17.930 | info     |           Metal | [Real-time profiler] Device 0 sync complete: 100 samples, frequency=1.349992 GHz, device_time_at_sync=1843781388328 cycles (realtime_profiler_manager.cpp:1127)
2026-07-17 16:03:17.985 | warning  |              Op | MatmulDeviceOperation::create_output_tensors: program_config.allowed_worker_cores not populated on a MatmulProgramConfig variant that supports the field. Auto-populating from compute_with_storage_grid_size. Callers that bypass ttnn::prim::matmul() should invoke ttnn::operations::matmul::normalize_program_config() on the program config first. This will become a hard error in a future release. (matmul_device_operation.cpp:525)
2026-07-17 16:03:17.985 | warning  |              Op | MatmulDeviceOperation::compute_output_specs: program_config.allowed_worker_cores not populated on a MatmulProgramConfig variant that supports the field. Auto-populating from compute_with_storage_grid_size. Callers that bypass ttnn::prim::matmul() should invoke ttnn::operations::matmul::normalize_program_config() on the program config first. This will become a hard error in a future release. (matmul_device_operation.cpp:525)
2026-07-17 16:03:17.985 | critical |          Always | TT_FATAL: AllGatherMatmulAsync requires dim=3 for the AllGather operations. (assert.hpp:104)
[AG+QKV] FUSED blocked: RuntimeError('TT_FATAL @ /home/ttuser/dev/tt-metal/ttnn/cpp/ttnn/operations/experimental/ccl/all_gather_matmul_async/device/all_gather_matmul_async_device_operation.cpp:49: operation_attributes.all_gather_async_attributes.dim == 3\ninfo:\nAllGatherMatmulAsync requires dim=3 for the AllGather operations.\nbacktrace:\n --- /home/ttuser/dev/tt-metal/ttnn/ttnn/_ttnn.so(+0x3c4ef2) [0x7a06b01c4ef2]\n --- ttnn::experimental::prim::AllGatherMatmulAsyncDeviceOperation::validate_on_program_cache_miss(ttnn

[WO+RS] separate (same harness): 38.66 us/rep  (0.4639 ms x12)
2026-07-17 16:03:18.051 | warning  |              Op | MatmulDeviceOperation::create_output_tensors: program_config.allowed_worker_cores not populated on a MatmulProgramConfig variant that supports the field. Auto-populating from compute_with_storage_grid_size. Callers that bypass ttnn::prim::matmul() should invoke ttnn::operations::matmul::normalize_program_config() on the program config first. This will become a hard error in a future release. (matmul_device_operation.cpp:525)
2026-07-17 16:03:18.051 | warning  |              Op | MatmulDeviceOperation::compute_output_specs: program_config.allowed_worker_cores not populated on a MatmulProgramConfig variant that supports the field. Auto-populating from compute_with_storage_grid_size. Callers that bypass ttnn::prim::matmul() should invoke ttnn::operations::matmul::normalize_program_config() on the program config first. This will become a hard error in a future release. (matmul_device_operation.cpp:525)
2026-07-17 16:03:18.051 | warning  |              Op | MatmulDeviceOperation::validate_on_program_cache_miss: program_config.allowed_worker_cores not populated on a MatmulProgramConfig variant that supports the field. Auto-populating from compute_with_storage_grid_size. Callers that bypass ttnn::prim::matmul() should invoke ttnn::operations::matmul::normalize_program_config() on the program config first. This will become a hard error in a future release. (matmul_device_operation.cpp:525)
2026-07-17 16:03:18.051 | warning  |              Op | MatmulDeviceOperation::compute_output_specs: program_config.allowed_worker_cores not populated on a MatmulProgramConfig variant that supports the field. Auto-populating from compute_with_storage_grid_size. Callers that bypass ttnn::prim::matmul() should invoke ttnn::operations::matmul::normalize_program_config() on the program config first. This will become a hard error in a future release. (matmul_device_operation.cpp:525)
2026-07-17 16:03:18.051 | critical |          Always | TT_FATAL: MatmulReduceScatterAsync requires dim=3 for the ReduceScatter operations. (assert.hpp:104)
[WO+RS] FUSED blocked: RuntimeError('TT_FATAL @ /home/ttuser/dev/tt-metal/ttnn/cpp/ttnn/operations/experimental/ccl/matmul_reduce_scatter_async/device/matmul_reduce_scatter_async_device_operation.cpp:35: args.reduce_scatter_params.dim == 3\ninfo:\nMatmulReduceScatterAsync requires dim=3 for the ReduceScatter operations.\nbacktrace:\n --- /home/ttuser/dev/tt-metal/ttnn/ttnn/_ttnn.so(+0x3c4ef2) [0x7a06b01c4ef2]\n --- ttnn::experimental::prim::MatmulReduceScatterAsyncDeviceOperation::validate_on_program_cache_miss(ttnn::

nanobind: leaked 2 instances!
 - leaked instance 0x7a06948c94e8 of type "ttnn._ttnn.tensor.CoreRangeSet"
 - leaked instance 0x7a06949ce6b8 of type "ttnn._ttnn.device.DispatchCoreConfig"
nanobind: leaked 42 types!
 - leaked type "DispatchCoreAxis"
 - leaked type "ttnn._ttnn.device.SubDeviceManagerId"
 - leaked type "MathFidelity"
 - leaked type "ttnn._ttnn.operations.matmul.MatmulMultiCoreReuseMultiCast1DProgramConfig"
 - leaked type "ttnn._ttnn.types.Shape"
 - leaked type "ttnn._ttnn.operations.matmul.MatmulInputs"
 - leaked type "ttnn._ttnn.operations.matmul.MatmulMultiCoreReuseMultiCastBatchedDRAMShardedProgramConfig"
 - leaked type "BufferType"
 - leaked type "UnaryOpType"
 - leaked type "Layout"
 - ... skipped remainder
nanobind: leaked 341 functions!
 - leaked function "__iter__"
 - leaked function "sharded"
 - leaked function "__ne__"
 - leaked function "EnableMemoryReports"
 - leaked function "__init__"
 - leaked function "RegisterProgramRealtimeProfilerCallback"
 - leaked function ""
 - leaked function ""
 - leaked function "dims"
 - leaked function ""
 - ... skipped remainder
nanobind: this is likely caused by a reference counting issue in the binding code.
See https://nanobind.readthedocs.io/en/latest/refleaks.html2026-07-17 16:03:18.697 | info     |    BuildKernels | JIT cache stats: 61/61 hits (100.0%) [61 cached, 24 build-once dedup, 0 merged artifacts, 0 merged genfiles] (build_cache_telemetry.cpp:207)
2026-07-17 16:03:18.697 | info     |    BuildKernels | JIT telemetry: 3 registered TelemetryTokens (build_cache_telemetry.cpp:230)
2026-07-17 16:03:18.710 | info     |          Device | Closing user mode device drivers (tt_cluster.cpp:512)
2026-07-17 16:03:18.710 | info     |             UMD | Closing devices in cluster (cluster.cpp:1037)
2026-07-17 16:03:19.216 | info     |             UMD | Closing devices in cluster completed. (cluster.cpp:1046)
2026-07-17 16:03:19.216 | info     |             UMD | Cluster destructor started. (cluster.cpp:754)
2026-07-17 16:03:19.216 | info     |             UMD | Cluster destructor completed. (cluster.cpp:757)
