2026-07-17 15:39:23.672 | DEBUG    | ttnn:<module>:79 - Initial ttnn.CONFIG:
Config{cache_path=/home/ttuser/.cache/ttnn,model_cache_path=/home/ttuser/.cache/ttnn/models,tmp_dir=/tmp/ttnn,enable_model_cache=false,enable_fast_runtime_mode=true,throw_exception_on_fallback=false,enable_logging=false,enable_graph_report=false,enable_graph_python_stack_traces=false,enable_detailed_buffer_report=false,enable_detailed_tensor_report=false,enable_comparison_mode=false,comparison_mode_should_raise_exception=false,comparison_mode_pcc=0.9999,root_report_path=generated/ttnn/reports,report_name=std::nullopt,std::nullopt}
2026-07-17 15:39:26.183 | info     |          Device | Opening user mode device driver (tt_cluster.cpp:228)
2026-07-17 15:39:26.183 | info     |             UMD | Cluster constructor started. (cluster.cpp:348)
2026-07-17 15:39:26.183 | info     |             UMD | Creating TopologyDiscovery for architecture: blackhole (topology_discovery.cpp:91)
2026-07-17 15:39:26.183 | info     |             UMD | Starting topology discovery. (topology_discovery.cpp:110)
2026-07-17 15:39:26.186 | info     |             UMD | Established firmware bundle version: 19.11.0 (topology_discovery.cpp:569)
2026-07-17 15:39:26.186 | info     |             UMD | Firmware bundle version 19.11.0 on the system is newer than the latest fully tested version 19.5.0 for blackhole architecture. Newest features may not be supported. (topology_discovery.cpp:601)
2026-07-17 15:39:26.197 | info     |             UMD | Completed topology discovery. (topology_discovery.cpp:114)
2026-07-17 15:39:26.507 | info     |             UMD | Opening local chip ids/PCIe ids: {0, 1, 2, 3}/[0, 1, 2, 3] and remote chip ids {} (cluster.cpp:168)
2026-07-17 15:39:26.507 | info     |             UMD | IOMMU: enabled (cluster.cpp:142)
2026-07-17 15:39:26.507 | info     |             UMD | KMD version: 2.9.0 (cluster.cpp:145)
2026-07-17 15:39:26.507 | info     |             UMD | Cluster constructor completed. (cluster.cpp:520)
2026-07-17 15:39:26.509 | info     |             UMD | Starting devices in cluster (cluster.cpp:1024)
2026-07-17 15:39:26.709 | info     |             UMD | Starting devices in cluster completed. (cluster.cpp:1032)
2026-07-17 15:39:26.852 | info     |     Distributed | Using auto discovery to generate mesh graph. (metal_env.cpp:367)
2026-07-17 15:39:26.852 | info     |     Distributed | Constructing control plane using auto-discovery (no mesh graph descriptor). (metal_env.cpp:429)
2026-07-17 15:39:26.852 | warning  |          Always | Unknown motherboard 'B850M-C' for chip_id=0 (bus_id=0x1) — falling back to bus_id as tray_id. Add this motherboard and its bus IDs to mobo_to_bus_ids in physical_system_discovery.cpp. (physical_system_discovery.cpp:89)
2026-07-17 15:39:26.852 | warning  |          Always | Unknown motherboard 'B850M-C' for chip_id=1 (bus_id=0x2) — falling back to bus_id as tray_id. Add this motherboard and its bus IDs to mobo_to_bus_ids in physical_system_discovery.cpp. (physical_system_discovery.cpp:89)
2026-07-17 15:39:26.852 | warning  |          Always | Unknown motherboard 'B850M-C' for chip_id=2 (bus_id=0x3) — falling back to bus_id as tray_id. Add this motherboard and its bus IDs to mobo_to_bus_ids in physical_system_discovery.cpp. (physical_system_discovery.cpp:89)
2026-07-17 15:39:26.852 | warning  |          Always | Unknown motherboard 'B850M-C' for chip_id=3 (bus_id=0x4) — falling back to bus_id as tray_id. Add this motherboard and its bus IDs to mobo_to_bus_ids in physical_system_discovery.cpp. (physical_system_discovery.cpp:89)
2026-07-17 15:39:26.852 | warning  |          Always | Unknown motherboard 'B850M-C' for chip_id=1 (bus_id=0x2) — falling back to bus_id as tray_id. Add this motherboard and its bus IDs to mobo_to_bus_ids in physical_system_discovery.cpp. (physical_system_discovery.cpp:89)
2026-07-17 15:39:26.852 | warning  |          Always | Unknown motherboard 'B850M-C' for chip_id=0 (bus_id=0x1) — falling back to bus_id as tray_id. Add this motherboard and its bus IDs to mobo_to_bus_ids in physical_system_discovery.cpp. (physical_system_discovery.cpp:89)
2026-07-17 15:39:26.852 | warning  |          Always | Unknown motherboard 'B850M-C' for chip_id=2 (bus_id=0x3) — falling back to bus_id as tray_id. Add this motherboard and its bus IDs to mobo_to_bus_ids in physical_system_discovery.cpp. (physical_system_discovery.cpp:89)
2026-07-17 15:39:26.852 | warning  |          Always | Unknown motherboard 'B850M-C' for chip_id=3 (bus_id=0x4) — falling back to bus_id as tray_id. Add this motherboard and its bus IDs to mobo_to_bus_ids in physical_system_discovery.cpp. (physical_system_discovery.cpp:89)
2026-07-17 15:39:26.853 | info     |          Fabric | Logical multi-mesh adjacency: intermesh degree histogram {0:1}; intra-mesh degree histograms mesh0 {2:4} (topology_mapper_utils.cpp:2342)
2026-07-17 15:39:26.853 | info     |          Fabric | Physical multi-mesh adjacency: intermesh degree histogram {0:1}; intra-mesh degree histograms mesh0 {2:4} (topology_mapper_utils.cpp:2350)
2026-07-17 15:39:26.853 | DEBUG    | ttnn.device:__init__:152 - Using default dispatch core type for this system: DispatchCoreType.WORKER
2026-07-17 15:39:26.854 | DEBUG    | ttnn.device:__init__:154 - Using default dispatch core axis for this system: DispatchCoreAxis.COL
2026-07-17 15:39:26.860 | info     |    BuildKernels | Using pre-compiled firmware from: /home/ttuser/dev/tt-metal/tt_metal/pre-compiled/13793420398762238087/ (build_env_manager.cpp:347)
2026-07-17 15:39:26.860 | info     |    BuildKernels | Using pre-compiled firmware from: /home/ttuser/dev/tt-metal/tt_metal/pre-compiled/13793420398762238087/ (build_env_manager.cpp:347)
2026-07-17 15:39:26.860 | info     |    BuildKernels | Using pre-compiled firmware from: /home/ttuser/dev/tt-metal/tt_metal/pre-compiled/13793420398762238087/ (build_env_manager.cpp:347)
2026-07-17 15:39:26.860 | info     |    BuildKernels | Using pre-compiled firmware from: /home/ttuser/dev/tt-metal/tt_metal/pre-compiled/13793420398762238087/ (build_env_manager.cpp:347)
2026-07-17 15:39:26.896 | info     |           Metal | Initializing Fabric (fabric_firmware_initializer.cpp:288)
2026-07-17 15:39:26.931 | info     |           Metal | Fabric initialized on Device 0 (device.cpp:429)
2026-07-17 15:39:26.932 | info     |           Metal | Fabric initialized on Device 1 (device.cpp:429)
2026-07-17 15:39:26.933 | info     |           Metal | Fabric initialized on Device 2 (device.cpp:429)
2026-07-17 15:39:26.934 | info     |           Metal | Fabric initialized on Device 3 (device.cpp:429)
2026-07-17 15:39:26.934 | info     |           Metal | Fabric initialized on 4 devices (fabric_firmware_initializer.cpp:435)
2026-07-17 15:39:26.934 | info     |           Metal | Fabric Initialized with config FabricConfig::FABRIC_1D_RING (fabric_firmware_initializer.cpp:305)
2026-07-17 15:39:26.986 | info     |           Metal | ShmResourceTracker: removed orphaned shm '/tt_device_154095680226368_memory' (shm_resource_tracker.cpp:282)
2026-07-17 15:39:26.986 | info     |           Metal | ShmResourceTracker: removed orphaned shm '/tt_device_154095680226369_memory' (shm_resource_tracker.cpp:282)
2026-07-17 15:39:26.986 | info     |           Metal | ShmResourceTracker: removed orphaned shm '/tt_device_154095680227712_memory' (shm_resource_tracker.cpp:282)
2026-07-17 15:39:26.986 | info     |           Metal | ShmResourceTracker: removed orphaned shm '/tt_device_154095680227713_memory' (shm_resource_tracker.cpp:282)
2026-07-17 15:39:27.571 | info     |           Metal | [Real-time profiler] Device 3 sync complete: 100 samples, frequency=1.349980 GHz, device_time_at_sync=1640555009884 cycles (realtime_profiler_manager.cpp:1127)
2026-07-17 15:39:27.571 | info     |           Metal | [Real-time profiler] Device 1 sync complete: 100 samples, frequency=1.349991 GHz, device_time_at_sync=1622891973639 cycles (realtime_profiler_manager.cpp:1127)
2026-07-17 15:39:27.576 | info     |           Metal | [Real-time profiler] Device 0 sync complete: 100 samples, frequency=1.349991 GHz, device_time_at_sync=1616282631726 cycles (realtime_profiler_manager.cpp:1127)
2026-07-17 15:39:27.576 | info     |           Metal | [Real-time profiler] Device 2 sync complete: 100 samples, frequency=1.349995 GHz, device_time_at_sync=1632473554602 cycles (realtime_profiler_manager.cpp:1127)
2026-07-17 15:39:27.905 | warning  |           Metal | Allocating device buffers is unsafe due to the existence of an active trace. These buffers may be corrupted once a trace is executed. (allocator.cpp:110)
[orig] ag=bf16,rs=bf16,norm_sharded=0,sdpa_approx=0,persist_ccl=0  decode_ms={'512': 2.5654, '128': 1.9572}  pcc={'512': {'vs_hf': 0.99834, 'vs_sc': 0.99927}, '64': {'vs_hf': 0.99823, 'vs_sc': 0.99938}}
[selected] ag=bf16,rs=bf16,norm_sharded=1,sdpa_approx=0,persist_ccl=1  decode_ms={'512': 2.3176, '128': 1.6786}  pcc={'512': {'vs_hf': 0.99824, 'vs_sc': 0.9993}, '64': {'vs_hf': 0.99744, 'vs_sc': 0.99916}}

==== SUMMARY ====
orig             {'512': 2.5654, '128': 1.9572}  pcc={'512': {'vs_hf': 0.99834, 'vs_sc': 0.99927}, '64': {'vs_hf': 0.99823, 'vs_sc': 0.99938}}
selected         {'512': 2.3176, '128': 1.6786}  pcc={'512': {'vs_hf': 0.99824, 'vs_sc': 0.9993}, '64': {'vs_hf': 0.99744, 'vs_sc': 0.99916}}
nanobind: leaked 1 instances!
 - leaked instance 0x7f240aa59c38 of type "ttnn._ttnn.tensor.CoreRangeSet"
nanobind: leaked 13 types!
 - leaked type "ttnn._ttnn.operations.matmul.MatmulMultiCoreReuseMultiCast1DProgramConfig"
 - leaked type "ttnn._ttnn.operations.matmul.MatmulInputs"
 - leaked type "ttnn._ttnn.operations.matmul.MatmulMultiCoreReuseMultiCastBatchedDRAMShardedProgramConfig"
 - leaked type "UnaryOpType"
 - leaked type "ttnn._ttnn.operations.matmul.MatmulMultiCoreReuseOptimizedProgramFactory"
 - leaked type "ttnn._ttnn.operations.matmul.MatmulParams"
 - leaked type "ttnn._ttnn.tensor.CoreRangeSet"
 - leaked type "ttnn._ttnn.operations.matmul.MatmulMultiCoreReuseProgramConfig"
 - leaked type "ttnn._ttnn.operations.matmul.MatmulDeviceOperation"
 - leaked type "ttnn._ttnn.tensor.Tensor"
 - ... skipped remainder
nanobind: leaked 199 functions!
 - leaked function "compute_program_hash"
 - leaked function ""
 - leaked function "__init__"
 - leaked function ""
 - leaked function ""
 - leaked function ""
 - leaked function "item"
 - leaked function "merge"
 - leaked function "to_json"
 - leaked function "contains"
 - ... skipped remainder
nanobind: this is likely caused by a reference counting issue in the binding code.
See https://nanobind.readthedocs.io/en/latest/refleaks.html2026-07-17 15:39:29.870 | info     |    BuildKernels | JIT cache stats: 347/347 hits (100.0%) [347 cached, 216 build-once dedup, 0 merged artifacts, 0 merged genfiles] (build_cache_telemetry.cpp:207)
2026-07-17 15:39:29.870 | info     |    BuildKernels | JIT telemetry: 3 registered TelemetryTokens (build_cache_telemetry.cpp:230)
2026-07-17 15:39:29.888 | info     |          Device | Closing user mode device drivers (tt_cluster.cpp:512)
2026-07-17 15:39:29.888 | info     |             UMD | Closing devices in cluster (cluster.cpp:1037)
2026-07-17 15:39:30.350 | info     |             UMD | Closing devices in cluster completed. (cluster.cpp:1046)
2026-07-17 15:39:30.350 | info     |             UMD | Cluster destructor started. (cluster.cpp:754)
2026-07-17 15:39:30.350 | info     |             UMD | Cluster destructor completed. (cluster.cpp:757)
