2026-07-17 15:25:55.498 | DEBUG    | ttnn:<module>:79 - Initial ttnn.CONFIG:
Config{cache_path=/home/ttuser/.cache/ttnn,model_cache_path=/home/ttuser/.cache/ttnn/models,tmp_dir=/tmp/ttnn,enable_model_cache=false,enable_fast_runtime_mode=true,throw_exception_on_fallback=false,enable_logging=false,enable_graph_report=false,enable_graph_python_stack_traces=false,enable_detailed_buffer_report=false,enable_detailed_tensor_report=false,enable_comparison_mode=false,comparison_mode_should_raise_exception=false,comparison_mode_pcc=0.9999,root_report_path=generated/ttnn/reports,report_name=std::nullopt,std::nullopt}
2026-07-17 15:25:57.304 | info     |          Device | Opening user mode device driver (tt_cluster.cpp:228)
2026-07-17 15:25:57.304 | info     |             UMD | Cluster constructor started. (cluster.cpp:348)
2026-07-17 15:25:57.305 | info     |             UMD | Creating TopologyDiscovery for architecture: blackhole (topology_discovery.cpp:91)
2026-07-17 15:25:57.305 | info     |             UMD | Starting topology discovery. (topology_discovery.cpp:110)
2026-07-17 15:25:57.307 | info     |             UMD | Established firmware bundle version: 19.11.0 (topology_discovery.cpp:569)
2026-07-17 15:25:57.307 | info     |             UMD | Firmware bundle version 19.11.0 on the system is newer than the latest fully tested version 19.5.0 for blackhole architecture. Newest features may not be supported. (topology_discovery.cpp:601)
2026-07-17 15:25:57.316 | info     |             UMD | Completed topology discovery. (topology_discovery.cpp:114)
2026-07-17 15:25:57.538 | info     |             UMD | Opening local chip ids/PCIe ids: {0, 1, 2, 3}/[0, 1, 2, 3] and remote chip ids {} (cluster.cpp:168)
2026-07-17 15:25:57.538 | info     |             UMD | IOMMU: enabled (cluster.cpp:142)
2026-07-17 15:25:57.538 | info     |             UMD | KMD version: 2.9.0 (cluster.cpp:145)
2026-07-17 15:25:57.538 | info     |             UMD | Cluster constructor completed. (cluster.cpp:520)
2026-07-17 15:25:57.539 | info     |             UMD | Starting devices in cluster (cluster.cpp:1024)
2026-07-17 15:25:57.713 | info     |             UMD | Starting devices in cluster completed. (cluster.cpp:1032)
2026-07-17 15:25:57.830 | info     |     Distributed | Using auto discovery to generate mesh graph. (metal_env.cpp:367)
2026-07-17 15:25:57.830 | info     |     Distributed | Constructing control plane using auto-discovery (no mesh graph descriptor). (metal_env.cpp:429)
2026-07-17 15:25:57.830 | warning  |          Always | Unknown motherboard 'B850M-C' for chip_id=0 (bus_id=0x1) — falling back to bus_id as tray_id. Add this motherboard and its bus IDs to mobo_to_bus_ids in physical_system_discovery.cpp. (physical_system_discovery.cpp:89)
2026-07-17 15:25:57.830 | warning  |          Always | Unknown motherboard 'B850M-C' for chip_id=1 (bus_id=0x2) — falling back to bus_id as tray_id. Add this motherboard and its bus IDs to mobo_to_bus_ids in physical_system_discovery.cpp. (physical_system_discovery.cpp:89)
2026-07-17 15:25:57.830 | warning  |          Always | Unknown motherboard 'B850M-C' for chip_id=2 (bus_id=0x3) — falling back to bus_id as tray_id. Add this motherboard and its bus IDs to mobo_to_bus_ids in physical_system_discovery.cpp. (physical_system_discovery.cpp:89)
2026-07-17 15:25:57.830 | warning  |          Always | Unknown motherboard 'B850M-C' for chip_id=3 (bus_id=0x4) — falling back to bus_id as tray_id. Add this motherboard and its bus IDs to mobo_to_bus_ids in physical_system_discovery.cpp. (physical_system_discovery.cpp:89)
2026-07-17 15:25:57.830 | warning  |          Always | Unknown motherboard 'B850M-C' for chip_id=1 (bus_id=0x2) — falling back to bus_id as tray_id. Add this motherboard and its bus IDs to mobo_to_bus_ids in physical_system_discovery.cpp. (physical_system_discovery.cpp:89)
2026-07-17 15:25:57.830 | warning  |          Always | Unknown motherboard 'B850M-C' for chip_id=0 (bus_id=0x1) — falling back to bus_id as tray_id. Add this motherboard and its bus IDs to mobo_to_bus_ids in physical_system_discovery.cpp. (physical_system_discovery.cpp:89)
2026-07-17 15:25:57.830 | warning  |          Always | Unknown motherboard 'B850M-C' for chip_id=2 (bus_id=0x3) — falling back to bus_id as tray_id. Add this motherboard and its bus IDs to mobo_to_bus_ids in physical_system_discovery.cpp. (physical_system_discovery.cpp:89)
2026-07-17 15:25:57.830 | warning  |          Always | Unknown motherboard 'B850M-C' for chip_id=3 (bus_id=0x4) — falling back to bus_id as tray_id. Add this motherboard and its bus IDs to mobo_to_bus_ids in physical_system_discovery.cpp. (physical_system_discovery.cpp:89)
2026-07-17 15:25:57.830 | info     |          Fabric | Logical multi-mesh adjacency: intermesh degree histogram {0:1}; intra-mesh degree histograms mesh0 {2:4} (topology_mapper_utils.cpp:2342)
2026-07-17 15:25:57.830 | info     |          Fabric | Physical multi-mesh adjacency: intermesh degree histogram {0:1}; intra-mesh degree histograms mesh0 {2:4} (topology_mapper_utils.cpp:2350)
2026-07-17 15:25:57.831 | DEBUG    | ttnn.device:__init__:152 - Using default dispatch core type for this system: DispatchCoreType.WORKER
2026-07-17 15:25:57.831 | DEBUG    | ttnn.device:__init__:154 - Using default dispatch core axis for this system: DispatchCoreAxis.COL
2026-07-17 15:25:57.835 | info     |    BuildKernels | Using pre-compiled firmware from: /home/ttuser/dev/tt-metal/tt_metal/pre-compiled/13793420398762238087/ (build_env_manager.cpp:347)
2026-07-17 15:25:57.836 | info     |    BuildKernels | Using pre-compiled firmware from: /home/ttuser/dev/tt-metal/tt_metal/pre-compiled/13793420398762238087/ (build_env_manager.cpp:347)
2026-07-17 15:25:57.836 | info     |    BuildKernels | Using pre-compiled firmware from: /home/ttuser/dev/tt-metal/tt_metal/pre-compiled/13793420398762238087/ (build_env_manager.cpp:347)
2026-07-17 15:25:57.836 | info     |    BuildKernels | Using pre-compiled firmware from: /home/ttuser/dev/tt-metal/tt_metal/pre-compiled/13793420398762238087/ (build_env_manager.cpp:347)
2026-07-17 15:25:57.869 | info     |           Metal | Initializing Fabric (fabric_firmware_initializer.cpp:288)
2026-07-17 15:25:57.910 | info     |           Metal | Fabric initialized on Device 0 (device.cpp:429)
2026-07-17 15:25:57.911 | info     |           Metal | Fabric initialized on Device 1 (device.cpp:429)
2026-07-17 15:25:57.912 | info     |           Metal | Fabric initialized on Device 2 (device.cpp:429)
2026-07-17 15:25:57.913 | info     |           Metal | Fabric initialized on Device 3 (device.cpp:429)
2026-07-17 15:25:57.913 | info     |           Metal | Fabric initialized on 4 devices (fabric_firmware_initializer.cpp:435)
2026-07-17 15:25:57.913 | info     |           Metal | Fabric Initialized with config FabricConfig::FABRIC_1D_RING (fabric_firmware_initializer.cpp:305)
2026-07-17 15:25:57.959 | info     |           Metal | ShmResourceTracker: removed orphaned shm '/tt_device_154095680226368_memory' (shm_resource_tracker.cpp:282)
2026-07-17 15:25:57.959 | info     |           Metal | ShmResourceTracker: removed orphaned shm '/tt_device_154095680226369_memory' (shm_resource_tracker.cpp:282)
2026-07-17 15:25:57.959 | info     |           Metal | ShmResourceTracker: removed orphaned shm '/tt_device_154095680227712_memory' (shm_resource_tracker.cpp:282)
2026-07-17 15:25:57.959 | info     |           Metal | ShmResourceTracker: removed orphaned shm '/tt_device_154095680227713_memory' (shm_resource_tracker.cpp:282)
2026-07-17 15:25:58.538 | info     |           Metal | [Real-time profiler] Device 2 sync complete: 100 samples, frequency=1.349987 GHz, device_time_at_sync=1589984750157 cycles (realtime_profiler_manager.cpp:1127)
2026-07-17 15:25:58.540 | info     |           Metal | [Real-time profiler] Device 3 sync complete: 100 samples, frequency=1.349990 GHz, device_time_at_sync=1597482296598 cycles (realtime_profiler_manager.cpp:1127)
2026-07-17 15:25:58.540 | info     |           Metal | [Real-time profiler] Device 1 sync complete: 100 samples, frequency=1.349994 GHz, device_time_at_sync=1581211704268 cycles (realtime_profiler_manager.cpp:1127)
2026-07-17 15:25:58.541 | info     |           Metal | [Real-time profiler] Device 0 sync complete: 100 samples, frequency=1.349991 GHz, device_time_at_sync=1575130677428 cycles (realtime_profiler_manager.cpp:1127)
2026-07-17 15:25:58.764 | warning  |           Metal | Allocating device buffers is unsafe due to the existence of an active trace. These buffers may be corrupted once a trace is executed. (allocator.cpp:110)
[orig] ag=bf16,rs=bf16,norm_sharded=0,sdpa_approx=0,persist_ccl=0  decode_ms={'512': 2.565, '128': 1.9536}  pcc={'512': {'vs_hf': 0.99834, 'vs_sc': 0.99927}, '64': {'vs_hf': 0.99823, 'vs_sc': 0.99938}}
[fused] ag=bf16,rs=bf16,norm_sharded=0,sdpa_approx=0,persist_ccl=0  decode_ms={'512': 2.6751, '128': 2.0524}  pcc={'512': {'vs_hf': 0.99837, 'vs_sc': 0.99938}, '64': {'vs_hf': 0.99778, 'vs_sc': 0.999}}
[sharded] ag=bf16,rs=bf16,norm_sharded=1,sdpa_approx=0,persist_ccl=0  decode_ms={'512': 2.3976, '128': 1.7567}  pcc={'512': {'vs_hf': 0.99824, 'vs_sc': 0.9993}, '64': {'vs_hf': 0.99744, 'vs_sc': 0.99916}}
[fused_sharded] ag=bf16,rs=bf16,norm_sharded=1,sdpa_approx=0,persist_ccl=0  decode_ms={'512': 2.3885, '128': 1.7419}  pcc={'512': {'vs_hf': 0.99729, 'vs_sc': 0.99903}, '64': {'vs_hf': 0.99776, 'vs_sc': 0.99906}}
[fs_ag8] ag=bfp8,rs=bf16,norm_sharded=1,sdpa_approx=0,persist_ccl=0  decode_ms={'512': 2.3296, '128': 1.7772}  pcc={'512': {'vs_hf': 0.9989, 'vs_sc': 0.9989}, '64': {'vs_hf': 0.99809, 'vs_sc': 0.99814}}

==== SUMMARY ====
orig             {'512': 2.565, '128': 1.9536}  pcc={'512': {'vs_hf': 0.99834, 'vs_sc': 0.99927}, '64': {'vs_hf': 0.99823, 'vs_sc': 0.99938}}
fused            {'512': 2.6751, '128': 2.0524}  pcc={'512': {'vs_hf': 0.99837, 'vs_sc': 0.99938}, '64': {'vs_hf': 0.99778, 'vs_sc': 0.999}}
sharded          {'512': 2.3976, '128': 1.7567}  pcc={'512': {'vs_hf': 0.99824, 'vs_sc': 0.9993}, '64': {'vs_hf': 0.99744, 'vs_sc': 0.99916}}
fused_sharded    {'512': 2.3885, '128': 1.7419}  pcc={'512': {'vs_hf': 0.99729, 'vs_sc': 0.99903}, '64': {'vs_hf': 0.99776, 'vs_sc': 0.99906}}
fs_ag8           {'512': 2.3296, '128': 1.7772}  pcc={'512': {'vs_hf': 0.9989, 'vs_sc': 0.9989}, '64': {'vs_hf': 0.99809, 'vs_sc': 0.99814}}
nanobind: leaked 1 instances!
 - leaked instance 0x72259d5c08e8 of type "ttnn._ttnn.tensor.CoreRangeSet"
nanobind: leaked 13 types!
 - leaked type "ttnn._ttnn.operations.matmul.MatmulMultiCoreReuseMultiCast1DProgramConfig"
 - leaked type "ttnn._ttnn.operations.matmul.MatmulInputs"
 - leaked type "ttnn._ttnn.operations.matmul.MatmulMultiCoreReuseMultiCastBatchedDRAMShardedProgramConfig"
 - leaked type "UnaryOpType"
 - leaked type "ttnn._ttnn.operations.matmul.MatmulMultiCoreReuseOptimizedProgramFactory"
 - leaked type "ttnn._ttnn.operations.matmul.MatmulParams"
 - leaked type "ttnn._ttnn.tensor.CoreRangeSet"
 - leaked type "ttnn._ttnn.operations.matmul.MatmulMultiCoreReuseProgramConfig"
 - leaked type "ttnn._ttnn.operations.matmul.MatmulDeviceOperation"
 - leaked type "ttnn._ttnn.tensor.Tensor"
 - ... skipped remainder
nanobind: leaked 199 functions!
 - leaked function ""
 - leaked function ""
 - leaked function "create_descriptor"
 - leaked function ""
 - leaked function ""
 - leaked function ""
 - leaked function ""
 - leaked function ""
 - leaked function "subtract"
 - leaked function ""
 - ... skipped remainder
nanobind: this is likely caused by a reference counting issue in the binding code.
See https://nanobind.readthedocs.io/en/latest/refleaks.html2026-07-17 15:26:01.807 | info     |    BuildKernels | JIT cache stats: 384/394 hits (97.5%) [384 cached, 167 build-once dedup, 0 merged artifacts, 0 merged genfiles] (build_cache_telemetry.cpp:207)
2026-07-17 15:26:01.807 | info     |    BuildKernels | JIT telemetry: 3 registered TelemetryTokens (build_cache_telemetry.cpp:230)
2026-07-17 15:26:01.823 | info     |          Device | Closing user mode device drivers (tt_cluster.cpp:512)
2026-07-17 15:26:01.823 | info     |             UMD | Closing devices in cluster (cluster.cpp:1037)
2026-07-17 15:26:02.340 | info     |             UMD | Closing devices in cluster completed. (cluster.cpp:1046)
2026-07-17 15:26:02.340 | info     |             UMD | Cluster destructor started. (cluster.cpp:754)
2026-07-17 15:26:02.341 | info     |             UMD | Cluster destructor completed. (cluster.cpp:757)
