original 0 
*   **Key concept:** Heat always flows spontaneously from a hot object to a cold object, never the other way around without external work. 
*   **Simple analogy:** You cannot break even. Even if you convert energy from one form to another, some of that energy will always be "lost" as wasted heat, increasing the disorder of the universe.

### 3. The Third Law: The Law of Absolute Zero
**"As the temperature of a system approaches absolute zero, the entropy of the system approaches a minimum constant value."**

This law describes what happens as you reach the theoretical limit of coldness (0 Kelvin or -273.15°C). It implies that it is impossible to reach absolute zero in a finite number of steps.
*   **Key concept:** At absolute zero, all molecular motion would essentially stop, and a perfect crystal would have zero entropy.
*   **Simple analogy:** You cannot quit the game. You can get closer and closer to absolute zero, but you can never actually reach it.

***

### Summary Table (The "Gambler's Analogy")
Scientists often use a metaphor involving a game of chance to help students remember the laws:

| Law | Scientific
original 1 
*   **Key concept:** Heat always flows spontaneously from a hot object to a cold object, never the other way around without external work. 
*   **Simple analogy:** You cannot break even. Even if you convert energy from one form to another, some of that energy will always be "lost" as wasted heat, increasing the disorder of the universe.

### 3. The Third Law: The Law of Absolute Zero
**"As the temperature of a system approaches absolute zero, the entropy of the system approaches a minimum constant value."**

This law establishes a baseline. It implies that it is impossible to reach absolute zero (0 Kelvin) through any finite number of steps.
*   **Key concept:** At absolute zero, all molecular motion would essentially stop, and a perfect crystal would have zero entropy.
*   **Simple analogy:** You cannot quit the game. You can get closer and closer to absolute zero, but you can never actually reach it.

***

### Bonus: The Zeroth Law (The Law of Equilibrium)
Scientists realized they had missed a fundamental principle *after* the first three were already named, so they called it the "Zeroth Law."

**"If two systems are each in thermal equilibrium with
original 2 
*   **Key concept:** Energy spontaneously tends to disperse or spread out. Heat always flows from a hot object to a cold object, never the reverse, unless work is done.
*   **Simple analogy:** You cannot break even. Even if you convert energy from one form to another, some of that energy will always be "lost" as wasted heat, increasing the disorder of the universe.

### 3. The Third Law: The Law of Absolute Zero
**"As the temperature of a system approaches absolute zero, the entropy of the system approaches a minimum constant value."**

This law establishes a baseline for entropy. It states that it is impossible to reach a temperature of absolute zero ($0$ Kelvin) through any finite number of steps.
*   **Key concept:** At absolute zero, all molecular motion would essentially stop, and a perfect crystal would have zero entropy.
*   **Simple analogy:** You cannot quit the game. You can get closer and closer to absolute zero, but you can never actually reach it.

***

### Summary (The "Gambler's Analogy")
To remember these laws easily, scientists often use a metaphor involving a game of chance:

*   **First Law:** You can't
optimized 0 
*   **Key concept:** Heat always flows spontaneously from a hot object to a cold object, never the other way around without external work. 
*   **Simple analogy:** You cannot break even. Even if you convert energy from one form to another, some of that energy will always be "lost" as wasted heat, increasing the disorder of the universe.

### 3. The Third Law: The Law of Absolute Zero
**"As the temperature of a system approaches absolute zero, the entropy of the system approaches a minimum constant value."**

This law describes what happens as you reach the theoretical limit of coldness (0 Kelvin or -273.15°C). It implies that it is impossible to reach absolute zero in a finite number of steps.
*   **Key concept:** At absolute zero, all molecular motion would essentially stop, and a perfect crystal would have zero entropy.
*   **Simple analogy:** You cannot quit the game. You can get closer and closer to absolute zero, but you can never actually reach it.

***

### Summary Table (The "Gambler's Analogy")
Scientists often use a metaphor involving a game of chance to help students remember the laws:

| Law | Scientific
optimized 1 
*   **Key concept:** Heat always flows spontaneously from a hot object to a cold object, never the other way around without external work. 
*   **Simple analogy:** You cannot break even. Even if you convert energy from one form to another, some of that energy will always be "lost" as wasted heat, increasing the disorder of the universe.

### 3. The Third Law: The Law of Absolute Zero
**"As the temperature of a system approaches absolute zero, the entropy of the system approaches a minimum constant value."**

This law establishes a baseline. It implies that it is impossible to reach absolute zero (0 Kelvin) through any finite number of steps.
*   **Key concept:** At absolute zero, all molecular motion would essentially stop, and a perfect crystal would have zero entropy.
*   **Simple analogy:** You cannot quit the game. You can get closer and closer to absolute zero, but you can never actually reach it.

***

### Bonus: The Zeroth Law (The Law of Equilibrium)
Scientists realized they had missed a fundamental principle *after* the first three were already named, so they called it the "Zeroth Law."

**"If two systems are each in thermal equilibrium with
optimized 2 
*   **Key concept:** Energy spontaneously tends to disperse or spread out. Heat always flows from a hot object to a cold object, never the reverse, unless work is done.
*   **Simple analogy:** You cannot break even. Even if you convert energy from one form to another, some of that energy will always be "lost" as wasted heat, increasing the disorder of the universe.

### 3. The Third Law: The Law of Absolute Zero
**"As the temperature of a system approaches absolute zero, the entropy of the system approaches a minimum constant value."**

This law establishes a baseline for entropy. It states that it is impossible to reach a temperature of absolute zero ($0$ Kelvin) through any finite number of steps.
*   **Key concept:** At absolute zero, all molecular motion would essentially stop, and a perfect crystal would have zero entropy.
*   **Simple analogy:** You cannot quit the game. You can get closer and closer to absolute zero, but you can never actually reach it.

***

### Summary (The "Gambler's Analogy")
To remember these laws easily, scientists often use a metaphor involving a game of chance:

*   **First Law:** You can't
