ruff check..........................................................................................Passed
ruff format.........................................................................................Passed
typos...............................................................................................Passed
clang-format....................................................................(no files to check)Skipped
Lint GitHub Actions workflow files..............................................(no files to check)Skipped
pip-compile.....................................................................(no files to check)Skipped
reformat nightly_torch_test.txt to be in sync with test.in......................(no files to check)Skipped
Run mypy locally for lowest supported Python version................................................Passed
Lint shell scripts..............................................................(no files to check)Skipped
Lint PNG exports from excalidraw................................................(no files to check)Skipped
Check SPDX headers..................................................................................Passed
Check root lazy imports.............................................................................Passed
Check for spaces in all filenames...................................................................Passed
Update Dockerfile dependency graph..................................................................Passed
Check for forbidden imports.........................................................................Passed
Validate configuration has default values and that each field has a docstring.......................Passed
Validate docker/versions.json matches Dockerfile................................(no files to check)Skipped
Check attention backend documentation is up to date.................................................Passed
Check for boolean ops in with-statements............................................................Passed
Suggestion..........................................................................................Passed
- hook id: suggestion
- duration: 0s

To bypass all the pre-commit hooks, add --no-verify to git commit. To skip a specific hook, prefix the commit command with SKIP=<hook-id>.

