2026-09-08 19:45:34.780 | DEBUG    | ttnn:<module>:45 - Initial ttnn.CONFIG:
Config{cache_path=/home/hous/.cache/ttnn,model_cache_path=/home/hous/.cache/ttnn/models,tmp_dir=/tmp/ttnn,enable_model_cache=false,enable_fast_runtime_mode=true,validate_program_args=false,throw_exception_on_fallback=true,enable_logging=false,enable_graph_report=false,enable_graph_python_stack_traces=false,enable_detailed_buffer_report=false,enable_detailed_tensor_report=false,enable_comparison_mode=false,comparison_mode_should_raise_exception=false,comparison_mode_pcc=0.9999,root_report_path=generated/ttnn/reports,report_name=std::nullopt,std::nullopt}
============================= test session starts ==============================
platform linux -- Python 3.12.14, pytest-9.0.3, pluggy-1.6.0 -- /home/hous/dev/tt-metal/python_env/bin/python3
cachedir: .pytest_cache
benchmark: 5.2.3 (defaults: timer=time.perf_counter disable_gc=False min_rounds=5 min_time=0.000005 max_time=1.0 calibration_precision=10 warmup=False warmup_iterations=100000)
rootdir: /home/hous/dev/tt-metal
configfile: pytest.ini
plugins: anyio-4.15.0, dash-2.15.0, repeat-0.9.4, benchmark-5.2.3, timeout-2.4.0, github-actions-annotate-failures-0.3.0, split-0.11.0, cov-7.0.0
timeout: 300.0s
timeout method: signal
timeout func_only: False
collecting ... collected 1 item

models/autoports/google_gemma_4_26b_a4b_it/tests/test_vllm_trace_reuse.py::test_adapter_request_trace_reuse[blackhole-p150x4] 2026-09-08 19:45:36.525 | info     |          Device | Opening user mode device driver (tt_cluster.cpp:224)
2026-09-08 19:45:36.525 | info     |             UMD | Cluster constructor started. (cluster.cpp:406)
2026-09-08 19:45:36.526 | info     |             UMD | Creating TopologyDiscovery for architecture: blackhole (topology_discovery.cpp:96)
2026-09-08 19:45:36.526 | info     |             UMD | Starting topology discovery. (topology_discovery.cpp:115)
2026-09-08 19:45:36.539 | info     |             UMD | Established firmware bundle version: 19.13.1 (topology_discovery.cpp:576)
2026-09-08 19:45:36.539 | info     |             UMD | Completed topology discovery. (topology_discovery.cpp:119)
2026-09-08 19:45:36.617 | info     |             UMD | Opening local chip ids/PCIe ids: {0, 1, 2, 3}/[0, 1, 2, 3] and remote chip ids {} (cluster.cpp:173)
2026-09-08 19:45:36.617 | info     |             UMD | IOMMU: enabled (cluster.cpp:147)
2026-09-08 19:45:36.617 | info     |             UMD | KMD version: 2.8.0 (cluster.cpp:150)
2026-09-08 19:45:36.617 | info     |             UMD | Cluster constructor completed. (cluster.cpp:665)
2026-09-08 19:45:36.619 | info     |             UMD | Starting devices in cluster (cluster.cpp:1205)
2026-09-08 19:45:36.827 | info     |             UMD | Starting devices in cluster completed. (cluster.cpp:1213)
2026-09-08 19:45:36.920 | info     |     Distributed | Using auto discovery to generate mesh graph. (metal_env.cpp:422)
2026-09-08 19:45:36.920 | info     |     Distributed | Constructing control plane using auto-discovery (no mesh graph descriptor). (metal_env.cpp:484)
2026-09-08 19:45:36.920 | warning  |          Always | Unknown motherboard 'B850M-C' for chip_id=2 (bus_id=0x3) — falling back to bus_id as tray_id. Add this motherboard and its bus IDs to mobo_to_bus_ids in physical_system_discovery.cpp. (physical_system_discovery.cpp:119)
2026-09-08 19:45:36.920 | info     |          Fabric | Logical multi-mesh adjacency: intermesh degree histogram {0:1}; intra-mesh degree histograms mesh0 {2:4} (topology_mapper_utils.cpp:3368)
2026-09-08 19:45:36.920 | info     |          Fabric | Physical multi-mesh adjacency: intermesh degree histogram {0:1}; intra-mesh degree histograms mesh0 {2:4} (topology_mapper_utils.cpp:3376)
2026-09-08 19:45:36.921 | INFO     | conftest:mesh_device:638 - Keeping trace_region_size=134217728 from device_params (already set)
2026-09-08 19:45:36.921 | info     |           Metal | Fabric config changed from FabricConfig::DISABLED to FabricConfig::FABRIC_1D_RING, reinitializing control plane (metal_env.cpp:324)
2026-09-08 19:45:36.921 | info     |     Distributed | Using auto discovery to generate mesh graph. (metal_env.cpp:422)
2026-09-08 19:45:36.921 | info     |     Distributed | Constructing control plane using auto-discovery (no mesh graph descriptor). (metal_env.cpp:484)
2026-09-08 19:45:36.921 | info     |          Fabric | Logical multi-mesh adjacency: intermesh degree histogram {0:1}; intra-mesh degree histograms mesh0 {2:4} (topology_mapper_utils.cpp:3368)
2026-09-08 19:45:36.921 | info     |          Fabric | Physical multi-mesh adjacency: intermesh degree histogram {0:1}; intra-mesh degree histograms mesh0 {2:4} (topology_mapper_utils.cpp:3376)
2026-09-08 19:45:56.933 | critical |           Metal | Device 0: Virtual core 29-25, Port status: 0x1, Retrain count: 0x0, Rx link up: 0x1, Train status: 0x2, PCS status: 0x1, SerDes reset status: 0x1, Postcode: 0xc0dea000, ERISC0 reset PC: 0x357c, ERISC1 reset PC: 0x9330, RISC soft reset: 0x47000, Heartbeat start: 0xdcba2000, Heartbeat end: 0xdcba2000, Heartbeat changed: false (llrt.cpp:358)
2026-09-08 19:45:56.933 | critical |          Always | TT_THROW: Device 0: Timed out while waiting for active ethernet core 29-25 to become active again. Try resetting the board. Minimum tt-firmware version is 18.10.0 (assert.hpp:104)
ERROR

==================================== ERRORS ====================================
_____ ERROR at setup of test_adapter_request_trace_reuse[blackhole-p150x4] _____

request = <SubRequest 'mesh_device' for <Function test_adapter_request_trace_reuse[blackhole-p150x4]>>
silicon_arch_name = 'blackhole'
device_params = {'fabric_config': FabricConfig.FABRIC_1D_RING, 'trace_region_size': 134217728}

    @pytest.fixture(scope="function")
    def mesh_device(request, silicon_arch_name, device_params):
        """
        Pytest fixture to set up a device mesh for tests.
    
        If `request.param` is an integer, it specifies the number of devices to use (up to available devices).
        If `request.param` is a tuple, it defines the 2D grid dimensions (rows, columns) for TG, e.g., (8, 4) creates
        a devish mesh grid of 8 rows and 4 columns, totaling 32 devices. The total number of devices should not exceed available devices.
    
        Args:
            request: Pytest request object.
            silicon_arch_name: Name of the silicon architecture.
            device_params: Additional device configuration parameters.
    
        Yields:
            mesh_device: Initialized device mesh object.
        """
        import ttnn
    
        request.node.pci_ids = ttnn.get_pcie_device_ids()
    
        try:
            param = request.param
        except (ValueError, AttributeError):
            # No explicit parametrization; fall back to the system mesh size resolved below.
            param = None
    
        # The mesh that open_mesh_device can actually allocate is bounded by the system mesh exposed
        # by the control plane, which may be smaller than the number of physical chips. For example,
        # fabric auto-discovery can downgrade the mesh (e.g. to 2x2) when ethernet/fabric links are
        # missing or fail to train, even though get_num_devices() still reports all physical chips.
        # Comparing only against get_num_devices() would let the test proceed and then crash inside
        # open_mesh_device with a TT_FATAL; also accounting for the system mesh size lets us skip
        # gracefully on such machines instead.
        #
        # Query the system mesh once. A failure here means control-plane / mesh-graph discovery itself
        # errored (missing descriptor, untrained eth links, control-plane regression, ...). That is an
        # infrastructure/software fault, not a capacity mismatch, so we must FAIL fixture setup instead
        # of skipping: turning discovery errors into skips would let a broken machine report false-green
        # CI with no device path exercised. The confirmed capacity-mismatch case is handled below via
        # pytest.skip, once the system mesh size is known.
        try:
            system_mesh_size = ttnn._ttnn.multi_device.SystemMeshDescriptor().shape().mesh_size()
        except Exception as e:
            raise RuntimeError(
                f"Could not query the system mesh descriptor (control-plane/mesh discovery failed): {e}"
            ) from e
    
        if param is None:
            param = system_mesh_size
    
        if isinstance(param, tuple):
            grid_dims = param
            assert len(grid_dims) == 2, "Device mesh grid shape should have exactly two elements."
            num_devices_requested = grid_dims[0] * grid_dims[1]
            available_num_devices = (
                system_mesh_size if ttnn.using_distributed_env() else min(ttnn.get_num_devices(), system_mesh_size)
            )
            if (
                device_params.get("require_exact_physical_num_devices", False)
                and num_devices_requested != available_num_devices
            ):
                pytest.skip(
                    f"Test requires exact match of requested num devices ({num_devices_requested}) to available physical num devices ({available_num_devices})."
                )
    
            if num_devices_requested > available_num_devices:
                pytest.skip(
                    f"Requested more devices ({num_devices_requested}) than available ({available_num_devices}). Test not applicable for machine"
                )
            mesh_shape = ttnn.MeshShape(*grid_dims)
        else:
            if not ttnn.using_distributed_env():
                available_num_devices = min(ttnn.get_num_devices(), system_mesh_size)
                if param > available_num_devices:
                    pytest.skip(
                        f"Requested more devices ({param}) than available ({available_num_devices}). Test not applicable for machine"
                    )
            mesh_shape = ttnn.MeshShape(1, param)
    
        # Resolve trace_region_size against the SKU of the submesh actually opened.
        # TRACE_MODEL_KEY_PARAM is resolved here (not at device_params/collection time) so the
        # logical SKU reflects request.param/data_parallel/MESH_DEVICE, not the physical cluster.
        trace_model_key = device_params.pop(TRACE_MODEL_KEY_PARAM, None)
        if "trace_region_size" in device_params:
            logger.info(
                f"Keeping trace_region_size={device_params['trace_region_size']!r} from device_params (already set)"
            )
        elif trace_model_key is not None:
            sku = get_logical_sku(request, param)
            if sku is None:
                logger.info(f"No SKU for {param!r}; not setting trace_region_size for model {trace_model_key!r}")
            else:
                device_params["trace_region_size"] = resolve_trace_region_size(trace_model_key, sku)
        else:
            override_trace_region_size = get_supported_trace_region_size(request, param)
            if override_trace_region_size is None:
                logger.info(f"No trace region size for {param!r}")
            else:
                device_params["trace_region_size"] = override_trace_region_size
    
        updated_device_params = get_updated_device_params(device_params)
        updated_device_params.pop("require_exact_physical_num_devices", False)
        fabric_config = updated_device_params.pop("fabric_config", None)
        fabric_tensix_config = updated_device_params.pop("fabric_tensix_config", None)
        reliability_mode = updated_device_params.pop("reliability_mode", None)
        fabric_manager = updated_device_params.pop("fabric_manager", None)
        fabric_router_config = updated_device_params.pop("fabric_router_config", None)
        set_fabric(fabric_config, reliability_mode, fabric_tensix_config, fabric_manager, fabric_router_config)
>       mesh_device = ttnn.open_mesh_device(mesh_shape=mesh_shape, **updated_device_params)
                      ^^^^^^^^^^^^^^^^^^^^^^^^^^^^^^^^^^^^^^^^^^^^^^^^^^^^^^^^^^^^^^^^^^^^^

conftest.py:662: 
_ _ _ _ _ _ _ _ _ _ _ _ _ _ _ _ _ _ _ _ _ _ _ _ _ _ _ _ _ _ _ _ _ _ _ _ _ _ _ _ 

mesh_shape = MeshShape([1, 4]), l1_small_size = 0, trace_region_size = 134217728
num_command_queues = 1
dispatch_core_config = <ttnn.device.DispatchCoreConfig object at 0x7fcfec9fd400>
offset = None, physical_device_ids = [], worker_l1_size = 0

    def open_mesh_device(
        mesh_shape: ttnn.MeshShape = None,
        l1_small_size: int = ttnn._ttnn.device.DEFAULT_L1_SMALL_SIZE,
        trace_region_size: int = ttnn._ttnn.device.DEFAULT_TRACE_REGION_SIZE,
        num_command_queues: int = 1,
        dispatch_core_config: ttnn.DispatchCoreConfig = None,
        offset: Optional[ttnn.MeshCoordinate] = None,
        physical_device_ids: List[int] = [],
        worker_l1_size: int = ttnn._ttnn.device.DEFAULT_WORKER_L1_SIZE,
    ):
        """
        Open a mesh device with the specified configuration.
    
        Args:
            mesh_shape (ttnn.MeshShape, optional): The shape of the mesh device. Defaults to the global shape of the system mesh.
            l1_small_size (int, optional): Size of the L1 small memory. Defaults to ttnn._ttnn.device.DEFAULT_L1_SMALL_SIZE.
            trace_region_size (int, optional): Size of the trace region. Defaults to ttnn._ttnn.device.DEFAULT_TRACE_REGION_SIZE.
            num_command_queues (int, optional): Number of command queues. Defaults to 1.
            dispatch_core_type (int, optional): Type of dispatch core. Defaults to DispatchCoreType.WORKER.
            offset (ttnn.MeshCoordinate, optional): Offset in logical mesh coordinates for the mesh device. Defaults to None.
            physical_device_ids (List[int], optional): List of physical device IDs to use. Defaults to [].
            worker_l1_size (int, optional): Size of the usable worker L1 memory. Defaults to ttnn._ttnn.device.DEFAULT_WORKER_L1_SIZE.
    
        Returns:
            ttnn._ttnn.multi_device.MeshDevice: The opened mesh device.
    
        """
>       return ttnn._ttnn.multi_device.open_mesh_device(
            l1_small_size=l1_small_size,
            trace_region_size=trace_region_size,
            num_command_queues=num_command_queues,
            dispatch_core_config=dispatch_core_config or ttnn.DispatchCoreConfig(),
            mesh_shape=mesh_shape,
            offset=offset,
            physical_device_ids=physical_device_ids,
            worker_l1_size=worker_l1_size,
        )
E       RuntimeError: TT_THROW @ /home/hous/dev/tt-metal/tt_metal/llrt/llrt.cpp:618: tt::exception
E       info:
E       Device 0: Timed out while waiting for active ethernet core 29-25 to become active again. Try resetting the board. Minimum tt-firmware version is 18.10.0
E       backtrace:
E        --- /home/hous/dev/tt-metal/ttnn/ttnn/../../build/lib/libtt_metal.so(+0x986638) [0x7fd04dd86638]
E        --- tt::llrt::internal_::return_to_base_firmware_and_wait_for_heartbeat(tt::tt_metal::MetalEnvImpl&, int, tt::xy_pair const&, int)
E        --- tt::tt_metal::RiscFirmwareInitializer::assert_active_ethernet_cores_to_reset(int)
E        --- tt::tt_metal::RiscFirmwareInitializer::reset_cores(int)
E        --- tt::tt_metal::RiscFirmwareInitializer::run_launch_phase(std::set<int, std::less<int>, std::allocator<int> > const&)
E        --- tt::tt_metal::MetalContext::initialize(tt::tt_metal::DispatchCoreConfig const&, unsigned char, std::vector<unsigned int, std::allocator<unsigned int> > const&, unsigned long, bool)
E        --- tt::tt_metal::MetalContext::initialize_device_manager(std::vector<int, std::allocator<int> > const&, unsigned char, unsigned long, unsigned long, tt::tt_metal::DispatchCoreConfig const&, std::span<unsigned int const, 18446744073709551615ul>, unsigned long, bool, bool)
E        --- tt::tt_metal::distributed::MeshDeviceImpl::ScopedDevices::ScopedDevices(std::vector<tt::tt_metal::distributed::MaybeRemote<int>, std::allocator<tt::tt_metal::distributed::MaybeRemote<int> > > const&, std::vector<tt::tt_metal::distributed::MaybeRemote<int>, std::allocator<tt::tt_metal::distributed::MaybeRemote<int> > > const&, unsigned long, unsigned long, unsigned long, unsigned long, tt::tt_metal::DispatchCoreConfig const&, ttsl::StrongType<int, tt::tt_metal::ContextIdTag>)
E        --- tt::tt_metal::distributed::MeshDeviceImpl::create(ttsl::StrongType<int, tt::tt_metal::ContextIdTag>, tt::tt_metal::distributed::MeshDeviceConfig const&, unsigned long, unsigned long, unsigned long, tt::tt_metal::DispatchCoreConfig const&, std::span<unsigned int const, 18446744073709551615ul>, unsigned long)
E        --- tt::tt_metal::distributed::MeshDevice::create(tt::tt_metal::distributed::MeshDeviceConfig const&, unsigned long, unsigned long, unsigned long, tt::tt_metal::DispatchCoreConfig const&, std::span<unsigned int const, 18446744073709551615ul>, unsigned long)
E        --- ttnn::distributed::open_mesh_device(unsigned long, unsigned long, unsigned long, tt::tt_metal::DispatchCoreConfig const&, std::optional<tt::tt_metal::distributed::MeshShape> const&, std::optional<tt::tt_metal::distributed::MeshCoordinate> const&, std::vector<int, std::allocator<int> > const&, unsigned long)
E        --- /home/hous/dev/tt-metal/ttnn/ttnn/_ttnn.so(+0x659691) [0x7fd051a59691]
E        --- /home/hous/dev/tt-metal/ttnn/ttnn/_ttnn.so(+0x667a44) [0x7fd051a67a44]
E        --- /home/hous/dev/tt-metal/python_env/bin/python3(_PyEval_EvalFrameDefault+0x476d) [0x18184ed]
E        --- /home/hous/dev/tt-metal/python_env/bin/python3() [0x1813d0b]
E        --- /home/hous/dev/tt-metal/python_env/bin/python3() [0x181394d]
E        --- /home/hous/dev/tt-metal/python_env/bin/python3(_PyEval_EvalFrameDefault+0xcb1) [0x1814a31]
E        --- /home/hous/dev/tt-metal/python_env/bin/python3() [0x1ab9bae]
E        --- /home/hous/dev/tt-metal/python_env/bin/python3() [0x18cb66c]
E        --- /home/hous/dev/tt-metal/python_env/bin/python3(_PyEval_EvalFrameDefault+0x45e2) [0x1818362]
E        --- /home/hous/dev/tt-metal/python_env/bin/python3() [0x1ab9bae]
E        --- /home/hous/dev/tt-metal/python_env/bin/python3() [0x18cb66c]
E        --- /home/hous/dev/tt-metal/python_env/bin/python3(_PyEval_EvalFrameDefault+0xd04b) [0x1820dcb]
E        --- /home/hous/dev/tt-metal/python_env/bin/python3() [0x1ab9bae]
E        --- /home/hous/dev/tt-metal/python_env/bin/python3() [0x18cb66c]
E        --- /home/hous/dev/tt-metal/python_env/bin/python3(_PyEval_EvalFrameDefault+0x45e2) [0x1818362]
E        --- /home/hous/dev/tt-metal/python_env/bin/python3() [0x1ab9bae]
E        --- /home/hous/dev/tt-metal/python_env/bin/python3() [0x18cb66c]
E        --- /home/hous/dev/tt-metal/python_env/bin/python3(_PyEval_EvalFrameDefault+0x45e2) [0x1818362]
E        --- /home/hous/dev/tt-metal/python_env/bin/python3() [0x1ab9bae]
E        --- /home/hous/dev/tt-metal/python_env/bin/python3() [0x18cb66c]
E        --- /home/hous/dev/tt-metal/python_env/bin/python3(_PyEval_EvalFrameDefault+0x45e2) [0x1818362]
E        --- /home/hous/dev/tt-metal/python_env/bin/python3(PyEval_EvalCode+0xde) [0x18b1d32]
E        --- /home/hous/dev/tt-metal/python_env/bin/python3() [0x18b1891]
E        --- /home/hous/dev/tt-metal/python_env/bin/python3() [0x1a2e751]
E        --- /home/hous/dev/tt-metal/python_env/bin/python3(_PyRun_SimpleFileObject+0x106) [0x19a8c06]
E        --- /home/hous/dev/tt-metal/python_env/bin/python3(_PyRun_AnyFileObject+0x4a) [0x19a898a]
E        --- /home/hous/dev/tt-metal/python_env/bin/python3() [0x19a8910]
E        --- /home/hous/dev/tt-metal/python_env/bin/python3() [0x19a881d]
E        --- /home/hous/dev/tt-metal/python_env/bin/python3() [0x1ad6823]
E        --- /home/hous/dev/tt-metal/python_env/bin/python3() [0x19846df]
E        --- /home/hous/dev/tt-metal/python_env/bin/python3() [0x19844ec]
E        --- /lib/x86_64-linux-gnu/libc.so.6(+0x2a1ca) [0x7fd09862a1ca]
E        --- /lib/x86_64-linux-gnu/libc.so.6(__libc_start_main+0x8b) [0x7fd09862a28b]
E        --- /home/hous/dev/tt-metal/python_env/bin/python3(_start+0x29) [0x19a66a9]

ttnn/ttnn/distributed/distributed.py:671: RuntimeError
=============================== warnings summary ===============================
<frozen importlib._bootstrap>:488
  <frozen importlib._bootstrap>:488: DeprecationWarning: builtin type SwigPyPacked has no __module__ attribute

<frozen importlib._bootstrap>:488
  <frozen importlib._bootstrap>:488: DeprecationWarning: builtin type SwigPyObject has no __module__ attribute

models/tt_transformers/tt/common.py:28
  /home/hous/dev/tt-metal/models/tt_transformers/tt/common.py:28: PydanticDeprecatedSince20: Support for class-based `config` is deprecated, use ConfigDict instead. Deprecated in Pydantic V2.0 to be removed in V3.0. See Pydantic V2 Migration Guide at https://errors.pydantic.dev/2.13/migration/
    class ImageMedia(BaseModel):

-- Docs: https://docs.pytest.org/en/stable/how-to/capture-warnings.html
- generated xml file: /home/hous/dev/tt-metal/models/autoports/google_gemma_4_26b_a4b_it/doc/optimized_vllm/trace_reuse_probe/tp4.xml -
============================= slowest 25 durations =============================
20.61s setup    models/autoports/google_gemma_4_26b_a4b_it/tests/test_vllm_trace_reuse.py::test_adapter_request_trace_reuse[blackhole-p150x4]

(1 durations < 0.005s hidden.  Use -vv to show these durations.)
=========================== short test summary info ============================
ERROR models/autoports/google_gemma_4_26b_a4b_it/tests/test_vllm_trace_reuse.py::test_adapter_request_trace_reuse[blackhole-p150x4]
!!!!!!!!!!!!!!!!!!!!!!!!!! stopping after 1 failures !!!!!!!!!!!!!!!!!!!!!!!!!!!
======================== 3 warnings, 1 error in 21.48s =========================
sys:1: DeprecationWarning: builtin type swigvarlink has no __module__ attribute
2026-09-08 19:46:18.658 | critical |           Metal | Device 0: Virtual core 29-25, Port status: 0x1, Retrain count: 0x0, Rx link up: 0x1, Train status: 0x2, PCS status: 0x1, SerDes reset status: 0x1, Postcode: 0xc0dea000, ERISC0 reset PC: 0x357c, ERISC1 reset PC: 0x9330, RISC soft reset: 0x47000, Heartbeat start: 0xdcba2000, Heartbeat end: 0xdcba2000, Heartbeat changed: false (llrt.cpp:358)
2026-09-08 19:46:18.658 | critical |          Always | TT_THROW: Device 0: Timed out while waiting for active ethernet core 29-25 to become active again. Try resetting the board. Minimum tt-firmware version is 18.10.0 (assert.hpp:104)
terminate called after throwing an instance of 'std::runtime_error'
  what():  TT_THROW @ /home/hous/dev/tt-metal/tt_metal/llrt/llrt.cpp:618: tt::exception
info:
Device 0: Timed out while waiting for active ethernet core 29-25 to become active again. Try resetting the board. Minimum tt-firmware version is 18.10.0
backtrace:
 --- /home/hous/dev/tt-metal/ttnn/ttnn/../../build/lib/libtt_metal.so(+0x986638) [0x7fd04dd86638]
 --- tt::llrt::internal_::return_to_base_firmware_and_wait_for_heartbeat(tt::tt_metal::MetalEnvImpl&, int, tt::xy_pair const&, int)
 --- tt::tt_metal::RiscFirmwareInitializer::assert_active_ethernet_cores_to_reset(int)
 --- tt::tt_metal::RiscFirmwareInitializer::teardown(std::unordered_set<tt::tt_metal::InitializerKey, std::hash<tt::tt_metal::InitializerKey>, std::equal_to<tt::tt_metal::InitializerKey>, std::allocator<tt::tt_metal::InitializerKey> >&)
 --- tt::tt_metal::MetalContext::teardown()
 --- tt::tt_metal::MetalContext::~MetalContext()
 --- tt::tt_metal::MetalContext::destroy_instance(bool, ttsl::StrongType<int, tt::tt_metal::ContextIdTag>)
 --- tt::tt_metal::MetalContext::destroy_all_instances(bool)
 --- /lib/x86_64-linux-gnu/libc.so.6(+0x47a76) [0x7fd098647a76]
 --- /lib/x86_64-linux-gnu/libc.so.6(+0x47bbe) [0x7fd098647bbe]
 --- /home/hous/dev/tt-metal/python_env/bin/python3() [0x1985fde]
 --- /home/hous/dev/tt-metal/python_env/bin/python3() [0x1c7caf2]
 --- /home/hous/dev/tt-metal/python_env/bin/python3() [0x1a2b730]
 --- /home/hous/dev/tt-metal/python_env/bin/python3(_PyRun_SimpleFileObject+0x1a8) [0x19a8ca8]
 --- /home/hous/dev/tt-metal/python_env/bin/python3(_PyRun_AnyFileObject+0x4a) [0x19a898a]
 --- /home/hous/dev/tt-metal/python_env/bin/python3() [0x19a8910]
 --- /home/hous/dev/tt-metal/python_env/bin/python3() [0x19a881d]
 --- /home/hous/dev/tt-metal/python_env/bin/python3() [0x1ad6823]
 --- /home/hous/dev/tt-metal/python_env/bin/python3() [0x19846df]
 --- /home/hous/dev/tt-metal/python_env/bin/python3() [0x19844ec]
 --- /lib/x86_64-linux-gnu/libc.so.6(+0x2a1ca) [0x7fd09862a1ca]
 --- /lib/x86_64-linux-gnu/libc.so.6(__libc_start_main+0x8b) [0x7fd09862a28b]
 --- /home/hous/dev/tt-metal/python_env/bin/python3(_start+0x29) [0x19a66a9]

