2026-07-17 15:06:23.790 | DEBUG    | ttnn:<module>:79 - Initial ttnn.CONFIG:
Config{cache_path=/home/ttuser/.cache/ttnn,model_cache_path=/home/ttuser/.cache/ttnn/models,tmp_dir=/tmp/ttnn,enable_model_cache=false,enable_fast_runtime_mode=true,throw_exception_on_fallback=false,enable_logging=false,enable_graph_report=false,enable_graph_python_stack_traces=false,enable_detailed_buffer_report=false,enable_detailed_tensor_report=false,enable_comparison_mode=false,comparison_mode_should_raise_exception=false,comparison_mode_pcc=0.9999,root_report_path=generated/ttnn/reports,report_name=std::nullopt,std::nullopt}
2026-07-17 15:06:23.977 | info     |          Device | Opening user mode device driver (tt_cluster.cpp:228)
2026-07-17 15:06:23.977 | info     |             UMD | Cluster constructor started. (cluster.cpp:348)
2026-07-17 15:06:23.977 | info     |             UMD | Creating TopologyDiscovery for architecture: blackhole (topology_discovery.cpp:91)
2026-07-17 15:06:23.977 | info     |             UMD | Starting topology discovery. (topology_discovery.cpp:110)
2026-07-17 15:06:23.980 | info     |             UMD | Established firmware bundle version: 19.11.0 (topology_discovery.cpp:569)
2026-07-17 15:06:23.980 | info     |             UMD | Firmware bundle version 19.11.0 on the system is newer than the latest fully tested version 19.5.0 for blackhole architecture. Newest features may not be supported. (topology_discovery.cpp:601)
2026-07-17 15:06:23.990 | info     |             UMD | Completed topology discovery. (topology_discovery.cpp:114)
2026-07-17 15:06:24.305 | info     |             UMD | Opening local chip ids/PCIe ids: {0, 1, 2, 3}/[0, 1, 2, 3] and remote chip ids {} (cluster.cpp:168)
2026-07-17 15:06:24.305 | info     |             UMD | IOMMU: enabled (cluster.cpp:142)
2026-07-17 15:06:24.305 | info     |             UMD | KMD version: 2.9.0 (cluster.cpp:145)
2026-07-17 15:06:24.305 | info     |             UMD | Cluster constructor completed. (cluster.cpp:520)
2026-07-17 15:06:24.307 | info     |             UMD | Starting devices in cluster (cluster.cpp:1024)
2026-07-17 15:06:24.475 | info     |             UMD | Starting devices in cluster completed. (cluster.cpp:1032)
2026-07-17 15:06:24.615 | info     |     Distributed | Using auto discovery to generate mesh graph. (metal_env.cpp:367)
2026-07-17 15:06:24.615 | info     |     Distributed | Constructing control plane using auto-discovery (no mesh graph descriptor). (metal_env.cpp:429)
2026-07-17 15:06:24.615 | warning  |          Always | Unknown motherboard 'B850M-C' for chip_id=0 (bus_id=0x1) — falling back to bus_id as tray_id. Add this motherboard and its bus IDs to mobo_to_bus_ids in physical_system_discovery.cpp. (physical_system_discovery.cpp:89)
2026-07-17 15:06:24.615 | warning  |          Always | Unknown motherboard 'B850M-C' for chip_id=1 (bus_id=0x2) — falling back to bus_id as tray_id. Add this motherboard and its bus IDs to mobo_to_bus_ids in physical_system_discovery.cpp. (physical_system_discovery.cpp:89)
2026-07-17 15:06:24.615 | warning  |          Always | Unknown motherboard 'B850M-C' for chip_id=2 (bus_id=0x3) — falling back to bus_id as tray_id. Add this motherboard and its bus IDs to mobo_to_bus_ids in physical_system_discovery.cpp. (physical_system_discovery.cpp:89)
2026-07-17 15:06:24.615 | warning  |          Always | Unknown motherboard 'B850M-C' for chip_id=3 (bus_id=0x4) — falling back to bus_id as tray_id. Add this motherboard and its bus IDs to mobo_to_bus_ids in physical_system_discovery.cpp. (physical_system_discovery.cpp:89)
2026-07-17 15:06:24.615 | warning  |          Always | Unknown motherboard 'B850M-C' for chip_id=1 (bus_id=0x2) — falling back to bus_id as tray_id. Add this motherboard and its bus IDs to mobo_to_bus_ids in physical_system_discovery.cpp. (physical_system_discovery.cpp:89)
2026-07-17 15:06:24.615 | warning  |          Always | Unknown motherboard 'B850M-C' for chip_id=0 (bus_id=0x1) — falling back to bus_id as tray_id. Add this motherboard and its bus IDs to mobo_to_bus_ids in physical_system_discovery.cpp. (physical_system_discovery.cpp:89)
2026-07-17 15:06:24.615 | warning  |          Always | Unknown motherboard 'B850M-C' for chip_id=2 (bus_id=0x3) — falling back to bus_id as tray_id. Add this motherboard and its bus IDs to mobo_to_bus_ids in physical_system_discovery.cpp. (physical_system_discovery.cpp:89)
2026-07-17 15:06:24.615 | warning  |          Always | Unknown motherboard 'B850M-C' for chip_id=3 (bus_id=0x4) — falling back to bus_id as tray_id. Add this motherboard and its bus IDs to mobo_to_bus_ids in physical_system_discovery.cpp. (physical_system_discovery.cpp:89)
2026-07-17 15:06:24.616 | info     |          Fabric | Logical multi-mesh adjacency: intermesh degree histogram {0:1}; intra-mesh degree histograms mesh0 {2:4} (topology_mapper_utils.cpp:2342)
2026-07-17 15:06:24.616 | info     |          Fabric | Physical multi-mesh adjacency: intermesh degree histogram {0:1}; intra-mesh degree histograms mesh0 {2:4} (topology_mapper_utils.cpp:2350)
2026-07-17 15:06:24.621 | info     |    BuildKernels | Using pre-compiled firmware from: /home/ttuser/dev/tt-metal/tt_metal/pre-compiled/13793420398762238087/ (build_env_manager.cpp:347)
2026-07-17 15:06:24.621 | info     |    BuildKernels | Using pre-compiled firmware from: /home/ttuser/dev/tt-metal/tt_metal/pre-compiled/13793420398762238087/ (build_env_manager.cpp:347)
2026-07-17 15:06:24.621 | info     |    BuildKernels | Using pre-compiled firmware from: /home/ttuser/dev/tt-metal/tt_metal/pre-compiled/13793420398762238087/ (build_env_manager.cpp:347)
2026-07-17 15:06:24.621 | info     |    BuildKernels | Using pre-compiled firmware from: /home/ttuser/dev/tt-metal/tt_metal/pre-compiled/13793420398762238087/ (build_env_manager.cpp:347)
2026-07-17 15:06:24.655 | warning  |           Metal | Opening subset of mmio devices slows down UMD read/write to remote chips. If opening more devices, consider using CreateDevices API. (device_manager.cpp:261)
2026-07-17 15:06:26.349 | info     |           Metal | ShmResourceTracker: removed orphaned shm '/tt_device_154095680227713_memory' (shm_resource_tracker.cpp:282)
2026-07-17 15:06:27.398 | info     |           Metal | [Real-time profiler] Device 0 sync complete: 100 samples, frequency=1.350004 GHz, device_time_at_sync=1521328759023 cycles (realtime_profiler_manager.cpp:1127)
M=128 core_grid(default)                  43.2 us
M=128 g=8x1 ibw=8 sbw=2                   97.2 us
M=128 g=8x1 ibw=12 sbw=2                  99.4 us
M=128 g=8x1 ibw=24 sbw=2                 100.6 us
M=128 g=8x1 ibw=8 sbw=4                   97.4 us
M=128 g=8x2 ibw=8 sbw=2                   52.5 us
M=128 g=8x2 ibw=12 sbw=2                  53.6 us
M=128 g=8x2 ibw=24 sbw=2                  57.6 us
M=128 g=8x2 ibw=8 sbw=4                   52.7 us
M=128 g=8x4 ibw=8 sbw=2                   33.2 us
M=128 g=8x4 ibw=12 sbw=2                  33.8 us
M=128 g=8x4 ibw=24 sbw=2                  37.7 us
M=128 g=8x4 ibw=8 sbw=4                   34.1 us
M=64 core_grid(default)                  37.5 us
M=64 g=8x1 ibw=8 sbw=2                   51.0 us
M=64 g=8x1 ibw=12 sbw=2                  51.8 us
M=64 g=8x1 ibw=24 sbw=2                  54.5 us
M=64 g=8x1 ibw=8 sbw=4                   52.3 us
M=64 g=8x2 ibw=8 sbw=2                   32.6 us
M=64 g=8x2 ibw=12 sbw=2                  32.9 us
M=64 g=8x2 ibw=24 sbw=2                  34.7 us
M=64 g=8x2 ibw=8 sbw=4                   32.9 us
M=32 core_grid(default)                  30.5 us
M=32 g=8x1 ibw=8 sbw=2                   28.9 us
M=32 g=8x1 ibw=12 sbw=2                  30.1 us
M=32 g=8x1 ibw=24 sbw=2                  32.4 us
M=32 g=8x1 ibw=8 sbw=4                   29.2 us
DONE
nanobind: leaked 2 instances!
 - leaked instance 0x79d9119b5518 of type "ttnn._ttnn.device.DispatchCoreConfig"
 - leaked instance 0x79d9119b5878 of type "ttnn._ttnn.tensor.CoreRangeSet"
nanobind: leaked 41 types!
 - leaked type "DispatchCoreAxis"
 - leaked type "ttnn._ttnn.device.SubDeviceManagerId"
 - leaked type "MathFidelity"
 - leaked type "ttnn._ttnn.operations.matmul.MatmulMultiCoreReuseMultiCast1DProgramConfig"
 - leaked type "ttnn._ttnn.types.Shape"
 - leaked type "ttnn._ttnn.operations.matmul.MatmulInputs"
 - leaked type "ttnn._ttnn.operations.matmul.MatmulMultiCoreReuseMultiCastBatchedDRAMShardedProgramConfig"
 - leaked type "BufferType"
 - leaked type "UnaryOpType"
 - leaked type "Layout"
 - ... skipped remainder
nanobind: leaked 341 functions!
 - leaked function ""
 - leaked function ""
 - leaked function ""
 - leaked function "__repr__"
 - leaked function "get_tile"
 - leaked function "remove_sub_device_manager"
 - leaked function "get_system_mesh_id"
 - leaked function "disable_and_clear_program_cache"
 - leaked function "__init__"
 - leaked function ""
 - ... skipped remainder
nanobind: this is likely caused by a reference counting issue in the binding code.
See https://nanobind.readthedocs.io/en/latest/refleaks.html2026-07-17 15:06:41.990 | info     |    BuildKernels | JIT cache stats: 18/143 hits (12.6%) [18 cached, 39 build-once dedup, 0 merged artifacts, 0 merged genfiles] (build_cache_telemetry.cpp:207)
2026-07-17 15:06:41.990 | info     |    BuildKernels | JIT telemetry: 3 registered TelemetryTokens (build_cache_telemetry.cpp:230)
2026-07-17 15:06:42.005 | info     |          Device | Closing user mode device drivers (tt_cluster.cpp:512)
2026-07-17 15:06:42.005 | info     |             UMD | Closing devices in cluster (cluster.cpp:1037)
2026-07-17 15:06:42.511 | info     |             UMD | Closing devices in cluster completed. (cluster.cpp:1046)
2026-07-17 15:06:42.511 | info     |             UMD | Cluster destructor started. (cluster.cpp:754)
2026-07-17 15:06:42.511 | info     |             UMD | Cluster destructor completed. (cluster.cpp:757)
