2026-08-09 08:17:09.235 | DEBUG    | ttnn:<module>:79 - Initial ttnn.CONFIG:
Config{cache_path=/home/ttuser/.cache/ttnn,model_cache_path=/home/ttuser/.cache/ttnn/models,tmp_dir=/tmp/ttnn,enable_model_cache=false,enable_fast_runtime_mode=true,throw_exception_on_fallback=false,enable_logging=false,enable_graph_report=false,enable_graph_python_stack_traces=false,enable_detailed_buffer_report=false,enable_detailed_tensor_report=false,enable_comparison_mode=false,comparison_mode_should_raise_exception=false,comparison_mode_pcc=0.9999,root_report_path=generated/ttnn/reports,report_name=std::nullopt,std::nullopt}
2026-08-09 08:17:09.287 | info     |          Device | Opening user mode device driver (tt_cluster.cpp:228)
2026-08-09 08:17:09.287 | info     |             UMD | Cluster constructor started. (cluster.cpp:348)
2026-08-09 08:17:09.287 | info     |             UMD | Creating TopologyDiscovery for architecture: blackhole (topology_discovery.cpp:95)
2026-08-09 08:17:09.287 | info     |             UMD | Starting topology discovery. (topology_discovery.cpp:114)
2026-08-09 08:17:09.290 | info     |             UMD | Established firmware bundle version: 19.11.0 (topology_discovery.cpp:574)
2026-08-09 08:17:09.290 | info     |             UMD | Completed topology discovery. (topology_discovery.cpp:118)
2026-08-09 08:17:09.290 | warning  |             UMD | Board 0x46131924022 has 1 chips, but expected 2 chips for board type p300. (cluster_descriptor.cpp:1238)
2026-08-09 08:17:09.310 | info     |             UMD | Opening local chip ids/PCIe ids: {0}/[2] and remote chip ids {} (cluster.cpp:168)
2026-08-09 08:17:09.310 | info     |             UMD | IOMMU: enabled (cluster.cpp:142)
2026-08-09 08:17:09.310 | info     |             UMD | KMD version: 2.10.0 (cluster.cpp:145)
2026-08-09 08:17:09.310 | info     |             UMD | Cluster constructor completed. (cluster.cpp:520)
2026-08-09 08:17:09.310 | warning  |          Device | Using CUSTOM cluster type for P300 board with 1 chips (tt_cluster.cpp:202)
2026-08-09 08:17:09.310 | info     |             UMD | Starting devices in cluster (cluster.cpp:1024)
2026-08-09 08:17:09.376 | info     |             UMD | Starting devices in cluster completed. (cluster.cpp:1032)
2026-08-09 08:17:09.431 | info     |     Distributed | Using custom mesh graph descriptor: /home/ttuser/.local/lib/model-bringup/tt-metal/tt_metal/fabric/mesh_graph_descriptors/p150_mesh_graph_descriptor.textproto (metal_env.cpp:404)
2026-08-09 08:17:09.432 | warning  |          Always | Unknown motherboard 'B850M-C' for chip_id=0 (bus_id=0x3) — falling back to bus_id as tray_id. Add this motherboard and its bus IDs to mobo_to_bus_ids in physical_system_discovery.cpp. (physical_system_discovery.cpp:89)
2026-08-09 08:17:09.432 | info     |          Fabric | Logical multi-mesh adjacency: intermesh degree histogram {0:1}; intra-mesh degree histograms mesh0 {0:1} (topology_mapper_utils.cpp:2342)
2026-08-09 08:17:09.432 | info     |          Fabric | Physical multi-mesh adjacency: intermesh degree histogram {0:1}; intra-mesh degree histograms mesh0 {0:1} (topology_mapper_utils.cpp:2350)
2026-08-09 08:17:09.435 | info     |    BuildKernels | Using pre-compiled firmware from: /home/ttuser/.local/lib/model-bringup/tt-metal/tt_metal/pre-compiled/5822202293905037534/ (build_env_manager.cpp:347)
2026-08-09 08:17:09.492 | info     |           Metal | ShmResourceTracker: removed orphaned shm '/tt_device_154095680226369_memory' (shm_resource_tracker.cpp:282)
2026-08-09 08:17:10.071 | info     |           Metal | [Real-time profiler] Device 0 sync complete: 100 samples, frequency=1.349991 GHz, device_time_at_sync=26392590637724 cycles (realtime_profiler_manager.cpp:1127)
BMSWEEP {"config": "default", "shape": "b=48 x 64 x 128 x 128", "us": 20.33279961324297}
BMSWEEP {"config": "8x8_ibw1_osh2", "pcc": 0.9999999705441439, "shape": "b=48 x 64 x 128 x 128", "us": 10.186449799221009}
BMSWEEP {"config": "8x8_ibw1_osh1", "pcc": 0.9999999705441439, "shape": "b=48 x 64 x 128 x 128", "us": 10.450949775986373}
BMSWEEP {"config": "8x8_ibw2_osh2", "pcc": 0.9999999723592817, "shape": "b=48 x 64 x 128 x 128", "us": 10.545099939918146}
BMSWEEP {"config": "8x8_ibw2_osh1", "pcc": 0.9999999723592817, "shape": "b=48 x 64 x 128 x 128", "us": 13.219749962445349}
BMSWEEP {"config": "8x8_ibw4_osh2", "pcc": 0.9999999999999968, "shape": "b=48 x 64 x 128 x 128", "us": 13.645550643559545}
BMSWEEP {"config": "8x8_ibw4_osh1", "pcc": 0.9999999999999968, "shape": "b=48 x 64 x 128 x 128", "us": 13.016850425628945}
BMSWEEP {"config": "8x6_ibw1_osh2", "pcc": 0.9999999705441439, "shape": "b=48 x 64 x 128 x 128", "us": 12.781900295522064}
BMSWEEP {"config": "8x6_ibw1_osh1", "pcc": 0.9999999705441439, "shape": "b=48 x 64 x 128 x 128", "us": 12.65265018446371}
BMSWEEP {"config": "8x6_ibw2_osh2", "pcc": 0.9999999723592817, "shape": "b=48 x 64 x 128 x 128", "us": 12.956249702256173}
BMSWEEP {"config": "8x6_ibw2_osh1", "pcc": 0.9999999723592817, "shape": "b=48 x 64 x 128 x 128", "us": 13.100000069243833}
BMSWEEP {"config": "8x6_ibw4_osh2", "pcc": 0.9999999999999968, "shape": "b=48 x 64 x 128 x 128", "us": 11.584100138861686}
BMSWEEP {"config": "8x6_ibw4_osh1", "pcc": 0.9999999999999968, "shape": "b=48 x 64 x 128 x 128", "us": 10.968399874400347}
BMSWEEP {"config": "11x10_ibw1_osh2", "pcc": 0.9999999705441439, "shape": "b=48 x 64 x 128 x 128", "us": 9.888850036077201}
BMSWEEP {"config": "11x10_ibw1_osh1", "pcc": 0.9999999705441439, "shape": "b=48 x 64 x 128 x 128", "us": 9.814249642658979}
BMSWEEP {"config": "11x10_ibw2_osh2", "pcc": 0.9999999723592817, "shape": "b=48 x 64 x 128 x 128", "us": 10.188949818257242}
BMSWEEP {"config": "11x10_ibw2_osh1", "pcc": 0.9999999723592817, "shape": "b=48 x 64 x 128 x 128", "us": 10.109299910254776}
BMSWEEP {"config": "11x10_ibw4_osh2", "pcc": 0.9999999999999968, "shape": "b=48 x 64 x 128 x 128", "us": 10.613250196911395}
BMSWEEP {"config": "11x10_ibw4_osh1", "pcc": 0.9999999999999968, "shape": "b=48 x 64 x 128 x 128", "us": 10.382349864812568}
BMSWEEP {"config": "8x10_ibw1_osh2", "pcc": 0.9999999705441439, "shape": "b=48 x 64 x 128 x 128", "us": 9.859300189418718}
BMSWEEP {"config": "8x10_ibw1_osh1", "pcc": 0.9999999705441439, "shape": "b=48 x 64 x 128 x 128", "us": 12.794449867215008}
BMSWEEP {"config": "8x10_ibw2_osh2", "pcc": 0.9999999723592817, "shape": "b=48 x 64 x 128 x 128", "us": 12.833999790018424}
BMSWEEP {"config": "8x10_ibw2_osh1", "pcc": 0.9999999723592817, "shape": "b=48 x 64 x 128 x 128", "us": 12.92215019930154}
BMSWEEP {"config": "8x10_ibw4_osh2", "pcc": 0.9999999999999968, "shape": "b=48 x 64 x 128 x 128", "us": 10.421400656923652}
BMSWEEP {"config": "8x10_ibw4_osh1", "pcc": 0.9999999999999968, "shape": "b=48 x 64 x 128 x 128", "us": 12.16669988934882}
BMSWEEP {"config": "10x10_ibw1_osh2", "pcc": 0.9999999705441439, "shape": "b=48 x 64 x 128 x 128", "us": 9.928450162988156}
BMSWEEP {"config": "10x10_ibw1_osh1", "pcc": 0.9999999705441439, "shape": "b=48 x 64 x 128 x 128", "us": 9.836800018092617}
BMSWEEP {"config": "10x10_ibw2_osh2", "pcc": 0.9999999723592817, "shape": "b=48 x 64 x 128 x 128", "us": 10.44844975695014}
BMSWEEP {"config": "10x10_ibw2_osh1", "pcc": 0.9999999723592817, "shape": "b=48 x 64 x 128 x 128", "us": 10.130849841516465}
BMSWEEP {"config": "10x10_ibw4_osh2", "pcc": 0.9999999999999968, "shape": "b=48 x 64 x 128 x 128", "us": 10.387300426373258}
BMSWEEP {"config": "10x10_ibw4_osh1", "pcc": 0.9999999999999968, "shape": "b=48 x 64 x 128 x 128", "us": 10.595200001262128}
BMSWEEP {"config": "4x8_ibw1_osh2", "pcc": 0.9999999705441439, "shape": "b=48 x 64 x 128 x 128", "us": 13.902049977332354}
BMSWEEP {"config": "4x8_ibw1_osh1", "pcc": 0.9999999705441439, "shape": "b=48 x 64 x 128 x 128", "us": 13.94059945596382}
BMSWEEP {"config": "4x8_ibw2_osh2", "pcc": 0.9999999723592817, "shape": "b=48 x 64 x 128 x 128", "us": 13.647050218423828}
BMSWEEP {"config": "4x8_ibw2_osh1", "pcc": 0.9999999723592817, "shape": "b=48 x 64 x 128 x 128", "us": 13.899049372412264}
BMSWEEP {"config": "4x8_ibw4_osh2", "pcc": 0.9999999999999968, "shape": "b=48 x 64 x 128 x 128", "us": 14.100450061960146}
BMSWEEP {"config": "4x8_ibw4_osh1", "pcc": 0.9999999999999968, "shape": "b=48 x 64 x 128 x 128", "us": 14.02080015395768}
BMSWEEP {"config": "default", "shape": "b=48 x 64 x 64 x 128", "us": 14.535250375047326}
BMSWEEP {"config": "8x8_ibw1_osh2", "pcc": 0.9999999725031447, "shape": "b=48 x 64 x 64 x 128", "us": 10.00909978756681}
BMSWEEP {"config": "8x8_ibw1_osh1", "pcc": 0.9999999725031447, "shape": "b=48 x 64 x 64 x 128", "us": 9.696000051917508}
BMSWEEP {"config": "8x8_ibw2_osh2", "pcc": 0.9999999999999954, "shape": "b=48 x 64 x 64 x 128", "us": 9.945000056177378}
BMSWEEP {"config": "8x8_ibw2_osh1", "pcc": 0.9999999999999954, "shape": "b=48 x 64 x 64 x 128", "us": 10.873249993892387}
BMSWEEP {"config": "8x6_ibw1_osh2", "pcc": 0.9999999725031447, "shape": "b=48 x 64 x 64 x 128", "us": 9.646900434745476}
BMSWEEP {"config": "8x6_ibw1_osh1", "pcc": 0.9999999725031447, "shape": "b=48 x 64 x 64 x 128", "us": 9.435999527340755}
BMSWEEP {"config": "8x6_ibw2_osh2", "pcc": 0.9999999999999954, "shape": "b=48 x 64 x 64 x 128", "us": 9.518699516775087}
BMSWEEP {"config": "8x6_ibw2_osh1", "pcc": 0.9999999999999954, "shape": "b=48 x 64 x 64 x 128", "us": 9.613350266590714}
BMSWEEP {"config": "11x10_ibw1_osh2", "pcc": 0.9999999725031447, "shape": "b=48 x 64 x 64 x 128", "us": 9.822250285651535}
BMSWEEP {"config": "11x10_ibw1_osh1", "pcc": 0.9999999725031447, "shape": "b=48 x 64 x 64 x 128", "us": 13.609999587060884}
BMSWEEP {"config": "11x10_ibw2_osh2", "pcc": 0.9999999999999954, "shape": "b=48 x 64 x 64 x 128", "us": 9.759599925018847}
BMSWEEP {"config": "11x10_ibw2_osh1", "pcc": 0.9999999999999954, "shape": "b=48 x 64 x 64 x 128", "us": 9.907400090014562}
BMSWEEP {"config": "8x10_ibw1_osh2", "pcc": 0.9999999725031447, "shape": "b=48 x 64 x 64 x 128", "us": 14.119950355961919}
BMSWEEP {"config": "8x10_ibw1_osh1", "pcc": 0.9999999725031447, "shape": "b=48 x 64 x 64 x 128", "us": 9.736599895404652}
BMSWEEP {"config": "8x10_ibw2_osh2", "pcc": 0.9999999999999954, "shape": "b=48 x 64 x 64 x 128", "us": 9.947000216925517}
BMSWEEP {"config": "8x10_ibw2_osh1", "pcc": 0.9999999999999954, "shape": "b=48 x 64 x 64 x 128", "us": 10.183449921896681}
BMSWEEP {"config": "10x10_ibw1_osh2", "pcc": 0.9999999725031447, "shape": "b=48 x 64 x 64 x 128", "us": 10.110299626830965}
BMSWEEP {"config": "10x10_ibw1_osh1", "pcc": 0.9999999725031447, "shape": "b=48 x 64 x 64 x 128", "us": 9.682450036052614}
BMSWEEP {"config": "10x10_ibw2_osh2", "pcc": 0.9999999999999954, "shape": "b=48 x 64 x 64 x 128", "us": 9.600350313121453}
BMSWEEP {"config": "10x10_ibw2_osh1", "pcc": 0.9999999999999954, "shape": "b=48 x 64 x 64 x 128", "us": 9.885900362860411}
BMSWEEP {"config": "4x8_ibw1_osh2", "pcc": 0.9999999725031447, "shape": "b=48 x 64 x 64 x 128", "us": 13.151650637155399}
BMSWEEP {"config": "4x8_ibw1_osh1", "pcc": 0.9999999725031447, "shape": "b=48 x 64 x 64 x 128", "us": 12.473800597945228}
BMSWEEP {"config": "4x8_ibw2_osh2", "pcc": 0.9999999999999954, "shape": "b=48 x 64 x 64 x 128", "us": 12.901599984616041}
BMSWEEP {"config": "4x8_ibw2_osh1", "pcc": 0.9999999999999954, "shape": "b=48 x 64 x 64 x 128", "us": 10.759550059447065}
BMSWEEP {"config": "default", "shape": "b=768 x 32 x 32 x 32", "us": 11.917250230908394}
BMSWEEP {"config": "8x8_ibw1_osh1", "pcc": 0.9999999999999997, "shape": "b=768 x 32 x 32 x 32", "us": 14.82579973526299}
BMSWEEP {"config": "8x6_ibw1_osh1", "pcc": 0.9999999999999997, "shape": "b=768 x 32 x 32 x 32", "us": 17.84905034583062}
BMSWEEP {"config": "11x10_ibw1_osh1", "pcc": 0.9999999999999997, "shape": "b=768 x 32 x 32 x 32", "us": 15.642349899280816}
BMSWEEP {"config": "8x10_ibw1_osh1", "pcc": 0.9999999999999997, "shape": "b=768 x 32 x 32 x 32", "us": 15.169950347626582}
BMSWEEP {"config": "10x10_ibw1_osh1", "pcc": 0.9999999999999997, "shape": "b=768 x 32 x 32 x 32", "us": 15.539699961664155}
BMSWEEP {"config": "4x8_ibw1_osh1", "pcc": 0.9999999999999997, "shape": "b=768 x 32 x 32 x 32", "us": 25.05329975974746}
BMSWEEP {"config": "default", "shape": "b=384 x 64 x 128 x 64", "us": 57.037350052269176}
BMSWEEP {"config": "8x8_ibw1_osh2", "pcc": 0.999999970519161, "shape": "b=384 x 64 x 128 x 64", "us": 30.506699840771034}
BMSWEEP {"config": "8x8_ibw1_osh1", "pcc": 0.999999970519161, "shape": "b=384 x 64 x 128 x 64", "us": 29.79534983751364}
BMSWEEP {"config": "8x8_ibw2_osh2", "pcc": 0.9999999725610822, "shape": "b=384 x 64 x 128 x 64", "us": 29.433699819492176}
BMSWEEP {"config": "8x8_ibw2_osh1", "pcc": 0.9999999725610822, "shape": "b=384 x 64 x 128 x 64", "us": 28.569500136654824}
BMSWEEP {"config": "8x8_ibw4_osh2", "pcc": 1.000000000000001, "shape": "b=384 x 64 x 128 x 64", "us": 33.92474973225035}
BMSWEEP {"config": "8x8_ibw4_osh1", "pcc": 1.000000000000001, "shape": "b=384 x 64 x 128 x 64", "us": 31.28120006294921}
BMSWEEP {"config": "8x6_ibw1_osh2", "pcc": 0.999999970519161, "shape": "b=384 x 64 x 128 x 64", "us": 34.8450499586761}
BMSWEEP {"config": "8x6_ibw1_osh1", "pcc": 0.999999970519161, "shape": "b=384 x 64 x 128 x 64", "us": 34.6340995747596}
BMSWEEP {"config": "8x6_ibw2_osh2", "pcc": 0.9999999725610822, "shape": "b=384 x 64 x 128 x 64", "us": 33.301050279987976}
BMSWEEP {"config": "8x6_ibw2_osh1", "pcc": 0.9999999725610822, "shape": "b=384 x 64 x 128 x 64", "us": 32.97440052847378}
BMSWEEP {"config": "8x6_ibw4_osh2", "pcc": 1.000000000000001, "shape": "b=384 x 64 x 128 x 64", "us": 34.61960004642606}
BMSWEEP {"config": "8x6_ibw4_osh1", "pcc": 1.000000000000001, "shape": "b=384 x 64 x 128 x 64", "us": 33.65575030329637}
BMSWEEP {"config": "11x10_ibw1_osh2", "pcc": 0.999999970519161, "shape": "b=384 x 64 x 128 x 64", "us": 25.84530011517927}
BMSWEEP {"config": "11x10_ibw1_osh1", "pcc": 0.999999970519161, "shape": "b=384 x 64 x 128 x 64", "us": 25.418499717488885}
BMSWEEP {"config": "11x10_ibw2_osh2", "pcc": 0.9999999725610822, "shape": "b=384 x 64 x 128 x 64", "us": 27.672799478750676}
BMSWEEP {"config": "11x10_ibw2_osh1", "pcc": 0.9999999725610822, "shape": "b=384 x 64 x 128 x 64", "us": 27.926800248678774}
BMSWEEP {"config": "11x10_ibw4_osh2", "pcc": 1.000000000000001, "shape": "b=384 x 64 x 128 x 64", "us": 33.4868993377313}
BMSWEEP {"config": "11x10_ibw4_osh1", "pcc": 1.000000000000001, "shape": "b=384 x 64 x 128 x 64", "us": 32.380299671785906}
BMSWEEP {"config": "8x10_ibw1_osh2", "pcc": 0.999999970519161, "shape": "b=384 x 64 x 128 x 64", "us": 30.005800363142043}
BMSWEEP {"config": "8x10_ibw1_osh1", "pcc": 0.999999970519161, "shape": "b=384 x 64 x 128 x 64", "us": 29.297899891389534}
BMSWEEP {"config": "8x10_ibw2_osh2", "pcc": 0.9999999725610822, "shape": "b=384 x 64 x 128 x 64", "us": 29.451750015141442}
BMSWEEP {"config": "8x10_ibw2_osh1", "pcc": 0.9999999725610822, "shape": "b=384 x 64 x 128 x 64", "us": 28.444299823604524}
BMSWEEP {"config": "8x10_ibw4_osh2", "pcc": 1.000000000000001, "shape": "b=384 x 64 x 128 x 64", "us": 33.126700145658106}
BMSWEEP {"config": "8x10_ibw4_osh1", "pcc": 1.000000000000001, "shape": "b=384 x 64 x 128 x 64", "us": 31.398449937114492}
BMSWEEP {"config": "10x10_ibw1_osh2", "pcc": 0.999999970519161, "shape": "b=384 x 64 x 128 x 64", "us": 26.881300436798483}
BMSWEEP {"config": "10x10_ibw1_osh1", "pcc": 0.999999970519161, "shape": "b=384 x 64 x 128 x 64", "us": 26.1875000433065}
BMSWEEP {"config": "10x10_ibw2_osh2", "pcc": 0.9999999725610822, "shape": "b=384 x 64 x 128 x 64", "us": 27.789500018116087}
BMSWEEP {"config": "10x10_ibw2_osh1", "pcc": 0.9999999725610822, "shape": "b=384 x 64 x 128 x 64", "us": 28.383699827827513}
BMSWEEP {"config": "10x10_ibw4_osh2", "pcc": 1.000000000000001, "shape": "b=384 x 64 x 128 x 64", "us": 35.59044998837635}
BMSWEEP {"config": "10x10_ibw4_osh1", "pcc": 1.000000000000001, "shape": "b=384 x 64 x 128 x 64", "us": 34.56799968262203}
BMSWEEP {"config": "4x8_ibw1_osh2", "pcc": 0.999999970519161, "shape": "b=384 x 64 x 128 x 64", "us": 47.609899775125086}
BMSWEEP {"config": "4x8_ibw1_osh1", "pcc": 0.999999970519161, "shape": "b=384 x 64 x 128 x 64", "us": 46.20769977918826}
BMSWEEP {"config": "4x8_ibw2_osh2", "pcc": 0.9999999725610822, "shape": "b=384 x 64 x 128 x 64", "us": 42.957950063282624}
BMSWEEP {"config": "4x8_ibw2_osh1", "pcc": 0.9999999725610822, "shape": "b=384 x 64 x 128 x 64", "us": 41.50419990764931}
BMSWEEP {"config": "4x8_ibw4_osh2", "pcc": 1.000000000000001, "shape": "b=384 x 64 x 128 x 64", "us": 42.352350283181295}
BMSWEEP {"config": "4x8_ibw4_osh1", "pcc": 1.000000000000001, "shape": "b=384 x 64 x 128 x 64", "us": 40.61704967170954}
BMSWEEP {"config": "default", "shape": "b=384 x 32 x 32 x 32", "us": 11.580599675653502}
BMSWEEP {"config": "8x8_ibw1_osh1", "pcc": 1.0000000000000016, "shape": "b=384 x 32 x 32 x 32", "us": 21.703450329368934}
BMSWEEP {"config": "8x6_ibw1_osh1", "pcc": 1.0000000000000016, "shape": "b=384 x 32 x 32 x 32", "us": 10.03165016300045}
BMSWEEP {"config": "11x10_ibw1_osh1", "pcc": 1.0000000000000016, "shape": "b=384 x 32 x 32 x 32", "us": 12.026449985569343}
BMSWEEP {"config": "8x10_ibw1_osh1", "pcc": 1.0000000000000016, "shape": "b=384 x 32 x 32 x 32", "us": 10.828200174728408}
BMSWEEP {"config": "10x10_ibw1_osh1", "pcc": 1.0000000000000016, "shape": "b=384 x 32 x 32 x 32", "us": 11.408799764467403}
BMSWEEP {"config": "4x8_ibw1_osh1", "pcc": 1.0000000000000016, "shape": "b=384 x 32 x 32 x 32", "us": 13.029850379098207}
nanobind: leaked 1 instances!
 - leaked instance 0x78b0d3120d68 of type "ttnn._ttnn.tensor.CoreRangeSet"
nanobind: leaked 41 types!
 - leaked type "DispatchCoreAxis"
 - leaked type "ttnn._ttnn.device.SubDeviceManagerId"
 - leaked type "MathFidelity"
 - leaked type "ttnn._ttnn.operations.matmul.MatmulMultiCoreReuseMultiCast1DProgramConfig"
 - leaked type "ttnn._ttnn.types.Shape"
 - leaked type "ttnn._ttnn.operations.matmul.MatmulInputs"
 - leaked type "ttnn._ttnn.operations.matmul.MatmulMultiCoreReuseMultiCastBatchedDRAMShardedProgramConfig"
 - leaked type "BufferType"
 - leaked type "UnaryOpType"
 - leaked type "Layout"
 - ... skipped remainder
nanobind: leaked 343 functions!
 - leaked function ""
 - leaked function "get_system_mesh_id"
 - leaked function "__repr__"
 - leaked function "__init__"
 - leaked function "deallocate"
 - leaked function "experimental_set_per_core_allocation"
 - leaked function ""
 - leaked function "pad"
 - leaked function ""
 - leaked function "__repr__"
 - ... skipped remainder
nanobind: this is likely caused by a reference counting issue in the binding code.
See https://nanobind.readthedocs.io/en/latest/refleaks.html2026-08-09 08:17:24.754 | info     |    BuildKernels | JIT cache stats: 100/264 hits (37.9%) [100 cached, 276 build-once dedup, 0 merged artifacts, 0 merged genfiles] (build_cache_telemetry.cpp:207)
2026-08-09 08:17:24.754 | info     |    BuildKernels | JIT telemetry: 3 registered TelemetryTokens (build_cache_telemetry.cpp:230)
2026-08-09 08:17:24.760 | info     |          Device | Closing user mode device drivers (tt_cluster.cpp:513)
2026-08-09 08:17:24.760 | info     |             UMD | Closing devices in cluster (cluster.cpp:1037)
2026-08-09 08:17:24.856 | info     |             UMD | Closing devices in cluster completed. (cluster.cpp:1046)
2026-08-09 08:17:24.856 | info     |             UMD | Cluster destructor started. (cluster.cpp:754)
2026-08-09 08:17:24.856 | info     |             UMD | Cluster destructor completed. (cluster.cpp:757)
