2026-08-09 04:59:47.073 | DEBUG    | ttnn:<module>:79 - Initial ttnn.CONFIG:
Config{cache_path=/home/ttuser/.cache/ttnn,model_cache_path=/home/ttuser/.cache/ttnn/models,tmp_dir=/tmp/ttnn,enable_model_cache=false,enable_fast_runtime_mode=true,throw_exception_on_fallback=false,enable_logging=false,enable_graph_report=false,enable_graph_python_stack_traces=false,enable_detailed_buffer_report=false,enable_detailed_tensor_report=false,enable_comparison_mode=false,comparison_mode_should_raise_exception=false,comparison_mode_pcc=0.9999,root_report_path=generated/ttnn/reports,report_name=std::nullopt,std::nullopt}
2026-08-09 04:59:47.124 | info     |          Device | Opening user mode device driver (tt_cluster.cpp:228)
2026-08-09 04:59:47.124 | info     |             UMD | Cluster constructor started. (cluster.cpp:348)
2026-08-09 04:59:47.124 | info     |             UMD | Creating TopologyDiscovery for architecture: blackhole (topology_discovery.cpp:95)
2026-08-09 04:59:47.124 | info     |             UMD | Starting topology discovery. (topology_discovery.cpp:114)
2026-08-09 04:59:47.127 | info     |             UMD | Established firmware bundle version: 19.11.0 (topology_discovery.cpp:574)
2026-08-09 04:59:47.127 | info     |             UMD | Completed topology discovery. (topology_discovery.cpp:118)
2026-08-09 04:59:47.127 | warning  |             UMD | Board 0x46131924022 has 1 chips, but expected 2 chips for board type p300. (cluster_descriptor.cpp:1238)
2026-08-09 04:59:47.146 | info     |             UMD | Opening local chip ids/PCIe ids: {0}/[2] and remote chip ids {} (cluster.cpp:168)
2026-08-09 04:59:47.146 | info     |             UMD | IOMMU: enabled (cluster.cpp:142)
2026-08-09 04:59:47.146 | info     |             UMD | KMD version: 2.10.0 (cluster.cpp:145)
2026-08-09 04:59:47.146 | info     |             UMD | Cluster constructor completed. (cluster.cpp:520)
2026-08-09 04:59:47.146 | warning  |          Device | Using CUSTOM cluster type for P300 board with 1 chips (tt_cluster.cpp:202)
2026-08-09 04:59:47.147 | info     |             UMD | Starting devices in cluster (cluster.cpp:1024)
2026-08-09 04:59:47.231 | info     |             UMD | Starting devices in cluster completed. (cluster.cpp:1032)
2026-08-09 04:59:47.287 | info     |     Distributed | Using custom mesh graph descriptor: /home/ttuser/.local/lib/model-bringup/tt-metal/tt_metal/fabric/mesh_graph_descriptors/p150_mesh_graph_descriptor.textproto (metal_env.cpp:404)
2026-08-09 04:59:47.288 | warning  |          Always | Unknown motherboard 'B850M-C' for chip_id=0 (bus_id=0x3) — falling back to bus_id as tray_id. Add this motherboard and its bus IDs to mobo_to_bus_ids in physical_system_discovery.cpp. (physical_system_discovery.cpp:89)
2026-08-09 04:59:47.288 | info     |          Fabric | Logical multi-mesh adjacency: intermesh degree histogram {0:1}; intra-mesh degree histograms mesh0 {0:1} (topology_mapper_utils.cpp:2342)
2026-08-09 04:59:47.288 | info     |          Fabric | Physical multi-mesh adjacency: intermesh degree histogram {0:1}; intra-mesh degree histograms mesh0 {0:1} (topology_mapper_utils.cpp:2350)
2026-08-09 04:59:47.291 | info     |    BuildKernels | Using pre-compiled firmware from: /home/ttuser/.local/lib/model-bringup/tt-metal/tt_metal/pre-compiled/5822202293905037534/ (build_env_manager.cpp:347)
2026-08-09 04:59:47.348 | info     |           Metal | ShmResourceTracker: removed orphaned shm '/tt_device_154095680226369_memory' (shm_resource_tracker.cpp:282)
2026-08-09 04:59:47.927 | info     |           Metal | [Real-time profiler] Device 0 sync complete: 100 samples, frequency=1.349995 GHz, device_time_at_sync=18395057365293 cycles (realtime_profiler_manager.cpp:1127)
MMFAM {"dtype": "DataType.BFLOAT4_B", "family": "interleaved_auto", "k": 5120, "n": 17408, "role": "mlp_gate_split", "us": 182.47775005875155, "weight_mb": 50.13504}
MMFAM {"cores": 40, "dtype": "DataType.BFLOAT4_B", "family": "mcast1d", "grid": "8x5", "in0_block_w": 4, "k": 5120, "n": 17408, "per_core_N": 14, "role": "mlp_gate_split", "us": 177.56535016815178, "weight_mb": 50.13504}
MMFAM {"cores": 32, "dtype": "DataType.BFLOAT4_B", "family": "mcast1d", "grid": "8x4", "in0_block_w": 5, "k": 5120, "n": 17408, "per_core_N": 17, "role": "mlp_gate_split", "us": 181.97124954895116, "weight_mb": 50.13504}
MMFAM {"cores": 20, "dtype": "DataType.BFLOAT4_B", "family": "mcast1d", "grid": "5x4", "in0_block_w": 8, "k": 5120, "n": 17408, "per_core_N": 28, "role": "mlp_gate_split", "us": 205.43339996947907, "weight_mb": 50.13504}
MMFAM {"cores": 16, "dtype": "DataType.BFLOAT4_B", "family": "mcast1d", "grid": "8x2", "in0_block_w": 5, "k": 5120, "n": 17408, "per_core_N": 34, "role": "mlp_gate_split", "us": 192.60449989815243, "weight_mb": 50.13504}
MMFAM {"cores": 10, "dtype": "DataType.BFLOAT4_B", "family": "mcast1d", "grid": "5x2", "in0_block_w": 8, "k": 5120, "n": 17408, "per_core_N": 55, "role": "mlp_gate_split", "us": 305.79484955524094, "weight_mb": 50.13504}
MMFAM {"cores": 8, "dtype": "DataType.BFLOAT4_B", "family": "mcast1d", "grid": "8x1", "in0_block_w": 5, "k": 5120, "n": 17408, "per_core_N": 68, "role": "mlp_gate_split", "us": 360.319599712966, "weight_mb": 50.13504}
MMFAM {"dtype": "DataType.BFLOAT4_B", "family": "interleaved_auto", "k": 5120, "n": 34816, "role": "mlp_gate_up_packed", "us": 350.58505018241704, "weight_mb": 100.27008}
MMFAM {"cores": 40, "dtype": "DataType.BFLOAT4_B", "family": "mcast1d", "grid": "8x5", "in0_block_w": 4, "k": 5120, "n": 34816, "per_core_N": 28, "role": "mlp_gate_up_packed", "us": 361.27440034761094, "weight_mb": 100.27008}
MMFAM {"cores": 32, "dtype": "DataType.BFLOAT4_B", "family": "mcast1d", "grid": "8x4", "in0_block_w": 5, "k": 5120, "n": 34816, "per_core_N": 34, "role": "mlp_gate_up_packed", "us": 380.3702500590589, "weight_mb": 100.27008}
MMFAM {"cores": 20, "dtype": "DataType.BFLOAT4_B", "family": "mcast1d", "grid": "5x4", "in0_block_w": 8, "k": 5120, "n": 34816, "per_core_N": 55, "role": "mlp_gate_up_packed", "us": 415.85274957469665, "weight_mb": 100.27008}
MMFAM {"cores": 16, "dtype": "DataType.BFLOAT4_B", "family": "mcast1d", "grid": "8x2", "in0_block_w": 5, "k": 5120, "n": 34816, "per_core_N": 68, "role": "mlp_gate_up_packed", "us": 370.8976997586433, "weight_mb": 100.27008}
2026-08-09 04:59:51.150 | critical |          Always | TT_THROW: Statically allocated circular buffers on core range [0-0 - 4-1] grow to 1595200 B which is beyond max L1 size of 1572864 B (assert.hpp:104)
MMFAM {"cores": 10, "dtype": "DataType.BFLOAT4_B", "error": "Statically allocated circular buffers on core range [0-0 - 4-1] grow to 1595200 B which is beyond max L1 size of 1572864 B", "family": "mcast1d", "grid": "5x2", "in0_block_w": 8, "k": 5120, "n": 34816, "per_core_N": 109, "role": "mlp_gate_up_packed", "weight_mb": 100.27008}
2026-08-09 04:59:51.153 | critical |          Always | TT_THROW: Statically allocated circular buffers in program 28 clash with L1 buffers on core range [0-0 - 7-0]. L1 buffer allocated at 1253376 and static circular buffer region ends at 1472320 (assert.hpp:104)
MMFAM {"cores": 8, "dtype": "DataType.BFLOAT4_B", "error": "Statically allocated circular buffers in program 28 clash with L1 buffers on core range [0-0 - 7-0]. L1 buffer allocated at 1253376 and static circular buffer region ends at 1472320", "family": "mcast1d", "grid": "8x1", "in0_block_w": 5, "k": 5120, "n": 34816, "per_core_N": 136, "role": "mlp_gate_up_packed", "weight_mb": 100.27008}
MMFAM {"dtype": "DataType.BFLOAT8_B", "family": "interleaved_auto", "k": 17408, "n": 5120, "role": "mlp_down", "us": 349.8767502605915, "weight_mb": 94.69952}
MMFAM {"cores": 32, "dtype": "DataType.BFLOAT8_B", "family": "mcast1d", "grid": "8x4", "in0_block_w": 1, "k": 17408, "n": 5120, "per_core_N": 5, "role": "mlp_down", "us": 435.07285008672625, "weight_mb": 94.69952}
MMFAM {"cores": 16, "dtype": "DataType.BFLOAT8_B", "family": "mcast1d", "grid": "8x2", "in0_block_w": 2, "k": 17408, "n": 5120, "per_core_N": 10, "role": "mlp_down", "us": 314.88314998568967, "weight_mb": 94.69952}
MMFAM {"cores": 8, "dtype": "DataType.BFLOAT8_B", "family": "mcast1d", "grid": "8x1", "in0_block_w": 4, "k": 17408, "n": 5120, "per_core_N": 20, "role": "mlp_down", "us": 389.34385011089034, "weight_mb": 94.69952}
MMFAM {"dtype": "DataType.BFLOAT8_B", "family": "interleaved_auto", "k": 5120, "n": 8192, "role": "wqkv", "us": 123.32820042502135, "weight_mb": 44.56448}
MMFAM {"cores": 40, "dtype": "DataType.BFLOAT8_B", "family": "mcast1d", "grid": "8x5", "in0_block_w": 4, "k": 5120, "n": 8192, "per_core_N": 7, "role": "wqkv", "us": 127.74849965353496, "weight_mb": 44.56448}
MMFAM {"cores": 32, "dtype": "DataType.BFLOAT8_B", "family": "mcast1d", "grid": "8x4", "in0_block_w": 5, "k": 5120, "n": 8192, "per_core_N": 8, "role": "wqkv", "us": 125.21475000539795, "weight_mb": 44.56448}
MMFAM {"cores": 20, "dtype": "DataType.BFLOAT8_B", "family": "mcast1d", "grid": "5x4", "in0_block_w": 8, "k": 5120, "n": 8192, "per_core_N": 13, "role": "wqkv", "us": 153.80014956463128, "weight_mb": 44.56448}
MMFAM {"cores": 16, "dtype": "DataType.BFLOAT8_B", "family": "mcast1d", "grid": "8x2", "in0_block_w": 5, "k": 5120, "n": 8192, "per_core_N": 16, "role": "wqkv", "us": 126.19564950000495, "weight_mb": 44.56448}
MMFAM {"cores": 10, "dtype": "DataType.BFLOAT8_B", "family": "mcast1d", "grid": "5x2", "in0_block_w": 8, "k": 5120, "n": 8192, "per_core_N": 26, "role": "wqkv", "us": 157.5287496962119, "weight_mb": 44.56448}
MMFAM {"cores": 8, "dtype": "DataType.BFLOAT8_B", "family": "mcast1d", "grid": "8x1", "in0_block_w": 5, "k": 5120, "n": 8192, "per_core_N": 32, "role": "wqkv", "us": 181.65065048378892, "weight_mb": 44.56448}
MMFAM {"dtype": "DataType.BFLOAT8_B", "family": "interleaved_auto", "k": 5120, "n": 6144, "role": "wgate", "us": 120.11305007035844, "weight_mb": 33.42336}
MMFAM {"cores": 40, "dtype": "DataType.BFLOAT8_B", "family": "mcast1d", "grid": "8x5", "in0_block_w": 4, "k": 5120, "n": 6144, "per_core_N": 5, "role": "wgate", "us": 96.74204993643798, "weight_mb": 33.42336}
MMFAM {"cores": 32, "dtype": "DataType.BFLOAT8_B", "family": "mcast1d", "grid": "8x4", "in0_block_w": 5, "k": 5120, "n": 6144, "per_core_N": 6, "role": "wgate", "us": 96.45504978834651, "weight_mb": 33.42336}
MMFAM {"cores": 20, "dtype": "DataType.BFLOAT8_B", "family": "mcast1d", "grid": "5x4", "in0_block_w": 8, "k": 5120, "n": 6144, "per_core_N": 10, "role": "wgate", "us": 118.096199730644, "weight_mb": 33.42336}
MMFAM {"cores": 16, "dtype": "DataType.BFLOAT8_B", "family": "mcast1d", "grid": "8x2", "in0_block_w": 5, "k": 5120, "n": 6144, "per_core_N": 12, "role": "wgate", "us": 94.31544967810623, "weight_mb": 33.42336}
MMFAM {"cores": 10, "dtype": "DataType.BFLOAT8_B", "family": "mcast1d", "grid": "5x2", "in0_block_w": 8, "k": 5120, "n": 6144, "per_core_N": 20, "role": "wgate", "us": 126.14350052899681, "weight_mb": 33.42336}
MMFAM {"cores": 8, "dtype": "DataType.BFLOAT8_B", "family": "mcast1d", "grid": "8x1", "in0_block_w": 5, "k": 5120, "n": 6144, "per_core_N": 24, "role": "wgate", "us": 140.69419994484633, "weight_mb": 33.42336}
MMFAM {"dtype": "DataType.BFLOAT8_B", "family": "interleaved_auto", "k": 6144, "n": 5120, "role": "o_proj", "us": 127.95450020348653, "weight_mb": 33.42336}
MMFAM {"cores": 64, "dtype": "DataType.BFLOAT8_B", "family": "mcast1d", "grid": "8x8", "in0_block_w": 3, "k": 6144, "n": 5120, "per_core_N": 3, "role": "o_proj", "us": 104.79889970156364, "weight_mb": 33.42336}
MMFAM {"cores": 48, "dtype": "DataType.BFLOAT8_B", "family": "mcast1d", "grid": "8x6", "in0_block_w": 4, "k": 6144, "n": 5120, "per_core_N": 4, "role": "o_proj", "us": 87.97140035312623, "weight_mb": 33.42336}
MMFAM {"cores": 32, "dtype": "DataType.BFLOAT8_B", "family": "mcast1d", "grid": "8x4", "in0_block_w": 6, "k": 6144, "n": 5120, "per_core_N": 5, "role": "o_proj", "us": 94.16364991921, "weight_mb": 33.42336}
MMFAM {"cores": 24, "dtype": "DataType.BFLOAT8_B", "family": "mcast1d", "grid": "8x3", "in0_block_w": 8, "k": 6144, "n": 5120, "per_core_N": 7, "role": "o_proj", "us": 95.44360000290908, "weight_mb": 33.42336}
MMFAM {"cores": 16, "dtype": "DataType.BFLOAT8_B", "family": "mcast1d", "grid": "8x2", "in0_block_w": 6, "k": 6144, "n": 5120, "per_core_N": 10, "role": "o_proj", "us": 95.53929994581267, "weight_mb": 33.42336}
MMFAM {"cores": 12, "dtype": "DataType.BFLOAT8_B", "family": "mcast1d", "grid": "6x2", "in0_block_w": 8, "k": 6144, "n": 5120, "per_core_N": 14, "role": "o_proj", "us": 115.2753502537962, "weight_mb": 33.42336}
MMFAM {"cores": 8, "dtype": "DataType.BFLOAT8_B", "family": "mcast1d", "grid": "8x1", "in0_block_w": 8, "k": 6144, "n": 5120, "per_core_N": 20, "role": "o_proj", "us": 139.0155499393586, "weight_mb": 33.42336}
MMFAM {"dtype": "DataType.BFLOAT8_B", "family": "interleaved_auto", "k": 5120, "n": 10240, "role": "gdn_in_proj_qkv", "us": 150.85105042089708, "weight_mb": 55.7056}
MMFAM {"cores": 40, "dtype": "DataType.BFLOAT8_B", "family": "mcast1d", "grid": "8x5", "in0_block_w": 4, "k": 5120, "n": 10240, "per_core_N": 8, "role": "gdn_in_proj_qkv", "us": 156.32244976586662, "weight_mb": 55.7056}
MMFAM {"cores": 32, "dtype": "DataType.BFLOAT8_B", "family": "mcast1d", "grid": "8x4", "in0_block_w": 5, "k": 5120, "n": 10240, "per_core_N": 10, "role": "gdn_in_proj_qkv", "us": 152.4655999673996, "weight_mb": 55.7056}
MMFAM {"cores": 20, "dtype": "DataType.BFLOAT8_B", "family": "mcast1d", "grid": "5x4", "in0_block_w": 8, "k": 5120, "n": 10240, "per_core_N": 16, "role": "gdn_in_proj_qkv", "us": 190.9067497763317, "weight_mb": 55.7056}
MMFAM {"cores": 16, "dtype": "DataType.BFLOAT8_B", "family": "mcast1d", "grid": "8x2", "in0_block_w": 5, "k": 5120, "n": 10240, "per_core_N": 20, "role": "gdn_in_proj_qkv", "us": 154.83210008824244, "weight_mb": 55.7056}
MMFAM {"cores": 10, "dtype": "DataType.BFLOAT8_B", "family": "mcast1d", "grid": "5x2", "in0_block_w": 8, "k": 5120, "n": 10240, "per_core_N": 32, "role": "gdn_in_proj_qkv", "us": 195.27759941411205, "weight_mb": 55.7056}
MMFAM {"cores": 8, "dtype": "DataType.BFLOAT8_B", "family": "mcast1d", "grid": "8x1", "in0_block_w": 5, "k": 5120, "n": 10240, "per_core_N": 40, "role": "gdn_in_proj_qkv", "us": 221.98139995452948, "weight_mb": 55.7056}
MMFAM {"dtype": "DataType.BFLOAT8_B", "family": "interleaved_auto", "k": 5120, "n": 6144, "role": "gdn_in_proj_z", "us": 118.87465007021092, "weight_mb": 33.42336}
MMFAM {"cores": 40, "dtype": "DataType.BFLOAT8_B", "family": "mcast1d", "grid": "8x5", "in0_block_w": 4, "k": 5120, "n": 6144, "per_core_N": 5, "role": "gdn_in_proj_z", "us": 95.67204979248345, "weight_mb": 33.42336}
MMFAM {"cores": 32, "dtype": "DataType.BFLOAT8_B", "family": "mcast1d", "grid": "8x4", "in0_block_w": 5, "k": 5120, "n": 6144, "per_core_N": 6, "role": "gdn_in_proj_z", "us": 95.59539976180531, "weight_mb": 33.42336}
MMFAM {"cores": 20, "dtype": "DataType.BFLOAT8_B", "family": "mcast1d", "grid": "5x4", "in0_block_w": 8, "k": 5120, "n": 6144, "per_core_N": 10, "role": "gdn_in_proj_z", "us": 116.11344962147996, "weight_mb": 33.42336}
MMFAM {"cores": 16, "dtype": "DataType.BFLOAT8_B", "family": "mcast1d", "grid": "8x2", "in0_block_w": 5, "k": 5120, "n": 6144, "per_core_N": 12, "role": "gdn_in_proj_z", "us": 93.43125057057478, "weight_mb": 33.42336}
MMFAM {"cores": 10, "dtype": "DataType.BFLOAT8_B", "family": "mcast1d", "grid": "5x2", "in0_block_w": 8, "k": 5120, "n": 6144, "per_core_N": 20, "role": "gdn_in_proj_z", "us": 124.3741498910822, "weight_mb": 33.42336}
MMFAM {"cores": 8, "dtype": "DataType.BFLOAT8_B", "family": "mcast1d", "grid": "8x1", "in0_block_w": 5, "k": 5120, "n": 6144, "per_core_N": 24, "role": "gdn_in_proj_z", "us": 140.88055031606928, "weight_mb": 33.42336}
MMFAM {"dtype": "DataType.BFLOAT8_B", "family": "interleaved_auto", "k": 6144, "n": 5120, "role": "gdn_out_proj", "us": 126.42404981306754, "weight_mb": 33.42336}
MMFAM {"cores": 64, "dtype": "DataType.BFLOAT8_B", "family": "mcast1d", "grid": "8x8", "in0_block_w": 3, "k": 6144, "n": 5120, "per_core_N": 3, "role": "gdn_out_proj", "us": 101.5457499306649, "weight_mb": 33.42336}
MMFAM {"cores": 48, "dtype": "DataType.BFLOAT8_B", "family": "mcast1d", "grid": "8x6", "in0_block_w": 4, "k": 6144, "n": 5120, "per_core_N": 4, "role": "gdn_out_proj", "us": 87.36124946153723, "weight_mb": 33.42336}
MMFAM {"cores": 32, "dtype": "DataType.BFLOAT8_B", "family": "mcast1d", "grid": "8x4", "in0_block_w": 6, "k": 6144, "n": 5120, "per_core_N": 5, "role": "gdn_out_proj", "us": 92.4343999940902, "weight_mb": 33.42336}
MMFAM {"cores": 24, "dtype": "DataType.BFLOAT8_B", "family": "mcast1d", "grid": "8x3", "in0_block_w": 8, "k": 6144, "n": 5120, "per_core_N": 7, "role": "gdn_out_proj", "us": 93.80449992022477, "weight_mb": 33.42336}
MMFAM {"cores": 16, "dtype": "DataType.BFLOAT8_B", "family": "mcast1d", "grid": "8x2", "in0_block_w": 6, "k": 6144, "n": 5120, "per_core_N": 10, "role": "gdn_out_proj", "us": 94.02895011589862, "weight_mb": 33.42336}
MMFAM {"cores": 12, "dtype": "DataType.BFLOAT8_B", "family": "mcast1d", "grid": "6x2", "in0_block_w": 8, "k": 6144, "n": 5120, "per_core_N": 14, "role": "gdn_out_proj", "us": 113.61069991835393, "weight_mb": 33.42336}
MMFAM {"cores": 8, "dtype": "DataType.BFLOAT8_B", "family": "mcast1d", "grid": "8x1", "in0_block_w": 8, "k": 6144, "n": 5120, "per_core_N": 20, "role": "gdn_out_proj", "us": 137.70099976682104, "weight_mb": 33.42336}
nanobind: leaked 1 instances!
 - leaked instance 0x7a6a169c4438 of type "ttnn._ttnn.tensor.CoreRangeSet"
nanobind: leaked 41 types!
 - leaked type "DispatchCoreAxis"
 - leaked type "ttnn._ttnn.device.SubDeviceManagerId"
 - leaked type "MathFidelity"
 - leaked type "ttnn._ttnn.operations.matmul.MatmulMultiCoreReuseMultiCast1DProgramConfig"
 - leaked type "ttnn._ttnn.types.Shape"
 - leaked type "ttnn._ttnn.operations.matmul.MatmulInputs"
 - leaked type "ttnn._ttnn.operations.matmul.MatmulMultiCoreReuseMultiCastBatchedDRAMShardedProgramConfig"
 - leaked type "BufferType"
 - leaked type "UnaryOpType"
 - leaked type "Layout"
 - ... skipped remainder
nanobind: leaked 343 functions!
 - leaked function "__repr__"
 - leaked function ""
 - leaked function ""
 - leaked function "__repr__"
 - leaked function "to_json"
 - leaked function "enable_program_cache"
 - leaked function "pad_to_tile_shape"
 - leaked function "from_json"
 - leaked function "update_tensor_topology"
 - leaked function ""
 - ... skipped remainder
nanobind: this is likely caused by a reference counting issue in the binding code.
See https://nanobind.readthedocs.io/en/latest/refleaks.html2026-08-09 04:59:54.873 | info     |    BuildKernels | JIT cache stats: 222/222 hits (100.0%) [222 cached, 28 build-once dedup, 0 merged artifacts, 0 merged genfiles] (build_cache_telemetry.cpp:207)
2026-08-09 04:59:54.873 | info     |    BuildKernels | JIT telemetry: 3 registered TelemetryTokens (build_cache_telemetry.cpp:230)
2026-08-09 04:59:54.878 | info     |          Device | Closing user mode device drivers (tt_cluster.cpp:513)
2026-08-09 04:59:54.878 | info     |             UMD | Closing devices in cluster (cluster.cpp:1037)
2026-08-09 04:59:55.009 | info     |             UMD | Closing devices in cluster completed. (cluster.cpp:1046)
2026-08-09 04:59:55.009 | info     |             UMD | Cluster destructor started. (cluster.cpp:754)
2026-08-09 04:59:55.009 | info     |             UMD | Cluster destructor completed. (cluster.cpp:757)
