2026-08-09 13:26:49.442 | DEBUG    | ttnn:<module>:79 - Initial ttnn.CONFIG:
Config{cache_path=/home/ttuser/.cache/ttnn,model_cache_path=/home/ttuser/.cache/ttnn/models,tmp_dir=/tmp/ttnn,enable_model_cache=false,enable_fast_runtime_mode=true,throw_exception_on_fallback=false,enable_logging=false,enable_graph_report=false,enable_graph_python_stack_traces=false,enable_detailed_buffer_report=false,enable_detailed_tensor_report=false,enable_comparison_mode=false,comparison_mode_should_raise_exception=false,comparison_mode_pcc=0.9999,root_report_path=generated/ttnn/reports,report_name=std::nullopt,std::nullopt}
2026-08-09 13:26:50.793 | info     |          Device | Opening user mode device driver (tt_cluster.cpp:228)
2026-08-09 13:26:50.793 | info     |             UMD | Cluster constructor started. (cluster.cpp:348)
2026-08-09 13:26:50.794 | info     |             UMD | Creating TopologyDiscovery for architecture: blackhole (topology_discovery.cpp:95)
2026-08-09 13:26:50.794 | info     |             UMD | Starting topology discovery. (topology_discovery.cpp:114)
2026-08-09 13:26:50.797 | info     |             UMD | Established firmware bundle version: 19.11.0 (topology_discovery.cpp:574)
2026-08-09 13:26:50.797 | info     |             UMD | Completed topology discovery. (topology_discovery.cpp:118)
2026-08-09 13:26:50.797 | warning  |             UMD | Board 0x46131924022 has 1 chips, but expected 2 chips for board type p300. (cluster_descriptor.cpp:1238)
2026-08-09 13:26:50.816 | info     |             UMD | Opening local chip ids/PCIe ids: {0}/[2] and remote chip ids {} (cluster.cpp:168)
2026-08-09 13:26:50.816 | info     |             UMD | IOMMU: enabled (cluster.cpp:142)
2026-08-09 13:26:50.816 | info     |             UMD | KMD version: 2.10.0 (cluster.cpp:145)
2026-08-09 13:26:50.816 | info     |             UMD | Cluster constructor completed. (cluster.cpp:520)
2026-08-09 13:26:50.816 | warning  |          Device | Using CUSTOM cluster type for P300 board with 1 chips (tt_cluster.cpp:202)
2026-08-09 13:26:50.817 | info     |             UMD | Starting devices in cluster (cluster.cpp:1024)
2026-08-09 13:26:50.879 | info     |             UMD | Starting devices in cluster completed. (cluster.cpp:1032)
2026-08-09 13:26:50.934 | info     |     Distributed | Using custom mesh graph descriptor: /home/ttuser/.local/lib/model-bringup/tt-metal/tt_metal/fabric/mesh_graph_descriptors/p150_mesh_graph_descriptor.textproto (metal_env.cpp:404)
2026-08-09 13:26:50.935 | warning  |          Always | Unknown motherboard 'B850M-C' for chip_id=0 (bus_id=0x3) — falling back to bus_id as tray_id. Add this motherboard and its bus IDs to mobo_to_bus_ids in physical_system_discovery.cpp. (physical_system_discovery.cpp:89)
2026-08-09 13:26:50.935 | info     |          Fabric | Logical multi-mesh adjacency: intermesh degree histogram {0:1}; intra-mesh degree histograms mesh0 {0:1} (topology_mapper_utils.cpp:2342)
2026-08-09 13:26:50.935 | info     |          Fabric | Physical multi-mesh adjacency: intermesh degree histogram {0:1}; intra-mesh degree histograms mesh0 {0:1} (topology_mapper_utils.cpp:2350)
2026-08-09 13:26:50.941 | info     |    BuildKernels | Using pre-compiled firmware from: /home/ttuser/.local/lib/model-bringup/tt-metal/tt_metal/pre-compiled/5822202293905037534/ (build_env_manager.cpp:347)
2026-08-09 13:26:51.005 | info     |           Metal | ShmResourceTracker: removed orphaned shm '/tt_device_154095680226369_memory' (shm_resource_tracker.cpp:282)
2026-08-09 13:26:51.584 | info     |           Metal | [Real-time profiler] Device 0 sync complete: 100 samples, frequency=1.349985 GHz, device_time_at_sync=9591616510263 cycles (realtime_profiler_manager.cpp:1127)
{"seq_len": 128, "out_pcc": 0.9928095038830729, "state_pcc": 0.993056058927009, "first_call_ms": 77.67619199876208, "warmed_ms": 5.0716547993943095}
{"seq_len": 2048, "out_pcc": 0.9928693056964615, "state_pcc": 0.9929094581029585, "first_call_ms": 196.1008700018283, "warmed_ms": 28.887472601491027}
nanobind: leaked 1 instances!
 - leaked instance 0x7bddcc5d4048 of type "ttnn._ttnn.tensor.CoreRangeSet"
nanobind: leaked 13 types!
 - leaked type "ttnn._ttnn.operations.matmul.MatmulMultiCoreReuseMultiCast1DProgramConfig"
 - leaked type "ttnn._ttnn.operations.matmul.MatmulInputs"
 - leaked type "ttnn._ttnn.operations.matmul.MatmulMultiCoreReuseMultiCastBatchedDRAMShardedProgramConfig"
 - leaked type "UnaryOpType"
 - leaked type "ttnn._ttnn.operations.matmul.MatmulMultiCoreReuseOptimizedProgramFactory"
 - leaked type "ttnn._ttnn.operations.matmul.MatmulParams"
 - leaked type "ttnn._ttnn.tensor.CoreRangeSet"
 - leaked type "ttnn._ttnn.operations.matmul.MatmulMultiCoreReuseProgramConfig"
 - leaked type "ttnn._ttnn.operations.matmul.MatmulDeviceOperation"
 - leaked type "ttnn._ttnn.tensor.Tensor"
 - ... skipped remainder
nanobind: leaked 199 functions!
 - leaked function "unpad"
 - leaked function "get_layout"
 - leaked function ""
 - leaked function "__repr__"
 - leaked function ""
 - leaked function "to_json"
 - leaked function "to_json"
 - leaked function "element_size"
 - leaked function "logical_volume"
 - leaked function ""
 - ... skipped remainder
nanobind: this is likely caused by a reference counting issue in the binding code.
See https://nanobind.readthedocs.io/en/latest/refleaks.html2026-08-09 13:26:53.285 | info     |    BuildKernels | JIT cache stats: 277/277 hits (100.0%) [277 cached, 186 build-once dedup, 0 merged artifacts, 0 merged genfiles] (build_cache_telemetry.cpp:207)
2026-08-09 13:26:53.285 | info     |    BuildKernels | JIT telemetry: 3 registered TelemetryTokens (build_cache_telemetry.cpp:230)
2026-08-09 13:26:53.292 | info     |          Device | Closing user mode device drivers (tt_cluster.cpp:513)
2026-08-09 13:26:53.292 | info     |             UMD | Closing devices in cluster (cluster.cpp:1037)
2026-08-09 13:26:53.456 | info     |             UMD | Closing devices in cluster completed. (cluster.cpp:1046)
2026-08-09 13:26:53.456 | info     |             UMD | Cluster destructor started. (cluster.cpp:754)
2026-08-09 13:26:53.456 | info     |             UMD | Cluster destructor completed. (cluster.cpp:757)
