2026-08-09 13:45:47.271 | DEBUG    | ttnn:<module>:79 - Initial ttnn.CONFIG:
Config{cache_path=/home/ttuser/.cache/ttnn,model_cache_path=/home/ttuser/.cache/ttnn/models,tmp_dir=/tmp/ttnn,enable_model_cache=false,enable_fast_runtime_mode=true,throw_exception_on_fallback=false,enable_logging=false,enable_graph_report=false,enable_graph_python_stack_traces=false,enable_detailed_buffer_report=false,enable_detailed_tensor_report=false,enable_comparison_mode=false,comparison_mode_should_raise_exception=false,comparison_mode_pcc=0.9999,root_report_path=generated/ttnn/reports,report_name=std::nullopt,std::nullopt}
2026-08-09 13:45:47.322 | info     |          Device | Opening user mode device driver (tt_cluster.cpp:228)
2026-08-09 13:45:47.322 | info     |             UMD | Cluster constructor started. (cluster.cpp:348)
2026-08-09 13:45:47.322 | info     |             UMD | Creating TopologyDiscovery for architecture: blackhole (topology_discovery.cpp:95)
2026-08-09 13:45:47.322 | info     |             UMD | Starting topology discovery. (topology_discovery.cpp:114)
2026-08-09 13:45:47.325 | info     |             UMD | Established firmware bundle version: 19.11.0 (topology_discovery.cpp:574)
2026-08-09 13:45:47.325 | info     |             UMD | Completed topology discovery. (topology_discovery.cpp:118)
2026-08-09 13:45:47.325 | warning  |             UMD | Board 0x46131924022 has 1 chips, but expected 2 chips for board type p300. (cluster_descriptor.cpp:1238)
2026-08-09 13:45:47.345 | info     |             UMD | Opening local chip ids/PCIe ids: {0}/[2] and remote chip ids {} (cluster.cpp:168)
2026-08-09 13:45:47.345 | info     |             UMD | IOMMU: enabled (cluster.cpp:142)
2026-08-09 13:45:47.345 | info     |             UMD | KMD version: 2.10.0 (cluster.cpp:145)
2026-08-09 13:45:47.345 | info     |             UMD | Cluster constructor completed. (cluster.cpp:520)
2026-08-09 13:45:47.345 | warning  |          Device | Using CUSTOM cluster type for P300 board with 1 chips (tt_cluster.cpp:202)
2026-08-09 13:45:47.345 | info     |             UMD | Starting devices in cluster (cluster.cpp:1024)
2026-08-09 13:45:47.420 | info     |             UMD | Starting devices in cluster completed. (cluster.cpp:1032)
2026-08-09 13:45:47.475 | info     |     Distributed | Using custom mesh graph descriptor: /home/ttuser/.local/lib/model-bringup/tt-metal/tt_metal/fabric/mesh_graph_descriptors/p150_mesh_graph_descriptor.textproto (metal_env.cpp:404)
2026-08-09 13:45:47.476 | warning  |          Always | Unknown motherboard 'B850M-C' for chip_id=0 (bus_id=0x3) — falling back to bus_id as tray_id. Add this motherboard and its bus IDs to mobo_to_bus_ids in physical_system_discovery.cpp. (physical_system_discovery.cpp:89)
2026-08-09 13:45:47.476 | info     |          Fabric | Logical multi-mesh adjacency: intermesh degree histogram {0:1}; intra-mesh degree histograms mesh0 {0:1} (topology_mapper_utils.cpp:2342)
2026-08-09 13:45:47.476 | info     |          Fabric | Physical multi-mesh adjacency: intermesh degree histogram {0:1}; intra-mesh degree histograms mesh0 {0:1} (topology_mapper_utils.cpp:2350)
2026-08-09 13:45:47.479 | info     |    BuildKernels | Using pre-compiled firmware from: /home/ttuser/.local/lib/model-bringup/tt-metal/tt_metal/pre-compiled/5822202293905037534/ (build_env_manager.cpp:347)
2026-08-09 13:45:47.536 | info     |           Metal | ShmResourceTracker: removed orphaned shm '/tt_device_154095680226369_memory' (shm_resource_tracker.cpp:282)
2026-08-09 13:45:48.115 | info     |           Metal | [Real-time profiler] Device 0 sync complete: 100 samples, frequency=1.349983 GHz, device_time_at_sync=9598320600968 cycles (realtime_profiler_manager.cpp:1127)
GDNPREFILL {"config": "default", "item": "batched_matmul", "shape": "b=48 x 64 x 128 x 64", "us": 13.155100168660283}
GDNPREFILL {"config": "reuse_8x8_ibw4", "item": "batched_matmul", "pcc": 1.0000000000000002, "shape": "b=48 x 64 x 128 x 64", "us": 9.680449875304475}
GDNPREFILL {"config": "reuse_8x8_ibw2", "item": "batched_matmul", "pcc": 0.9999999725720347, "shape": "b=48 x 64 x 128 x 64", "us": 9.683999815024436}
GDNPREFILL {"config": "reuse_8x8_ibw1", "item": "batched_matmul", "pcc": 0.9999999708513702, "shape": "b=48 x 64 x 128 x 64", "us": 9.578799654264003}
GDNPREFILL {"config": "reuse_8x6_ibw4", "item": "batched_matmul", "pcc": 1.0000000000000002, "shape": "b=48 x 64 x 128 x 64", "us": 9.705549746286124}
GDNPREFILL {"config": "reuse_8x6_ibw2", "item": "batched_matmul", "pcc": 0.9999999725720347, "shape": "b=48 x 64 x 128 x 64", "us": 9.50719986576587}
GDNPREFILL {"config": "reuse_8x6_ibw1", "item": "batched_matmul", "pcc": 0.9999999708513702, "shape": "b=48 x 64 x 128 x 64", "us": 9.251150186173618}
GDNPREFILL {"config": "reuse_4x8_ibw4", "item": "batched_matmul", "pcc": 1.0000000000000002, "shape": "b=48 x 64 x 128 x 64", "us": 12.100599997211248}
GDNPREFILL {"config": "reuse_4x8_ibw2", "item": "batched_matmul", "pcc": 0.9999999725720347, "shape": "b=48 x 64 x 128 x 64", "us": 12.25789965246804}
GDNPREFILL {"config": "reuse_4x8_ibw1", "item": "batched_matmul", "pcc": 0.9999999708513702, "shape": "b=48 x 64 x 128 x 64", "us": 12.404199515003711}
GDNPREFILL {"config": "reuse_8x4_ibw4", "item": "batched_matmul", "pcc": 1.0000000000000002, "shape": "b=48 x 64 x 128 x 64", "us": 12.466800399124622}
GDNPREFILL {"config": "reuse_8x4_ibw2", "item": "batched_matmul", "pcc": 0.9999999725720347, "shape": "b=48 x 64 x 128 x 64", "us": 12.66269973712042}
GDNPREFILL {"config": "reuse_8x4_ibw1", "item": "batched_matmul", "pcc": 0.9999999708513702, "shape": "b=48 x 64 x 128 x 64", "us": 12.186299863969907}
GDNPREFILL {"config": "default", "item": "batched_matmul", "shape": "b=48 x 64 x 64 x 128", "us": 14.626399934059009}
GDNPREFILL {"config": "reuse_8x8_ibw2", "item": "batched_matmul", "pcc": 0.999999999999998, "shape": "b=48 x 64 x 64 x 128", "us": 12.410199997248128}
GDNPREFILL {"config": "reuse_8x8_ibw1", "item": "batched_matmul", "pcc": 0.999999972481228, "shape": "b=48 x 64 x 64 x 128", "us": 12.599050387507305}
GDNPREFILL {"config": "reuse_8x8_ibw1", "item": "batched_matmul", "pcc": 0.999999972481228, "shape": "b=48 x 64 x 64 x 128", "us": 12.436250108294189}
GDNPREFILL {"config": "reuse_8x6_ibw2", "item": "batched_matmul", "pcc": 0.999999999999998, "shape": "b=48 x 64 x 64 x 128", "us": 12.559449533000588}
GDNPREFILL {"config": "reuse_8x6_ibw1", "item": "batched_matmul", "pcc": 0.999999972481228, "shape": "b=48 x 64 x 64 x 128", "us": 12.512400280684233}
GDNPREFILL {"config": "reuse_8x6_ibw1", "item": "batched_matmul", "pcc": 0.999999972481228, "shape": "b=48 x 64 x 64 x 128", "us": 12.184799561509863}
GDNPREFILL {"config": "reuse_4x8_ibw2", "item": "batched_matmul", "pcc": 0.999999999999998, "shape": "b=48 x 64 x 64 x 128", "us": 12.099100422346964}
GDNPREFILL {"config": "reuse_4x8_ibw1", "item": "batched_matmul", "pcc": 0.999999972481228, "shape": "b=48 x 64 x 64 x 128", "us": 12.561500625452027}
GDNPREFILL {"config": "reuse_4x8_ibw1", "item": "batched_matmul", "pcc": 0.999999972481228, "shape": "b=48 x 64 x 64 x 128", "us": 16.03010023245588}
GDNPREFILL {"config": "reuse_8x4_ibw2", "item": "batched_matmul", "pcc": 0.999999999999998, "shape": "b=48 x 64 x 64 x 128", "us": 12.219349446240813}
GDNPREFILL {"config": "reuse_8x4_ibw1", "item": "batched_matmul", "pcc": 0.999999972481228, "shape": "b=48 x 64 x 64 x 128", "us": 10.972949530696496}
GDNPREFILL {"config": "reuse_8x4_ibw1", "item": "batched_matmul", "pcc": 0.999999972481228, "shape": "b=48 x 64 x 64 x 128", "us": 10.018150351243094}
2026-08-09 13:45:48.321 | warning  |              Op | Failed to find valid config with width-slicing. Attempting fallback to height-slicing. (op_slicing.cpp:233)
2026-08-09 13:45:48.321 | critical |          Always | TT_FATAL: DRAM Auto slice could not find valid slice configuration. Tried up to 1 slices for height-slicing on output dimension 1. Available L1: 1461504 bytes. Operation requires more memory than available even with maximum slicing. (assert.hpp:104)
GDNPREFILL {"channels": 10240, "error": "DRAM Auto slice could not find valid slice configuration. Tried up to 1 slices for height-slicing on output dimension 1. Available L1: 1461504 bytes. Operation requires more memory than available even with maximum slicing.", "groups": 10240, "item": "conv1d", "kernel": 4}
2026-08-09 13:45:48.383 | warning  |              Op | Failed to find valid config with width-slicing. Attempting fallback to height-slicing. (op_slicing.cpp:233)
2026-08-09 13:45:48.384 | critical |          Always | TT_FATAL: DRAM Auto slice could not find valid slice configuration. Tried up to 1 slices for height-slicing on output dimension 1. Available L1: 1461504 bytes. Operation requires more memory than available even with maximum slicing. (assert.hpp:104)
GDNPREFILL {"channels_per_split": 5120, "error": "DRAM Auto slice could not find valid slice configuration. Tried up to 1 slices for height-slicing on output dimension 1. Available L1: 1461504 bytes. Operation requires more memory than available even with maximum slicing.", "groups": 5120, "item": "conv1d_split", "kernel": 4, "splits": 2}
2026-08-09 13:45:48.412 | critical |          Always | TT_FATAL: Out of Memory: Not enough space to allocate 1040 B L1_SMALL buffer across 65 banks, where each bank needs to store 16 B, but bank size is 0 B (allocated: 0 B, free: 0 B, largest free block: 0 B) (assert.hpp:104)
GDNPREFILL {"channels_per_split": 2560, "error": "Out of Memory: Not enough space to allocate 1040 B L1_SMALL buffer across 65 banks, where each bank needs to store 16 B, but bank size is 0 B (allocated: 0 B, free: 0 B, largest free block: 0 B)", "groups": 2560, "item": "conv1d_split", "kernel": 4, "splits": 4}
2026-08-09 13:45:48.426 | critical |          Always | TT_FATAL: Out of Memory: Not enough space to allocate 1040 B L1_SMALL buffer across 65 banks, where each bank needs to store 16 B, but bank size is 0 B (allocated: 0 B, free: 0 B, largest free block: 0 B) (assert.hpp:104)
GDNPREFILL {"channels_per_split": 1280, "error": "Out of Memory: Not enough space to allocate 1040 B L1_SMALL buffer across 65 banks, where each bank needs to store 16 B, but bank size is 0 B (allocated: 0 B, free: 0 B, largest free block: 0 B)", "groups": 1280, "item": "conv1d_split", "kernel": 4, "splits": 8}
2026-08-09 13:45:48.435 | critical |          Always | TT_FATAL: Out of Memory: Not enough space to allocate 1040 B L1_SMALL buffer across 65 banks, where each bank needs to store 16 B, but bank size is 0 B (allocated: 0 B, free: 0 B, largest free block: 0 B) (assert.hpp:104)
GDNPREFILL {"channels_per_split": 640, "error": "Out of Memory: Not enough space to allocate 1040 B L1_SMALL buffer across 65 banks, where each bank needs to store 16 B, but bank size is 0 B (allocated: 0 B, free: 0 B, largest free block: 0 B)", "groups": 640, "item": "conv1d_split", "kernel": 4, "splits": 16}
GDNPREFILL {"item": "l1_small_retry", "note": "reopening the mesh with l1_small_size=32768"}
2026-08-09 13:45:48.560 | info     |    BuildKernels | Using pre-compiled firmware from: /home/ttuser/.local/lib/model-bringup/tt-metal/tt_metal/pre-compiled/5822202293905037534/ (build_env_manager.cpp:347)
2026-08-09 13:45:48.741 | warning  |              Op | Failed to find valid config with width-slicing. Attempting fallback to height-slicing. (op_slicing.cpp:233)
2026-08-09 13:45:48.741 | critical |          Always | TT_FATAL: DRAM Auto slice could not find valid slice configuration. Tried up to 1 slices for height-slicing on output dimension 1. Available L1: 1428736 bytes. Operation requires more memory than available even with maximum slicing. (assert.hpp:104)
GDNPREFILL {"channels": 10240, "error": "DRAM Auto slice could not find valid slice configuration. Tried up to 1 slices for height-slicing on output dimension 1. Available L1: 1428736 bytes. Operation requires more memory than available even with maximum slicing.", "groups": 10240, "item": "conv1d", "kernel": 4}
2026-08-09 13:45:48.799 | warning  |              Op | Failed to find valid config with width-slicing. Attempting fallback to height-slicing. (op_slicing.cpp:233)
2026-08-09 13:45:48.799 | critical |          Always | TT_FATAL: DRAM Auto slice could not find valid slice configuration. Tried up to 1 slices for height-slicing on output dimension 1. Available L1: 1428736 bytes. Operation requires more memory than available even with maximum slicing. (assert.hpp:104)
GDNPREFILL {"channels_per_split": 5120, "error": "DRAM Auto slice could not find valid slice configuration. Tried up to 1 slices for height-slicing on output dimension 1. Available L1: 1428736 bytes. Operation requires more memory than available even with maximum slicing.", "groups": 5120, "item": "conv1d_split", "kernel": 4, "splits": 2}
GDNPREFILL {"channels_per_split": 2560, "groups": 2560, "item": "conv1d_split", "kernel": 4, "ok": true, "splits": 4, "us_per_split": 1158.439350547269, "us_total_estimate": 4633.8}
GDNPREFILL {"channels_per_split": 1280, "groups": 1280, "item": "conv1d_split", "kernel": 4, "ok": true, "splits": 8, "us_per_split": 768.4283496928401, "us_total_estimate": 6147.4}
GDNPREFILL {"channels_per_split": 640, "groups": 640, "item": "conv1d_split", "kernel": 4, "ok": true, "splits": 16, "us_per_split": 547.1577504067682, "us_total_estimate": 8754.5}
nanobind: leaked 1 instances!
 - leaked instance 0x70f194fcba08 of type "ttnn._ttnn.tensor.CoreRangeSet"
nanobind: leaked 41 types!
 - leaked type "DispatchCoreAxis"
 - leaked type "ttnn._ttnn.device.SubDeviceManagerId"
 - leaked type "MathFidelity"
 - leaked type "ttnn._ttnn.operations.matmul.MatmulMultiCoreReuseMultiCast1DProgramConfig"
 - leaked type "ttnn._ttnn.types.Shape"
 - leaked type "ttnn._ttnn.operations.matmul.MatmulInputs"
 - leaked type "ttnn._ttnn.operations.matmul.MatmulMultiCoreReuseMultiCastBatchedDRAMShardedProgramConfig"
 - leaked type "BufferType"
 - leaked type "UnaryOpType"
 - leaked type "Layout"
 - ... skipped remainder
nanobind: leaked 343 functions!
 - leaked function "disable_asynchronous_slow_dispatch"
 - leaked function ""
 - leaked function ""
 - leaked function "devices"
 - leaked function ""
 - leaked function "experimental_per_core_buffer_address"
 - leaked function ""
 - leaked function ""
 - leaked function ""
 - leaked function "get_optimal_dram_bank_to_logical_worker_assignment"
 - ... skipped remainder
nanobind: this is likely caused by a reference counting issue in the binding code.
See https://nanobind.readthedocs.io/en/latest/refleaks.html2026-08-09 13:45:50.894 | info     |    BuildKernels | JIT cache stats: 68/93 hits (73.1%) [68 cached, 72 build-once dedup, 0 merged artifacts, 0 merged genfiles] (build_cache_telemetry.cpp:207)
2026-08-09 13:45:50.894 | info     |    BuildKernels | JIT telemetry: 3 registered TelemetryTokens (build_cache_telemetry.cpp:230)
2026-08-09 13:45:50.898 | info     |          Device | Closing user mode device drivers (tt_cluster.cpp:513)
2026-08-09 13:45:50.898 | info     |             UMD | Closing devices in cluster (cluster.cpp:1037)
2026-08-09 13:45:51.001 | info     |             UMD | Closing devices in cluster completed. (cluster.cpp:1046)
2026-08-09 13:45:51.001 | info     |             UMD | Cluster destructor started. (cluster.cpp:754)
2026-08-09 13:45:51.001 | info     |             UMD | Cluster destructor completed. (cluster.cpp:757)
