2026-08-09 05:21:45.367 | DEBUG    | ttnn:<module>:79 - Initial ttnn.CONFIG:
Config{cache_path=/home/ttuser/.cache/ttnn,model_cache_path=/home/ttuser/.cache/ttnn/models,tmp_dir=/tmp/ttnn,enable_model_cache=false,enable_fast_runtime_mode=true,throw_exception_on_fallback=false,enable_logging=false,enable_graph_report=false,enable_graph_python_stack_traces=false,enable_detailed_buffer_report=false,enable_detailed_tensor_report=false,enable_comparison_mode=false,comparison_mode_should_raise_exception=false,comparison_mode_pcc=0.9999,root_report_path=generated/ttnn/reports,report_name=std::nullopt,std::nullopt}
2026-08-09 05:21:45.418 | info     |          Device | Opening user mode device driver (tt_cluster.cpp:228)
2026-08-09 05:21:45.418 | info     |             UMD | Cluster constructor started. (cluster.cpp:348)
2026-08-09 05:21:45.418 | info     |             UMD | Creating TopologyDiscovery for architecture: blackhole (topology_discovery.cpp:95)
2026-08-09 05:21:45.418 | info     |             UMD | Starting topology discovery. (topology_discovery.cpp:114)
2026-08-09 05:21:45.421 | info     |             UMD | Established firmware bundle version: 19.11.0 (topology_discovery.cpp:574)
2026-08-09 05:21:45.421 | info     |             UMD | Completed topology discovery. (topology_discovery.cpp:118)
2026-08-09 05:21:45.421 | warning  |             UMD | Board 0x46131924022 has 1 chips, but expected 2 chips for board type p300. (cluster_descriptor.cpp:1238)
2026-08-09 05:21:45.441 | info     |             UMD | Opening local chip ids/PCIe ids: {0}/[2] and remote chip ids {} (cluster.cpp:168)
2026-08-09 05:21:45.441 | info     |             UMD | IOMMU: enabled (cluster.cpp:142)
2026-08-09 05:21:45.441 | info     |             UMD | KMD version: 2.10.0 (cluster.cpp:145)
2026-08-09 05:21:45.441 | info     |             UMD | Cluster constructor completed. (cluster.cpp:520)
2026-08-09 05:21:45.441 | warning  |          Device | Using CUSTOM cluster type for P300 board with 1 chips (tt_cluster.cpp:202)
2026-08-09 05:21:45.441 | info     |             UMD | Starting devices in cluster (cluster.cpp:1024)
2026-08-09 05:21:45.491 | info     |             UMD | Starting devices in cluster completed. (cluster.cpp:1032)
2026-08-09 05:21:45.546 | info     |     Distributed | Using custom mesh graph descriptor: /home/ttuser/.local/lib/model-bringup/tt-metal/tt_metal/fabric/mesh_graph_descriptors/p150_mesh_graph_descriptor.textproto (metal_env.cpp:404)
2026-08-09 05:21:45.547 | warning  |          Always | Unknown motherboard 'B850M-C' for chip_id=0 (bus_id=0x3) — falling back to bus_id as tray_id. Add this motherboard and its bus IDs to mobo_to_bus_ids in physical_system_discovery.cpp. (physical_system_discovery.cpp:89)
2026-08-09 05:21:45.547 | info     |          Fabric | Logical multi-mesh adjacency: intermesh degree histogram {0:1}; intra-mesh degree histograms mesh0 {0:1} (topology_mapper_utils.cpp:2342)
2026-08-09 05:21:45.547 | info     |          Fabric | Physical multi-mesh adjacency: intermesh degree histogram {0:1}; intra-mesh degree histograms mesh0 {0:1} (topology_mapper_utils.cpp:2350)
2026-08-09 05:21:45.550 | info     |    BuildKernels | Using pre-compiled firmware from: /home/ttuser/.local/lib/model-bringup/tt-metal/tt_metal/pre-compiled/5822202293905037534/ (build_env_manager.cpp:347)
2026-08-09 05:21:45.607 | info     |           Metal | ShmResourceTracker: removed orphaned shm '/tt_device_154095680226369_memory' (shm_resource_tracker.cpp:282)
2026-08-09 05:21:46.186 | info     |           Metal | [Real-time profiler] Device 0 sync complete: 100 samples, frequency=1.349985 GHz, device_time_at_sync=19061908067229 cycles (realtime_profiler_manager.cpp:1127)
SDPAPOS {"candidate": "default", "pcc": 0.9999745409970053, "position": 63, "scale_ratio": 0.9994730949401855, "us": 45.43979885056615}
SDPAPOS {"candidate": "grid3x8_24cores", "pcc": 0.9999812016596406, "position": 63, "scale_ratio": 1.0004427433013916, "us": 30.90610116487369}
SDPAPOS {"candidate": "grid4x8_32cores", "pcc": 0.9999812016596406, "position": 63, "scale_ratio": 1.0004427433013916, "us": 33.94389932509512}
SDPAPOS {"candidate": "grid8x8_64cores", "pcc": 0.9999812016596406, "position": 63, "scale_ratio": 1.0004427433013916, "us": 69.49469971004874}
SDPAPOS {"candidate": "default", "pcc": 0.9999872494190883, "position": 127, "scale_ratio": 1.0037389993667603, "us": 39.86719966633245}
SDPAPOS {"candidate": "grid3x8_24cores", "pcc": 0.9999918190078187, "position": 127, "scale_ratio": 1.0020701885223389, "us": 28.061600460205227}
SDPAPOS {"candidate": "grid4x8_32cores", "pcc": 0.9999918190078187, "position": 127, "scale_ratio": 1.0020701885223389, "us": 30.75969871133566}
SDPAPOS {"candidate": "grid8x8_64cores", "pcc": 0.9999918190078187, "position": 127, "scale_ratio": 1.0020701885223389, "us": 50.26200087741017}
SDPAPOS {"candidate": "default", "pcc": 0.9999831709903365, "position": 255, "scale_ratio": 1.0049684047698975, "us": 48.39749890379608}
SDPAPOS {"candidate": "grid3x8_24cores", "pcc": 0.7103894325131886, "position": 255, "scale_ratio": 0.07382398098707199, "us": 28.25090050464496}
SDPAPOS {"candidate": "grid4x8_32cores", "pcc": 0.7103894325131886, "position": 255, "scale_ratio": 0.07382398098707199, "us": 30.995199631433934}
SDPAPOS {"candidate": "grid8x8_64cores", "pcc": 0.7103894325131886, "position": 255, "scale_ratio": 0.07382398098707199, "us": 49.64980034856126}
SDPAPOS {"candidate": "default", "pcc": 0.9999738143878278, "position": 511, "scale_ratio": 0.9909424781799316, "us": 77.9519003117457}
SDPAPOS {"candidate": "grid3x8_24cores", "pcc": 0.5139985063923199, "position": 511, "scale_ratio": 6.880052089691162, "us": 36.086898762732744}
SDPAPOS {"candidate": "grid4x8_32cores", "pcc": 0.5139985063923199, "position": 511, "scale_ratio": 6.880052089691162, "us": 36.33839951362461}
SDPAPOS {"candidate": "grid8x8_64cores", "pcc": 0.5139985063923199, "position": 511, "scale_ratio": 6.880052089691162, "us": 51.86199996387586}
SDPAPOS {"candidate": "default", "pcc": 0.9999584234973152, "position": 1023, "scale_ratio": 0.979274570941925, "us": 133.63219914026558}
SDPAPOS {"candidate": "grid3x8_24cores", "pcc": 0.3480257395511528, "position": 1023, "scale_ratio": 18.42937469482422, "us": 50.353200640529394}
SDPAPOS {"candidate": "grid4x8_32cores", "pcc": 0.35204625288044916, "position": 1023, "scale_ratio": 0.9885649085044861, "us": 47.75620036525652}
SDPAPOS {"candidate": "grid8x8_64cores", "pcc": 0.35204625288044916, "position": 1023, "scale_ratio": 0.9885649085044861, "us": 52.840900025330484}
SDPAPOS {"candidate": "default", "pcc": 0.9999037101811191, "position": 2047, "scale_ratio": 0.9845880270004272, "us": 242.10140109062195}
SDPAPOS {"candidate": "grid3x8_24cores", "pcc": 0.43245463562592346, "position": 2047, "scale_ratio": 1.2528072147688363e-05, "us": 57.02990019926801}
SDPAPOS {"candidate": "grid4x8_32cores", "pcc": 0.9999834839647224, "position": 2047, "scale_ratio": 1.0044994354248047, "us": 56.16919952444732}
SDPAPOS {"candidate": "grid8x8_64cores", "pcc": 0.27510092399077957, "position": 2047, "scale_ratio": 179.7566375732422, "us": 68.83449968881905}
SDPAPOS {"candidate": "default", "pcc": 0.9999013280775829, "position": 2048, "scale_ratio": 0.9852675795555115, "us": 243.97999950451776}
SDPAPOS {"candidate": "grid3x8_24cores", "pcc": 0.43239611852938087, "position": 2048, "scale_ratio": 1.2529878404166084e-05, "us": 58.65600105607882}
SDPAPOS {"candidate": "grid4x8_32cores", "pcc": 0.9999827331061364, "position": 2048, "scale_ratio": 1.005092740058899, "us": 62.13869928615168}
SDPAPOS {"candidate": "grid8x8_64cores", "pcc": 0.2171837843564966, "position": 2048, "scale_ratio": 3233.37841796875, "us": 78.78039905335754}
SDPAPOS {"candidate": "default", "pcc": 0.9999014011503122, "position": 2049, "scale_ratio": 0.9859717488288879, "us": 244.998000562191}
SDPAPOS {"candidate": "grid3x8_24cores", "pcc": 0.4333891677180126, "position": 2049, "scale_ratio": 1.2538774171844125e-05, "us": 58.81329998373985}
SDPAPOS {"candidate": "grid4x8_32cores", "pcc": 0.9999829134616224, "position": 2049, "scale_ratio": 1.0054957866668701, "us": 62.32599989743903}
SDPAPOS {"candidate": "grid8x8_64cores", "pcc": 0.21700880250833857, "position": 2049, "scale_ratio": 3235.827880859375, "us": 79.03500081738457}
SDPAPOS {"candidate": "default", "pcc": 0.9997952366723297, "position": 4095, "scale_ratio": 0.9957670569419861, "us": 457.86450064042583}
SDPAPOS {"candidate": "grid3x8_24cores", "pcc": 0.4375488181252234, "position": 4095, "scale_ratio": 1.2447277583649274e-11, "us": 77.21150032011792}
SDPAPOS {"candidate": "grid4x8_32cores", "pcc": 0.9999845482657825, "position": 4095, "scale_ratio": 1.0050874948501587, "us": 71.34620100259781}
SDPAPOS {"candidate": "grid8x8_64cores", "pcc": 0.999983696305237, "position": 4095, "scale_ratio": 1.005007266998291, "us": 82.27409998653457}
SDPAPOS {"candidate": "default", "pcc": 0.9997001861560931, "position": 5003, "scale_ratio": 1.0032529830932617, "us": 555.6051997700706}
SDPAPOS {"candidate": "grid3x8_24cores", "pcc": 0.4569397231792465, "position": 5003, "scale_ratio": 2.1827795032462617e-18, "us": 86.08450007159263}
SDPAPOS {"candidate": "grid4x8_32cores", "pcc": 0.1639968542779918, "position": 5003, "scale_ratio": 0.0, "us": 79.05700040282682}
SDPAPOS {"candidate": "grid8x8_64cores", "pcc": 0.18775004961166541, "position": 5003, "scale_ratio": 7.0504821599037815e-12, "us": 91.08800004469231}
SDPAPOS {"candidate": "default", "pcc": 0.9994166592891954, "position": 8191, "scale_ratio": 1.019108533859253, "us": 891.5981001337059}
SDPAPOS {"candidate": "grid3x8_24cores", "pcc": 0.3856053566597918, "position": 8191, "scale_ratio": 0.0, "us": 112.96669981675223}
SDPAPOS {"candidate": "grid4x8_32cores", "pcc": 0.9999800287592968, "position": 8191, "scale_ratio": 1.0061473846435547, "us": 101.06109984917566}
SDPAPOS {"candidate": "grid8x8_64cores", "pcc": 0.9999816033241893, "position": 8191, "scale_ratio": 1.0058687925338745, "us": 105.36929912632331}
SDPAPOS {"candidate": "default", "pcc": 0.9989164685605406, "position": 12287, "scale_ratio": 0.783491849899292, "us": 1321.5452010626905}
SDPAPOS {"candidate": "grid3x8_24cores", "pcc": 0.9999707179541576, "position": 12287, "scale_ratio": 0.9854831695556641, "us": 148.6368986661546}
SDPAPOS {"candidate": "grid4x8_32cores", "pcc": 0.9999771402909255, "position": 12287, "scale_ratio": 0.9956207871437073, "us": 131.24069955665618}
SDPAPOS {"candidate": "grid8x8_64cores", "pcc": 0.9999789368362026, "position": 12287, "scale_ratio": 1.0061813592910767, "us": 128.2619996345602}
SDPAPOS {"candidate": "default", "pcc": 0.9983317994869747, "position": 16383, "scale_ratio": 1.065497636795044, "us": 1749.9324996606447}
SDPAPOS {"candidate": "grid3x8_24cores", "pcc": 1.0, "position": 16383, "scale_ratio": 0.0, "us": 189.1052001155913}
SDPAPOS {"candidate": "grid4x8_32cores", "pcc": 0.9999719856042036, "position": 16383, "scale_ratio": 0.9920229911804199, "us": 160.7099999091588}
SDPAPOS {"candidate": "grid8x8_64cores", "pcc": 0.999978208308096, "position": 16383, "scale_ratio": 1.006409764289856, "us": 151.33699926082045}
SDPAPOS {"candidate": "default", "pcc": 0.9935428524347903, "position": 32767, "scale_ratio": 2.3382396697998047, "us": 3475.4501990391873}
SDPAPOS {"candidate": "grid3x8_24cores", "pcc": 1.0, "position": 32767, "scale_ratio": 0.0, "us": 337.09279960021377}
SDPAPOS {"candidate": "grid4x8_32cores", "pcc": 0.9999576626833022, "position": 32767, "scale_ratio": 0.9797545075416565, "us": 282.7489995979704}
SDPAPOS {"candidate": "grid8x8_64cores", "pcc": 0.9999712807795278, "position": 32767, "scale_ratio": 0.9930886626243591, "us": 247.35150072956458}
SDPAPOS {"candidate": "default", "pcc": 0.9778846444928874, "position": 65535, "scale_ratio": 5.777522563934326, "us": 6922.637399111409}
SDPAPOS {"candidate": "grid3x8_24cores", "pcc": 1.0, "position": 65535, "scale_ratio": 0.0, "us": 637.0748989866115}
SDPAPOS {"candidate": "grid4x8_32cores", "pcc": 0.99991322112077, "position": 65535, "scale_ratio": 0.984756350517273, "us": 522.2425010288134}
SDPAPOS {"candidate": "grid8x8_64cores", "pcc": 0.99995491933253, "position": 65535, "scale_ratio": 0.9804471731185913, "us": 433.5812001954764}
SDPAPOS {"candidate": "default", "pcc": 0.9273361265215232, "position": 131071, "scale_ratio": 18.448116302490234, "us": 13814.511999953538}
SDPAPOS {"candidate": "grid3x8_24cores", "pcc": 1.0, "position": 131071, "scale_ratio": 0.0, "us": 1233.3125996519811}
SDPAPOS {"candidate": "grid4x8_32cores", "pcc": 0.9997867317695851, "position": 131071, "scale_ratio": 0.9950279593467712, "us": 997.5973996915855}
SDPAPOS {"candidate": "grid8x8_64cores", "pcc": 0.999910385713614, "position": 131071, "scale_ratio": 0.9857133030891418, "us": 798.408999980893}
SDPAPOS {"candidate": "default", "pcc": 0.7909886689461751, "position": 261887, "scale_ratio": 80.96356201171875, "us": 27571.385000192095}
SDPAPOS {"candidate": "grid3x8_24cores", "pcc": 1.0, "position": 261887, "scale_ratio": 0.0, "us": 2423.0089999036863}
SDPAPOS {"candidate": "grid4x8_32cores", "pcc": 1.0, "position": 261887, "scale_ratio": 0.0, "us": 1948.7121011479758}
SDPAPOS {"candidate": "grid8x8_64cores", "pcc": 1.0, "position": 261887, "scale_ratio": 0.0, "us": 1534.2754995799623}
SDPAPOS {"candidate": "default", "pcc": 0.7899934639289177, "position": 262143, "scale_ratio": 81.13926696777344, "us": 27596.252600778826}
SDPAPOS {"candidate": "grid3x8_24cores", "pcc": 1.0, "position": 262143, "scale_ratio": 0.0, "us": 2429.0154993650503}
SDPAPOS {"candidate": "grid4x8_32cores", "pcc": 0.9994142760340157, "position": 262143, "scale_ratio": 1.018540620803833, "us": 1950.6027005263604}
SDPAPOS {"candidate": "grid8x8_64cores", "pcc": 0.9997935996856271, "position": 262143, "scale_ratio": 0.996302604675293, "us": 1530.9370995964855}
nanobind: leaked 1 instances!
 - leaked instance 0x7924e5dfdae8 of type "ttnn._ttnn.tensor.CoreRangeSet"
nanobind: leaked 41 types!
 - leaked type "DispatchCoreAxis"
 - leaked type "ttnn._ttnn.device.SubDeviceManagerId"
 - leaked type "MathFidelity"
 - leaked type "ttnn._ttnn.operations.matmul.MatmulMultiCoreReuseMultiCast1DProgramConfig"
 - leaked type "ttnn._ttnn.types.Shape"
 - leaked type "ttnn._ttnn.operations.matmul.MatmulInputs"
 - leaked type "ttnn._ttnn.operations.matmul.MatmulMultiCoreReuseMultiCastBatchedDRAMShardedProgramConfig"
 - leaked type "BufferType"
 - leaked type "UnaryOpType"
 - leaked type "Layout"
 - ... skipped remainder
nanobind: leaked 343 functions!
 - leaked function ""
 - leaked function "GetNumPCIeDevices"
 - leaked function ""
 - leaked function "get_tile"
 - leaked function "__repr__"
 - leaked function "__iter__"
 - leaked function "buffer_page_size"
 - leaked function ""
 - leaked function "__eq__"
 - leaked function ""
 - ... skipped remainder
nanobind: this is likely caused by a reference counting issue in the binding code.
See https://nanobind.readthedocs.io/en/latest/refleaks.html2026-08-09 05:22:01.470 | info     |    BuildKernels | JIT cache stats: 28/28 hits (100.0%) [28 cached, 0 build-once dedup, 0 merged artifacts, 0 merged genfiles] (build_cache_telemetry.cpp:207)
2026-08-09 05:22:01.470 | info     |    BuildKernels | JIT telemetry: 3 registered TelemetryTokens (build_cache_telemetry.cpp:230)
2026-08-09 05:22:01.475 | info     |          Device | Closing user mode device drivers (tt_cluster.cpp:513)
2026-08-09 05:22:01.475 | info     |             UMD | Closing devices in cluster (cluster.cpp:1037)
2026-08-09 05:22:01.570 | info     |             UMD | Closing devices in cluster completed. (cluster.cpp:1046)
2026-08-09 05:22:01.570 | info     |             UMD | Cluster destructor started. (cluster.cpp:754)
2026-08-09 05:22:01.570 | info     |             UMD | Cluster destructor completed. (cluster.cpp:757)
