2026-08-09 05:18:48.065 | DEBUG    | ttnn:<module>:79 - Initial ttnn.CONFIG:
Config{cache_path=/home/ttuser/.cache/ttnn,model_cache_path=/home/ttuser/.cache/ttnn/models,tmp_dir=/tmp/ttnn,enable_model_cache=false,enable_fast_runtime_mode=true,throw_exception_on_fallback=false,enable_logging=false,enable_graph_report=false,enable_graph_python_stack_traces=false,enable_detailed_buffer_report=false,enable_detailed_tensor_report=false,enable_comparison_mode=false,comparison_mode_should_raise_exception=false,comparison_mode_pcc=0.9999,root_report_path=generated/ttnn/reports,report_name=std::nullopt,std::nullopt}
2026-08-09 05:18:48.116 | info     |          Device | Opening user mode device driver (tt_cluster.cpp:228)
2026-08-09 05:18:48.116 | info     |             UMD | Cluster constructor started. (cluster.cpp:348)
2026-08-09 05:18:48.116 | info     |             UMD | Creating TopologyDiscovery for architecture: blackhole (topology_discovery.cpp:95)
2026-08-09 05:18:48.116 | info     |             UMD | Starting topology discovery. (topology_discovery.cpp:114)
2026-08-09 05:18:48.119 | info     |             UMD | Established firmware bundle version: 19.11.0 (topology_discovery.cpp:574)
2026-08-09 05:18:48.119 | info     |             UMD | Completed topology discovery. (topology_discovery.cpp:118)
2026-08-09 05:18:48.119 | warning  |             UMD | Board 0x46131924022 has 1 chips, but expected 2 chips for board type p300. (cluster_descriptor.cpp:1238)
2026-08-09 05:18:48.138 | info     |             UMD | Opening local chip ids/PCIe ids: {0}/[2] and remote chip ids {} (cluster.cpp:168)
2026-08-09 05:18:48.138 | info     |             UMD | IOMMU: enabled (cluster.cpp:142)
2026-08-09 05:18:48.138 | info     |             UMD | KMD version: 2.10.0 (cluster.cpp:145)
2026-08-09 05:18:48.138 | info     |             UMD | Cluster constructor completed. (cluster.cpp:520)
2026-08-09 05:18:48.138 | warning  |          Device | Using CUSTOM cluster type for P300 board with 1 chips (tt_cluster.cpp:202)
2026-08-09 05:18:48.139 | info     |             UMD | Starting devices in cluster (cluster.cpp:1024)
2026-08-09 05:18:48.169 | info     |             UMD | Starting devices in cluster completed. (cluster.cpp:1032)
2026-08-09 05:18:48.224 | info     |     Distributed | Using custom mesh graph descriptor: /home/ttuser/.local/lib/model-bringup/tt-metal/tt_metal/fabric/mesh_graph_descriptors/p150_mesh_graph_descriptor.textproto (metal_env.cpp:404)
2026-08-09 05:18:48.224 | warning  |          Always | Unknown motherboard 'B850M-C' for chip_id=0 (bus_id=0x3) — falling back to bus_id as tray_id. Add this motherboard and its bus IDs to mobo_to_bus_ids in physical_system_discovery.cpp. (physical_system_discovery.cpp:89)
2026-08-09 05:18:48.224 | info     |          Fabric | Logical multi-mesh adjacency: intermesh degree histogram {0:1}; intra-mesh degree histograms mesh0 {0:1} (topology_mapper_utils.cpp:2342)
2026-08-09 05:18:48.224 | info     |          Fabric | Physical multi-mesh adjacency: intermesh degree histogram {0:1}; intra-mesh degree histograms mesh0 {0:1} (topology_mapper_utils.cpp:2350)
2026-08-09 05:18:48.228 | info     |    BuildKernels | Using pre-compiled firmware from: /home/ttuser/.local/lib/model-bringup/tt-metal/tt_metal/pre-compiled/5822202293905037534/ (build_env_manager.cpp:347)
2026-08-09 05:18:48.284 | info     |           Metal | ShmResourceTracker: removed orphaned shm '/tt_device_154095680226369_memory' (shm_resource_tracker.cpp:282)
2026-08-09 05:18:48.863 | info     |           Metal | [Real-time profiler] Device 0 sync complete: 100 samples, frequency=1.349987 GHz, device_time_at_sync=19015079983910 cycles (realtime_profiler_manager.cpp:1127)
SDPASWEEP {"candidate": "default", "pcc": 0.999999999999954, "position": 2048, "us": 235.34895008197054}
SDPASWEEP {"candidate": "grid8x8_q0_k0", "pcc": 0.22362570170108403, "position": 2048, "us": 59.323300229152665}
SDPASWEEP {"candidate": "grid8x8_q32_k128", "pcc": 0.22362570170108403, "position": 2048, "us": 65.38539964822121}
SDPASWEEP {"candidate": "grid8x8_q32_k256", "pcc": 0.292773489541126, "position": 2048, "us": 53.78419955377467}
SDPASWEEP {"candidate": "grid8x8_q32_k512", "pcc": 0.5132212860214931, "position": 2048, "us": 65.30175014631823}
SDPASWEEP {"candidate": "grid11x10_q0_k0", "pcc": 0.22362570170108403, "position": 2048, "us": 60.79860031604767}
SDPASWEEP {"candidate": "grid11x10_q32_k128", "pcc": 0.22362570170108403, "position": 2048, "us": 60.435899649746716}
SDPASWEEP {"candidate": "grid11x10_q32_k256", "pcc": 0.292773489541126, "position": 2048, "us": 57.011900207726285}
SDPASWEEP {"candidate": "grid11x10_q32_k512", "pcc": 0.5132212860214931, "position": 2048, "us": 65.4139497783035}
SDPASWEEP {"candidate": "grid8x10_q0_k0", "pcc": 0.22362570170108403, "position": 2048, "us": 59.071299619972706}
SDPASWEEP {"candidate": "grid8x10_q32_k128", "pcc": 0.22362570170108403, "position": 2048, "us": 59.16450027143583}
SDPASWEEP {"candidate": "grid8x10_q32_k256", "pcc": 0.292773489541126, "position": 2048, "us": 53.438600298250094}
SDPASWEEP {"candidate": "grid8x10_q32_k512", "pcc": 0.5132212860214931, "position": 2048, "us": 64.39395001507364}
SDPASWEEP {"candidate": "grid11x8_q0_k0", "pcc": 0.22362570170108403, "position": 2048, "us": 59.147950378246605}
SDPASWEEP {"candidate": "grid11x8_q32_k128", "pcc": 0.22362570170108403, "position": 2048, "us": 59.266199968988076}
SDPASWEEP {"candidate": "grid11x8_q32_k256", "pcc": 0.292773489541126, "position": 2048, "us": 54.391899902839214}
SDPASWEEP {"candidate": "grid11x8_q32_k512", "pcc": 0.5132212860214931, "position": 2048, "us": 64.49819993576966}
SDPASWEEP {"candidate": "grid4x8_q0_k0", "pcc": 0.999901176888552, "position": 2048, "us": 51.776400505332276}
SDPASWEEP {"candidate": "grid4x8_q32_k128", "pcc": 0.999901176888552, "position": 2048, "us": 52.47925000730902}
SDPASWEEP {"candidate": "grid4x8_q32_k256", "pcc": 0.07236262482090398, "position": 2048, "us": 57.27239986299537}
SDPASWEEP {"candidate": "grid4x8_q32_k512", "pcc": 0.5132212860214931, "position": 2048, "us": 52.24275009823032}
SDPASWEEP {"candidate": "default", "pcc": 0.9999999999999979, "position": 8192, "us": 881.5991503070109}
SDPASWEEP {"candidate": "grid8x8_q0_k0", "pcc": 0.9995037891032876, "position": 8192, "us": 94.86464987276122}
SDPASWEEP {"candidate": "grid8x8_q32_k128", "pcc": 0.9995037891032876, "position": 8192, "us": 94.76394989178516}
SDPASWEEP {"candidate": "grid8x8_q32_k256", "pcc": 0.9995022833957645, "position": 8192, "us": 103.32784950151108}
SDPASWEEP {"candidate": "grid8x8_q32_k512", "pcc": 0.29807293767616433, "position": 8192, "us": 119.56985035794787}
SDPASWEEP {"candidate": "grid11x10_q0_k0", "pcc": 0.9995037891032876, "position": 8192, "us": 93.47800005343743}
SDPASWEEP {"candidate": "grid11x10_q32_k128", "pcc": 0.9995037891032876, "position": 8192, "us": 93.76704983878881}
SDPASWEEP {"candidate": "grid11x10_q32_k256", "pcc": 0.9995022833957645, "position": 8192, "us": 101.54795018024743}
SDPASWEEP {"candidate": "grid11x10_q32_k512", "pcc": 0.29807293767616433, "position": 8192, "us": 117.90964999818243}
SDPASWEEP {"candidate": "grid8x10_q0_k0", "pcc": 0.9995037891032876, "position": 8192, "us": 94.20695059816353}
SDPASWEEP {"candidate": "grid8x10_q32_k128", "pcc": 0.9995037891032876, "position": 8192, "us": 94.16485045221634}
SDPASWEEP {"candidate": "grid8x10_q32_k256", "pcc": 0.9995022833957645, "position": 8192, "us": 104.00065002613701}
SDPASWEEP {"candidate": "grid8x10_q32_k512", "pcc": 0.29807293767616433, "position": 8192, "us": 120.64839975209907}
SDPASWEEP {"candidate": "grid11x8_q0_k0", "pcc": 0.9995037891032876, "position": 8192, "us": 93.62729979329742}
SDPASWEEP {"candidate": "grid11x8_q32_k128", "pcc": 0.9995037891032876, "position": 8192, "us": 94.00154958711937}
SDPASWEEP {"candidate": "grid11x8_q32_k256", "pcc": 0.9995022833957645, "position": 8192, "us": 101.68014996452257}
SDPASWEEP {"candidate": "grid11x8_q32_k512", "pcc": 0.29807293767616433, "position": 8192, "us": 118.08100025518797}
SDPASWEEP {"candidate": "grid4x8_q0_k0", "pcc": 0.9995024215246645, "position": 8192, "us": 97.08989964565262}
SDPASWEEP {"candidate": "grid4x8_q32_k128", "pcc": 0.9995024215246645, "position": 8192, "us": 96.69720020610839}
SDPASWEEP {"candidate": "grid4x8_q32_k256", "pcc": 0.9995050550600368, "position": 8192, "us": 102.1531003061682}
SDPASWEEP {"candidate": "grid4x8_q32_k512", "pcc": 0.999508291773035, "position": 8192, "us": 112.66465007793158}
nanobind: leaked 1 instances!
 - leaked instance 0x7565dfb14c18 of type "ttnn._ttnn.tensor.CoreRangeSet"
nanobind: leaked 41 types!
 - leaked type "DispatchCoreAxis"
 - leaked type "ttnn._ttnn.device.SubDeviceManagerId"
 - leaked type "MathFidelity"
 - leaked type "ttnn._ttnn.operations.matmul.MatmulMultiCoreReuseMultiCast1DProgramConfig"
 - leaked type "ttnn._ttnn.types.Shape"
 - leaked type "ttnn._ttnn.operations.matmul.MatmulInputs"
 - leaked type "ttnn._ttnn.operations.matmul.MatmulMultiCoreReuseMultiCastBatchedDRAMShardedProgramConfig"
 - leaked type "BufferType"
 - leaked type "UnaryOpType"
 - leaked type "Layout"
 - ... skipped remainder
nanobind: leaked 343 functions!
 - leaked function "is_asynchronous_slow_dispatch_enabled"
 - leaked function ""
 - leaked function "bounding_box"
 - leaked function ""
 - leaked function ""
 - leaked function "__repr__"
 - leaked function "__repr__"
 - leaked function "config"
 - leaked function "to_torch"
 - leaked function ""
 - ... skipped remainder
nanobind: this is likely caused by a reference counting issue in the binding code.
See https://nanobind.readthedocs.io/en/latest/refleaks.html2026-08-09 05:19:04.662 | info     |    BuildKernels | JIT cache stats: 8/98 hits (8.2%) [8 cached, 72 build-once dedup, 0 merged artifacts, 0 merged genfiles] (build_cache_telemetry.cpp:207)
2026-08-09 05:19:04.662 | info     |    BuildKernels | JIT telemetry: 3 registered TelemetryTokens (build_cache_telemetry.cpp:230)
2026-08-09 05:19:04.667 | info     |          Device | Closing user mode device drivers (tt_cluster.cpp:513)
2026-08-09 05:19:04.667 | info     |             UMD | Closing devices in cluster (cluster.cpp:1037)
2026-08-09 05:19:04.748 | info     |             UMD | Closing devices in cluster completed. (cluster.cpp:1046)
2026-08-09 05:19:04.748 | info     |             UMD | Cluster destructor started. (cluster.cpp:754)
2026-08-09 05:19:04.748 | info     |             UMD | Cluster destructor completed. (cluster.cpp:757)
