2026-08-09 04:42:47.072 | DEBUG    | ttnn:<module>:79 - Initial ttnn.CONFIG:
Config{cache_path=/home/ttuser/.cache/ttnn,model_cache_path=/home/ttuser/.cache/ttnn/models,tmp_dir=/tmp/ttnn,enable_model_cache=false,enable_fast_runtime_mode=true,throw_exception_on_fallback=false,enable_logging=false,enable_graph_report=false,enable_graph_python_stack_traces=false,enable_detailed_buffer_report=false,enable_detailed_tensor_report=false,enable_comparison_mode=false,comparison_mode_should_raise_exception=false,comparison_mode_pcc=0.9999,root_report_path=generated/ttnn/reports,report_name=std::nullopt,std::nullopt}
2026-08-09 04:42:48.380 | info     |          Device | Opening user mode device driver (tt_cluster.cpp:228)
2026-08-09 04:42:48.380 | info     |             UMD | Cluster constructor started. (cluster.cpp:348)
2026-08-09 04:42:48.380 | info     |             UMD | Creating TopologyDiscovery for architecture: blackhole (topology_discovery.cpp:95)
2026-08-09 04:42:48.380 | info     |             UMD | Starting topology discovery. (topology_discovery.cpp:114)
2026-08-09 04:42:48.383 | info     |             UMD | Established firmware bundle version: 19.11.0 (topology_discovery.cpp:574)
2026-08-09 04:42:48.384 | info     |             UMD | Completed topology discovery. (topology_discovery.cpp:118)
2026-08-09 04:42:48.384 | warning  |             UMD | Board 0x46131924022 has 1 chips, but expected 2 chips for board type p300. (cluster_descriptor.cpp:1238)
2026-08-09 04:42:48.403 | info     |             UMD | Opening local chip ids/PCIe ids: {0}/[2] and remote chip ids {} (cluster.cpp:168)
2026-08-09 04:42:48.403 | info     |             UMD | IOMMU: enabled (cluster.cpp:142)
2026-08-09 04:42:48.403 | info     |             UMD | KMD version: 2.10.0 (cluster.cpp:145)
2026-08-09 04:42:48.403 | info     |             UMD | Cluster constructor completed. (cluster.cpp:520)
2026-08-09 04:42:48.403 | warning  |          Device | Using CUSTOM cluster type for P300 board with 1 chips (tt_cluster.cpp:202)
2026-08-09 04:42:48.404 | info     |             UMD | Starting devices in cluster (cluster.cpp:1024)
2026-08-09 04:42:48.410 | info     |             UMD | Starting devices in cluster completed. (cluster.cpp:1032)
2026-08-09 04:42:48.461 | info     |     Distributed | Using custom mesh graph descriptor: /home/ttuser/.local/lib/model-bringup/tt-metal/tt_metal/fabric/mesh_graph_descriptors/p150_mesh_graph_descriptor.textproto (metal_env.cpp:404)
2026-08-09 04:42:48.462 | warning  |          Always | Unknown motherboard 'B850M-C' for chip_id=0 (bus_id=0x3) — falling back to bus_id as tray_id. Add this motherboard and its bus IDs to mobo_to_bus_ids in physical_system_discovery.cpp. (physical_system_discovery.cpp:89)
2026-08-09 04:42:48.462 | info     |          Fabric | Logical multi-mesh adjacency: intermesh degree histogram {0:1}; intra-mesh degree histograms mesh0 {0:1} (topology_mapper_utils.cpp:2342)
2026-08-09 04:42:48.462 | info     |          Fabric | Physical multi-mesh adjacency: intermesh degree histogram {0:1}; intra-mesh degree histograms mesh0 {0:1} (topology_mapper_utils.cpp:2350)
2026-08-09 04:42:48.465 | info     |    BuildKernels | Using pre-compiled firmware from: /home/ttuser/.local/lib/model-bringup/tt-metal/tt_metal/pre-compiled/5822202293905037534/ (build_env_manager.cpp:347)
2026-08-09 04:42:48.522 | info     |           Metal | ShmResourceTracker: removed orphaned shm '/tt_device_154095680226369_memory' (shm_resource_tracker.cpp:282)
2026-08-09 04:42:49.102 | info     |           Metal | [Real-time profiler] Device 0 sync complete: 100 samples, frequency=1.349987 GHz, device_time_at_sync=17953761542446 cycles (realtime_profiler_manager.cpp:1127)
[transformers] The fast path is not available because one of the required library is not installed. Falling back to torch implementation. To install follow https://github.com/fla-org/flash-linear-attention#installation and https://github.com/Dao-AILab/causal-conv1d
2026-08-09 04:42:56.223 | warning  |           Metal | Allocating device buffers is unsafe due to the existence of an active trace. These buffers may be corrupted once a trace is executed. (allocator.cpp:123)
SWEEP {"candidate": "fused_stage_baseline", "decode_ms": 2.2772814372729044, "decode_pcc_eager": 0.9999982168409213, "decode_pcc_traced": 0.9999982168409213, "kind": "linear_attention", "prefill_ms": 51.746613666182384, "prefill_pcc": 0.9999671306066461, "real_weights": true, "seq_len": 2048}
SWEEP {"candidate": "opt_bf16_hifi4", "decode_ms": 2.27694987461291, "decode_pcc_eager": 0.9999982168409213, "decode_pcc_traced": 0.9999982168409213, "kind": "linear_attention", "prefill_ms": 51.72114633023739, "prefill_pcc": 0.9999671306066461, "real_weights": true, "seq_len": 2048}
SWEEP {"candidate": "mlp_bfp8_hifi2", "decode_ms": 1.8051456872854033, "decode_pcc_eager": 0.9999968413646875, "decode_pcc_traced": 0.9999968413646875, "kind": "linear_attention", "prefill_ms": 47.431813999234386, "prefill_pcc": 0.9999390243560575, "real_weights": true, "seq_len": 2048}
SWEEP {"candidate": "mlp_bfp8_lofi", "decode_ms": 1.8077867503052403, "decode_pcc_eager": 0.9999693520760459, "decode_pcc_traced": 0.9999693520760459, "kind": "linear_attention", "prefill_ms": 46.23540299750554, "prefill_pcc": 0.9995947471316596, "real_weights": true, "seq_len": 2048}
SWEEP {"candidate": "mlp_bfp4_lofi", "decode_ms": 1.6644829684082652, "decode_pcc_eager": 0.9999652471310757, "decode_pcc_traced": 0.9999652471310757, "kind": "linear_attention", "prefill_ms": 46.220423668273725, "prefill_pcc": 0.9993767790934206, "real_weights": true, "seq_len": 2048}
SWEEP {"candidate": "mlp_bfp4_all_lofi", "decode_ms": 1.663998031290248, "decode_pcc_eager": 0.99995886518721, "decode_pcc_traced": 0.99995886518721, "kind": "linear_attention", "prefill_ms": 46.42199000227265, "prefill_pcc": 0.9991140064691534, "real_weights": true, "seq_len": 2048}
SWEEP {"candidate": "plus_attn_bfp8", "decode_ms": 1.491861687554774, "decode_pcc_eager": 0.9999087710217708, "decode_pcc_traced": 0.9999087710217708, "kind": "linear_attention", "prefill_ms": 46.4252716677341, "prefill_pcc": 0.9994653291098679, "real_weights": true, "seq_len": 2048}
SWEEP {"candidate": "plus_attn_bfp4", "decode_ms": 1.4700648439429642, "decode_pcc_eager": 0.9971023381781263, "decode_pcc_traced": 0.9971023381781263, "kind": "linear_attention", "prefill_ms": 46.61852966819424, "prefill_pcc": 0.9876441941828934, "real_weights": true, "seq_len": 2048}
SWEEP {"candidate": "plus_kv_bfp8", "decode_ms": 1.4911013122400618, "decode_pcc_eager": 0.9999087710217708, "decode_pcc_traced": 0.9999087710217708, "kind": "linear_attention", "prefill_ms": 46.356190665392205, "prefill_pcc": 0.9994653291098679, "real_weights": true, "seq_len": 2048}
SWEEP {"candidate": "default_sdpa_hifi4", "decode_ms": 1.4925845002835558, "decode_pcc_eager": 0.9999087710217708, "decode_pcc_traced": 0.9999087710217708, "kind": "linear_attention", "prefill_ms": 46.369244329980575, "prefill_pcc": 0.9994653291098679, "real_weights": true, "seq_len": 2048}
SWEEP {"candidate": "default_sdpa_lofi", "decode_ms": 1.4927649062883575, "decode_pcc_eager": 0.9999087710217708, "decode_pcc_traced": 0.9999087710217708, "kind": "linear_attention", "prefill_ms": 46.40338400107188, "prefill_pcc": 0.9994653291098679, "real_weights": true, "seq_len": 2048}
SWEEP {"candidate": "fused_stage_baseline", "decode_ms": 2.2309568435048277, "decode_pcc_eager": 0.9999925206753103, "decode_pcc_traced": 0.9999925206753103, "kind": "full_attention", "prefill_ms": 19.559125663363375, "prefill_pcc": 0.9999689068773306, "real_weights": true, "seq_len": 2048}
SWEEP {"candidate": "opt_bf16_hifi4", "decode_ms": 2.2654583754047053, "decode_pcc_eager": 0.9999925206753103, "decode_pcc_traced": 0.9999925206753103, "kind": "full_attention", "prefill_ms": 20.21550567102774, "prefill_pcc": 0.9999689068773306, "real_weights": true, "seq_len": 2048}
SWEEP {"candidate": "mlp_bfp8_hifi2", "decode_ms": 1.755400843649113, "decode_pcc_eager": 0.9999678013529818, "decode_pcc_traced": 0.9999678013529818, "kind": "full_attention", "prefill_ms": 14.97669066884555, "prefill_pcc": 0.9999360916356813, "real_weights": true, "seq_len": 2048}
SWEEP {"candidate": "mlp_bfp8_lofi", "decode_ms": 1.7563126252753136, "decode_pcc_eager": 0.9998854004926122, "decode_pcc_traced": 0.9998854004926122, "kind": "full_attention", "prefill_ms": 14.096096332650632, "prefill_pcc": 0.9997929396199722, "real_weights": true, "seq_len": 2048}
SWEEP {"candidate": "mlp_bfp4_lofi", "decode_ms": 1.6141268433784717, "decode_pcc_eager": 0.9996374910006711, "decode_pcc_traced": 0.9996374910006711, "kind": "full_attention", "prefill_ms": 13.973045332628923, "prefill_pcc": 0.9992809083613915, "real_weights": true, "seq_len": 2048}
SWEEP {"candidate": "mlp_bfp4_all_lofi", "decode_ms": 1.612660656519438, "decode_pcc_eager": 0.9939701892713558, "decode_pcc_traced": 0.9939701892713558, "kind": "full_attention", "prefill_ms": 13.974725666533535, "prefill_pcc": 0.9931123245026372, "real_weights": true, "seq_len": 2048}
SWEEP {"candidate": "plus_attn_bfp8", "decode_ms": 1.4670044688500639, "decode_pcc_eager": 0.9996535990209379, "decode_pcc_traced": 0.9996535990209379, "kind": "full_attention", "prefill_ms": 14.101762004429474, "prefill_pcc": 0.9992843998828811, "real_weights": true, "seq_len": 2048}
SWEEP {"candidate": "plus_attn_bfp4", "decode_ms": 1.456465031424159, "decode_pcc_eager": 0.9985729618409022, "decode_pcc_traced": 0.9985729618409022, "kind": "full_attention", "prefill_ms": 13.96835433358016, "prefill_pcc": 0.9948154214845862, "real_weights": true, "seq_len": 2048}
SWEEP {"candidate": "plus_kv_bfp8", "decode_ms": 1.4354772188198694, "decode_pcc_eager": 0.9996553124380563, "decode_pcc_traced": 0.9996553124380563, "kind": "full_attention", "prefill_ms": 13.414373669850951, "prefill_pcc": 0.9992704958121014, "real_weights": true, "seq_len": 2048}
SWEEP {"candidate": "default_sdpa_hifi4", "decode_ms": 1.4692276249661518, "decode_pcc_eager": 0.9996559366665805, "decode_pcc_traced": 0.9996559366665805, "kind": "full_attention", "prefill_ms": 13.957778666129647, "prefill_pcc": 0.9992683552748219, "real_weights": true, "seq_len": 2048}
SWEEP {"candidate": "default_sdpa_lofi", "decode_ms": 1.4317326249511098, "decode_pcc_eager": 0.9989904852190321, "decode_pcc_traced": 0.9989904852190321, "kind": "full_attention", "prefill_ms": 13.083055334088082, "prefill_pcc": 0.9991460423195203, "real_weights": true, "seq_len": 2048}
nanobind: leaked 1 instances!
 - leaked instance 0x7d3e5619a298 of type "ttnn._ttnn.tensor.CoreRangeSet"
nanobind: leaked 13 types!
 - leaked type "ttnn._ttnn.operations.matmul.MatmulMultiCoreReuseMultiCast1DProgramConfig"
 - leaked type "ttnn._ttnn.operations.matmul.MatmulInputs"
 - leaked type "ttnn._ttnn.operations.matmul.MatmulMultiCoreReuseMultiCastBatchedDRAMShardedProgramConfig"
 - leaked type "UnaryOpType"
 - leaked type "ttnn._ttnn.operations.matmul.MatmulMultiCoreReuseOptimizedProgramFactory"
 - leaked type "ttnn._ttnn.operations.matmul.MatmulParams"
 - leaked type "ttnn._ttnn.tensor.CoreRangeSet"
 - leaked type "ttnn._ttnn.operations.matmul.MatmulMultiCoreReuseProgramConfig"
 - leaked type "ttnn._ttnn.operations.matmul.MatmulDeviceOperation"
 - leaked type "ttnn._ttnn.tensor.Tensor"
 - ... skipped remainder
nanobind: leaked 199 functions!
 - leaked function ""
 - leaked function ""
 - leaked function ""
 - leaked function ""
 - leaked function ""
 - leaked function ""
 - leaked function ""
 - leaked function ""
 - leaked function "from_json"
 - leaked function ""
 - ... skipped remainder
nanobind: this is likely caused by a reference counting issue in the binding code.
See https://nanobind.readthedocs.io/en/latest/refleaks.html2026-08-09 04:44:51.335 | info     |    BuildKernels | JIT cache stats: 639/877 hits (72.9%) [639 cached, 539 build-once dedup, 0 merged artifacts, 0 merged genfiles] (build_cache_telemetry.cpp:207)
2026-08-09 04:44:51.335 | info     |    BuildKernels | JIT telemetry: 3 registered TelemetryTokens (build_cache_telemetry.cpp:230)
2026-08-09 04:44:51.351 | info     |          Device | Closing user mode device drivers (tt_cluster.cpp:513)
2026-08-09 04:44:51.351 | info     |             UMD | Closing devices in cluster (cluster.cpp:1037)
2026-08-09 04:44:51.500 | info     |             UMD | Closing devices in cluster completed. (cluster.cpp:1046)
2026-08-09 04:44:51.500 | info     |             UMD | Cluster destructor started. (cluster.cpp:754)
2026-08-09 04:44:51.500 | info     |             UMD | Cluster destructor completed. (cluster.cpp:757)
