2026-08-09 09:30:16.040 | DEBUG    | ttnn:<module>:79 - Initial ttnn.CONFIG:
Config{cache_path=/home/ttuser/.cache/ttnn,model_cache_path=/home/ttuser/.cache/ttnn/models,tmp_dir=/tmp/ttnn,enable_model_cache=false,enable_fast_runtime_mode=true,throw_exception_on_fallback=false,enable_logging=false,enable_graph_report=false,enable_graph_python_stack_traces=false,enable_detailed_buffer_report=false,enable_detailed_tensor_report=false,enable_comparison_mode=false,comparison_mode_should_raise_exception=false,comparison_mode_pcc=0.9999,root_report_path=generated/ttnn/reports,report_name=std::nullopt,std::nullopt}
2026-08-09 09:30:17.363 | info     |          Device | Opening user mode device driver (tt_cluster.cpp:228)
2026-08-09 09:30:17.363 | info     |             UMD | Cluster constructor started. (cluster.cpp:348)
2026-08-09 09:30:17.363 | info     |             UMD | Creating TopologyDiscovery for architecture: blackhole (topology_discovery.cpp:95)
2026-08-09 09:30:17.363 | info     |             UMD | Starting topology discovery. (topology_discovery.cpp:114)
2026-08-09 09:30:17.367 | info     |             UMD | Established firmware bundle version: 19.11.0 (topology_discovery.cpp:574)
2026-08-09 09:30:17.367 | info     |             UMD | Completed topology discovery. (topology_discovery.cpp:118)
2026-08-09 09:30:17.367 | warning  |             UMD | Board 0x46131924022 has 1 chips, but expected 2 chips for board type p300. (cluster_descriptor.cpp:1238)
2026-08-09 09:30:17.387 | info     |             UMD | Opening local chip ids/PCIe ids: {0}/[2] and remote chip ids {} (cluster.cpp:168)
2026-08-09 09:30:17.387 | info     |             UMD | IOMMU: enabled (cluster.cpp:142)
2026-08-09 09:30:17.387 | info     |             UMD | KMD version: 2.10.0 (cluster.cpp:145)
2026-08-09 09:30:17.387 | info     |             UMD | Cluster constructor completed. (cluster.cpp:520)
2026-08-09 09:30:17.387 | warning  |          Device | Using CUSTOM cluster type for P300 board with 1 chips (tt_cluster.cpp:202)
2026-08-09 09:30:17.387 | info     |             UMD | Starting devices in cluster (cluster.cpp:1024)
2026-08-09 09:30:17.417 | info     |             UMD | Starting devices in cluster completed. (cluster.cpp:1032)
2026-08-09 09:30:17.473 | info     |     Distributed | Using custom mesh graph descriptor: /home/ttuser/.local/lib/model-bringup/tt-metal/tt_metal/fabric/mesh_graph_descriptors/p150_mesh_graph_descriptor.textproto (metal_env.cpp:404)
2026-08-09 09:30:17.474 | warning  |          Always | Unknown motherboard 'B850M-C' for chip_id=0 (bus_id=0x3) — falling back to bus_id as tray_id. Add this motherboard and its bus IDs to mobo_to_bus_ids in physical_system_discovery.cpp. (physical_system_discovery.cpp:89)
2026-08-09 09:30:17.474 | info     |          Fabric | Logical multi-mesh adjacency: intermesh degree histogram {0:1}; intra-mesh degree histograms mesh0 {0:1} (topology_mapper_utils.cpp:2342)
2026-08-09 09:30:17.474 | info     |          Fabric | Physical multi-mesh adjacency: intermesh degree histogram {0:1}; intra-mesh degree histograms mesh0 {0:1} (topology_mapper_utils.cpp:2350)
2026-08-09 09:30:17.477 | info     |    BuildKernels | Using pre-compiled firmware from: /home/ttuser/.local/lib/model-bringup/tt-metal/tt_metal/pre-compiled/5822202293905037534/ (build_env_manager.cpp:347)
2026-08-09 09:30:17.534 | info     |           Metal | ShmResourceTracker: removed orphaned shm '/tt_device_154095680226369_memory' (shm_resource_tracker.cpp:282)
2026-08-09 09:30:18.113 | info     |           Metal | [Real-time profiler] Device 0 sync complete: 100 samples, frequency=1.349980 GHz, device_time_at_sync=30015021010806 cycles (realtime_profiler_manager.cpp:1127)
[transformers] The fast path is not available because one of the required library is not installed. Falling back to torch implementation. To install follow https://github.com/fla-org/flash-linear-attention#installation and https://github.com/Dao-AILab/causal-conv1d
2026-08-09 09:30:28.032 | critical |          Always | TT_FATAL: Sharded layernorm does not support non-rectangular core grids. The shard spec grid has 32 cores but its bounding box spans 33 cores (11 x 3). (assert.hpp:104)
SWEEP {"candidate": "default", "error": "RuntimeError: TT_FATAL @ /home/ttuser/.local/lib/model-bringup/tt-metal/ttnn/cpp/ttnn/operations/normalization/layernorm/device/layernorm_device_operation.cpp:187: shard_spec.grid.num_cores() == bbox_num_cores\ninfo:\nSharded layernorm does not support non-rectangular core grids. The shard spec grid has 32 cores but its bounding box spans 33 cores (11 x 3).\nbacktrace:\n --- /home/ttuser/.local/lib/model-bringup/tt-metal/build_Release/ttnn/_ttnncpp.so(+0xe9b315) [0x730cfa09b315]\n --- ttnn::prim::LayerNormDeviceOperation::validate_on_program_cache_miss(ttnn::prim::LayerNormParams const&, ttnn::prim::LayerNormInputs const&)\n --- /home/ttuser/.local/lib/model-bringup/tt-metal/build_Release/ttnn/_ttnncpp.so(_ZN4ttnn16device_operation6detail29launch_operation_with_adapterITkNS0_36DeviceOperationWithMeshDeviceAdapterENS0_26MeshDeviceOperationAdapterINS_4prim24LayerNormDeviceOperationEEEEEvRKNT_22operation_attributes_tERKNS7_13tensor_args_tERNS7_21tensor_return_value_tEPN2tt8tt_metal11distributed10MeshDeviceE+0x1b7) [0x730cfada4947]\n --- /home/ttuser/.local/lib/model-bringup/tt-metal/build_Release/ttnn/_ttnncpp.so(_ZN4ttnn16device_operation6detail6launchITkNS0_22DeviceOperationConceptENS_4prim24LayerNormDeviceOperationEEENT_21tensor_return_value_tERKNS5_22operation_attributes_tERKNS5_13tensor_args_tE+0x2dc) [0x730cfad9df8c]\n --- /home/ttuser/.local/lib/model-bringup/tt-metal/build_Release/ttnn/_ttnncpp.so(_ZN4ttnn4prim10layer_normERKN2tt8tt_metal6TensorEfRKSt8optionalIS4_ES9_S9_RKNS2_12MemoryConfigERKSt7variantIJNS0_29LayerNormDefaultProgramConfigENS0_38LayerNormShardedMultiCoreProgramConfigEEERKNS_19ComputeKernelConfigERKS6_INS2_8DataTypeEENS0_13LayerNormTypeENS0_25DistributedLayerNormStageES9_S9_RKS6_INS_10operations5unary19BasicUnaryWithParamIJfEEEE+0x2e6) [0x730cfad9d736]\n --- ttnn::rms_norm(tt::tt_metal::Tensor const&, float, std::optional<tt::tt_metal::Tensor const> const&, std::optional<tt::tt_metal::Tensor const> const&, std::optional<tt::tt_metal::Tensor const> const&, std::optional<tt::tt_metal::MemoryConfig> const&, std::optional<std::variant<ttnn::prim::LayerNormDefaultProgramConfig, ttnn::prim::LayerNormShardedMultiCoreProgramConfig> const> const&, std::optional<ttnn::ComputeKernelConfig const>)\n --- /home/ttuser/.local/lib/model-bringup/tt-metal/ttnn/ttnn/_ttnn.so(+0x4b0a6f) [0x730cfb4b0a6f]\n --- /home/ttuser/.local/lib/model-bringup/tt-metal/ttnn/ttnn/_ttnn.so(+0x33b045) [0x730cfb33b045]\n --- python(_PyObject_Call_Prepend+0x3ab) [0x54aa6b]\n --- python() [0x5a31b8]\n --- python(PyObject_Call+0x6c) [0x54b0ac]\n --- python(_PyEval_EvalFrameDefault+0x4cbe) [0x5db13e]\n --- python(_PyObject_Call_Prepend+0x18a) [0x54a84a]\n --- python() [0x5a31b8]\n --- python(_PyObject_MakeTpCall+0x13e) [0x548ffe]\n --- python(_PyEval_EvalFrameDefault+0xa89) [0x5d6f09]\n --- python(PyEval_EvalCode+0x15b) [0x5d544b]\n --- python() [0x6085a2]\n --- python() [0x6b5033]\n --- python(_PyRun_SimpleFileObject+0x1aa) [0x6b4d9a]\n --- python(_PyRun_AnyFileObject+0x4f) [0x6b4bcf]\n --- python(Py_RunMain+0x3b5) [0x6bcc35]\n --- python(Py_BytesMain+0x2d) [0x6bc71d]\n --- /lib/x86_64-linux-gnu/libc.so.6(+0x2a1ca) [0x730d40e2a1ca]\n --- /lib/x86_64-linux-gnu/libc.so.6(__libc_start_main+0x8b) [0x730d40e2a28b]\n --- python(_start+0x25) [0x657bc5]\n", "kind": "linear_attention", "prefill_ms": 29.140660000848584, "prefill_pcc": 0.9994364286083662, "real_weights": true, "seq_len": 2048}
2026-08-09 09:30:37.191 | critical |          Always | TT_FATAL: Sharded layernorm does not support non-rectangular core grids. The shard spec grid has 32 cores but its bounding box spans 33 cores (11 x 3). (assert.hpp:104)
SWEEP {"candidate": "default", "error": "RuntimeError: TT_FATAL @ /home/ttuser/.local/lib/model-bringup/tt-metal/ttnn/cpp/ttnn/operations/normalization/layernorm/device/layernorm_device_operation.cpp:187: shard_spec.grid.num_cores() == bbox_num_cores\ninfo:\nSharded layernorm does not support non-rectangular core grids. The shard spec grid has 32 cores but its bounding box spans 33 cores (11 x 3).\nbacktrace:\n --- /home/ttuser/.local/lib/model-bringup/tt-metal/build_Release/ttnn/_ttnncpp.so(+0xe9b315) [0x730cfa09b315]\n --- ttnn::prim::LayerNormDeviceOperation::validate_on_program_cache_miss(ttnn::prim::LayerNormParams const&, ttnn::prim::LayerNormInputs const&)\n --- /home/ttuser/.local/lib/model-bringup/tt-metal/build_Release/ttnn/_ttnncpp.so(_ZN4ttnn16device_operation6detail29launch_operation_with_adapterITkNS0_36DeviceOperationWithMeshDeviceAdapterENS0_26MeshDeviceOperationAdapterINS_4prim24LayerNormDeviceOperationEEEEEvRKNT_22operation_attributes_tERKNS7_13tensor_args_tERNS7_21tensor_return_value_tEPN2tt8tt_metal11distributed10MeshDeviceE+0x1b7) [0x730cfada4947]\n --- /home/ttuser/.local/lib/model-bringup/tt-metal/build_Release/ttnn/_ttnncpp.so(_ZN4ttnn16device_operation6detail6launchITkNS0_22DeviceOperationConceptENS_4prim24LayerNormDeviceOperationEEENT_21tensor_return_value_tERKNS5_22operation_attributes_tERKNS5_13tensor_args_tE+0x2dc) [0x730cfad9df8c]\n --- /home/ttuser/.local/lib/model-bringup/tt-metal/build_Release/ttnn/_ttnncpp.so(_ZN4ttnn4prim10layer_normERKN2tt8tt_metal6TensorEfRKSt8optionalIS4_ES9_S9_RKNS2_12MemoryConfigERKSt7variantIJNS0_29LayerNormDefaultProgramConfigENS0_38LayerNormShardedMultiCoreProgramConfigEEERKNS_19ComputeKernelConfigERKS6_INS2_8DataTypeEENS0_13LayerNormTypeENS0_25DistributedLayerNormStageES9_S9_RKS6_INS_10operations5unary19BasicUnaryWithParamIJfEEEE+0x2e6) [0x730cfad9d736]\n --- ttnn::rms_norm(tt::tt_metal::Tensor const&, float, std::optional<tt::tt_metal::Tensor const> const&, std::optional<tt::tt_metal::Tensor const> const&, std::optional<tt::tt_metal::Tensor const> const&, std::optional<tt::tt_metal::MemoryConfig> const&, std::optional<std::variant<ttnn::prim::LayerNormDefaultProgramConfig, ttnn::prim::LayerNormShardedMultiCoreProgramConfig> const> const&, std::optional<ttnn::ComputeKernelConfig const>)\n --- /home/ttuser/.local/lib/model-bringup/tt-metal/ttnn/ttnn/_ttnn.so(+0x4b0a6f) [0x730cfb4b0a6f]\n --- /home/ttuser/.local/lib/model-bringup/tt-metal/ttnn/ttnn/_ttnn.so(+0x33b045) [0x730cfb33b045]\n --- python(_PyObject_Call_Prepend+0x3ab) [0x54aa6b]\n --- python() [0x5a31b8]\n --- python(PyObject_Call+0x6c) [0x54b0ac]\n --- python(_PyEval_EvalFrameDefault+0x4cbe) [0x5db13e]\n --- python(_PyObject_Call_Prepend+0x18a) [0x54a84a]\n --- python() [0x5a31b8]\n --- python(_PyObject_MakeTpCall+0x13e) [0x548ffe]\n --- python(_PyEval_EvalFrameDefault+0xa89) [0x5d6f09]\n --- python(PyEval_EvalCode+0x15b) [0x5d544b]\n --- python() [0x6085a2]\n --- python() [0x6b5033]\n --- python(_PyRun_SimpleFileObject+0x1aa) [0x6b4d9a]\n --- python(_PyRun_AnyFileObject+0x4f) [0x6b4bcf]\n --- python(Py_RunMain+0x3b5) [0x6bcc35]\n --- python(Py_BytesMain+0x2d) [0x6bc71d]\n --- /lib/x86_64-linux-gnu/libc.so.6(+0x2a1ca) [0x730d40e2a1ca]\n --- /lib/x86_64-linux-gnu/libc.so.6(__libc_start_main+0x8b) [0x730d40e2a28b]\n --- python(_start+0x25) [0x657bc5]\n", "kind": "full_attention", "prefill_ms": 9.344250332408896, "prefill_pcc": 0.9992702209627401, "real_weights": true, "seq_len": 2048}
nanobind: leaked 1 instances!
 - leaked instance 0x730cfafd4c48 of type "ttnn._ttnn.tensor.CoreRangeSet"
nanobind: leaked 13 types!
 - leaked type "ttnn._ttnn.operations.matmul.MatmulMultiCoreReuseMultiCast1DProgramConfig"
 - leaked type "ttnn._ttnn.operations.matmul.MatmulInputs"
 - leaked type "ttnn._ttnn.operations.matmul.MatmulMultiCoreReuseMultiCastBatchedDRAMShardedProgramConfig"
 - leaked type "UnaryOpType"
 - leaked type "ttnn._ttnn.operations.matmul.MatmulMultiCoreReuseOptimizedProgramFactory"
 - leaked type "ttnn._ttnn.operations.matmul.MatmulParams"
 - leaked type "ttnn._ttnn.tensor.CoreRangeSet"
 - leaked type "ttnn._ttnn.operations.matmul.MatmulMultiCoreReuseProgramConfig"
 - leaked type "ttnn._ttnn.operations.matmul.MatmulDeviceOperation"
 - leaked type "ttnn._ttnn.tensor.Tensor"
 - ... skipped remainder
nanobind: leaked 199 functions!
 - leaked function "default_core_range"
 - leaked function ""
 - leaked function "__eq__"
 - leaked function "matmul_select_program_factory"
 - leaked function "to_numpy"
 - leaked function "device"
 - leaked function "from_json"
 - leaked function "buffer_aligned_page_size"
 - leaked function ""
 - leaked function ""
 - ... skipped remainder
nanobind: this is likely caused by a reference counting issue in the binding code.
See https://nanobind.readthedocs.io/en/latest/refleaks.html2026-08-09 09:30:37.757 | info     |    BuildKernels | JIT cache stats: 538/540 hits (99.6%) [538 cached, 360 build-once dedup, 0 merged artifacts, 0 merged genfiles] (build_cache_telemetry.cpp:207)
2026-08-09 09:30:37.757 | info     |    BuildKernels | JIT telemetry: 3 registered TelemetryTokens (build_cache_telemetry.cpp:230)
2026-08-09 09:30:37.768 | info     |          Device | Closing user mode device drivers (tt_cluster.cpp:513)
2026-08-09 09:30:37.768 | info     |             UMD | Closing devices in cluster (cluster.cpp:1037)
2026-08-09 09:30:37.897 | info     |             UMD | Closing devices in cluster completed. (cluster.cpp:1046)
2026-08-09 09:30:37.898 | info     |             UMD | Cluster destructor started. (cluster.cpp:754)
2026-08-09 09:30:37.898 | info     |             UMD | Cluster destructor completed. (cluster.cpp:757)
