2026-07-17 15:43:55.867 | DEBUG    | ttnn:<module>:79 - Initial ttnn.CONFIG:
Config{cache_path=/home/ttuser/.cache/ttnn,model_cache_path=/home/ttuser/.cache/ttnn/models,tmp_dir=/tmp/ttnn,enable_model_cache=false,enable_fast_runtime_mode=true,throw_exception_on_fallback=false,enable_logging=false,enable_graph_report=false,enable_graph_python_stack_traces=false,enable_detailed_buffer_report=false,enable_detailed_tensor_report=false,enable_comparison_mode=false,comparison_mode_should_raise_exception=false,comparison_mode_pcc=0.9999,root_report_path=generated/ttnn/reports,report_name=std::nullopt,std::nullopt}
2026-07-17 15:43:57.745 | info     |          Device | Opening user mode device driver (tt_cluster.cpp:228)
2026-07-17 15:43:57.745 | info     |             UMD | Cluster constructor started. (cluster.cpp:348)
2026-07-17 15:43:57.745 | info     |             UMD | Creating TopologyDiscovery for architecture: blackhole (topology_discovery.cpp:91)
2026-07-17 15:43:57.745 | info     |             UMD | Starting topology discovery. (topology_discovery.cpp:110)
2026-07-17 15:43:57.748 | info     |             UMD | Established firmware bundle version: 19.11.0 (topology_discovery.cpp:569)
2026-07-17 15:43:57.748 | info     |             UMD | Firmware bundle version 19.11.0 on the system is newer than the latest fully tested version 19.5.0 for blackhole architecture. Newest features may not be supported. (topology_discovery.cpp:601)
2026-07-17 15:43:57.757 | info     |             UMD | Completed topology discovery. (topology_discovery.cpp:114)
2026-07-17 15:43:58.010 | info     |             UMD | Opening local chip ids/PCIe ids: {0, 1, 2, 3}/[0, 1, 2, 3] and remote chip ids {} (cluster.cpp:168)
2026-07-17 15:43:58.010 | info     |             UMD | IOMMU: enabled (cluster.cpp:142)
2026-07-17 15:43:58.010 | info     |             UMD | KMD version: 2.9.0 (cluster.cpp:145)
2026-07-17 15:43:58.010 | info     |             UMD | Cluster constructor completed. (cluster.cpp:520)
2026-07-17 15:43:58.011 | info     |             UMD | Starting devices in cluster (cluster.cpp:1024)
2026-07-17 15:43:58.241 | info     |             UMD | Starting devices in cluster completed. (cluster.cpp:1032)
2026-07-17 15:43:58.356 | info     |     Distributed | Using auto discovery to generate mesh graph. (metal_env.cpp:367)
2026-07-17 15:43:58.356 | info     |     Distributed | Constructing control plane using auto-discovery (no mesh graph descriptor). (metal_env.cpp:429)
2026-07-17 15:43:58.356 | warning  |          Always | Unknown motherboard 'B850M-C' for chip_id=0 (bus_id=0x1) — falling back to bus_id as tray_id. Add this motherboard and its bus IDs to mobo_to_bus_ids in physical_system_discovery.cpp. (physical_system_discovery.cpp:89)
2026-07-17 15:43:58.356 | warning  |          Always | Unknown motherboard 'B850M-C' for chip_id=1 (bus_id=0x2) — falling back to bus_id as tray_id. Add this motherboard and its bus IDs to mobo_to_bus_ids in physical_system_discovery.cpp. (physical_system_discovery.cpp:89)
2026-07-17 15:43:58.356 | warning  |          Always | Unknown motherboard 'B850M-C' for chip_id=2 (bus_id=0x3) — falling back to bus_id as tray_id. Add this motherboard and its bus IDs to mobo_to_bus_ids in physical_system_discovery.cpp. (physical_system_discovery.cpp:89)
2026-07-17 15:43:58.356 | warning  |          Always | Unknown motherboard 'B850M-C' for chip_id=3 (bus_id=0x4) — falling back to bus_id as tray_id. Add this motherboard and its bus IDs to mobo_to_bus_ids in physical_system_discovery.cpp. (physical_system_discovery.cpp:89)
2026-07-17 15:43:58.356 | warning  |          Always | Unknown motherboard 'B850M-C' for chip_id=1 (bus_id=0x2) — falling back to bus_id as tray_id. Add this motherboard and its bus IDs to mobo_to_bus_ids in physical_system_discovery.cpp. (physical_system_discovery.cpp:89)
2026-07-17 15:43:58.357 | warning  |          Always | Unknown motherboard 'B850M-C' for chip_id=0 (bus_id=0x1) — falling back to bus_id as tray_id. Add this motherboard and its bus IDs to mobo_to_bus_ids in physical_system_discovery.cpp. (physical_system_discovery.cpp:89)
2026-07-17 15:43:58.357 | warning  |          Always | Unknown motherboard 'B850M-C' for chip_id=2 (bus_id=0x3) — falling back to bus_id as tray_id. Add this motherboard and its bus IDs to mobo_to_bus_ids in physical_system_discovery.cpp. (physical_system_discovery.cpp:89)
2026-07-17 15:43:58.357 | warning  |          Always | Unknown motherboard 'B850M-C' for chip_id=3 (bus_id=0x4) — falling back to bus_id as tray_id. Add this motherboard and its bus IDs to mobo_to_bus_ids in physical_system_discovery.cpp. (physical_system_discovery.cpp:89)
2026-07-17 15:43:58.357 | info     |          Fabric | Logical multi-mesh adjacency: intermesh degree histogram {0:1}; intra-mesh degree histograms mesh0 {2:4} (topology_mapper_utils.cpp:2342)
2026-07-17 15:43:58.357 | info     |          Fabric | Physical multi-mesh adjacency: intermesh degree histogram {0:1}; intra-mesh degree histograms mesh0 {2:4} (topology_mapper_utils.cpp:2350)
2026-07-17 15:43:58.357 | DEBUG    | ttnn.device:__init__:152 - Using default dispatch core type for this system: DispatchCoreType.WORKER
2026-07-17 15:43:58.357 | DEBUG    | ttnn.device:__init__:154 - Using default dispatch core axis for this system: DispatchCoreAxis.COL
2026-07-17 15:43:58.362 | info     |    BuildKernels | Using pre-compiled firmware from: /home/ttuser/dev/tt-metal/tt_metal/pre-compiled/13793420398762238087/ (build_env_manager.cpp:347)
2026-07-17 15:43:58.362 | info     |    BuildKernels | Using pre-compiled firmware from: /home/ttuser/dev/tt-metal/tt_metal/pre-compiled/13793420398762238087/ (build_env_manager.cpp:347)
2026-07-17 15:43:58.362 | info     |    BuildKernels | Using pre-compiled firmware from: /home/ttuser/dev/tt-metal/tt_metal/pre-compiled/13793420398762238087/ (build_env_manager.cpp:347)
2026-07-17 15:43:58.362 | info     |    BuildKernels | Using pre-compiled firmware from: /home/ttuser/dev/tt-metal/tt_metal/pre-compiled/13793420398762238087/ (build_env_manager.cpp:347)
2026-07-17 15:43:58.396 | info     |           Metal | Initializing Fabric (fabric_firmware_initializer.cpp:288)
2026-07-17 15:43:58.416 | info     |           Metal | Fabric initialized on Device 0 (device.cpp:429)
2026-07-17 15:43:58.427 | info     |           Metal | Fabric initialized on Device 1 (device.cpp:429)
2026-07-17 15:43:58.428 | info     |           Metal | Fabric initialized on Device 2 (device.cpp:429)
2026-07-17 15:43:58.428 | info     |           Metal | Fabric initialized on Device 3 (device.cpp:429)
2026-07-17 15:43:58.428 | info     |           Metal | Fabric initialized on 4 devices (fabric_firmware_initializer.cpp:435)
2026-07-17 15:43:58.428 | info     |           Metal | Fabric Initialized with config FabricConfig::FABRIC_1D_RING (fabric_firmware_initializer.cpp:305)
2026-07-17 15:43:58.476 | info     |           Metal | ShmResourceTracker: removed orphaned shm '/tt_device_154095680226368_memory' (shm_resource_tracker.cpp:282)
2026-07-17 15:43:58.477 | info     |           Metal | ShmResourceTracker: removed orphaned shm '/tt_device_154095680226369_memory' (shm_resource_tracker.cpp:282)
2026-07-17 15:43:58.477 | info     |           Metal | ShmResourceTracker: removed orphaned shm '/tt_device_154095680227712_memory' (shm_resource_tracker.cpp:282)
2026-07-17 15:43:58.477 | info     |           Metal | ShmResourceTracker: removed orphaned shm '/tt_device_154095680227713_memory' (shm_resource_tracker.cpp:282)
2026-07-17 15:43:59.058 | info     |           Metal | [Real-time profiler] Device 3 sync complete: 100 samples, frequency=1.349983 GHz, device_time_at_sync=1690529923948 cycles (realtime_profiler_manager.cpp:1127)
2026-07-17 15:43:59.061 | info     |           Metal | [Real-time profiler] Device 2 sync complete: 100 samples, frequency=1.349979 GHz, device_time_at_sync=1682181509614 cycles (realtime_profiler_manager.cpp:1127)
2026-07-17 15:43:59.061 | info     |           Metal | [Real-time profiler] Device 0 sync complete: 100 samples, frequency=1.349990 GHz, device_time_at_sync=1665385894364 cycles (realtime_profiler_manager.cpp:1127)
2026-07-17 15:43:59.062 | info     |           Metal | [Real-time profiler] Device 1 sync complete: 100 samples, frequency=1.349988 GHz, device_time_at_sync=1672251159183 cycles (realtime_profiler_manager.cpp:1127)
2026-07-17 15:44:00.302 | warning  |           Metal | Allocating device buffers is unsafe due to the existence of an active trace. These buffers may be corrupted once a trace is executed. (allocator.cpp:110)
2026-07-17 15:44:05.202 | info     |    BuildKernels | Using pre-compiled firmware from: /home/ttuser/dev/tt-metal/tt_metal/pre-compiled/13793420398762238087/ (build_env_manager.cpp:347)
2026-07-17 15:44:05.204 | info     |    BuildKernels | Using pre-compiled firmware from: /home/ttuser/dev/tt-metal/tt_metal/pre-compiled/13793420398762238087/ (build_env_manager.cpp:347)
2026-07-17 15:44:05.204 | info     |    BuildKernels | Using pre-compiled firmware from: /home/ttuser/dev/tt-metal/tt_metal/pre-compiled/13793420398762238087/ (build_env_manager.cpp:347)
2026-07-17 15:44:05.204 | info     |    BuildKernels | Using pre-compiled firmware from: /home/ttuser/dev/tt-metal/tt_metal/pre-compiled/13793420398762238087/ (build_env_manager.cpp:347)
2026-07-17 15:44:05.235 | warning  |           Metal | Opening subset of mmio devices slows down UMD read/write to remote chips. If opening more devices, consider using CreateDevices API. (device_manager.cpp:261)
WORST PCC vs single-chip: 0.99802 vs HF: 0.99694
BEFORE/AFTER {
  "128": {
    "baseline_multichip": {
      "prefill_warmed_ms": 5.6171,
      "decode_traced_ms": 1.9531
    },
    "optimized_multichip": {
      "prefill_warmed_ms": 7.2468,
      "decode_traced_ms": 1.6778
    }
  },
  "512": {
    "baseline_multichip": {
      "prefill_warmed_ms": 5.692,
      "decode_traced_ms": 2.5629
    },
    "optimized_multichip": {
      "prefill_warmed_ms": 8.3891,
      "decode_traced_ms": 2.3174
    }
  }
}
{
  "model": "hexgrad/Kokoro-82M",
  "mesh_shape": [
    1,
    4
  ],
  "tp": 4,
  "cluster": "P300_X2 (4x Blackhole p300c, physical 4-ring, FABRIC_1D_RING/Topology.Ring, 2 links)",
  "iters": 50,
  "optimizations": [
    "block-sharded L1 LayerNorm",
    "persistent CCL output/intermediate buffers"
  ],
  "collectives_per_layer": {
    "all_gather": 1,
    "reduce_scatter": 1
  },
  "weight_dtype": "bfloat8_b (attn fractured, FFN replicated)",
  "activation_dtype": "bfloat16",
  "results": {
    "128": {
      "single_chip": {
        "prefill_warmed_ms": 2.4614,
        "decode_traced_ms": 2.4612
      },
      "baseline_multichip_tp4": {
        "prefill_warmed_ms": 5.6171,
        "decode_traced_ms": 1.9531
      },
      "optimized_multichip_tp4": {
        "prefill_warmed_ms": 7.2468,
        "decode_traced_ms": 1.6778
      },
      "opt_decode_speedup_vs_baseline_mc": 1.164,
      "opt_prefill_speedup_vs_baseline_mc": 0.775,
      "decode_speedup_vs_single_chip": 1.467,
      "decode_efficiency_vs_single_chip": 0.367
    },
    "512": {
      "single_chip": {
        "prefill_warmed_ms": 2.946,
        "decode_traced_ms": 2.9494
      },
      "baseline_multichip_tp4": {
        "prefill_warmed_ms": 5.692,
        "decode_traced_ms": 2.5629
      },
      "optimized_multichip_tp4": {
        "prefill_warmed_ms": 8.3891,
        "decode_traced_ms": 2.3174
      },
      "opt_decode_speedup_vs_baseline_mc": 1.106,
      "opt_prefill_speedup_vs_baseline_mc": 0.678,
      "decode_speedup_vs_single_chip": 1.273,
      "decode_efficiency_vs_single_chip": 0.318
    }
  }
}
nanobind: leaked 1 instances!
 - leaked instance 0x7c501371c468 of type "ttnn._ttnn.tensor.CoreRangeSet"
nanobind: leaked 13 types!
 - leaked type "ttnn._ttnn.operations.matmul.MatmulMultiCoreReuseMultiCast1DProgramConfig"
 - leaked type "ttnn._ttnn.operations.matmul.MatmulInputs"
 - leaked type "ttnn._ttnn.operations.matmul.MatmulMultiCoreReuseMultiCastBatchedDRAMShardedProgramConfig"
 - leaked type "UnaryOpType"
 - leaked type "ttnn._ttnn.operations.matmul.MatmulMultiCoreReuseOptimizedProgramFactory"
 - leaked type "ttnn._ttnn.operations.matmul.MatmulParams"
 - leaked type "ttnn._ttnn.tensor.CoreRangeSet"
 - leaked type "ttnn._ttnn.operations.matmul.MatmulMultiCoreReuseProgramConfig"
 - leaked type "ttnn._ttnn.operations.matmul.MatmulDeviceOperation"
 - leaked type "ttnn._ttnn.tensor.Tensor"
 - ... skipped remainder
nanobind: leaked 199 functions!
 - leaked function "get_tile"
 - leaked function ""
 - leaked function "__repr__"
 - leaked function ""
 - leaked function ""
 - leaked function ""
 - leaked function ""
 - leaked function "logical_volume"
 - leaked function ""
 - leaked function "experimental_per_core_buffer_address"
 - ... skipped remainder
nanobind: this is likely caused by a reference counting issue in the binding code.
See https://nanobind.readthedocs.io/en/latest/refleaks.html2026-07-17 15:44:15.154 | info     |    BuildKernels | JIT cache stats: 817/893 hits (91.5%) [817 cached, 789 build-once dedup, 0 merged artifacts, 0 merged genfiles] (build_cache_telemetry.cpp:207)
2026-07-17 15:44:15.154 | info     |    BuildKernels | JIT telemetry: 3 registered TelemetryTokens (build_cache_telemetry.cpp:230)
2026-07-17 15:44:15.174 | info     |          Device | Closing user mode device drivers (tt_cluster.cpp:512)
2026-07-17 15:44:15.174 | info     |             UMD | Closing devices in cluster (cluster.cpp:1037)
2026-07-17 15:44:15.693 | info     |             UMD | Closing devices in cluster completed. (cluster.cpp:1046)
2026-07-17 15:44:15.694 | info     |             UMD | Cluster destructor started. (cluster.cpp:754)
2026-07-17 15:44:15.694 | info     |             UMD | Cluster destructor completed. (cluster.cpp:757)
