2026-07-17 15:47:10.737 | INFO     | tracy:signpost:49 - PERF_PREFILL_END
PASSED

=============================== warnings summary ===============================
../../.tenstorrent-venv/lib/python3.12/site-packages/_pytest/config/__init__.py:1434
  /home/ttuser/.tenstorrent-venv/lib/python3.12/site-packages/_pytest/config/__init__.py:1434: PytestConfigWarning: Unknown config option: timeout

    self._warn_or_fail_if_strict(f"Unknown config option: {key}\n")

-- Docs: https://docs.pytest.org/en/stable/how-to/capture-warnings.html
==================================== PASSES ====================================
- generated xml file: /home/ttuser/dev/tt-metal/generated/test_reports/most_recent_tests.xml -
============================== slowest durations ===============================
3.60s teardown models/autoports/hexgrad_kokoro_82m/tests/test_perf_optimized_multichip.py::test_perf_prefill
1.62s setup    models/autoports/hexgrad_kokoro_82m/tests/test_perf_optimized_multichip.py::test_perf_prefill
1.16s call     models/autoports/hexgrad_kokoro_82m/tests/test_perf_optimized_multichip.py::test_perf_prefill
=========================== short test summary info ============================
PASSED models/autoports/hexgrad_kokoro_82m/tests/test_perf_optimized_multichip.py::test_perf_prefill
================== 1 passed, 1 deselected, 1 warning in 6.40s ==================
nanobind: leaked 2 instances!
 - leaked instance 0x74aa6d396fe8 of type "ttnn._ttnn.tensor.CoreRangeSet"
 - leaked instance 0x74aa6553fe88 of type "ttnn._ttnn.tensor.MemoryConfig"
nanobind: leaked 20 types!
 - leaked type "ttnn._ttnn.operations.matmul.MatmulMultiCoreReuseMultiCast1DProgramConfig"
 - leaked type "ttnn._ttnn.operations.matmul.MatmulInputs"
 - leaked type "ttnn._ttnn.operations.matmul.MatmulMultiCoreReuseMultiCastBatchedDRAMShardedProgramConfig"
 - leaked type "BufferType"
 - leaked type "UnaryOpType"
 - leaked type "Layout"
 - leaked type "ttnn._ttnn.operations.matmul.MatmulMultiCoreReuseOptimizedProgramFactory"
 - leaked type "Arch"
 - leaked type "ttnn._ttnn.operations.matmul.MatmulParams"
 - leaked type "ttnn._ttnn.tensor.CoreRangeSet"
 - ... skipped remainder
nanobind: leaked 247 functions!
 - leaked function "__ne__"
 - leaked function "__init__"
 - leaked function "unpad_from_tile"
 - leaked function "create_sub_device_manager"
 - leaked function "deallocate"
 - leaked function ""
 - leaked function "reshape"
 - leaked function ""
 - leaked function "__repr__"
 - leaked function ""
 - ... skipped remainder
nanobind: this is likely caused by a reference counting issue in the binding code.
See https://nanobind.readthedocs.io/en/latest/refleaks.html2026-07-17 15:47:16.369 | info     |    BuildKernels | JIT cache stats: 200/200 hits (100.0%) [200 cached, 68 build-once dedup, 0 merged artifacts, 0 merged genfiles] (build_cache_telemetry.cpp:207)
2026-07-17 15:47:16.369 | info     |    BuildKernels | JIT telemetry: 3 registered TelemetryTokens (build_cache_telemetry.cpp:230)
2026-07-17 15:47:16.412 | info     |          Device | Closing user mode device drivers (tt_cluster.cpp:512)
2026-07-17 15:47:16.412 | info     |             UMD | Closing devices in cluster (cluster.cpp:1037)
2026-07-17 15:47:16.902 | info     |             UMD | Closing devices in cluster completed. (cluster.cpp:1046)
2026-07-17 15:47:16.902 | info     |             UMD | Cluster destructor started. (cluster.cpp:754)
2026-07-17 15:47:16.902 | info     |             UMD | Cluster destructor completed. (cluster.cpp:757)

Timer resolution: 0 ns

Frames: 2
Time span: 11.01 s
Zones: 2,394,755
Elapsed time: 10.71 s
Saving trace... done!
Trace size 22.96 MB (19.69% ratio)
2026-07-17 15:47:17.378 | INFO     | __main__:main:452 - Copying /home/ttuser/dev/tt-metal/generated/profiler/.logs/tracy_profile_log_host.tracy to /home/ttuser/dev/tt-metal/build/profiler/build_wasm/traces/prefill_2026_07_17_15_47_17.tracy
2026-07-17 15:47:17.384 | INFO     | __main__:main:455 - Copied /home/ttuser/dev/tt-metal/generated/profiler/.logs/tracy_profile_log_host.tracy to /home/ttuser/dev/tt-metal/build/profiler/build_wasm/traces/prefill_2026_07_17_15_47_17.tracy
2026-07-17 15:47:17.385 | INFO     | __main__:main:464 - embed.tracy -> traces/prefill_2026_07_17_15_47_17.tracy
2026-07-17 15:47:17.385 | INFO     | tracy.serve_wasm:launch_server_subprocess:284 - Launching tracy web app GUI server subprocess...
2026-07-17 15:47:17.385 | INFO     | tracy.serve_wasm:launch_server_subprocess:287 - Tracy WASM web UI (open in browser): http://localhost:8080/ (WebSocket for live reload: ws://localhost:8081/)
2026-07-17 15:47:17.385 | INFO     | tracy.serve_wasm:launch_server_subprocess:294 - Tracy WASM server already serving port 8080; reusing it (live-reload refreshes the browser).
2026-07-17 15:47:18.272 | INFO     | tracy:generate_report:162 - Host side ops time report generated at /home/ttuser/dev/tt-metal/generated/profiler/.logs/tracy_ops_times.csv
2026-07-17 15:47:18.326 | INFO     | tracy:generate_report:173 - Host side ops data report generated at /home/ttuser/dev/tt-metal/generated/profiler/.logs/tracy_ops_data.csv
2026-07-17 15:47:18.326 | INFO     | tracy.process_ops_logs:import_tracy_op_logs:345 - Importing ops logs
/home/ttuser/.local/lib/model-bringup/tt-metal/tools/tracy/process_ops_logs.py:450: DtypeWarning: Columns (0: zone_name, 1: zone_text, 2: special_parent_text) have mixed types. Specify dtype option on import or set low_memory=False.
  df = pd.read_csv(tracyOpTimesLog)
2026-07-17 15:47:20.606 | INFO     | tracy.perf_counter_analysis:get_device_op_data:2140 - Getting device ops
2026-07-17 15:47:20.607 | INFO     | tracy.process_ops_logs:append_device_data:1009 - Appending device data
2026-07-17 15:47:25.170 | INFO     | tracy.process_ops_logs:generate_reports:1342 - OPs' perf analysis is finished! Generating reports ...
2026-07-17 15:47:25.170 | INFO     | tracy.process_ops_logs:generate_reports:1360 - Copying runtime artifacts
2026-07-17 15:47:25.233 | INFO     | tracy.process_ops_logs:generate_reports:1369 - Generating OPs CSV
2026-07-17 15:47:25.995 | INFO     | tracy.process_ops_logs:generate_reports:1765 - OPs csv generated at: /home/ttuser/dev/tt-metal/generated/profiler/reports/2026_07_17_15_47_25/ops_perf_results_2026_07_17_15_47_25.csv
