2026-09-22 13:59:48.344 | DEBUG    | ttnn:<module>:78 - Initial ttnn.CONFIG:
Config{cache_path=/home/ttuser/.cache/ttnn,model_cache_path=/home/ttuser/.cache/ttnn/models,tmp_dir=/tmp/ttnn,enable_model_cache=false,enable_fast_runtime_mode=true,validate_program_args=false,throw_exception_on_fallback=false,enable_logging=false,enable_graph_report=false,enable_graph_python_stack_traces=false,enable_detailed_buffer_report=false,enable_detailed_tensor_report=false,enable_comparison_mode=false,comparison_mode_should_raise_exception=false,comparison_mode_pcc=0.9999,root_report_path=generated/ttnn/reports,report_name=std::nullopt,std::nullopt}
============================= test session starts ==============================
collecting ... collected 4 items

models/autoports/meta_models_muse_glimmer_30b/tests/test_multichip_vs_single_chip.py::test_multichip_matches_single_chip[2049-1-sliding] 2026-09-22 13:59:50.091 | info     |          Device | Opening user mode device driver (tt_cluster.cpp:228)
2026-09-22 13:59:50.091 | info     |             UMD | Cluster constructor started. (cluster.cpp:389)
2026-09-22 13:59:50.091 | info     |             UMD | Creating TopologyDiscovery for architecture: blackhole (topology_discovery.cpp:96)
2026-09-22 13:59:50.091 | info     |             UMD | Starting topology discovery. (topology_discovery.cpp:115)
2026-09-22 13:59:50.105 | info     |             UMD | Established firmware bundle version: 19.13.1 (topology_discovery.cpp:575)
2026-09-22 13:59:50.105 | info     |             UMD | Completed topology discovery. (topology_discovery.cpp:119)
2026-09-22 13:59:50.183 | info     |             UMD | Opening local chip ids/PCIe ids: {0, 1, 2, 3}/[0, 1, 2, 3] and remote chip ids {} (cluster.cpp:173)
2026-09-22 13:59:50.183 | info     |             UMD | IOMMU: enabled (cluster.cpp:147)
2026-09-22 13:59:50.183 | info     |             UMD | KMD version: 2.10.0 (cluster.cpp:150)
2026-09-22 13:59:50.183 | info     |             UMD | Cluster constructor completed. (cluster.cpp:648)
2026-09-22 13:59:50.184 | info     |             UMD | Starting devices in cluster (cluster.cpp:1184)
2026-09-22 13:59:50.451 | info     |             UMD | Starting devices in cluster completed. (cluster.cpp:1192)
2026-09-22 13:59:51.988 | info     |     Distributed | Using auto discovery to generate mesh graph. (metal_env.cpp:437)
2026-09-22 13:59:51.988 | info     |     Distributed | Constructing control plane using auto-discovery (no mesh graph descriptor). (metal_env.cpp:499)
2026-09-22 13:59:51.988 | warning  |          Always | Unknown motherboard 'B850M-C' for chip_id=0 (bus_id=0x1) — falling back to bus_id as tray_id. Add this motherboard and its bus IDs to mobo_to_bus_ids in physical_system_discovery.cpp. (physical_system_discovery.cpp:119)
2026-09-22 13:59:51.988 | info     |          Fabric | Logical multi-mesh adjacency: intermesh degree histogram {0:1}; intra-mesh degree histograms mesh0 {2:4} (topology_mapper_utils.cpp:3329)
2026-09-22 13:59:51.988 | info     |          Fabric | Physical multi-mesh adjacency: intermesh degree histogram {0:1}; intra-mesh degree histograms mesh0 {2:4} (topology_mapper_utils.cpp:3337)
2026-09-22 13:59:52.031 | warning  |           Metal | Opening subset of mmio devices slows down UMD read/write to remote chips. If opening more devices, consider using CreateDevices API. (device_manager.cpp:264)
2026-09-22 13:59:54.718 | WARNING  | models.autoports.meta_models_muse_glimmer_30b.tt.optimized_decoder:decode_forward:976 - DECODE_SWIGLU_MUL_CORES=80 does not divide the local intermediate width of 624 tiles; skipping the SwiGLU reshard for this configuration (correct, ~0.83% slower decode). This is expected on a single-chip build and unexpected on the 4-chip shipped mesh.
2026-09-22 13:59:54.841 | info     |           Metal | Fabric config changed from FabricConfig::DISABLED to FabricConfig::FABRIC_1D_RING, reinitializing control plane (metal_env.cpp:337)
2026-09-22 13:59:54.841 | info     |     Distributed | Using auto discovery to generate mesh graph. (metal_env.cpp:437)
2026-09-22 13:59:54.841 | info     |     Distributed | Constructing control plane using auto-discovery (no mesh graph descriptor). (metal_env.cpp:499)
2026-09-22 13:59:54.842 | info     |          Fabric | Logical multi-mesh adjacency: intermesh degree histogram {0:1}; intra-mesh degree histograms mesh0 {2:4} (topology_mapper_utils.cpp:3329)
2026-09-22 13:59:54.842 | info     |          Fabric | Physical multi-mesh adjacency: intermesh degree histogram {0:1}; intra-mesh degree histograms mesh0 {2:4} (topology_mapper_utils.cpp:3337)
2026-09-22 13:59:54.893 | warning  |           Metal | Unable to set process priority to 0, error code: -1 (thread_pool.cpp:107)
2026-09-22 13:59:54.893 | warning  |           Metal | Unable to set process priority to 0, error code: -1 (thread_pool.cpp:107)
2026-09-22 13:59:54.894 | warning  |           Metal | Unable to set process priority to 0, error code: -1 (thread_pool.cpp:107)
2026-09-22 13:59:54.894 | warning  |           Metal | Unable to set process priority to 0, error code: -1 (thread_pool.cpp:107)
2026-09-22 13:59:54.894 | warning  |           Metal | Unable to set process priority to 0, error code: -1 (thread_pool.cpp:107)
2026-09-22 13:59:54.894 | warning  |           Metal | Unable to set process priority to 0, error code: -1 (thread_pool.cpp:107)
2026-09-22 13:59:54.894 | warning  |           Metal | Unable to set process priority to 0, error code: -1 (thread_pool.cpp:107)
2026-09-22 13:59:54.894 | warning  |           Metal | Unable to set process priority to 0, error code: -1 (thread_pool.cpp:107)
2026-09-22 13:59:54.895 | info     |           Metal | Initializing Fabric (fabric_firmware_initializer.cpp:296)
2026-09-22 13:59:54.911 | info     |           Metal | Fabric initialized on Device 3 (device.cpp:550)
2026-09-22 13:59:54.912 | info     |           Metal | Fabric initialized on Device 0 (device.cpp:550)
2026-09-22 13:59:54.913 | info     |           Metal | Fabric initialized on Device 1 (device.cpp:550)
2026-09-22 13:59:54.914 | info     |           Metal | Fabric initialized on Device 2 (device.cpp:550)
2026-09-22 13:59:54.914 | info     |           Metal | Fabric initialized on 4 devices (fabric_firmware_initializer.cpp:444)
2026-09-22 13:59:54.914 | info     |           Metal | Fabric Initialized with config FabricConfig::FABRIC_1D_RING (fabric_firmware_initializer.cpp:313)
2026-09-22 13:59:58.401 | warning  |              Op | Mismatch between computed MemoryConfig(memory_layout=TensorMemoryLayout::WIDTH_SHARDED,buffer_type=BufferType::L1,shard_spec=ShardSpec{grid=[{"start":{"x":0,"y":0},"end":{"x":10,"y":0}, {"start":{"x":0,"y":1},"end":{"x":2,"y":1}], shape=[32, 96], orientation=ShardOrientation::ROW_MAJOR},nd_shard_spec={"shard_shape":[32, 96],"grid":[{"start":{"x":0,"y":0},"end":{"x":10,"y":0}}, {"start":{"x":0,"y":1},"end":{"x":2,"y":1}}],"orientation":"ShardOrientation::ROW_MAJOR","shard_distribution_strategy":"ShardDistributionStrategy::ROUND_ROBIN_1D"},created_with_nd_shard_spec=0,per_core_allocation=0) and provided MemoryConfig(memory_layout=TensorMemoryLayout::WIDTH_SHARDED,buffer_type=BufferType::L1,shard_spec=ShardSpec{grid=[{"start":{"x":0,"y":0},"end":{"x":10,"y":0}, {"start":{"x":0,"y":1},"end":{"x":4,"y":1}], shape=[32, 96], orientation=ShardOrientation::ROW_MAJOR},nd_shard_spec=std::nullopt,created_with_nd_shard_spec=0,per_core_allocation=0) mem config. Using computed config. (matmul_device_operation.cpp:239)
2026-09-22 13:59:58.442 | warning  |              Op | Mismatch between computed MemoryConfig(memory_layout=TensorMemoryLayout::WIDTH_SHARDED,buffer_type=BufferType::L1,shard_spec=ShardSpec{grid=[{"start":{"x":0,"y":0},"end":{"x":10,"y":0}, {"start":{"x":0,"y":1},"end":{"x":2,"y":1}], shape=[32, 96], orientation=ShardOrientation::ROW_MAJOR},nd_shard_spec={"shard_shape":[32, 96],"grid":[{"start":{"x":0,"y":0},"end":{"x":10,"y":0}}, {"start":{"x":0,"y":1},"end":{"x":2,"y":1}}],"orientation":"ShardOrientation::ROW_MAJOR","shard_distribution_strategy":"ShardDistributionStrategy::ROUND_ROBIN_1D"},created_with_nd_shard_spec=0,per_core_allocation=0) and provided MemoryConfig(memory_layout=TensorMemoryLayout::WIDTH_SHARDED,buffer_type=BufferType::L1,shard_spec=ShardSpec{grid=[{"start":{"x":0,"y":0},"end":{"x":10,"y":0}, {"start":{"x":0,"y":1},"end":{"x":4,"y":1}], shape=[32, 96], orientation=ShardOrientation::ROW_MAJOR},nd_shard_spec=std::nullopt,created_with_nd_shard_spec=0,per_core_allocation=0) mem config. Using computed config. (matmul_device_operation.cpp:239)
2026-09-22 13:59:58.445 | warning  |              Op | Mismatch between computed MemoryConfig(memory_layout=TensorMemoryLayout::WIDTH_SHARDED,buffer_type=BufferType::L1,shard_spec=ShardSpec{grid=[{"start":{"x":0,"y":0},"end":{"x":10,"y":0}, {"start":{"x":0,"y":1},"end":{"x":2,"y":1}], shape=[32, 96], orientation=ShardOrientation::ROW_MAJOR},nd_shard_spec={"shard_shape":[32, 96],"grid":[{"start":{"x":0,"y":0},"end":{"x":10,"y":0}}, {"start":{"x":0,"y":1},"end":{"x":2,"y":1}}],"orientation":"ShardOrientation::ROW_MAJOR","shard_distribution_strategy":"ShardDistributionStrategy::ROUND_ROBIN_1D"},created_with_nd_shard_spec=0,per_core_allocation=0) and provided MemoryConfig(memory_layout=TensorMemoryLayout::WIDTH_SHARDED,buffer_type=BufferType::L1,shard_spec=ShardSpec{grid=[{"start":{"x":0,"y":0},"end":{"x":10,"y":0}, {"start":{"x":0,"y":1},"end":{"x":4,"y":1}], shape=[32, 96], orientation=ShardOrientation::ROW_MAJOR},nd_shard_spec=std::nullopt,created_with_nd_shard_spec=0,per_core_allocation=0) mem config. Using computed config. (matmul_device_operation.cpp:239)
2026-09-22 13:59:58.447 | warning  |              Op | Mismatch between computed MemoryConfig(memory_layout=TensorMemoryLayout::WIDTH_SHARDED,buffer_type=BufferType::L1,shard_spec=ShardSpec{grid=[{"start":{"x":0,"y":0},"end":{"x":10,"y":0}, {"start":{"x":0,"y":1},"end":{"x":2,"y":1}], shape=[32, 96], orientation=ShardOrientation::ROW_MAJOR},nd_shard_spec={"shard_shape":[32, 96],"grid":[{"start":{"x":0,"y":0},"end":{"x":10,"y":0}}, {"start":{"x":0,"y":1},"end":{"x":2,"y":1}}],"orientation":"ShardOrientation::ROW_MAJOR","shard_distribution_strategy":"ShardDistributionStrategy::ROUND_ROBIN_1D"},created_with_nd_shard_spec=0,per_core_allocation=0) and provided MemoryConfig(memory_layout=TensorMemoryLayout::WIDTH_SHARDED,buffer_type=BufferType::L1,shard_spec=ShardSpec{grid=[{"start":{"x":0,"y":0},"end":{"x":10,"y":0}, {"start":{"x":0,"y":1},"end":{"x":4,"y":1}], shape=[32, 96], orientation=ShardOrientation::ROW_MAJOR},nd_shard_spec=std::nullopt,created_with_nd_shard_spec=0,per_core_allocation=0) mem config. Using computed config. (matmul_device_operation.cpp:239)
2026-09-22 13:59:58.734 | INFO     | autoports.meta_models_muse_glimmer_30b.tests.test_multichip_vs_single_chip:test_multichip_matches_single_chip:226 - multichip vs single-chip TTNN prefill[sliding seq_len=2049 batch=1]: 0.9998355404257786
2026-09-22 13:59:58.735 | INFO     | autoports.meta_models_muse_glimmer_30b.tests.test_multichip_vs_single_chip:test_multichip_matches_single_chip:226 - multichip vs single-chip TTNN decode0[sliding seq_len=2049 batch=1]: 0.999858468453373
2026-09-22 13:59:58.735 | INFO     | autoports.meta_models_muse_glimmer_30b.tests.test_multichip_vs_single_chip:test_multichip_matches_single_chip:226 - multichip vs single-chip TTNN decode1[sliding seq_len=2049 batch=1]: 0.9998604382564171
2026-09-22 13:59:58.735 | INFO     | autoports.meta_models_muse_glimmer_30b.tests.test_multichip_vs_single_chip:test_multichip_matches_single_chip:226 - multichip vs single-chip TTNN decode2[sliding seq_len=2049 batch=1]: 0.9998529286819348
2026-09-22 13:59:58.735 | INFO     | autoports.meta_models_muse_glimmer_30b.tests.test_multichip_vs_single_chip:test_multichip_matches_single_chip:226 - multichip vs single-chip TTNN decode3[sliding seq_len=2049 batch=1]: 0.9998510125892082
2026-09-22 13:59:58.735 | INFO     | autoports.meta_models_muse_glimmer_30b.tests.test_multichip_vs_single_chip:test_multichip_matches_single_chip:234 - multichip vs single-chip TTNN worst[sliding seq_len=2049 batch=1]: 0.999836 on prefill
PASSED
models/autoports/meta_models_muse_glimmer_30b/tests/test_multichip_vs_single_chip.py::test_multichip_matches_single_chip[2049-1-full] 2026-09-22 14:00:00.466 | warning  |           Metal | Opening subset of mmio devices slows down UMD read/write to remote chips. If opening more devices, consider using CreateDevices API. (device_manager.cpp:264)
2026-09-22 14:00:02.353 | info     |           Metal | Fabric config changed from FabricConfig::FABRIC_1D_RING to FabricConfig::FABRIC_1D_RING, reinitializing control plane (metal_env.cpp:337)
2026-09-22 14:00:02.353 | info     |     Distributed | Using auto discovery to generate mesh graph. (metal_env.cpp:437)
2026-09-22 14:00:02.353 | info     |     Distributed | Constructing control plane using auto-discovery (no mesh graph descriptor). (metal_env.cpp:499)
2026-09-22 14:00:02.354 | info     |          Fabric | Logical multi-mesh adjacency: intermesh degree histogram {0:1}; intra-mesh degree histograms mesh0 {2:4} (topology_mapper_utils.cpp:3329)
2026-09-22 14:00:02.354 | info     |          Fabric | Physical multi-mesh adjacency: intermesh degree histogram {0:1}; intra-mesh degree histograms mesh0 {2:4} (topology_mapper_utils.cpp:3337)
2026-09-22 14:00:02.404 | warning  |           Metal | Unable to set process priority to 0, error code: -1 (thread_pool.cpp:107)
2026-09-22 14:00:02.404 | warning  |           Metal | Unable to set process priority to 0, error code: -1 (thread_pool.cpp:107)
2026-09-22 14:00:02.404 | warning  |           Metal | Unable to set process priority to 0, error code: -1 (thread_pool.cpp:107)
2026-09-22 14:00:02.404 | warning  |           Metal | Unable to set process priority to 0, error code: -1 (thread_pool.cpp:107)
2026-09-22 14:00:02.404 | warning  |           Metal | Unable to set process priority to 0, error code: -1 (thread_pool.cpp:107)
2026-09-22 14:00:02.404 | warning  |           Metal | Unable to set process priority to 0, error code: -1 (thread_pool.cpp:107)
2026-09-22 14:00:02.405 | warning  |           Metal | Unable to set process priority to 0, error code: -1 (thread_pool.cpp:107)
2026-09-22 14:00:02.405 | warning  |           Metal | Unable to set process priority to 0, error code: -1 (thread_pool.cpp:107)
2026-09-22 14:00:02.405 | info     |           Metal | Initializing Fabric (fabric_firmware_initializer.cpp:296)
2026-09-22 14:00:02.416 | info     |           Metal | Fabric initialized on Device 3 (device.cpp:550)
2026-09-22 14:00:02.416 | info     |           Metal | Fabric initialized on Device 0 (device.cpp:550)
2026-09-22 14:00:02.417 | info     |           Metal | Fabric initialized on Device 1 (device.cpp:550)
2026-09-22 14:00:02.418 | info     |           Metal | Fabric initialized on Device 2 (device.cpp:550)
2026-09-22 14:00:02.418 | info     |           Metal | Fabric initialized on 4 devices (fabric_firmware_initializer.cpp:444)
2026-09-22 14:00:02.418 | info     |           Metal | Fabric Initialized with config FabricConfig::FABRIC_1D_RING (fabric_firmware_initializer.cpp:313)
2026-09-22 14:00:05.330 | warning  |              Op | Mismatch between computed MemoryConfig(memory_layout=TensorMemoryLayout::WIDTH_SHARDED,buffer_type=BufferType::L1,shard_spec=ShardSpec{grid=[{"start":{"x":0,"y":0},"end":{"x":10,"y":0}, {"start":{"x":0,"y":1},"end":{"x":2,"y":1}], shape=[32, 96], orientation=ShardOrientation::ROW_MAJOR},nd_shard_spec={"shard_shape":[32, 96],"grid":[{"start":{"x":0,"y":0},"end":{"x":10,"y":0}}, {"start":{"x":0,"y":1},"end":{"x":2,"y":1}}],"orientation":"ShardOrientation::ROW_MAJOR","shard_distribution_strategy":"ShardDistributionStrategy::ROUND_ROBIN_1D"},created_with_nd_shard_spec=0,per_core_allocation=0) and provided MemoryConfig(memory_layout=TensorMemoryLayout::WIDTH_SHARDED,buffer_type=BufferType::L1,shard_spec=ShardSpec{grid=[{"start":{"x":0,"y":0},"end":{"x":10,"y":0}, {"start":{"x":0,"y":1},"end":{"x":4,"y":1}], shape=[32, 96], orientation=ShardOrientation::ROW_MAJOR},nd_shard_spec=std::nullopt,created_with_nd_shard_spec=0,per_core_allocation=0) mem config. Using computed config. (matmul_device_operation.cpp:239)
2026-09-22 14:00:05.354 | warning  |              Op | Mismatch between computed MemoryConfig(memory_layout=TensorMemoryLayout::WIDTH_SHARDED,buffer_type=BufferType::L1,shard_spec=ShardSpec{grid=[{"start":{"x":0,"y":0},"end":{"x":10,"y":0}, {"start":{"x":0,"y":1},"end":{"x":2,"y":1}], shape=[32, 96], orientation=ShardOrientation::ROW_MAJOR},nd_shard_spec={"shard_shape":[32, 96],"grid":[{"start":{"x":0,"y":0},"end":{"x":10,"y":0}}, {"start":{"x":0,"y":1},"end":{"x":2,"y":1}}],"orientation":"ShardOrientation::ROW_MAJOR","shard_distribution_strategy":"ShardDistributionStrategy::ROUND_ROBIN_1D"},created_with_nd_shard_spec=0,per_core_allocation=0) and provided MemoryConfig(memory_layout=TensorMemoryLayout::WIDTH_SHARDED,buffer_type=BufferType::L1,shard_spec=ShardSpec{grid=[{"start":{"x":0,"y":0},"end":{"x":10,"y":0}, {"start":{"x":0,"y":1},"end":{"x":4,"y":1}], shape=[32, 96], orientation=ShardOrientation::ROW_MAJOR},nd_shard_spec=std::nullopt,created_with_nd_shard_spec=0,per_core_allocation=0) mem config. Using computed config. (matmul_device_operation.cpp:239)
2026-09-22 14:00:05.355 | warning  |              Op | Mismatch between computed MemoryConfig(memory_layout=TensorMemoryLayout::WIDTH_SHARDED,buffer_type=BufferType::L1,shard_spec=ShardSpec{grid=[{"start":{"x":0,"y":0},"end":{"x":10,"y":0}, {"start":{"x":0,"y":1},"end":{"x":2,"y":1}], shape=[32, 96], orientation=ShardOrientation::ROW_MAJOR},nd_shard_spec={"shard_shape":[32, 96],"grid":[{"start":{"x":0,"y":0},"end":{"x":10,"y":0}}, {"start":{"x":0,"y":1},"end":{"x":2,"y":1}}],"orientation":"ShardOrientation::ROW_MAJOR","shard_distribution_strategy":"ShardDistributionStrategy::ROUND_ROBIN_1D"},created_with_nd_shard_spec=0,per_core_allocation=0) and provided MemoryConfig(memory_layout=TensorMemoryLayout::WIDTH_SHARDED,buffer_type=BufferType::L1,shard_spec=ShardSpec{grid=[{"start":{"x":0,"y":0},"end":{"x":10,"y":0}, {"start":{"x":0,"y":1},"end":{"x":4,"y":1}], shape=[32, 96], orientation=ShardOrientation::ROW_MAJOR},nd_shard_spec=std::nullopt,created_with_nd_shard_spec=0,per_core_allocation=0) mem config. Using computed config. (matmul_device_operation.cpp:239)
2026-09-22 14:00:05.357 | warning  |              Op | Mismatch between computed MemoryConfig(memory_layout=TensorMemoryLayout::WIDTH_SHARDED,buffer_type=BufferType::L1,shard_spec=ShardSpec{grid=[{"start":{"x":0,"y":0},"end":{"x":10,"y":0}, {"start":{"x":0,"y":1},"end":{"x":2,"y":1}], shape=[32, 96], orientation=ShardOrientation::ROW_MAJOR},nd_shard_spec={"shard_shape":[32, 96],"grid":[{"start":{"x":0,"y":0},"end":{"x":10,"y":0}}, {"start":{"x":0,"y":1},"end":{"x":2,"y":1}}],"orientation":"ShardOrientation::ROW_MAJOR","shard_distribution_strategy":"ShardDistributionStrategy::ROUND_ROBIN_1D"},created_with_nd_shard_spec=0,per_core_allocation=0) and provided MemoryConfig(memory_layout=TensorMemoryLayout::WIDTH_SHARDED,buffer_type=BufferType::L1,shard_spec=ShardSpec{grid=[{"start":{"x":0,"y":0},"end":{"x":10,"y":0}, {"start":{"x":0,"y":1},"end":{"x":4,"y":1}], shape=[32, 96], orientation=ShardOrientation::ROW_MAJOR},nd_shard_spec=std::nullopt,created_with_nd_shard_spec=0,per_core_allocation=0) mem config. Using computed config. (matmul_device_operation.cpp:239)
2026-09-22 14:00:05.642 | INFO     | autoports.meta_models_muse_glimmer_30b.tests.test_multichip_vs_single_chip:test_multichip_matches_single_chip:226 - multichip vs single-chip TTNN prefill[full seq_len=2049 batch=1]: 0.9998036675403073
2026-09-22 14:00:05.642 | INFO     | autoports.meta_models_muse_glimmer_30b.tests.test_multichip_vs_single_chip:test_multichip_matches_single_chip:226 - multichip vs single-chip TTNN decode0[full seq_len=2049 batch=1]: 0.9998175225451529
2026-09-22 14:00:05.642 | INFO     | autoports.meta_models_muse_glimmer_30b.tests.test_multichip_vs_single_chip:test_multichip_matches_single_chip:226 - multichip vs single-chip TTNN decode1[full seq_len=2049 batch=1]: 0.9998157644410528
2026-09-22 14:00:05.643 | INFO     | autoports.meta_models_muse_glimmer_30b.tests.test_multichip_vs_single_chip:test_multichip_matches_single_chip:226 - multichip vs single-chip TTNN decode2[full seq_len=2049 batch=1]: 0.9998172096002699
2026-09-22 14:00:05.643 | INFO     | autoports.meta_models_muse_glimmer_30b.tests.test_multichip_vs_single_chip:test_multichip_matches_single_chip:226 - multichip vs single-chip TTNN decode3[full seq_len=2049 batch=1]: 0.9998251013312857
2026-09-22 14:00:05.643 | INFO     | autoports.meta_models_muse_glimmer_30b.tests.test_multichip_vs_single_chip:test_multichip_matches_single_chip:234 - multichip vs single-chip TTNN worst[full seq_len=2049 batch=1]: 0.999804 on prefill
PASSED
models/autoports/meta_models_muse_glimmer_30b/tests/test_multichip_vs_single_chip.py::test_multichip_matches_single_chip[12345-4-sliding] 2026-09-22 14:00:07.674 | warning  |           Metal | Opening subset of mmio devices slows down UMD read/write to remote chips. If opening more devices, consider using CreateDevices API. (device_manager.cpp:264)
2026-09-22 14:00:10.589 | info     |           Metal | Fabric config changed from FabricConfig::FABRIC_1D_RING to FabricConfig::FABRIC_1D_RING, reinitializing control plane (metal_env.cpp:337)
2026-09-22 14:00:10.589 | info     |     Distributed | Using auto discovery to generate mesh graph. (metal_env.cpp:437)
2026-09-22 14:00:10.589 | info     |     Distributed | Constructing control plane using auto-discovery (no mesh graph descriptor). (metal_env.cpp:499)
2026-09-22 14:00:10.589 | info     |          Fabric | Logical multi-mesh adjacency: intermesh degree histogram {0:1}; intra-mesh degree histograms mesh0 {2:4} (topology_mapper_utils.cpp:3329)
2026-09-22 14:00:10.589 | info     |          Fabric | Physical multi-mesh adjacency: intermesh degree histogram {0:1}; intra-mesh degree histograms mesh0 {2:4} (topology_mapper_utils.cpp:3337)
2026-09-22 14:00:10.640 | warning  |           Metal | Unable to set process priority to 0, error code: -1 (thread_pool.cpp:107)
2026-09-22 14:00:10.640 | warning  |           Metal | Unable to set process priority to 0, error code: -1 (thread_pool.cpp:107)
2026-09-22 14:00:10.640 | warning  |           Metal | Unable to set process priority to 0, error code: -1 (thread_pool.cpp:107)
2026-09-22 14:00:10.640 | warning  |           Metal | Unable to set process priority to 0, error code: -1 (thread_pool.cpp:107)
2026-09-22 14:00:10.640 | warning  |           Metal | Unable to set process priority to 0, error code: -1 (thread_pool.cpp:107)
2026-09-22 14:00:10.641 | warning  |           Metal | Unable to set process priority to 0, error code: -1 (thread_pool.cpp:107)
2026-09-22 14:00:10.641 | warning  |           Metal | Unable to set process priority to 0, error code: -1 (thread_pool.cpp:107)
2026-09-22 14:00:10.641 | warning  |           Metal | Unable to set process priority to 0, error code: -1 (thread_pool.cpp:107)
2026-09-22 14:00:10.641 | info     |           Metal | Initializing Fabric (fabric_firmware_initializer.cpp:296)
2026-09-22 14:00:10.652 | info     |           Metal | Fabric initialized on Device 3 (device.cpp:550)
2026-09-22 14:00:10.653 | info     |           Metal | Fabric initialized on Device 0 (device.cpp:550)
2026-09-22 14:00:10.653 | info     |           Metal | Fabric initialized on Device 1 (device.cpp:550)
2026-09-22 14:00:10.654 | info     |           Metal | Fabric initialized on Device 2 (device.cpp:550)
2026-09-22 14:00:10.654 | info     |           Metal | Fabric initialized on 4 devices (fabric_firmware_initializer.cpp:444)
2026-09-22 14:00:10.654 | info     |           Metal | Fabric Initialized with config FabricConfig::FABRIC_1D_RING (fabric_firmware_initializer.cpp:313)
2026-09-22 14:00:13.833 | warning  |              Op | Mismatch between computed MemoryConfig(memory_layout=TensorMemoryLayout::WIDTH_SHARDED,buffer_type=BufferType::L1,shard_spec=ShardSpec{grid=[{"start":{"x":0,"y":0},"end":{"x":10,"y":0}, {"start":{"x":0,"y":1},"end":{"x":2,"y":1}], shape=[32, 96], orientation=ShardOrientation::ROW_MAJOR},nd_shard_spec={"shard_shape":[32, 96],"grid":[{"start":{"x":0,"y":0},"end":{"x":10,"y":0}}, {"start":{"x":0,"y":1},"end":{"x":2,"y":1}}],"orientation":"ShardOrientation::ROW_MAJOR","shard_distribution_strategy":"ShardDistributionStrategy::ROUND_ROBIN_1D"},created_with_nd_shard_spec=0,per_core_allocation=0) and provided MemoryConfig(memory_layout=TensorMemoryLayout::WIDTH_SHARDED,buffer_type=BufferType::L1,shard_spec=ShardSpec{grid=[{"start":{"x":0,"y":0},"end":{"x":10,"y":0}, {"start":{"x":0,"y":1},"end":{"x":4,"y":1}], shape=[32, 96], orientation=ShardOrientation::ROW_MAJOR},nd_shard_spec=std::nullopt,created_with_nd_shard_spec=0,per_core_allocation=0) mem config. Using computed config. (matmul_device_operation.cpp:239)
2026-09-22 14:00:13.868 | warning  |              Op | Mismatch between computed MemoryConfig(memory_layout=TensorMemoryLayout::WIDTH_SHARDED,buffer_type=BufferType::L1,shard_spec=ShardSpec{grid=[{"start":{"x":0,"y":0},"end":{"x":10,"y":0}, {"start":{"x":0,"y":1},"end":{"x":2,"y":1}], shape=[32, 96], orientation=ShardOrientation::ROW_MAJOR},nd_shard_spec={"shard_shape":[32, 96],"grid":[{"start":{"x":0,"y":0},"end":{"x":10,"y":0}}, {"start":{"x":0,"y":1},"end":{"x":2,"y":1}}],"orientation":"ShardOrientation::ROW_MAJOR","shard_distribution_strategy":"ShardDistributionStrategy::ROUND_ROBIN_1D"},created_with_nd_shard_spec=0,per_core_allocation=0) and provided MemoryConfig(memory_layout=TensorMemoryLayout::WIDTH_SHARDED,buffer_type=BufferType::L1,shard_spec=ShardSpec{grid=[{"start":{"x":0,"y":0},"end":{"x":10,"y":0}, {"start":{"x":0,"y":1},"end":{"x":4,"y":1}], shape=[32, 96], orientation=ShardOrientation::ROW_MAJOR},nd_shard_spec=std::nullopt,created_with_nd_shard_spec=0,per_core_allocation=0) mem config. Using computed config. (matmul_device_operation.cpp:239)
2026-09-22 14:00:13.870 | warning  |              Op | Mismatch between computed MemoryConfig(memory_layout=TensorMemoryLayout::WIDTH_SHARDED,buffer_type=BufferType::L1,shard_spec=ShardSpec{grid=[{"start":{"x":0,"y":0},"end":{"x":10,"y":0}, {"start":{"x":0,"y":1},"end":{"x":2,"y":1}], shape=[32, 96], orientation=ShardOrientation::ROW_MAJOR},nd_shard_spec={"shard_shape":[32, 96],"grid":[{"start":{"x":0,"y":0},"end":{"x":10,"y":0}}, {"start":{"x":0,"y":1},"end":{"x":2,"y":1}}],"orientation":"ShardOrientation::ROW_MAJOR","shard_distribution_strategy":"ShardDistributionStrategy::ROUND_ROBIN_1D"},created_with_nd_shard_spec=0,per_core_allocation=0) and provided MemoryConfig(memory_layout=TensorMemoryLayout::WIDTH_SHARDED,buffer_type=BufferType::L1,shard_spec=ShardSpec{grid=[{"start":{"x":0,"y":0},"end":{"x":10,"y":0}, {"start":{"x":0,"y":1},"end":{"x":4,"y":1}], shape=[32, 96], orientation=ShardOrientation::ROW_MAJOR},nd_shard_spec=std::nullopt,created_with_nd_shard_spec=0,per_core_allocation=0) mem config. Using computed config. (matmul_device_operation.cpp:239)
2026-09-22 14:00:13.871 | warning  |              Op | Mismatch between computed MemoryConfig(memory_layout=TensorMemoryLayout::WIDTH_SHARDED,buffer_type=BufferType::L1,shard_spec=ShardSpec{grid=[{"start":{"x":0,"y":0},"end":{"x":10,"y":0}, {"start":{"x":0,"y":1},"end":{"x":2,"y":1}], shape=[32, 96], orientation=ShardOrientation::ROW_MAJOR},nd_shard_spec={"shard_shape":[32, 96],"grid":[{"start":{"x":0,"y":0},"end":{"x":10,"y":0}}, {"start":{"x":0,"y":1},"end":{"x":2,"y":1}}],"orientation":"ShardOrientation::ROW_MAJOR","shard_distribution_strategy":"ShardDistributionStrategy::ROUND_ROBIN_1D"},created_with_nd_shard_spec=0,per_core_allocation=0) and provided MemoryConfig(memory_layout=TensorMemoryLayout::WIDTH_SHARDED,buffer_type=BufferType::L1,shard_spec=ShardSpec{grid=[{"start":{"x":0,"y":0},"end":{"x":10,"y":0}, {"start":{"x":0,"y":1},"end":{"x":4,"y":1}], shape=[32, 96], orientation=ShardOrientation::ROW_MAJOR},nd_shard_spec=std::nullopt,created_with_nd_shard_spec=0,per_core_allocation=0) mem config. Using computed config. (matmul_device_operation.cpp:239)
2026-09-22 14:00:14.862 | INFO     | autoports.meta_models_muse_glimmer_30b.tests.test_multichip_vs_single_chip:test_multichip_matches_single_chip:226 - multichip vs single-chip TTNN prefill[sliding seq_len=12345 batch=4]: 0.9997178511869622
2026-09-22 14:00:14.862 | INFO     | autoports.meta_models_muse_glimmer_30b.tests.test_multichip_vs_single_chip:test_multichip_matches_single_chip:226 - multichip vs single-chip TTNN decode0[sliding seq_len=12345 batch=4]: 0.9998437820537311
2026-09-22 14:00:14.863 | INFO     | autoports.meta_models_muse_glimmer_30b.tests.test_multichip_vs_single_chip:test_multichip_matches_single_chip:226 - multichip vs single-chip TTNN decode1[sliding seq_len=12345 batch=4]: 0.9998441438161644
2026-09-22 14:00:14.863 | INFO     | autoports.meta_models_muse_glimmer_30b.tests.test_multichip_vs_single_chip:test_multichip_matches_single_chip:226 - multichip vs single-chip TTNN decode2[sliding seq_len=12345 batch=4]: 0.9998427989848884
2026-09-22 14:00:14.863 | INFO     | autoports.meta_models_muse_glimmer_30b.tests.test_multichip_vs_single_chip:test_multichip_matches_single_chip:226 - multichip vs single-chip TTNN decode3[sliding seq_len=12345 batch=4]: 0.9998427359691657
2026-09-22 14:00:14.863 | INFO     | autoports.meta_models_muse_glimmer_30b.tests.test_multichip_vs_single_chip:test_multichip_matches_single_chip:234 - multichip vs single-chip TTNN worst[sliding seq_len=12345 batch=4]: 0.999718 on prefill
PASSED
models/autoports/meta_models_muse_glimmer_30b/tests/test_multichip_vs_single_chip.py::test_multichip_matches_single_chip[12345-4-full] 2026-09-22 14:00:16.915 | warning  |           Metal | Opening subset of mmio devices slows down UMD read/write to remote chips. If opening more devices, consider using CreateDevices API. (device_manager.cpp:264)
2026-09-22 14:00:19.424 | info     |           Metal | Fabric config changed from FabricConfig::FABRIC_1D_RING to FabricConfig::FABRIC_1D_RING, reinitializing control plane (metal_env.cpp:337)
2026-09-22 14:00:19.424 | info     |     Distributed | Using auto discovery to generate mesh graph. (metal_env.cpp:437)
2026-09-22 14:00:19.424 | info     |     Distributed | Constructing control plane using auto-discovery (no mesh graph descriptor). (metal_env.cpp:499)
2026-09-22 14:00:19.424 | info     |          Fabric | Logical multi-mesh adjacency: intermesh degree histogram {0:1}; intra-mesh degree histograms mesh0 {2:4} (topology_mapper_utils.cpp:3329)
2026-09-22 14:00:19.424 | info     |          Fabric | Physical multi-mesh adjacency: intermesh degree histogram {0:1}; intra-mesh degree histograms mesh0 {2:4} (topology_mapper_utils.cpp:3337)
2026-09-22 14:00:19.476 | warning  |           Metal | Unable to set process priority to 0, error code: -1 (thread_pool.cpp:107)
2026-09-22 14:00:19.476 | warning  |           Metal | Unable to set process priority to 0, error code: -1 (thread_pool.cpp:107)
2026-09-22 14:00:19.476 | warning  |           Metal | Unable to set process priority to 0, error code: -1 (thread_pool.cpp:107)
2026-09-22 14:00:19.476 | warning  |           Metal | Unable to set process priority to 0, error code: -1 (thread_pool.cpp:107)
2026-09-22 14:00:19.476 | warning  |           Metal | Unable to set process priority to 0, error code: -1 (thread_pool.cpp:107)
2026-09-22 14:00:19.476 | warning  |           Metal | Unable to set process priority to 0, error code: -1 (thread_pool.cpp:107)
2026-09-22 14:00:19.476 | warning  |           Metal | Unable to set process priority to 0, error code: -1 (thread_pool.cpp:107)
2026-09-22 14:00:19.476 | warning  |           Metal | Unable to set process priority to 0, error code: -1 (thread_pool.cpp:107)
2026-09-22 14:00:19.477 | info     |           Metal | Initializing Fabric (fabric_firmware_initializer.cpp:296)
2026-09-22 14:00:19.488 | info     |           Metal | Fabric initialized on Device 3 (device.cpp:550)
2026-09-22 14:00:19.488 | info     |           Metal | Fabric initialized on Device 0 (device.cpp:550)
2026-09-22 14:00:19.489 | info     |           Metal | Fabric initialized on Device 1 (device.cpp:550)
2026-09-22 14:00:19.490 | info     |           Metal | Fabric initialized on Device 2 (device.cpp:550)
2026-09-22 14:00:19.490 | info     |           Metal | Fabric initialized on 4 devices (fabric_firmware_initializer.cpp:444)
2026-09-22 14:00:19.490 | info     |           Metal | Fabric Initialized with config FabricConfig::FABRIC_1D_RING (fabric_firmware_initializer.cpp:313)
2026-09-22 14:00:22.681 | warning  |              Op | Mismatch between computed MemoryConfig(memory_layout=TensorMemoryLayout::WIDTH_SHARDED,buffer_type=BufferType::L1,shard_spec=ShardSpec{grid=[{"start":{"x":0,"y":0},"end":{"x":10,"y":0}, {"start":{"x":0,"y":1},"end":{"x":2,"y":1}], shape=[32, 96], orientation=ShardOrientation::ROW_MAJOR},nd_shard_spec={"shard_shape":[32, 96],"grid":[{"start":{"x":0,"y":0},"end":{"x":10,"y":0}}, {"start":{"x":0,"y":1},"end":{"x":2,"y":1}}],"orientation":"ShardOrientation::ROW_MAJOR","shard_distribution_strategy":"ShardDistributionStrategy::ROUND_ROBIN_1D"},created_with_nd_shard_spec=0,per_core_allocation=0) and provided MemoryConfig(memory_layout=TensorMemoryLayout::WIDTH_SHARDED,buffer_type=BufferType::L1,shard_spec=ShardSpec{grid=[{"start":{"x":0,"y":0},"end":{"x":10,"y":0}, {"start":{"x":0,"y":1},"end":{"x":4,"y":1}], shape=[32, 96], orientation=ShardOrientation::ROW_MAJOR},nd_shard_spec=std::nullopt,created_with_nd_shard_spec=0,per_core_allocation=0) mem config. Using computed config. (matmul_device_operation.cpp:239)
2026-09-22 14:00:22.721 | warning  |              Op | Mismatch between computed MemoryConfig(memory_layout=TensorMemoryLayout::WIDTH_SHARDED,buffer_type=BufferType::L1,shard_spec=ShardSpec{grid=[{"start":{"x":0,"y":0},"end":{"x":10,"y":0}, {"start":{"x":0,"y":1},"end":{"x":2,"y":1}], shape=[32, 96], orientation=ShardOrientation::ROW_MAJOR},nd_shard_spec={"shard_shape":[32, 96],"grid":[{"start":{"x":0,"y":0},"end":{"x":10,"y":0}}, {"start":{"x":0,"y":1},"end":{"x":2,"y":1}}],"orientation":"ShardOrientation::ROW_MAJOR","shard_distribution_strategy":"ShardDistributionStrategy::ROUND_ROBIN_1D"},created_with_nd_shard_spec=0,per_core_allocation=0) and provided MemoryConfig(memory_layout=TensorMemoryLayout::WIDTH_SHARDED,buffer_type=BufferType::L1,shard_spec=ShardSpec{grid=[{"start":{"x":0,"y":0},"end":{"x":10,"y":0}, {"start":{"x":0,"y":1},"end":{"x":4,"y":1}], shape=[32, 96], orientation=ShardOrientation::ROW_MAJOR},nd_shard_spec=std::nullopt,created_with_nd_shard_spec=0,per_core_allocation=0) mem config. Using computed config. (matmul_device_operation.cpp:239)
2026-09-22 14:00:22.723 | warning  |              Op | Mismatch between computed MemoryConfig(memory_layout=TensorMemoryLayout::WIDTH_SHARDED,buffer_type=BufferType::L1,shard_spec=ShardSpec{grid=[{"start":{"x":0,"y":0},"end":{"x":10,"y":0}, {"start":{"x":0,"y":1},"end":{"x":2,"y":1}], shape=[32, 96], orientation=ShardOrientation::ROW_MAJOR},nd_shard_spec={"shard_shape":[32, 96],"grid":[{"start":{"x":0,"y":0},"end":{"x":10,"y":0}}, {"start":{"x":0,"y":1},"end":{"x":2,"y":1}}],"orientation":"ShardOrientation::ROW_MAJOR","shard_distribution_strategy":"ShardDistributionStrategy::ROUND_ROBIN_1D"},created_with_nd_shard_spec=0,per_core_allocation=0) and provided MemoryConfig(memory_layout=TensorMemoryLayout::WIDTH_SHARDED,buffer_type=BufferType::L1,shard_spec=ShardSpec{grid=[{"start":{"x":0,"y":0},"end":{"x":10,"y":0}, {"start":{"x":0,"y":1},"end":{"x":4,"y":1}], shape=[32, 96], orientation=ShardOrientation::ROW_MAJOR},nd_shard_spec=std::nullopt,created_with_nd_shard_spec=0,per_core_allocation=0) mem config. Using computed config. (matmul_device_operation.cpp:239)
2026-09-22 14:00:22.724 | warning  |              Op | Mismatch between computed MemoryConfig(memory_layout=TensorMemoryLayout::WIDTH_SHARDED,buffer_type=BufferType::L1,shard_spec=ShardSpec{grid=[{"start":{"x":0,"y":0},"end":{"x":10,"y":0}, {"start":{"x":0,"y":1},"end":{"x":2,"y":1}], shape=[32, 96], orientation=ShardOrientation::ROW_MAJOR},nd_shard_spec={"shard_shape":[32, 96],"grid":[{"start":{"x":0,"y":0},"end":{"x":10,"y":0}}, {"start":{"x":0,"y":1},"end":{"x":2,"y":1}}],"orientation":"ShardOrientation::ROW_MAJOR","shard_distribution_strategy":"ShardDistributionStrategy::ROUND_ROBIN_1D"},created_with_nd_shard_spec=0,per_core_allocation=0) and provided MemoryConfig(memory_layout=TensorMemoryLayout::WIDTH_SHARDED,buffer_type=BufferType::L1,shard_spec=ShardSpec{grid=[{"start":{"x":0,"y":0},"end":{"x":10,"y":0}, {"start":{"x":0,"y":1},"end":{"x":4,"y":1}], shape=[32, 96], orientation=ShardOrientation::ROW_MAJOR},nd_shard_spec=std::nullopt,created_with_nd_shard_spec=0,per_core_allocation=0) mem config. Using computed config. (matmul_device_operation.cpp:239)
2026-09-22 14:00:23.738 | INFO     | autoports.meta_models_muse_glimmer_30b.tests.test_multichip_vs_single_chip:test_multichip_matches_single_chip:226 - multichip vs single-chip TTNN prefill[full seq_len=12345 batch=4]: 0.9996054444923208
2026-09-22 14:00:23.739 | INFO     | autoports.meta_models_muse_glimmer_30b.tests.test_multichip_vs_single_chip:test_multichip_matches_single_chip:226 - multichip vs single-chip TTNN decode0[full seq_len=12345 batch=4]: 0.9991916638339985
2026-09-22 14:00:23.739 | INFO     | autoports.meta_models_muse_glimmer_30b.tests.test_multichip_vs_single_chip:test_multichip_matches_single_chip:226 - multichip vs single-chip TTNN decode1[full seq_len=12345 batch=4]: 0.9991827529521182
2026-09-22 14:00:23.739 | INFO     | autoports.meta_models_muse_glimmer_30b.tests.test_multichip_vs_single_chip:test_multichip_matches_single_chip:226 - multichip vs single-chip TTNN decode2[full seq_len=12345 batch=4]: 0.9991826015549865
2026-09-22 14:00:23.740 | INFO     | autoports.meta_models_muse_glimmer_30b.tests.test_multichip_vs_single_chip:test_multichip_matches_single_chip:226 - multichip vs single-chip TTNN decode3[full seq_len=12345 batch=4]: 0.9992018552082059
2026-09-22 14:00:23.740 | INFO     | autoports.meta_models_muse_glimmer_30b.tests.test_multichip_vs_single_chip:test_multichip_matches_single_chip:234 - multichip vs single-chip TTNN worst[full seq_len=12345 batch=4]: 0.999183 on decode2
PASSED

=============================== warnings summary ===============================
<frozen importlib._bootstrap>:488
  <frozen importlib._bootstrap>:488: DeprecationWarning: builtin type SwigPyPacked has no __module__ attribute

<frozen importlib._bootstrap>:488
  <frozen importlib._bootstrap>:488: DeprecationWarning: builtin type SwigPyObject has no __module__ attribute

models/tt_transformers/tt/common.py:28
  /home/ttuser/dev/muse-glimmer/wt-toolcalling/models/tt_transformers/tt/common.py:28: PydanticDeprecatedSince20: Support for class-based `config` is deprecated, use ConfigDict instead. Deprecated in Pydantic V2.0 to be removed in V3.0. See Pydantic V2 Migration Guide at https://errors.pydantic.dev/2.13/migration/
    class ImageMedia(BaseModel):

-- Docs: https://docs.pytest.org/en/stable/how-to/capture-warnings.html
==================================== PASSES ====================================
- generated xml file: /home/ttuser/dev/muse-glimmer/wt-toolcalling/models/autoports/meta_models_muse_glimmer_30b/doc/optimized_multichip_decoder/test_results_vs_single_chip.xml -
============================= slowest 25 durations =============================
9.02s call     models/autoports/meta_models_muse_glimmer_30b/tests/test_multichip_vs_single_chip.py::test_multichip_matches_single_chip[12345-4-sliding]
8.70s call     models/autoports/meta_models_muse_glimmer_30b/tests/test_multichip_vs_single_chip.py::test_multichip_matches_single_chip[2049-1-sliding]
8.64s call     models/autoports/meta_models_muse_glimmer_30b/tests/test_multichip_vs_single_chip.py::test_multichip_matches_single_chip[12345-4-full]
6.68s call     models/autoports/meta_models_muse_glimmer_30b/tests/test_multichip_vs_single_chip.py::test_multichip_matches_single_chip[2049-1-full]
0.23s setup    models/autoports/meta_models_muse_glimmer_30b/tests/test_multichip_vs_single_chip.py::test_multichip_matches_single_chip[12345-4-full]
0.23s setup    models/autoports/meta_models_muse_glimmer_30b/tests/test_multichip_vs_single_chip.py::test_multichip_matches_single_chip[12345-4-sliding]
0.23s setup    models/autoports/meta_models_muse_glimmer_30b/tests/test_multichip_vs_single_chip.py::test_multichip_matches_single_chip[2049-1-full]
0.21s setup    models/autoports/meta_models_muse_glimmer_30b/tests/test_multichip_vs_single_chip.py::test_multichip_matches_single_chip[2049-1-sliding]

(4 durations < 0.005s hidden.  Use -vv to show these durations.)
=========================== short test summary info ============================
PASSED models/autoports/meta_models_muse_glimmer_30b/tests/test_multichip_vs_single_chip.py::test_multichip_matches_single_chip[2049-1-sliding]
PASSED models/autoports/meta_models_muse_glimmer_30b/tests/test_multichip_vs_single_chip.py::test_multichip_matches_single_chip[2049-1-full]
PASSED models/autoports/meta_models_muse_glimmer_30b/tests/test_multichip_vs_single_chip.py::test_multichip_matches_single_chip[12345-4-sliding]
PASSED models/autoports/meta_models_muse_glimmer_30b/tests/test_multichip_vs_single_chip.py::test_multichip_matches_single_chip[12345-4-full]
======================== 4 passed, 3 warnings in 34.89s ========================
sys:1: DeprecationWarning: builtin type swigvarlink has no __module__ attribute
nanobind: leaked 3 instances!
 - leaked instance 0x75df3313f888 of type "ttnn._ttnn.multi_device.MeshCoordinate"
 - leaked instance 0x75dedf8c8eb8 of type "ttnn._ttnn.tensor.CoreRangeSet"
 - leaked instance 0x75df3313f6a8 of type "ttnn._ttnn.multi_device.MeshCoordinate"
nanobind: leaked 23 types!
 - leaked type "MathFidelity"
 - leaked type "ttnn._ttnn.operations.matmul.MatmulMultiCoreReuseMultiCast1DProgramConfig"
 - leaked type "ttnn._ttnn.operations.matmul.MatmulInputs"
 - leaked type "ttnn._ttnn.multi_device.MeshMapperConfig"
 - leaked type "ttnn._ttnn.operations.matmul.MatmulMultiCoreReuseMultiCastBatchedDRAMShardedProgramConfig"
 - leaked type "BufferType"
 - leaked type "UnaryOpType"
 - leaked type "ttnn._ttnn.operations.matmul.MatmulMultiCoreReuseOptimizedProgramFactory"
 - leaked type "ttnn._ttnn.operations.matmul.MatmulParams"
 - leaked type "ttnn._ttnn.tensor.CoreRangeSet"
 - ... skipped remainder
nanobind: leaked 248 functions!
 - leaked function "pop_current_command_queue_id_for_thread"
 - leaked function "reshape"
 - leaked function "create_matmul_attributes"
 - leaked function "compute_program_hash"
 - leaked function "__iter__"
 - leaked function "memory_config"
 - leaked function ""
 - leaked function "__init__"
 - leaked function ""
 - leaked function ""
 - ... skipped remainder
nanobind: this is likely caused by a reference counting issue in the binding code.
See https://nanobind.readthedocs.io/en/latest/refleaks.html2026-09-22 14:00:25.621 | info     |    BuildKernels | JIT cache stats: 818/822 hits (99.5%) [818 cached, 1847 build-once dedup, 0 merged artifacts, 0 merged genfiles] (build_cache_telemetry.cpp:207)
2026-09-22 14:00:25.621 | info     |    BuildKernels | JIT telemetry: 3 registered TelemetryTokens (build_cache_telemetry.cpp:230)
2026-09-22 14:00:25.638 | info     |          Device | Closing user mode device drivers (tt_cluster.cpp:513)
2026-09-22 14:00:25.638 | info     |             UMD | Closing devices in cluster (cluster.cpp:1197)
2026-09-22 14:00:26.151 | info     |             UMD | Closing devices in cluster completed. (cluster.cpp:1206)
2026-09-22 14:00:26.151 | info     |             UMD | Cluster destructor started. (cluster.cpp:912)
2026-09-22 14:00:26.151 | info     |             UMD | Cluster destructor completed. (cluster.cpp:915)
