Script started on 2026-08-20 07:02:57-04:00 [COMMAND="timeout 60 tt-smi -ls --local" <not executed on terminal>]
[90m2026-08-20 07:02:57.955[0m | [32minfo    [m | [35m            UMD[0m | [37mCreating TopologyDiscovery for architecture: blackhole[0m [90m(topology_discovery.cpp:74)[0m
[90m2026-08-20 07:02:57.955[0m | [32minfo    [m | [35m            UMD[0m | [37mStarting topology discovery.[0m [90m(topology_discovery.cpp:91)[0m
[90m2026-08-20 07:02:57.958[0m | [32minfo    [m | [35m            UMD[0m | [37mEstablished firmware bundle version: 19.11.0[0m [90m(topology_discovery.cpp:548)[0m
[90m2026-08-20 07:02:57.958[0m | [32minfo    [m | [35m            UMD[0m | [37mFirmware bundle version 19.11.0 on the system is newer than the latest fully tested version 19.5.0 for blackhole architecture. Newest features may not be supported.[0m [90m(topology_discovery.cpp:574)[0m
[90m2026-08-20 07:02:57.967[0m | [32minfo    [m | [35m            UMD[0m | [37mCompleted topology discovery.[0m [90m(topology_discovery.cpp:95)[0m
Gathering Information ━━━━━━━━━━━━━━━━━━━━━━━━━━━━━━━━━━━━━━━━ 100% 0:00:00

                      All available boards on host (UMD):                       
┏━━━━━━━━━━━━┳━━━━━━━━━━━━┳━━━━━━━━━━━━┳━━━━━━━━━━━━┳━━━━━━━━━━━━━┳━━━━━━━━━━━━┓
┃ UMD Chip   ┃            ┃            ┃            ┃ Device      ┃ Board      ┃
┃ ID         ┃ PCI BDF    ┃ PCI Dev ID ┃ Board Type ┃ Series      ┃ Number     ┃
┡━━━━━━━━━━━━╇━━━━━━━━━━━━╇━━━━━━━━━━━━╇━━━━━━━━━━━━╇━━━━━━━━━━━━━╇━━━━━━━━━━━━┩
│ 0          │ 0000:01:0… │ /dev/tens… │ Blackhole  │ p300c       │ 000004613… │
│ 1          │ 0000:02:0… │ /dev/tens… │ Blackhole  │ p300c       │ 000004613… │
│ 2          │ 0000:03:0… │ /dev/tens… │ Blackhole  │ p300c       │ 000004613… │
│ 3          │ 0000:04:0… │ /dev/tens… │ Blackhole  │ p300c       │ 000004613… │
└────────────┴────────────┴────────────┴────────────┴─────────────┴────────────┘
                        Boards that can be reset (UMD):                         
┏━━━━━━━━━━━━┳━━━━━━━━━━━━┳━━━━━━━━━━━━┳━━━━━━━━━━━━┳━━━━━━━━━━━━━┳━━━━━━━━━━━━┓
┃ UMD Chip   ┃            ┃            ┃            ┃ Device      ┃ Board      ┃
┃ ID         ┃ PCI BDF    ┃ PCI Dev ID ┃ Board Type ┃ Series      ┃ Number     ┃
┡━━━━━━━━━━━━╇━━━━━━━━━━━━╇━━━━━━━━━━━━╇━━━━━━━━━━━━╇━━━━━━━━━━━━━╇━━━━━━━━━━━━┩
│ 0          │ 0000:01:0… │ /dev/tens… │ Blackhole  │ p300c       │ 000004613… │
│ 1          │ 0000:02:0… │ /dev/tens… │ Blackhole  │ p300c       │ 000004613… │
│ 2          │ 0000:03:0… │ /dev/tens… │ Blackhole  │ p300c       │ 000004613… │
│ 3          │ 0000:04:0… │ /dev/tens… │ Blackhole  │ p300c       │ 000004613… │
└────────────┴────────────┴────────────┴────────────┴─────────────┴────────────┘

Script done on 2026-08-20 07:02:58-04:00 [COMMAND_EXIT_CODE="0"]
