2026-07-17 13:25:01.748 | DEBUG    | ttnn:<module>:79 - Initial ttnn.CONFIG:
Config{cache_path=/home/ttuser/.cache/ttnn,model_cache_path=/home/ttuser/.cache/ttnn/models,tmp_dir=/tmp/ttnn,enable_model_cache=false,enable_fast_runtime_mode=true,throw_exception_on_fallback=false,enable_logging=false,enable_graph_report=false,enable_graph_python_stack_traces=false,enable_detailed_buffer_report=false,enable_detailed_tensor_report=false,enable_comparison_mode=false,comparison_mode_should_raise_exception=false,comparison_mode_pcc=0.9999,root_report_path=generated/ttnn/reports,report_name=std::nullopt,std::nullopt}
2026-07-17 13:25:04.070 | info     |          Device | Opening user mode device driver (tt_cluster.cpp:228)
2026-07-17 13:25:04.070 | info     |             UMD | Cluster constructor started. (cluster.cpp:348)
2026-07-17 13:25:04.070 | info     |             UMD | Creating TopologyDiscovery for architecture: blackhole (topology_discovery.cpp:91)
2026-07-17 13:25:04.070 | info     |             UMD | Starting topology discovery. (topology_discovery.cpp:110)
2026-07-17 13:25:04.073 | info     |             UMD | Established firmware bundle version: 19.11.0 (topology_discovery.cpp:569)
2026-07-17 13:25:04.073 | info     |             UMD | Firmware bundle version 19.11.0 on the system is newer than the latest fully tested version 19.5.0 for blackhole architecture. Newest features may not be supported. (topology_discovery.cpp:601)
2026-07-17 13:25:04.083 | info     |             UMD | Completed topology discovery. (topology_discovery.cpp:114)
2026-07-17 13:25:04.393 | info     |             UMD | Opening local chip ids/PCIe ids: {0, 1, 2, 3}/[0, 1, 2, 3] and remote chip ids {} (cluster.cpp:168)
2026-07-17 13:25:04.393 | info     |             UMD | IOMMU: enabled (cluster.cpp:142)
2026-07-17 13:25:04.393 | info     |             UMD | KMD version: 2.9.0 (cluster.cpp:145)
2026-07-17 13:25:04.393 | info     |             UMD | Cluster constructor completed. (cluster.cpp:520)
2026-07-17 13:25:04.396 | info     |             UMD | Starting devices in cluster (cluster.cpp:1024)
2026-07-17 13:25:04.659 | info     |             UMD | Starting devices in cluster completed. (cluster.cpp:1032)
2026-07-17 13:25:04.802 | info     |     Distributed | Using auto discovery to generate mesh graph. (metal_env.cpp:367)
2026-07-17 13:25:04.802 | info     |     Distributed | Constructing control plane using auto-discovery (no mesh graph descriptor). (metal_env.cpp:429)
2026-07-17 13:25:04.802 | warning  |          Always | Unknown motherboard 'B850M-C' for chip_id=0 (bus_id=0x1) — falling back to bus_id as tray_id. Add this motherboard and its bus IDs to mobo_to_bus_ids in physical_system_discovery.cpp. (physical_system_discovery.cpp:89)
2026-07-17 13:25:04.802 | warning  |          Always | Unknown motherboard 'B850M-C' for chip_id=1 (bus_id=0x2) — falling back to bus_id as tray_id. Add this motherboard and its bus IDs to mobo_to_bus_ids in physical_system_discovery.cpp. (physical_system_discovery.cpp:89)
2026-07-17 13:25:04.802 | warning  |          Always | Unknown motherboard 'B850M-C' for chip_id=2 (bus_id=0x3) — falling back to bus_id as tray_id. Add this motherboard and its bus IDs to mobo_to_bus_ids in physical_system_discovery.cpp. (physical_system_discovery.cpp:89)
2026-07-17 13:25:04.802 | warning  |          Always | Unknown motherboard 'B850M-C' for chip_id=3 (bus_id=0x4) — falling back to bus_id as tray_id. Add this motherboard and its bus IDs to mobo_to_bus_ids in physical_system_discovery.cpp. (physical_system_discovery.cpp:89)
2026-07-17 13:25:04.802 | warning  |          Always | Unknown motherboard 'B850M-C' for chip_id=1 (bus_id=0x2) — falling back to bus_id as tray_id. Add this motherboard and its bus IDs to mobo_to_bus_ids in physical_system_discovery.cpp. (physical_system_discovery.cpp:89)
2026-07-17 13:25:04.802 | warning  |          Always | Unknown motherboard 'B850M-C' for chip_id=0 (bus_id=0x1) — falling back to bus_id as tray_id. Add this motherboard and its bus IDs to mobo_to_bus_ids in physical_system_discovery.cpp. (physical_system_discovery.cpp:89)
2026-07-17 13:25:04.802 | warning  |          Always | Unknown motherboard 'B850M-C' for chip_id=2 (bus_id=0x3) — falling back to bus_id as tray_id. Add this motherboard and its bus IDs to mobo_to_bus_ids in physical_system_discovery.cpp. (physical_system_discovery.cpp:89)
2026-07-17 13:25:04.802 | warning  |          Always | Unknown motherboard 'B850M-C' for chip_id=3 (bus_id=0x4) — falling back to bus_id as tray_id. Add this motherboard and its bus IDs to mobo_to_bus_ids in physical_system_discovery.cpp. (physical_system_discovery.cpp:89)
2026-07-17 13:25:04.802 | info     |          Fabric | Logical multi-mesh adjacency: intermesh degree histogram {0:1}; intra-mesh degree histograms mesh0 {2:4} (topology_mapper_utils.cpp:2342)
2026-07-17 13:25:04.802 | info     |          Fabric | Physical multi-mesh adjacency: intermesh degree histogram {0:1}; intra-mesh degree histograms mesh0 {2:4} (topology_mapper_utils.cpp:2350)
2026-07-17 13:25:04.808 | info     |    BuildKernels | Using pre-compiled firmware from: /home/ttuser/dev/tt-metal/tt_metal/pre-compiled/13793420398762238087/ (build_env_manager.cpp:347)
2026-07-17 13:25:04.809 | info     |    BuildKernels | Using pre-compiled firmware from: /home/ttuser/dev/tt-metal/tt_metal/pre-compiled/13793420398762238087/ (build_env_manager.cpp:347)
2026-07-17 13:25:04.809 | info     |    BuildKernels | Using pre-compiled firmware from: /home/ttuser/dev/tt-metal/tt_metal/pre-compiled/13793420398762238087/ (build_env_manager.cpp:347)
2026-07-17 13:25:04.809 | info     |    BuildKernels | Using pre-compiled firmware from: /home/ttuser/dev/tt-metal/tt_metal/pre-compiled/13793420398762238087/ (build_env_manager.cpp:347)
2026-07-17 13:25:04.842 | warning  |           Metal | Opening subset of mmio devices slows down UMD read/write to remote chips. If opening more devices, consider using CreateDevices API. (device_manager.cpp:261)
2026-07-17 13:25:04.890 | info     |           Metal | ShmResourceTracker: removed orphaned shm '/tt_device_154095680227713_memory' (shm_resource_tracker.cpp:282)
2026-07-17 13:25:05.477 | info     |           Metal | [Real-time profiler] Device 0 sync complete: 100 samples, frequency=1.349983 GHz, device_time_at_sync=588285077785 cycles (realtime_profiler_manager.cpp:1127)
2026-07-17 13:25:06.432 | warning  |           Metal | Allocating device buffers is unsafe due to the existence of an active trace. These buffers may be corrupted once a trace is executed. (allocator.cpp:110)
{
  "model": "hexgrad/Kokoro-82M",
  "selected_policy": {
    "activation": "bf16",
    "attn_weight": "bfp8",
    "mlp_weight": "bfp8",
    "map_weight": "bfp8",
    "norm_weight": "bf16",
    "embedding": "bf16",
    "matmul_fidelity": "HiFi2",
    "sdpa_fidelity": "HiFi2",
    "fp32_dest_acc": true
  },
  "pcc_bar": 0.995,
  "prefill_pcc_real_weights_seed_eq_len": {
    "8": 0.99848,
    "16": 0.99697,
    "31": 0.99905,
    "32": 0.99838,
    "33": 0.9976,
    "64": 0.99777,
    "128": 0.99765,
    "256": 0.99674,
    "500": 0.99817,
    "511": 0.9982,
    "512": 0.99759
  },
  "decode_traced_pcc_real_weights_seed_5000pL": {
    "32": 0.99878,
    "64": 0.99757,
    "128": 0.99877,
    "500": 0.99815,
    "511": 0.99734,
    "512": 0.99789
  },
  "ipa_sentence_pcc": {
    "h\u025bl\u02c8O w\u02c8\u025c\u02d0ld": 0.99911,
    "\u00f0\u0259 kw\u02c8\u026ak br\u02c8a\u028an ": 0.99856,
    "t\u02c8\u025bnst\u0254\u0279\u025bnt b\u02c8\u026al": 0.99861
  },
  "batch_prefill_pcc": {
    "2": 0.99843,
    "4": 0.99826,
    "8": 0.99807,
    "32": 0.99813
  },
  "worst_pcc": 0.99674,
  "alternatives_T16_seed16_pcc": {
    "selected_bfp8_fp32acc": 0.99697,
    "bf16_weights_fp32acc_slower_4pct": 0.99851,
    "bfp8_no_fp32acc_REJECTED_below_bar": 0.9909
  },
  "note": "Selected policy: bf16 act + BFP8 weights + HiFi2 + fp32_dest_acc=True. Passes every tested length (worst above the 0.995 bar and above the functional fp32 floor of 0.9958), is ~4% faster on traced decode than BF16 weights, and halves weight memory. fp32_dest_acc is required: BFP8 without it drops T=16 to 0.9909 < 0.995. BF16 activations are mandatory (ttnn SDPA rejects fp32 inputs)."
}
{
  "model": "hexgrad/Kokoro-82M",
  "iters": 50,
  "weight_dtype": "bfloat8_b",
  "activation_dtype": "bfloat16",
  "matmul_fidelity": "HiFi2",
  "fp32_dest_acc": true,
  "results": {
    "128": {
      "prefill_warmed_ms": 2.7447,
      "decode_traced_ms": 2.4604
    },
    "512": {
      "prefill_warmed_ms": 2.9467,
      "decode_traced_ms": 2.9517
    }
  },
  "functional_baseline_ms": {
    "128": {
      "prefill_warmed_ms": 7.1013,
      "decode_traced_ms": 7.056
    },
    "512": {
      "prefill_warmed_ms": 21.0115,
      "decode_traced_ms": 20.9941
    }
  }
}
nanobind: leaked 1 instances!
 - leaked instance 0x7cab6130a478 of type "ttnn._ttnn.tensor.CoreRangeSet"
nanobind: leaked 13 types!
 - leaked type "ttnn._ttnn.operations.matmul.MatmulMultiCoreReuseMultiCast1DProgramConfig"
 - leaked type "ttnn._ttnn.operations.matmul.MatmulInputs"
 - leaked type "ttnn._ttnn.operations.matmul.MatmulMultiCoreReuseMultiCastBatchedDRAMShardedProgramConfig"
 - leaked type "UnaryOpType"
 - leaked type "ttnn._ttnn.operations.matmul.MatmulMultiCoreReuseOptimizedProgramFactory"
 - leaked type "ttnn._ttnn.operations.matmul.MatmulParams"
 - leaked type "ttnn._ttnn.tensor.CoreRangeSet"
 - leaked type "ttnn._ttnn.operations.matmul.MatmulMultiCoreReuseProgramConfig"
 - leaked type "ttnn._ttnn.operations.matmul.MatmulDeviceOperation"
 - leaked type "ttnn._ttnn.tensor.Tensor"
 - ... skipped remainder
nanobind: leaked 199 functions!
 - leaked function ""
 - leaked function "volume"
 - leaked function ""
 - leaked function "to_json"
 - leaked function "__init__"
 - leaked function "is_allocated"
 - leaked function ""
 - leaked function ""
 - leaked function ""
 - leaked function "buffer_aligned_page_size"
 - ... skipped remainder
nanobind: this is likely caused by a reference counting issue in the binding code.
See https://nanobind.readthedocs.io/en/latest/refleaks.html2026-07-17 13:25:11.404 | info     |    BuildKernels | JIT cache stats: 421/421 hits (100.0%) [421 cached, 260 build-once dedup, 0 merged artifacts, 0 merged genfiles] (build_cache_telemetry.cpp:207)
2026-07-17 13:25:11.404 | info     |    BuildKernels | JIT telemetry: 3 registered TelemetryTokens (build_cache_telemetry.cpp:230)
2026-07-17 13:25:11.422 | info     |          Device | Closing user mode device drivers (tt_cluster.cpp:512)
2026-07-17 13:25:11.423 | info     |             UMD | Closing devices in cluster (cluster.cpp:1037)
2026-07-17 13:25:11.985 | info     |             UMD | Closing devices in cluster completed. (cluster.cpp:1046)
2026-07-17 13:25:11.985 | info     |             UMD | Cluster destructor started. (cluster.cpp:754)
2026-07-17 13:25:11.985 | info     |             UMD | Cluster destructor completed. (cluster.cpp:757)
