2026-09-08 20:04:34.984 | DEBUG    | ttnn:<module>:45 - Initial ttnn.CONFIG:
Config{cache_path=/home/hous/.cache/ttnn,model_cache_path=/home/hous/.cache/ttnn/models,tmp_dir=/tmp/ttnn,enable_model_cache=false,enable_fast_runtime_mode=true,validate_program_args=false,throw_exception_on_fallback=true,enable_logging=false,enable_graph_report=false,enable_graph_python_stack_traces=false,enable_detailed_buffer_report=false,enable_detailed_tensor_report=false,enable_comparison_mode=false,comparison_mode_should_raise_exception=false,comparison_mode_pcc=0.9999,root_report_path=generated/ttnn/reports,report_name=std::nullopt,std::nullopt}
============================= test session starts ==============================
platform linux -- Python 3.12.14, pytest-9.0.3, pluggy-1.6.0 -- /home/hous/dev/tt-metal/python_env/bin/python3
cachedir: .pytest_cache
benchmark: 5.2.3 (defaults: timer=time.perf_counter disable_gc=False min_rounds=5 min_time=0.000005 max_time=1.0 calibration_precision=10 warmup=False warmup_iterations=100000)
rootdir: /home/hous/dev/tt-metal
configfile: pytest.ini
plugins: anyio-4.15.0, dash-2.15.0, repeat-0.9.4, benchmark-5.2.3, timeout-2.4.0, github-actions-annotate-failures-0.3.0, split-0.11.0, cov-7.0.0
timeout: 300.0s
timeout method: signal
timeout func_only: False
collecting ... collected 1 item

models/autoports/google_gemma_4_26b_a4b_it/tests/test_vllm_trace_reuse.py::test_adapter_request_trace_reuse[blackhole-p150x4] 2026-09-08 20:04:36.736 | info     |          Device | Opening user mode device driver (tt_cluster.cpp:224)
2026-09-08 20:04:36.736 | info     |             UMD | Cluster constructor started. (cluster.cpp:406)
2026-09-08 20:04:36.736 | info     |             UMD | Creating TopologyDiscovery for architecture: blackhole (topology_discovery.cpp:96)
2026-09-08 20:04:36.736 | info     |             UMD | Starting topology discovery. (topology_discovery.cpp:115)
2026-09-08 20:04:36.749 | info     |             UMD | Established firmware bundle version: 19.13.1 (topology_discovery.cpp:576)
2026-09-08 20:04:36.750 | info     |             UMD | Completed topology discovery. (topology_discovery.cpp:119)
2026-09-08 20:04:36.828 | info     |             UMD | Opening local chip ids/PCIe ids: {0, 1, 2, 3}/[0, 1, 2, 3] and remote chip ids {} (cluster.cpp:173)
2026-09-08 20:04:36.828 | info     |             UMD | IOMMU: enabled (cluster.cpp:147)
2026-09-08 20:04:36.828 | info     |             UMD | KMD version: 2.8.0 (cluster.cpp:150)
2026-09-08 20:04:36.828 | info     |             UMD | Cluster constructor completed. (cluster.cpp:665)
2026-09-08 20:04:36.829 | info     |             UMD | Starting devices in cluster (cluster.cpp:1205)
2026-09-08 20:04:37.060 | info     |             UMD | Starting devices in cluster completed. (cluster.cpp:1213)
2026-09-08 20:04:37.149 | info     |     Distributed | Using auto discovery to generate mesh graph. (metal_env.cpp:422)
2026-09-08 20:04:37.149 | info     |     Distributed | Constructing control plane using auto-discovery (no mesh graph descriptor). (metal_env.cpp:484)
2026-09-08 20:04:37.149 | warning  |          Always | Unknown motherboard 'B850M-C' for chip_id=2 (bus_id=0x3) — falling back to bus_id as tray_id. Add this motherboard and its bus IDs to mobo_to_bus_ids in physical_system_discovery.cpp. (physical_system_discovery.cpp:119)
2026-09-08 20:04:37.149 | info     |          Fabric | Logical multi-mesh adjacency: intermesh degree histogram {0:1}; intra-mesh degree histograms mesh0 {2:4} (topology_mapper_utils.cpp:3368)
2026-09-08 20:04:37.149 | info     |          Fabric | Physical multi-mesh adjacency: intermesh degree histogram {0:1}; intra-mesh degree histograms mesh0 {2:4} (topology_mapper_utils.cpp:3376)
2026-09-08 20:04:37.150 | INFO     | conftest:mesh_device:638 - Keeping trace_region_size=134217728 from device_params (already set)
2026-09-08 20:04:37.150 | info     |           Metal | Fabric config changed from FabricConfig::DISABLED to FabricConfig::FABRIC_1D_RING, reinitializing control plane (metal_env.cpp:324)
2026-09-08 20:04:37.150 | info     |     Distributed | Using auto discovery to generate mesh graph. (metal_env.cpp:422)
2026-09-08 20:04:37.150 | info     |     Distributed | Constructing control plane using auto-discovery (no mesh graph descriptor). (metal_env.cpp:484)
2026-09-08 20:04:37.150 | info     |          Fabric | Logical multi-mesh adjacency: intermesh degree histogram {0:1}; intra-mesh degree histograms mesh0 {2:4} (topology_mapper_utils.cpp:3368)
2026-09-08 20:04:37.150 | info     |          Fabric | Physical multi-mesh adjacency: intermesh degree histogram {0:1}; intra-mesh degree histograms mesh0 {2:4} (topology_mapper_utils.cpp:3376)
2026-09-08 20:04:37.196 | info     |           Metal | Initializing Fabric (fabric_firmware_initializer.cpp:308)
2026-09-08 20:04:37.225 | info     |           Metal | Fabric initialized on 4 devices (fabric_firmware_initializer.cpp:455)
2026-09-08 20:04:37.225 | info     |           Metal | Fabric Initialized with config FabricConfig::FABRIC_1D_RING (fabric_firmware_initializer.cpp:325)
2026-09-08 20:04:37.890 | DEBUG    | conftest:mesh_device:668 - multidevice with 4 devices is created
2026-09-08 20:04:38.008 | DEBUG    | core:as_tensor:719 - Loaded cache for /tmp/gemma4_full_model_probe_cache/full_model/embedding_tp4_bf16_row_major_dtype_BFLOAT16_layout_ROW_MAJOR.tensorbin of shape Shape([1, 1, 262144, 704])
2026-09-08 20:04:38.673 | DEBUG    | core:as_tensor:719 - Loaded cache for /tmp/gemma4_full_model_probe_cache/full_model/lm_head_tp4_dtype_BFLOAT8_B_layout_TILE.tensorbin of shape Shape([1, 1, 2816, 65536])
2026-09-08 20:04:38.717 | DEBUG    | core:as_tensor:719 - Loaded cache for /tmp/gemma4_full_model_probe_cache/full_model/final_norm_dtype_BFLOAT16_layout_TILE.tensorbin of shape Shape([1, 1, 1, 2816])
2026-09-08 20:04:40.628 | DEBUG    | core:as_tensor:719 - Loaded cache for /tmp/gemma4_full_model_probe_cache/optimized_graph_folds_router1_sharedffn1_expertscale1/multichip/layer_0/packed_expert_gate_up_tp4_dtype_BFLOAT4_B_layout_TILE.tensorbin of shape Shape([1, 128, 2816, 384])
2026-09-08 20:04:40.674 | DEBUG    | core:as_tensor:719 - Loaded cache for /tmp/gemma4_full_model_probe_cache/optimized_graph_folds_router1_sharedffn1_expertscale1/multichip/layer_0/layer_scalar_dtype_BFLOAT16_layout_TILE.tensorbin of shape Shape([1, 1, 1, 1])
2026-09-08 20:04:40.674 | DEBUG    | core:as_tensor:719 - Loaded cache for /tmp/gemma4_full_model_probe_cache/optimized_graph_folds_router1_sharedffn1_expertscale1/multichip/layer_0/input_ln_dtype_BFLOAT16_layout_TILE.tensorbin of shape Shape([1, 1, 1, 2816])
2026-09-08 20:04:40.674 | DEBUG    | core:as_tensor:719 - Loaded cache for /tmp/gemma4_full_model_probe_cache/optimized_graph_folds_router1_sharedffn1_expertscale1/multichip/layer_0/post_attn_ln_dtype_BFLOAT16_layout_TILE.tensorbin of shape Shape([1, 1, 1, 2816])
2026-09-08 20:04:40.674 | DEBUG    | core:as_tensor:719 - Loaded cache for /tmp/gemma4_full_model_probe_cache/optimized_graph_folds_router1_sharedffn1_expertscale1/multichip/layer_0/pre_ff_ln_dtype_BFLOAT16_layout_TILE.tensorbin of shape Shape([1, 1, 1, 2816])
2026-09-08 20:04:40.674 | DEBUG    | core:as_tensor:719 - Loaded cache for /tmp/gemma4_full_model_probe_cache/optimized_graph_folds_router1_sharedffn1_expertscale1/multichip/layer_0/post_ff_ln_dtype_BFLOAT16_layout_TILE.tensorbin of shape Shape([1, 1, 1, 2816])
2026-09-08 20:04:40.675 | DEBUG    | core:as_tensor:719 - Loaded cache for /tmp/gemma4_full_model_probe_cache/optimized_graph_folds_router1_sharedffn1_expertscale1/multichip/layer_0/post_ff_ln_1_dtype_BFLOAT16_layout_TILE.tensorbin of shape Shape([1, 1, 1, 2816])
2026-09-08 20:04:40.675 | DEBUG    | core:as_tensor:719 - Loaded cache for /tmp/gemma4_full_model_probe_cache/optimized_graph_folds_router1_sharedffn1_expertscale1/multichip/layer_0/post_ff_ln_2_dtype_BFLOAT16_layout_TILE.tensorbin of shape Shape([1, 1, 1, 2816])
2026-09-08 20:04:40.675 | DEBUG    | core:as_tensor:719 - Loaded cache for /tmp/gemma4_full_model_probe_cache/optimized_graph_folds_router1_sharedffn1_expertscale1/multichip/layer_0/pre_ff_ln_2_dtype_BFLOAT16_layout_TILE.tensorbin of shape Shape([1, 1, 1, 2816])
2026-09-08 20:04:40.675 | DEBUG    | core:as_tensor:719 - Loaded cache for /tmp/gemma4_full_model_probe_cache/optimized_graph_folds_router1_sharedffn1_expertscale1/multichip/layer_0/q_norm_dtype_BFLOAT16_layout_TILE.tensorbin of shape Shape([1, 1, 1, 256])
2026-09-08 20:04:40.675 | DEBUG    | core:as_tensor:719 - Loaded cache for /tmp/gemma4_full_model_probe_cache/optimized_graph_folds_router1_sharedffn1_expertscale1/multichip/layer_0/k_norm_dtype_BFLOAT16_layout_TILE.tensorbin of shape Shape([1, 1, 1, 256])
2026-09-08 20:04:40.684 | DEBUG    | core:as_tensor:719 - Loaded cache for /tmp/gemma4_full_model_probe_cache/optimized_graph_folds_router1_sharedffn1_expertscale1/multichip/layer_0/qkv_tp4_dtype_BFLOAT16_layout_TILE.tensorbin of shape Shape([1, 1, 2816, 2048])
2026-09-08 20:04:40.692 | DEBUG    | core:as_tensor:719 - Loaded cache for /tmp/gemma4_full_model_probe_cache/optimized_graph_folds_router1_sharedffn1_expertscale1/multichip/layer_0/o_proj_tp4_dtype_BFLOAT16_layout_TILE.tensorbin of shape Shape([1, 1, 1024, 2816])
2026-09-08 20:04:40.693 | DEBUG    | core:as_tensor:719 - Loaded cache for /tmp/gemma4_full_model_probe_cache/optimized_graph_folds_router1_sharedffn1_expertscale1/multichip/layer_0/mlp_gate_tp4_dtype_BFLOAT8_B_layout_TILE.tensorbin of shape Shape([1, 1, 2816, 544])
2026-09-08 20:04:40.693 | DEBUG    | core:as_tensor:719 - Loaded cache for /tmp/gemma4_full_model_probe_cache/optimized_graph_folds_router1_sharedffn1_expertscale1/multichip/layer_0/mlp_up_tp4_dtype_BFLOAT8_B_layout_TILE.tensorbin of shape Shape([1, 1, 2816, 544])
2026-09-08 20:04:40.694 | DEBUG    | core:as_tensor:719 - Loaded cache for /tmp/gemma4_full_model_probe_cache/optimized_graph_folds_router1_sharedffn1_expertscale1/multichip/layer_0/mlp_down_tp4_dtype_BFLOAT8_B_layout_TILE.tensorbin of shape Shape([1, 1, 544, 2816])
2026-09-08 20:04:40.694 | DEBUG    | core:as_tensor:719 - Loaded cache for /tmp/gemma4_full_model_probe_cache/optimized_graph_folds_router1_sharedffn1_expertscale1/multichip/layer_0/router_scale_dtype_FLOAT32_layout_TILE.tensorbin of shape Shape([1, 1, 1, 2816])
2026-09-08 20:04:40.695 | DEBUG    | core:as_tensor:719 - Loaded cache for /tmp/gemma4_full_model_probe_cache/optimized_graph_folds_router1_sharedffn1_expertscale1/multichip/layer_0/router_proj_dtype_FLOAT32_layout_TILE.tensorbin of shape Shape([1, 1, 2816, 128])
2026-09-08 20:04:40.695 | DEBUG    | core:as_tensor:719 - Loaded cache for /tmp/gemma4_full_model_probe_cache/optimized_graph_folds_router1_sharedffn1_expertscale1/multichip/layer_0/router_per_expert_scale_dtype_FLOAT32_layout_TILE.tensorbin of shape Shape([1, 128])
2026-09-08 20:04:40.711 | DEBUG    | core:as_tensor:719 - Loaded cache for /tmp/gemma4_full_model_probe_cache/optimized_graph_folds_router1_sharedffn1_expertscale1/multichip/layer_0/expert_down_tp4_dtype_BFLOAT4_B_layout_TILE.tensorbin of shape Shape([1, 128, 192, 2816])
2026-09-08 20:04:40.712 | DEBUG    | core:as_tensor:719 - Loaded cache for /tmp/gemma4_full_model_probe_cache/optimized_graph_folds_router1_sharedffn1_expertscale1/multichip/layer_0/expert_prefill_sparsity_dtype_BFLOAT16_layout_ROW_MAJOR.tensorbin of shape Shape([1, 1, 1, 128])
2026-09-08 20:04:40.729 | DEBUG    | core:as_tensor:719 - Loaded cache for /tmp/gemma4_full_model_probe_cache/optimized_graph_folds_router1_sharedffn1_expertscale1/multichip/layer_0/packed_mlp_gate_up_decode_bfp8_tp4_dtype_BFLOAT8_B_layout_TILE.tensorbin of shape Shape([1, 1, 2816, 1088])
2026-09-08 20:04:41.965 | DEBUG    | core:as_tensor:719 - Loaded cache for /tmp/gemma4_full_model_probe_cache/optimized_graph_folds_router0_sharedffn0_expertscale1/multichip/layer_5/packed_expert_gate_up_tp4_dtype_BFLOAT4_B_layout_TILE.tensorbin of shape Shape([1, 128, 2816, 384])
2026-09-08 20:04:42.005 | DEBUG    | core:as_tensor:719 - Loaded cache for /tmp/gemma4_full_model_probe_cache/optimized_graph_folds_router0_sharedffn0_expertscale1/multichip/layer_5/layer_scalar_dtype_BFLOAT16_layout_TILE.tensorbin of shape Shape([1, 1, 1, 1])
2026-09-08 20:04:42.005 | DEBUG    | core:as_tensor:719 - Loaded cache for /tmp/gemma4_full_model_probe_cache/optimized_graph_folds_router0_sharedffn0_expertscale1/multichip/layer_5/input_ln_dtype_BFLOAT16_layout_TILE.tensorbin of shape Shape([1, 1, 1, 2816])
2026-09-08 20:04:42.005 | DEBUG    | core:as_tensor:719 - Loaded cache for /tmp/gemma4_full_model_probe_cache/optimized_graph_folds_router0_sharedffn0_expertscale1/multichip/layer_5/post_attn_ln_dtype_BFLOAT16_layout_TILE.tensorbin of shape Shape([1, 1, 1, 2816])
2026-09-08 20:04:42.005 | DEBUG    | core:as_tensor:719 - Loaded cache for /tmp/gemma4_full_model_probe_cache/optimized_graph_folds_router0_sharedffn0_expertscale1/multichip/layer_5/pre_ff_ln_dtype_BFLOAT16_layout_TILE.tensorbin of shape Shape([1, 1, 1, 2816])
2026-09-08 20:04:42.005 | DEBUG    | core:as_tensor:719 - Loaded cache for /tmp/gemma4_full_model_probe_cache/optimized_graph_folds_router0_sharedffn0_expertscale1/multichip/layer_5/post_ff_ln_dtype_BFLOAT16_layout_TILE.tensorbin of shape Shape([1, 1, 1, 2816])
2026-09-08 20:04:42.005 | DEBUG    | core:as_tensor:719 - Loaded cache for /tmp/gemma4_full_model_probe_cache/optimized_graph_folds_router0_sharedffn0_expertscale1/multichip/layer_5/post_ff_ln_1_dtype_BFLOAT16_layout_TILE.tensorbin of shape Shape([1, 1, 1, 2816])
2026-09-08 20:04:42.006 | DEBUG    | core:as_tensor:719 - Loaded cache for /tmp/gemma4_full_model_probe_cache/optimized_graph_folds_router0_sharedffn0_expertscale1/multichip/layer_5/post_ff_ln_2_dtype_BFLOAT16_layout_TILE.tensorbin of shape Shape([1, 1, 1, 2816])
2026-09-08 20:04:42.006 | DEBUG    | core:as_tensor:719 - Loaded cache for /tmp/gemma4_full_model_probe_cache/optimized_graph_folds_router0_sharedffn0_expertscale1/multichip/layer_5/pre_ff_ln_2_dtype_BFLOAT16_layout_TILE.tensorbin of shape Shape([1, 1, 1, 2816])
2026-09-08 20:04:42.006 | DEBUG    | core:as_tensor:719 - Loaded cache for /tmp/gemma4_full_model_probe_cache/optimized_graph_folds_router0_sharedffn0_expertscale1/multichip/layer_5/q_norm_dtype_BFLOAT16_layout_TILE.tensorbin of shape Shape([1, 1, 1, 512])
2026-09-08 20:04:42.006 | DEBUG    | core:as_tensor:719 - Loaded cache for /tmp/gemma4_full_model_probe_cache/optimized_graph_folds_router0_sharedffn0_expertscale1/multichip/layer_5/k_norm_dtype_BFLOAT16_layout_TILE.tensorbin of shape Shape([1, 1, 1, 512])
2026-09-08 20:04:42.014 | DEBUG    | core:as_tensor:719 - Loaded cache for /tmp/gemma4_full_model_probe_cache/optimized_graph_folds_router0_sharedffn0_expertscale1/multichip/layer_5/qkv_tp4_dtype_BFLOAT8_B_layout_TILE.tensorbin of shape Shape([1, 1, 2816, 3072])
2026-09-08 20:04:42.031 | DEBUG    | core:as_tensor:719 - Loaded cache for /tmp/gemma4_full_model_probe_cache/optimized_graph_folds_router0_sharedffn0_expertscale1/multichip/layer_5/o_proj_tp4_dtype_BFLOAT8_B_layout_TILE.tensorbin of shape Shape([1, 1, 2048, 2816])
2026-09-08 20:04:42.034 | DEBUG    | core:as_tensor:719 - Loaded cache for /tmp/gemma4_full_model_probe_cache/optimized_graph_folds_router0_sharedffn0_expertscale1/multichip/layer_5/mlp_gate_tp4_dtype_BFLOAT16_layout_TILE.tensorbin of shape Shape([1, 1, 2816, 544])
2026-09-08 20:04:42.035 | DEBUG    | core:as_tensor:719 - Loaded cache for /tmp/gemma4_full_model_probe_cache/optimized_graph_folds_router0_sharedffn0_expertscale1/multichip/layer_5/mlp_up_tp4_dtype_BFLOAT16_layout_TILE.tensorbin of shape Shape([1, 1, 2816, 544])
2026-09-08 20:04:42.036 | DEBUG    | core:as_tensor:719 - Loaded cache for /tmp/gemma4_full_model_probe_cache/optimized_graph_folds_router0_sharedffn0_expertscale1/multichip/layer_5/mlp_down_tp4_dtype_BFLOAT16_layout_TILE.tensorbin of shape Shape([1, 1, 544, 2816])
2026-09-08 20:04:42.036 | DEBUG    | core:as_tensor:719 - Loaded cache for /tmp/gemma4_full_model_probe_cache/optimized_graph_folds_router0_sharedffn0_expertscale1/multichip/layer_5/router_scale_dtype_FLOAT32_layout_TILE.tensorbin of shape Shape([1, 1, 1, 2816])
2026-09-08 20:04:42.037 | DEBUG    | core:as_tensor:719 - Loaded cache for /tmp/gemma4_full_model_probe_cache/optimized_graph_folds_router0_sharedffn0_expertscale1/multichip/layer_5/router_proj_dtype_FLOAT32_layout_TILE.tensorbin of shape Shape([1, 1, 2816, 128])
2026-09-08 20:04:42.037 | DEBUG    | core:as_tensor:719 - Loaded cache for /tmp/gemma4_full_model_probe_cache/optimized_graph_folds_router0_sharedffn0_expertscale1/multichip/layer_5/router_per_expert_scale_dtype_FLOAT32_layout_TILE.tensorbin of shape Shape([1, 128])
2026-09-08 20:04:42.054 | DEBUG    | core:as_tensor:719 - Loaded cache for /tmp/gemma4_full_model_probe_cache/optimized_graph_folds_router0_sharedffn0_expertscale1/multichip/layer_5/expert_down_tp4_dtype_BFLOAT4_B_layout_TILE.tensorbin of shape Shape([1, 128, 192, 2816])
2026-09-08 20:04:42.054 | DEBUG    | core:as_tensor:719 - Loaded cache for /tmp/gemma4_full_model_probe_cache/optimized_graph_folds_router0_sharedffn0_expertscale1/multichip/layer_5/expert_prefill_sparsity_dtype_BFLOAT16_layout_ROW_MAJOR.tensorbin of shape Shape([1, 1, 1, 128])
2026-09-08 20:04:42.062 | DEBUG    | core:as_tensor:719 - Loaded cache for /tmp/gemma4_full_model_probe_cache/optimized_graph_folds_router0_sharedffn0_expertscale1/multichip/layer_5/packed_mlp_gate_up_decode_bfp8_tp4_dtype_BFLOAT8_B_layout_TILE.tensorbin of shape Shape([1, 1, 2816, 1088])
2026-09-08 20:04:42.302 | warning  |              Op | Allocating semaphores in L1, which may fragment L1 and reduce headroom for subsequent op allocations. Configure an L1_SMALL region to mitigate this. (all_gather_multicast_factory.cpp:42)
2026-09-08 20:04:42.302 | warning  |              Op | Fabric packet size 4352 B is suboptimal for transporting 2048 B pages. Configure 8192 B packet size to maximize throughput. (ccl_common.cpp:70)
2026-09-08 20:04:42.302 | warning  |              Op | Fabric packet size 4352 B is suboptimal for transporting 2048 B pages. Configure 8192 B packet size to maximize throughput. (ccl_common.cpp:70)
2026-09-08 20:04:42.302 | warning  |              Op | Fabric packet size 4352 B is suboptimal for transporting 2048 B pages. Configure 8192 B packet size to maximize throughput. (ccl_common.cpp:70)
2026-09-08 20:04:42.302 | warning  |              Op | Fabric packet size 4352 B is suboptimal for transporting 2048 B pages. Configure 8192 B packet size to maximize throughput. (ccl_common.cpp:70)
2026-09-08 20:04:42.402 | warning  |              Op | The following ttnn.all_gather args are deprecated and will be removed in September-2026: num_links, topology, chunks_per_sync, num_workers_per_link, num_buffers_per_channel, use_l1_small_for_semaphores. (all_gather.cpp:148)
2026-09-08 20:04:42.402 | warning  |              Op | Allocating semaphores in L1, which may fragment L1 and reduce headroom for subsequent op allocations. Configure an L1_SMALL region to mitigate this. (all_gather_multicast_factory.cpp:42)
2026-09-08 20:04:42.402 | warning  |              Op | Fabric packet size 4352 B is suboptimal for transporting 2048 B pages. Configure 8192 B packet size to maximize throughput. (ccl_common.cpp:70)
2026-09-08 20:04:42.402 | warning  |              Op | Fabric packet size 4352 B is suboptimal for transporting 2048 B pages. Configure 8192 B packet size to maximize throughput. (ccl_common.cpp:70)
2026-09-08 20:04:42.402 | warning  |              Op | Fabric packet size 4352 B is suboptimal for transporting 2048 B pages. Configure 8192 B packet size to maximize throughput. (ccl_common.cpp:70)
2026-09-08 20:04:42.402 | warning  |              Op | Fabric packet size 4352 B is suboptimal for transporting 2048 B pages. Configure 8192 B packet size to maximize throughput. (ccl_common.cpp:70)
2026-09-08 20:04:42.404 | warning  |              Op | The following ttnn.all_gather args are deprecated and will be removed in September-2026: num_links, topology, chunks_per_sync, num_workers_per_link, num_buffers_per_channel, use_l1_small_for_semaphores. (all_gather.cpp:148)
2026-09-08 20:04:42.404 | warning  |              Op | Allocating semaphores in L1, which may fragment L1 and reduce headroom for subsequent op allocations. Configure an L1_SMALL region to mitigate this. (all_gather_multicast_factory.cpp:42)
2026-09-08 20:04:42.404 | warning  |              Op | Fabric packet size 4352 B is suboptimal for transporting 4096 B pages. Configure 12288 B packet size to maximize throughput. (ccl_common.cpp:70)
2026-09-08 20:04:42.404 | warning  |              Op | Fabric packet size 4352 B is suboptimal for transporting 4096 B pages. Configure 12288 B packet size to maximize throughput. (ccl_common.cpp:70)
2026-09-08 20:04:42.404 | warning  |              Op | Fabric packet size 4352 B is suboptimal for transporting 4096 B pages. Configure 12288 B packet size to maximize throughput. (ccl_common.cpp:70)
2026-09-08 20:04:42.404 | warning  |              Op | Fabric packet size 4352 B is suboptimal for transporting 4096 B pages. Configure 12288 B packet size to maximize throughput. (ccl_common.cpp:70)
2026-09-08 20:04:42.424 | warning  |              Op | Allocating semaphores in L1, which may fragment L1 and reduce headroom for subsequent op allocations. Configure an L1_SMALL region to mitigate this. (all_gather_multicast_factory.cpp:42)
2026-09-08 20:04:42.425 | warning  |              Op | Fabric packet size 4352 B is suboptimal for transporting 2048 B pages. Configure 8192 B packet size to maximize throughput. (ccl_common.cpp:70)
2026-09-08 20:04:42.425 | warning  |              Op | Fabric packet size 4352 B is suboptimal for transporting 2048 B pages. Configure 8192 B packet size to maximize throughput. (ccl_common.cpp:70)
2026-09-08 20:04:42.425 | warning  |              Op | Fabric packet size 4352 B is suboptimal for transporting 2048 B pages. Configure 8192 B packet size to maximize throughput. (ccl_common.cpp:70)
2026-09-08 20:04:42.425 | warning  |              Op | Fabric packet size 4352 B is suboptimal for transporting 2048 B pages. Configure 8192 B packet size to maximize throughput. (ccl_common.cpp:70)
2026-09-08 20:04:42.515 | warning  |              Op | The following ttnn.all_gather args are deprecated and will be removed in September-2026: num_links, topology, chunks_per_sync, num_workers_per_link, num_buffers_per_channel, use_l1_small_for_semaphores. (all_gather.cpp:148)
2026-09-08 20:04:42.515 | warning  |              Op | The following ttnn.all_gather args are deprecated and will be removed in September-2026: num_links, topology, chunks_per_sync, num_workers_per_link, num_buffers_per_channel, use_l1_small_for_semaphores. (all_gather.cpp:148)
2026-09-08 20:04:42.531 | warning  |              Op | The following ttnn.all_gather args are deprecated and will be removed in September-2026: num_links, topology, chunks_per_sync, num_workers_per_link, num_buffers_per_channel, use_l1_small_for_semaphores. (all_gather.cpp:148)
2026-09-08 20:04:42.531 | warning  |              Op | The following ttnn.all_gather args are deprecated and will be removed in September-2026: num_links, topology, chunks_per_sync, num_workers_per_link, num_buffers_per_channel, use_l1_small_for_semaphores. (all_gather.cpp:148)
2026-09-08 20:04:43.782 | warning  |              Op | The following ttnn.all_gather args are deprecated and will be removed in September-2026: num_links, topology, chunks_per_sync, num_workers_per_link, num_buffers_per_channel, use_l1_small_for_semaphores. (all_gather.cpp:148)
2026-09-08 20:04:43.782 | warning  |              Op | The following ttnn.all_gather args are deprecated and will be removed in September-2026: num_links, topology, chunks_per_sync, num_workers_per_link, num_buffers_per_channel, use_l1_small_for_semaphores. (all_gather.cpp:148)
2026-09-08 20:04:43.789 | warning  |              Op | The following ttnn.all_gather args are deprecated and will be removed in September-2026: num_links, topology, chunks_per_sync, num_workers_per_link, num_buffers_per_channel, use_l1_small_for_semaphores. (all_gather.cpp:148)
2026-09-08 20:04:43.789 | warning  |              Op | The following ttnn.all_gather args are deprecated and will be removed in September-2026: num_links, topology, chunks_per_sync, num_workers_per_link, num_buffers_per_channel, use_l1_small_for_semaphores. (all_gather.cpp:148)
2026-09-08 20:04:43.797 | warning  |              Op | The following ttnn.all_gather args are deprecated and will be removed in September-2026: num_links, topology, chunks_per_sync, num_workers_per_link, num_buffers_per_channel, use_l1_small_for_semaphores. (all_gather.cpp:148)
2026-09-08 20:04:43.797 | warning  |              Op | The following ttnn.all_gather args are deprecated and will be removed in September-2026: num_links, topology, chunks_per_sync, num_workers_per_link, num_buffers_per_channel, use_l1_small_for_semaphores. (all_gather.cpp:148)
2026-09-08 20:04:45.045 | warning  |              Op | The following ttnn.all_gather args are deprecated and will be removed in September-2026: num_links, topology, chunks_per_sync, num_workers_per_link, num_buffers_per_channel, use_l1_small_for_semaphores. (all_gather.cpp:148)
2026-09-08 20:04:45.045 | warning  |              Op | The following ttnn.all_gather args are deprecated and will be removed in September-2026: num_links, topology, chunks_per_sync, num_workers_per_link, num_buffers_per_channel, use_l1_small_for_semaphores. (all_gather.cpp:148)
2026-09-08 20:04:46.307 | warning  |              Op | The following ttnn.all_gather args are deprecated and will be removed in September-2026: num_links, topology, chunks_per_sync, num_workers_per_link, num_buffers_per_channel, use_l1_small_for_semaphores. (all_gather.cpp:148)
2026-09-08 20:04:46.307 | warning  |              Op | The following ttnn.all_gather args are deprecated and will be removed in September-2026: num_links, topology, chunks_per_sync, num_workers_per_link, num_buffers_per_channel, use_l1_small_for_semaphores. (all_gather.cpp:148)
2026-09-08 20:04:46.403 | warning  |              Op | The following ttnn.all_gather args are deprecated and will be removed in September-2026: num_links, topology, chunks_per_sync, num_workers_per_link, num_buffers_per_channel, use_l1_small_for_semaphores. (all_gather.cpp:148)
2026-09-08 20:04:46.403 | warning  |              Op | The following ttnn.all_gather args are deprecated and will be removed in September-2026: num_links, topology, chunks_per_sync, num_workers_per_link, num_buffers_per_channel, use_l1_small_for_semaphores. (all_gather.cpp:148)
2026-09-08 20:04:46.473 | warning  |              Op | The following ttnn.all_gather args are deprecated and will be removed in September-2026: num_links, topology, chunks_per_sync, num_workers_per_link, num_buffers_per_channel, use_l1_small_for_semaphores. (all_gather.cpp:148)
2026-09-08 20:04:46.473 | warning  |              Op | The following ttnn.all_gather args are deprecated and will be removed in September-2026: num_links, topology, chunks_per_sync, num_workers_per_link, num_buffers_per_channel, use_l1_small_for_semaphores. (all_gather.cpp:148)
2026-09-08 20:04:47.751 | warning  |              Op | The following ttnn.all_gather args are deprecated and will be removed in September-2026: num_links, topology, chunks_per_sync, num_workers_per_link, num_buffers_per_channel, use_l1_small_for_semaphores. (all_gather.cpp:148)
2026-09-08 20:04:47.751 | warning  |              Op | The following ttnn.all_gather args are deprecated and will be removed in September-2026: num_links, topology, chunks_per_sync, num_workers_per_link, num_buffers_per_channel, use_l1_small_for_semaphores. (all_gather.cpp:148)
2026-09-08 20:04:47.787 | warning  |              Op | The following ttnn.all_gather args are deprecated and will be removed in September-2026: num_links, topology, chunks_per_sync, num_workers_per_link, num_buffers_per_channel, use_l1_small_for_semaphores. (all_gather.cpp:148)
2026-09-08 20:04:47.787 | warning  |              Op | The following ttnn.all_gather args are deprecated and will be removed in September-2026: num_links, topology, chunks_per_sync, num_workers_per_link, num_buffers_per_channel, use_l1_small_for_semaphores. (all_gather.cpp:148)
2026-09-08 20:04:47.854 | warning  |              Op | The following ttnn.all_gather args are deprecated and will be removed in September-2026: num_links, topology, chunks_per_sync, num_workers_per_link, num_buffers_per_channel, use_l1_small_for_semaphores. (all_gather.cpp:148)
2026-09-08 20:04:47.854 | warning  |              Op | The following ttnn.all_gather args are deprecated and will be removed in September-2026: num_links, topology, chunks_per_sync, num_workers_per_link, num_buffers_per_channel, use_l1_small_for_semaphores. (all_gather.cpp:148)
2026-09-08 20:04:49.138 | warning  |              Op | The following ttnn.all_gather args are deprecated and will be removed in September-2026: num_links, topology, chunks_per_sync, num_workers_per_link, num_buffers_per_channel, use_l1_small_for_semaphores. (all_gather.cpp:148)
2026-09-08 20:04:49.139 | warning  |              Op | The following ttnn.all_gather args are deprecated and will be removed in September-2026: num_links, topology, chunks_per_sync, num_workers_per_link, num_buffers_per_channel, use_l1_small_for_semaphores. (all_gather.cpp:148)
2026-09-08 20:04:50.385 | warning  |              Op | The following ttnn.all_gather args are deprecated and will be removed in September-2026: num_links, topology, chunks_per_sync, num_workers_per_link, num_buffers_per_channel, use_l1_small_for_semaphores. (all_gather.cpp:148)
2026-09-08 20:04:50.385 | warning  |              Op | The following ttnn.all_gather args are deprecated and will be removed in September-2026: num_links, topology, chunks_per_sync, num_workers_per_link, num_buffers_per_channel, use_l1_small_for_semaphores. (all_gather.cpp:148)
2026-09-08 20:04:50.393 | warning  |              Op | The following ttnn.all_gather args are deprecated and will be removed in September-2026: num_links, topology, chunks_per_sync, num_workers_per_link, num_buffers_per_channel, use_l1_small_for_semaphores. (all_gather.cpp:148)
2026-09-08 20:04:50.393 | warning  |              Op | The following ttnn.all_gather args are deprecated and will be removed in September-2026: num_links, topology, chunks_per_sync, num_workers_per_link, num_buffers_per_channel, use_l1_small_for_semaphores. (all_gather.cpp:148)
2026-09-08 20:04:50.401 | warning  |              Op | The following ttnn.all_gather args are deprecated and will be removed in September-2026: num_links, topology, chunks_per_sync, num_workers_per_link, num_buffers_per_channel, use_l1_small_for_semaphores. (all_gather.cpp:148)
2026-09-08 20:04:50.401 | warning  |              Op | The following ttnn.all_gather args are deprecated and will be removed in September-2026: num_links, topology, chunks_per_sync, num_workers_per_link, num_buffers_per_channel, use_l1_small_for_semaphores. (all_gather.cpp:148)
2026-09-08 20:04:51.679 | warning  |              Op | The following ttnn.all_gather args are deprecated and will be removed in September-2026: num_links, topology, chunks_per_sync, num_workers_per_link, num_buffers_per_channel, use_l1_small_for_semaphores. (all_gather.cpp:148)
2026-09-08 20:04:51.679 | warning  |              Op | The following ttnn.all_gather args are deprecated and will be removed in September-2026: num_links, topology, chunks_per_sync, num_workers_per_link, num_buffers_per_channel, use_l1_small_for_semaphores. (all_gather.cpp:148)
2026-09-08 20:04:52.999 | warning  |              Op | The following ttnn.all_gather args are deprecated and will be removed in September-2026: num_links, topology, chunks_per_sync, num_workers_per_link, num_buffers_per_channel, use_l1_small_for_semaphores. (all_gather.cpp:148)
2026-09-08 20:04:52.999 | warning  |              Op | The following ttnn.all_gather args are deprecated and will be removed in September-2026: num_links, topology, chunks_per_sync, num_workers_per_link, num_buffers_per_channel, use_l1_small_for_semaphores. (all_gather.cpp:148)
2026-09-08 20:04:54.253 | warning  |              Op | The following ttnn.all_gather args are deprecated and will be removed in September-2026: num_links, topology, chunks_per_sync, num_workers_per_link, num_buffers_per_channel, use_l1_small_for_semaphores. (all_gather.cpp:148)
2026-09-08 20:04:54.253 | warning  |              Op | The following ttnn.all_gather args are deprecated and will be removed in September-2026: num_links, topology, chunks_per_sync, num_workers_per_link, num_buffers_per_channel, use_l1_small_for_semaphores. (all_gather.cpp:148)
2026-09-08 20:04:54.261 | warning  |              Op | The following ttnn.all_gather args are deprecated and will be removed in September-2026: num_links, topology, chunks_per_sync, num_workers_per_link, num_buffers_per_channel, use_l1_small_for_semaphores. (all_gather.cpp:148)
2026-09-08 20:04:54.261 | warning  |              Op | The following ttnn.all_gather args are deprecated and will be removed in September-2026: num_links, topology, chunks_per_sync, num_workers_per_link, num_buffers_per_channel, use_l1_small_for_semaphores. (all_gather.cpp:148)
2026-09-08 20:04:54.269 | warning  |              Op | The following ttnn.all_gather args are deprecated and will be removed in September-2026: num_links, topology, chunks_per_sync, num_workers_per_link, num_buffers_per_channel, use_l1_small_for_semaphores. (all_gather.cpp:148)
2026-09-08 20:04:54.269 | warning  |              Op | The following ttnn.all_gather args are deprecated and will be removed in September-2026: num_links, topology, chunks_per_sync, num_workers_per_link, num_buffers_per_channel, use_l1_small_for_semaphores. (all_gather.cpp:148)
2026-09-08 20:04:55.538 | warning  |              Op | The following ttnn.all_gather args are deprecated and will be removed in September-2026: num_links, topology, chunks_per_sync, num_workers_per_link, num_buffers_per_channel, use_l1_small_for_semaphores. (all_gather.cpp:148)
2026-09-08 20:04:55.538 | warning  |              Op | The following ttnn.all_gather args are deprecated and will be removed in September-2026: num_links, topology, chunks_per_sync, num_workers_per_link, num_buffers_per_channel, use_l1_small_for_semaphores. (all_gather.cpp:148)
2026-09-08 20:04:55.546 | warning  |              Op | The following ttnn.all_gather args are deprecated and will be removed in September-2026: num_links, topology, chunks_per_sync, num_workers_per_link, num_buffers_per_channel, use_l1_small_for_semaphores. (all_gather.cpp:148)
2026-09-08 20:04:55.546 | warning  |              Op | The following ttnn.all_gather args are deprecated and will be removed in September-2026: num_links, topology, chunks_per_sync, num_workers_per_link, num_buffers_per_channel, use_l1_small_for_semaphores. (all_gather.cpp:148)
2026-09-08 20:04:55.555 | warning  |              Op | The following ttnn.all_gather args are deprecated and will be removed in September-2026: num_links, topology, chunks_per_sync, num_workers_per_link, num_buffers_per_channel, use_l1_small_for_semaphores. (all_gather.cpp:148)
2026-09-08 20:04:55.555 | warning  |              Op | The following ttnn.all_gather args are deprecated and will be removed in September-2026: num_links, topology, chunks_per_sync, num_workers_per_link, num_buffers_per_channel, use_l1_small_for_semaphores. (all_gather.cpp:148)
2026-09-08 20:04:56.815 | warning  |              Op | The following ttnn.all_gather args are deprecated and will be removed in September-2026: num_links, topology, chunks_per_sync, num_workers_per_link, num_buffers_per_channel, use_l1_small_for_semaphores. (all_gather.cpp:148)
2026-09-08 20:04:56.816 | warning  |              Op | The following ttnn.all_gather args are deprecated and will be removed in September-2026: num_links, topology, chunks_per_sync, num_workers_per_link, num_buffers_per_channel, use_l1_small_for_semaphores. (all_gather.cpp:148)
2026-09-08 20:04:56.823 | warning  |              Op | The following ttnn.all_gather args are deprecated and will be removed in September-2026: num_links, topology, chunks_per_sync, num_workers_per_link, num_buffers_per_channel, use_l1_small_for_semaphores. (all_gather.cpp:148)
2026-09-08 20:04:56.823 | warning  |              Op | The following ttnn.all_gather args are deprecated and will be removed in September-2026: num_links, topology, chunks_per_sync, num_workers_per_link, num_buffers_per_channel, use_l1_small_for_semaphores. (all_gather.cpp:148)
2026-09-08 20:04:56.831 | warning  |              Op | The following ttnn.all_gather args are deprecated and will be removed in September-2026: num_links, topology, chunks_per_sync, num_workers_per_link, num_buffers_per_channel, use_l1_small_for_semaphores. (all_gather.cpp:148)
2026-09-08 20:04:56.831 | warning  |              Op | The following ttnn.all_gather args are deprecated and will be removed in September-2026: num_links, topology, chunks_per_sync, num_workers_per_link, num_buffers_per_channel, use_l1_small_for_semaphores. (all_gather.cpp:148)
2026-09-08 20:04:58.091 | warning  |              Op | The following ttnn.all_gather args are deprecated and will be removed in September-2026: num_links, topology, chunks_per_sync, num_workers_per_link, num_buffers_per_channel, use_l1_small_for_semaphores. (all_gather.cpp:148)
2026-09-08 20:04:58.091 | warning  |              Op | The following ttnn.all_gather args are deprecated and will be removed in September-2026: num_links, topology, chunks_per_sync, num_workers_per_link, num_buffers_per_channel, use_l1_small_for_semaphores. (all_gather.cpp:148)
2026-09-08 20:04:58.127 | warning  |              Op | The following ttnn.all_gather args are deprecated and will be removed in September-2026: num_links, topology, chunks_per_sync, num_workers_per_link, num_buffers_per_channel, use_l1_small_for_semaphores. (all_gather.cpp:148)
2026-09-08 20:04:58.127 | warning  |              Op | The following ttnn.all_gather args are deprecated and will be removed in September-2026: num_links, topology, chunks_per_sync, num_workers_per_link, num_buffers_per_channel, use_l1_small_for_semaphores. (all_gather.cpp:148)
2026-09-08 20:04:58.190 | warning  |              Op | The following ttnn.all_gather args are deprecated and will be removed in September-2026: num_links, topology, chunks_per_sync, num_workers_per_link, num_buffers_per_channel, use_l1_small_for_semaphores. (all_gather.cpp:148)
2026-09-08 20:04:58.190 | warning  |              Op | The following ttnn.all_gather args are deprecated and will be removed in September-2026: num_links, topology, chunks_per_sync, num_workers_per_link, num_buffers_per_channel, use_l1_small_for_semaphores. (all_gather.cpp:148)
2026-09-08 20:04:59.466 | warning  |              Op | The following ttnn.all_gather args are deprecated and will be removed in September-2026: num_links, topology, chunks_per_sync, num_workers_per_link, num_buffers_per_channel, use_l1_small_for_semaphores. (all_gather.cpp:148)
2026-09-08 20:04:59.467 | warning  |              Op | The following ttnn.all_gather args are deprecated and will be removed in September-2026: num_links, topology, chunks_per_sync, num_workers_per_link, num_buffers_per_channel, use_l1_small_for_semaphores. (all_gather.cpp:148)
2026-09-08 20:05:00.722 | warning  |              Op | The following ttnn.all_gather args are deprecated and will be removed in September-2026: num_links, topology, chunks_per_sync, num_workers_per_link, num_buffers_per_channel, use_l1_small_for_semaphores. (all_gather.cpp:148)
2026-09-08 20:05:00.722 | warning  |              Op | The following ttnn.all_gather args are deprecated and will be removed in September-2026: num_links, topology, chunks_per_sync, num_workers_per_link, num_buffers_per_channel, use_l1_small_for_semaphores. (all_gather.cpp:148)
2026-09-08 20:05:01.981 | warning  |              Op | The following ttnn.all_gather args are deprecated and will be removed in September-2026: num_links, topology, chunks_per_sync, num_workers_per_link, num_buffers_per_channel, use_l1_small_for_semaphores. (all_gather.cpp:148)
2026-09-08 20:05:01.981 | warning  |              Op | The following ttnn.all_gather args are deprecated and will be removed in September-2026: num_links, topology, chunks_per_sync, num_workers_per_link, num_buffers_per_channel, use_l1_small_for_semaphores. (all_gather.cpp:148)
2026-09-08 20:05:02.017 | warning  |              Op | The following ttnn.all_gather args are deprecated and will be removed in September-2026: num_links, topology, chunks_per_sync, num_workers_per_link, num_buffers_per_channel, use_l1_small_for_semaphores. (all_gather.cpp:148)
2026-09-08 20:05:02.017 | warning  |              Op | The following ttnn.all_gather args are deprecated and will be removed in September-2026: num_links, topology, chunks_per_sync, num_workers_per_link, num_buffers_per_channel, use_l1_small_for_semaphores. (all_gather.cpp:148)
2026-09-08 20:05:02.078 | warning  |              Op | The following ttnn.all_gather args are deprecated and will be removed in September-2026: num_links, topology, chunks_per_sync, num_workers_per_link, num_buffers_per_channel, use_l1_small_for_semaphores. (all_gather.cpp:148)
2026-09-08 20:05:02.078 | warning  |              Op | The following ttnn.all_gather args are deprecated and will be removed in September-2026: num_links, topology, chunks_per_sync, num_workers_per_link, num_buffers_per_channel, use_l1_small_for_semaphores. (all_gather.cpp:148)
2026-09-08 20:05:03.370 | warning  |              Op | The following ttnn.all_gather args are deprecated and will be removed in September-2026: num_links, topology, chunks_per_sync, num_workers_per_link, num_buffers_per_channel, use_l1_small_for_semaphores. (all_gather.cpp:148)
2026-09-08 20:05:03.370 | warning  |              Op | The following ttnn.all_gather args are deprecated and will be removed in September-2026: num_links, topology, chunks_per_sync, num_workers_per_link, num_buffers_per_channel, use_l1_small_for_semaphores. (all_gather.cpp:148)
2026-09-08 20:05:03.406 | warning  |              Op | The following ttnn.all_gather args are deprecated and will be removed in September-2026: num_links, topology, chunks_per_sync, num_workers_per_link, num_buffers_per_channel, use_l1_small_for_semaphores. (all_gather.cpp:148)
2026-09-08 20:05:03.406 | warning  |              Op | The following ttnn.all_gather args are deprecated and will be removed in September-2026: num_links, topology, chunks_per_sync, num_workers_per_link, num_buffers_per_channel, use_l1_small_for_semaphores. (all_gather.cpp:148)
2026-09-08 20:05:03.466 | warning  |              Op | The following ttnn.all_gather args are deprecated and will be removed in September-2026: num_links, topology, chunks_per_sync, num_workers_per_link, num_buffers_per_channel, use_l1_small_for_semaphores. (all_gather.cpp:148)
2026-09-08 20:05:03.466 | warning  |              Op | The following ttnn.all_gather args are deprecated and will be removed in September-2026: num_links, topology, chunks_per_sync, num_workers_per_link, num_buffers_per_channel, use_l1_small_for_semaphores. (all_gather.cpp:148)
2026-09-08 20:05:04.729 | warning  |              Op | The following ttnn.all_gather args are deprecated and will be removed in September-2026: num_links, topology, chunks_per_sync, num_workers_per_link, num_buffers_per_channel, use_l1_small_for_semaphores. (all_gather.cpp:148)
2026-09-08 20:05:04.729 | warning  |              Op | The following ttnn.all_gather args are deprecated and will be removed in September-2026: num_links, topology, chunks_per_sync, num_workers_per_link, num_buffers_per_channel, use_l1_small_for_semaphores. (all_gather.cpp:148)
2026-09-08 20:05:04.765 | warning  |              Op | The following ttnn.all_gather args are deprecated and will be removed in September-2026: num_links, topology, chunks_per_sync, num_workers_per_link, num_buffers_per_channel, use_l1_small_for_semaphores. (all_gather.cpp:148)
2026-09-08 20:05:04.765 | warning  |              Op | The following ttnn.all_gather args are deprecated and will be removed in September-2026: num_links, topology, chunks_per_sync, num_workers_per_link, num_buffers_per_channel, use_l1_small_for_semaphores. (all_gather.cpp:148)
2026-09-08 20:05:04.825 | warning  |              Op | The following ttnn.all_gather args are deprecated and will be removed in September-2026: num_links, topology, chunks_per_sync, num_workers_per_link, num_buffers_per_channel, use_l1_small_for_semaphores. (all_gather.cpp:148)
2026-09-08 20:05:04.825 | warning  |              Op | The following ttnn.all_gather args are deprecated and will be removed in September-2026: num_links, topology, chunks_per_sync, num_workers_per_link, num_buffers_per_channel, use_l1_small_for_semaphores. (all_gather.cpp:148)
PASSED

=============================== warnings summary ===============================
<frozen importlib._bootstrap>:488
  <frozen importlib._bootstrap>:488: DeprecationWarning: builtin type SwigPyPacked has no __module__ attribute

<frozen importlib._bootstrap>:488
  <frozen importlib._bootstrap>:488: DeprecationWarning: builtin type SwigPyObject has no __module__ attribute

models/tt_transformers/tt/common.py:28
  /home/hous/dev/tt-metal/models/tt_transformers/tt/common.py:28: PydanticDeprecatedSince20: Support for class-based `config` is deprecated, use ConfigDict instead. Deprecated in Pydantic V2.0 to be removed in V3.0. See Pydantic V2 Migration Guide at https://errors.pydantic.dev/2.13/migration/
    class ImageMedia(BaseModel):

-- Docs: https://docs.pytest.org/en/stable/how-to/capture-warnings.html
==================================== PASSES ====================================
- generated xml file: /home/hous/dev/tt-metal/models/autoports/google_gemma_4_26b_a4b_it/doc/optimized_vllm/trace_reuse_probe/cache_guard_tp4.xml -
============================= slowest 25 durations =============================
28.20s call     models/autoports/google_gemma_4_26b_a4b_it/tests/test_vllm_trace_reuse.py::test_adapter_request_trace_reuse[blackhole-p150x4]
1.36s setup    models/autoports/google_gemma_4_26b_a4b_it/tests/test_vllm_trace_reuse.py::test_adapter_request_trace_reuse[blackhole-p150x4]
0.03s teardown models/autoports/google_gemma_4_26b_a4b_it/tests/test_vllm_trace_reuse.py::test_adapter_request_trace_reuse[blackhole-p150x4]
=========================== short test summary info ============================
PASSED models/autoports/google_gemma_4_26b_a4b_it/tests/test_vllm_trace_reuse.py::test_adapter_request_trace_reuse[blackhole-p150x4]
======================== 1 passed, 3 warnings in 30.45s ========================
sys:1: DeprecationWarning: builtin type swigvarlink has no __module__ attribute
2026-09-08 20:05:07.914 | info     |    BuildKernels | JIT cache stats: 805/805 hits (100.0%) [805 cached, 865 build-once dedup, 0 merged artifacts, 0 merged genfiles] (build_cache_telemetry.cpp:207)
2026-09-08 20:05:07.914 | info     |    BuildKernels | JIT telemetry: 3 registered TelemetryTokens (build_cache_telemetry.cpp:230)
2026-09-08 20:05:07.936 | info     |          Device | Closing user mode device drivers (tt_cluster.cpp:550)
2026-09-08 20:05:07.936 | info     |             UMD | Closing devices in cluster (cluster.cpp:1218)
2026-09-08 20:05:08.485 | info     |             UMD | Closing devices in cluster completed. (cluster.cpp:1227)
2026-09-08 20:05:08.486 | info     |             UMD | Cluster destructor started. (cluster.cpp:933)
2026-09-08 20:05:08.486 | info     |             UMD | Cluster destructor completed. (cluster.cpp:936)
