2026-09-08 19:45:17.709 | DEBUG    | ttnn:<module>:45 - Initial ttnn.CONFIG:
Config{cache_path=/home/hous/.cache/ttnn,model_cache_path=/home/hous/.cache/ttnn/models,tmp_dir=/tmp/ttnn,enable_model_cache=false,enable_fast_runtime_mode=true,validate_program_args=false,throw_exception_on_fallback=false,enable_logging=false,enable_graph_report=false,enable_graph_python_stack_traces=false,enable_detailed_buffer_report=false,enable_detailed_tensor_report=false,enable_comparison_mode=false,comparison_mode_should_raise_exception=false,comparison_mode_pcc=0.9999,root_report_path=generated/ttnn/reports,report_name=std::nullopt,std::nullopt}
============================= test session starts ==============================
platform linux -- Python 3.12.14, pytest-9.0.3, pluggy-1.6.0 -- /home/hous/dev/tt-metal/python_env/bin/python3
cachedir: .pytest_cache
benchmark: 5.2.3 (defaults: timer=time.perf_counter disable_gc=False min_rounds=5 min_time=0.000005 max_time=1.0 calibration_precision=10 warmup=False warmup_iterations=100000)
rootdir: /home/hous/dev/tt-metal
configfile: pytest.ini
plugins: anyio-4.15.0, dash-2.15.0, repeat-0.9.4, benchmark-5.2.3, timeout-2.4.0, github-actions-annotate-failures-0.3.0, split-0.11.0, cov-7.0.0
timeout: 300.0s
timeout method: signal
timeout func_only: False
collecting ... collected 3 items

<Dir tt-metal>
  <Dir models>
    <Dir autoports>
      <Package google_gemma_4_26b_a4b_it>
        <Package tests>
          <Module test_vllm_trace_reuse.py>
            Opt-in real-adapter request-boundary regression; run profiles serially.
            <Function test_adapter_request_trace_reuse[blackhole-p150]>
            <Function test_adapter_request_trace_reuse[blackhole-p150x2]>
            <Function test_adapter_request_trace_reuse[blackhole-p150x4]>

=============================== warnings summary ===============================
<frozen importlib._bootstrap>:488
  <frozen importlib._bootstrap>:488: DeprecationWarning: builtin type SwigPyPacked has no __module__ attribute

<frozen importlib._bootstrap>:488
  <frozen importlib._bootstrap>:488: DeprecationWarning: builtin type SwigPyObject has no __module__ attribute

models/tt_transformers/tt/common.py:28
  /home/hous/dev/tt-metal/models/tt_transformers/tt/common.py:28: PydanticDeprecatedSince20: Support for class-based `config` is deprecated, use ConfigDict instead. Deprecated in Pydantic V2.0 to be removed in V3.0. See Pydantic V2 Migration Guide at https://errors.pydantic.dev/2.13/migration/
    class ImageMedia(BaseModel):

-- Docs: https://docs.pytest.org/en/stable/how-to/capture-warnings.html
- generated xml file: /home/hous/dev/tt-metal/generated/test_reports/most_recent_tests.xml -
========================== 3 tests collected in 0.85s ==========================
sys:1: DeprecationWarning: builtin type swigvarlink has no __module__ attribute
