2026-09-08 20:21:53.434 | DEBUG    | ttnn:<module>:45 - Initial ttnn.CONFIG:
Config{cache_path=/home/hous/.cache/ttnn,model_cache_path=/home/hous/.cache/ttnn/models,tmp_dir=/tmp/ttnn,enable_model_cache=false,enable_fast_runtime_mode=true,validate_program_args=false,throw_exception_on_fallback=true,enable_logging=false,enable_graph_report=false,enable_graph_python_stack_traces=false,enable_detailed_buffer_report=false,enable_detailed_tensor_report=false,enable_comparison_mode=false,comparison_mode_should_raise_exception=false,comparison_mode_pcc=0.9999,root_report_path=generated/ttnn/reports,report_name=std::nullopt,std::nullopt}
============================= test session starts ==============================
platform linux -- Python 3.12.14, pytest-9.0.3, pluggy-1.6.0 -- /home/hous/dev/tt-metal/python_env/bin/python3
cachedir: .pytest_cache
benchmark: 5.2.3 (defaults: timer=time.perf_counter disable_gc=False min_rounds=5 min_time=0.000005 max_time=1.0 calibration_precision=10 warmup=False warmup_iterations=100000)
rootdir: /home/hous/dev/tt-metal
configfile: pytest.ini
plugins: anyio-4.15.0, dash-2.15.0, repeat-0.9.4, benchmark-5.2.3, timeout-2.4.0, github-actions-annotate-failures-0.3.0, split-0.11.0, cov-7.0.0
timeout: 300.0s
timeout method: signal
timeout func_only: False
collecting ... collected 1 item

models/autoports/google_gemma_4_26b_a4b_it/tests/test_vllm_trace_reuse.py::test_adapter_request_trace_reuse[blackhole-p150x4] 2026-09-08 20:21:55.186 | info     |          Device | Opening user mode device driver (tt_cluster.cpp:224)
2026-09-08 20:21:55.186 | info     |             UMD | Cluster constructor started. (cluster.cpp:406)
2026-09-08 20:21:55.186 | info     |             UMD | Creating TopologyDiscovery for architecture: blackhole (topology_discovery.cpp:96)
2026-09-08 20:21:55.186 | info     |             UMD | Starting topology discovery. (topology_discovery.cpp:115)
2026-09-08 20:21:55.199 | info     |             UMD | Established firmware bundle version: 19.13.1 (topology_discovery.cpp:576)
2026-09-08 20:21:55.199 | info     |             UMD | Completed topology discovery. (topology_discovery.cpp:119)
2026-09-08 20:21:55.277 | info     |             UMD | Opening local chip ids/PCIe ids: {0, 1, 2, 3}/[0, 1, 2, 3] and remote chip ids {} (cluster.cpp:173)
2026-09-08 20:21:55.277 | info     |             UMD | IOMMU: enabled (cluster.cpp:147)
2026-09-08 20:21:55.277 | info     |             UMD | KMD version: 2.8.0 (cluster.cpp:150)
2026-09-08 20:21:55.277 | info     |             UMD | Cluster constructor completed. (cluster.cpp:665)
2026-09-08 20:21:55.278 | info     |             UMD | Starting devices in cluster (cluster.cpp:1205)
2026-09-08 20:21:55.473 | info     |             UMD | Starting devices in cluster completed. (cluster.cpp:1213)
2026-09-08 20:21:55.566 | info     |     Distributed | Using auto discovery to generate mesh graph. (metal_env.cpp:422)
2026-09-08 20:21:55.566 | info     |     Distributed | Constructing control plane using auto-discovery (no mesh graph descriptor). (metal_env.cpp:484)
2026-09-08 20:21:55.566 | warning  |          Always | Unknown motherboard 'B850M-C' for chip_id=2 (bus_id=0x3) — falling back to bus_id as tray_id. Add this motherboard and its bus IDs to mobo_to_bus_ids in physical_system_discovery.cpp. (physical_system_discovery.cpp:119)
2026-09-08 20:21:55.566 | info     |          Fabric | Logical multi-mesh adjacency: intermesh degree histogram {0:1}; intra-mesh degree histograms mesh0 {2:4} (topology_mapper_utils.cpp:3368)
2026-09-08 20:21:55.566 | info     |          Fabric | Physical multi-mesh adjacency: intermesh degree histogram {0:1}; intra-mesh degree histograms mesh0 {2:4} (topology_mapper_utils.cpp:3376)
2026-09-08 20:21:55.566 | INFO     | conftest:mesh_device:638 - Keeping trace_region_size=134217728 from device_params (already set)
2026-09-08 20:21:55.567 | info     |           Metal | Fabric config changed from FabricConfig::DISABLED to FabricConfig::FABRIC_1D_RING, reinitializing control plane (metal_env.cpp:324)
2026-09-08 20:21:55.567 | info     |     Distributed | Using auto discovery to generate mesh graph. (metal_env.cpp:422)
2026-09-08 20:21:55.567 | info     |     Distributed | Constructing control plane using auto-discovery (no mesh graph descriptor). (metal_env.cpp:484)
2026-09-08 20:21:55.567 | info     |          Fabric | Logical multi-mesh adjacency: intermesh degree histogram {0:1}; intra-mesh degree histograms mesh0 {2:4} (topology_mapper_utils.cpp:3368)
2026-09-08 20:21:55.567 | info     |          Fabric | Physical multi-mesh adjacency: intermesh degree histogram {0:1}; intra-mesh degree histograms mesh0 {2:4} (topology_mapper_utils.cpp:3376)
2026-09-08 20:21:55.648 | info     |       LLRuntime | Watcher log file: /home/hous/dev/tt-metal/generated/watcher/watcher.log (watcher_server.cpp:296)
2026-09-08 20:21:55.648 | info     |       LLRuntime | Watcher server initialized, disabled features: WAYPOINT (watcher_server.cpp:568)
2026-09-08 20:21:55.649 | info     |           Metal | Watcher checking device 0 (watcher_device_reader.cpp:410)
2026-09-08 20:21:55.654 | info     |           Metal | Initializing Fabric (fabric_firmware_initializer.cpp:308)
2026-09-08 20:21:55.656 | info     |           Metal | Watcher checking device 1 (watcher_device_reader.cpp:410)
2026-09-08 20:21:55.665 | info     |           Metal | Watcher checking device 2 (watcher_device_reader.cpp:410)
2026-09-08 20:21:55.672 | info     |           Metal | Watcher checking device 3 (watcher_device_reader.cpp:410)
2026-09-08 20:21:55.695 | info     |           Metal | Fabric initialized on 4 devices (fabric_firmware_initializer.cpp:455)
2026-09-08 20:21:55.695 | info     |           Metal | Fabric Initialized with config FabricConfig::FABRIC_1D_RING (fabric_firmware_initializer.cpp:325)
2026-09-08 20:21:56.494 | DEBUG    | conftest:mesh_device:668 - multidevice with 4 devices is created
2026-09-08 20:21:56.630 | DEBUG    | core:as_tensor:719 - Loaded cache for /tmp/gemma4_full_model_probe_cache/full_model/embedding_tp4_bf16_row_major_dtype_BFLOAT16_layout_ROW_MAJOR.tensorbin of shape Shape([1, 1, 262144, 704])
2026-09-08 20:21:57.262 | DEBUG    | core:as_tensor:719 - Loaded cache for /tmp/gemma4_full_model_probe_cache/full_model/lm_head_tp4_dtype_BFLOAT8_B_layout_TILE.tensorbin of shape Shape([1, 1, 2816, 65536])
2026-09-08 20:21:57.309 | DEBUG    | core:as_tensor:719 - Loaded cache for /tmp/gemma4_full_model_probe_cache/full_model/final_norm_dtype_BFLOAT16_layout_TILE.tensorbin of shape Shape([1, 1, 1, 2816])
2026-09-08 20:21:59.214 | DEBUG    | core:as_tensor:719 - Loaded cache for /tmp/gemma4_full_model_probe_cache/optimized_graph_folds_router1_sharedffn1_expertscale1/multichip/layer_0/packed_expert_gate_up_tp4_dtype_BFLOAT4_B_layout_TILE.tensorbin of shape Shape([1, 128, 2816, 384])
2026-09-08 20:21:59.275 | DEBUG    | core:as_tensor:719 - Loaded cache for /tmp/gemma4_full_model_probe_cache/optimized_graph_folds_router1_sharedffn1_expertscale1/multichip/layer_0/layer_scalar_dtype_BFLOAT16_layout_TILE.tensorbin of shape Shape([1, 1, 1, 1])
2026-09-08 20:21:59.275 | DEBUG    | core:as_tensor:719 - Loaded cache for /tmp/gemma4_full_model_probe_cache/optimized_graph_folds_router1_sharedffn1_expertscale1/multichip/layer_0/input_ln_dtype_BFLOAT16_layout_TILE.tensorbin of shape Shape([1, 1, 1, 2816])
2026-09-08 20:21:59.275 | DEBUG    | core:as_tensor:719 - Loaded cache for /tmp/gemma4_full_model_probe_cache/optimized_graph_folds_router1_sharedffn1_expertscale1/multichip/layer_0/post_attn_ln_dtype_BFLOAT16_layout_TILE.tensorbin of shape Shape([1, 1, 1, 2816])
2026-09-08 20:21:59.275 | DEBUG    | core:as_tensor:719 - Loaded cache for /tmp/gemma4_full_model_probe_cache/optimized_graph_folds_router1_sharedffn1_expertscale1/multichip/layer_0/pre_ff_ln_dtype_BFLOAT16_layout_TILE.tensorbin of shape Shape([1, 1, 1, 2816])
2026-09-08 20:21:59.275 | DEBUG    | core:as_tensor:719 - Loaded cache for /tmp/gemma4_full_model_probe_cache/optimized_graph_folds_router1_sharedffn1_expertscale1/multichip/layer_0/post_ff_ln_dtype_BFLOAT16_layout_TILE.tensorbin of shape Shape([1, 1, 1, 2816])
2026-09-08 20:21:59.275 | DEBUG    | core:as_tensor:719 - Loaded cache for /tmp/gemma4_full_model_probe_cache/optimized_graph_folds_router1_sharedffn1_expertscale1/multichip/layer_0/post_ff_ln_1_dtype_BFLOAT16_layout_TILE.tensorbin of shape Shape([1, 1, 1, 2816])
2026-09-08 20:21:59.276 | DEBUG    | core:as_tensor:719 - Loaded cache for /tmp/gemma4_full_model_probe_cache/optimized_graph_folds_router1_sharedffn1_expertscale1/multichip/layer_0/post_ff_ln_2_dtype_BFLOAT16_layout_TILE.tensorbin of shape Shape([1, 1, 1, 2816])
2026-09-08 20:21:59.276 | DEBUG    | core:as_tensor:719 - Loaded cache for /tmp/gemma4_full_model_probe_cache/optimized_graph_folds_router1_sharedffn1_expertscale1/multichip/layer_0/pre_ff_ln_2_dtype_BFLOAT16_layout_TILE.tensorbin of shape Shape([1, 1, 1, 2816])
2026-09-08 20:21:59.276 | DEBUG    | core:as_tensor:719 - Loaded cache for /tmp/gemma4_full_model_probe_cache/optimized_graph_folds_router1_sharedffn1_expertscale1/multichip/layer_0/q_norm_dtype_BFLOAT16_layout_TILE.tensorbin of shape Shape([1, 1, 1, 256])
2026-09-08 20:21:59.276 | DEBUG    | core:as_tensor:719 - Loaded cache for /tmp/gemma4_full_model_probe_cache/optimized_graph_folds_router1_sharedffn1_expertscale1/multichip/layer_0/k_norm_dtype_BFLOAT16_layout_TILE.tensorbin of shape Shape([1, 1, 1, 256])
2026-09-08 20:21:59.285 | DEBUG    | core:as_tensor:719 - Loaded cache for /tmp/gemma4_full_model_probe_cache/optimized_graph_folds_router1_sharedffn1_expertscale1/multichip/layer_0/qkv_tp4_dtype_BFLOAT16_layout_TILE.tensorbin of shape Shape([1, 1, 2816, 2048])
2026-09-08 20:21:59.292 | DEBUG    | core:as_tensor:719 - Loaded cache for /tmp/gemma4_full_model_probe_cache/optimized_graph_folds_router1_sharedffn1_expertscale1/multichip/layer_0/o_proj_tp4_dtype_BFLOAT16_layout_TILE.tensorbin of shape Shape([1, 1, 1024, 2816])
2026-09-08 20:21:59.293 | DEBUG    | core:as_tensor:719 - Loaded cache for /tmp/gemma4_full_model_probe_cache/optimized_graph_folds_router1_sharedffn1_expertscale1/multichip/layer_0/mlp_gate_tp4_dtype_BFLOAT8_B_layout_TILE.tensorbin of shape Shape([1, 1, 2816, 544])
2026-09-08 20:21:59.293 | DEBUG    | core:as_tensor:719 - Loaded cache for /tmp/gemma4_full_model_probe_cache/optimized_graph_folds_router1_sharedffn1_expertscale1/multichip/layer_0/mlp_up_tp4_dtype_BFLOAT8_B_layout_TILE.tensorbin of shape Shape([1, 1, 2816, 544])
2026-09-08 20:21:59.294 | DEBUG    | core:as_tensor:719 - Loaded cache for /tmp/gemma4_full_model_probe_cache/optimized_graph_folds_router1_sharedffn1_expertscale1/multichip/layer_0/mlp_down_tp4_dtype_BFLOAT8_B_layout_TILE.tensorbin of shape Shape([1, 1, 544, 2816])
2026-09-08 20:21:59.294 | DEBUG    | core:as_tensor:719 - Loaded cache for /tmp/gemma4_full_model_probe_cache/optimized_graph_folds_router1_sharedffn1_expertscale1/multichip/layer_0/router_scale_dtype_FLOAT32_layout_TILE.tensorbin of shape Shape([1, 1, 1, 2816])
2026-09-08 20:21:59.295 | DEBUG    | core:as_tensor:719 - Loaded cache for /tmp/gemma4_full_model_probe_cache/optimized_graph_folds_router1_sharedffn1_expertscale1/multichip/layer_0/router_proj_dtype_FLOAT32_layout_TILE.tensorbin of shape Shape([1, 1, 2816, 128])
2026-09-08 20:21:59.295 | DEBUG    | core:as_tensor:719 - Loaded cache for /tmp/gemma4_full_model_probe_cache/optimized_graph_folds_router1_sharedffn1_expertscale1/multichip/layer_0/router_per_expert_scale_dtype_FLOAT32_layout_TILE.tensorbin of shape Shape([1, 128])
2026-09-08 20:21:59.308 | DEBUG    | core:as_tensor:719 - Loaded cache for /tmp/gemma4_full_model_probe_cache/optimized_graph_folds_router1_sharedffn1_expertscale1/multichip/layer_0/expert_down_tp4_dtype_BFLOAT4_B_layout_TILE.tensorbin of shape Shape([1, 128, 192, 2816])
2026-09-08 20:21:59.309 | DEBUG    | core:as_tensor:719 - Loaded cache for /tmp/gemma4_full_model_probe_cache/optimized_graph_folds_router1_sharedffn1_expertscale1/multichip/layer_0/expert_prefill_sparsity_dtype_BFLOAT16_layout_ROW_MAJOR.tensorbin of shape Shape([1, 1, 1, 128])
2026-09-08 20:21:59.328 | DEBUG    | core:as_tensor:719 - Loaded cache for /tmp/gemma4_full_model_probe_cache/optimized_graph_folds_router1_sharedffn1_expertscale1/multichip/layer_0/packed_mlp_gate_up_decode_bfp8_tp4_dtype_BFLOAT8_B_layout_TILE.tensorbin of shape Shape([1, 1, 2816, 1088])
2026-09-08 20:22:00.555 | DEBUG    | core:as_tensor:719 - Loaded cache for /tmp/gemma4_full_model_probe_cache/optimized_graph_folds_router0_sharedffn0_expertscale1/multichip/layer_5/packed_expert_gate_up_tp4_dtype_BFLOAT4_B_layout_TILE.tensorbin of shape Shape([1, 128, 2816, 384])
2026-09-08 20:22:00.591 | DEBUG    | core:as_tensor:719 - Loaded cache for /tmp/gemma4_full_model_probe_cache/optimized_graph_folds_router0_sharedffn0_expertscale1/multichip/layer_5/layer_scalar_dtype_BFLOAT16_layout_TILE.tensorbin of shape Shape([1, 1, 1, 1])
2026-09-08 20:22:00.592 | DEBUG    | core:as_tensor:719 - Loaded cache for /tmp/gemma4_full_model_probe_cache/optimized_graph_folds_router0_sharedffn0_expertscale1/multichip/layer_5/input_ln_dtype_BFLOAT16_layout_TILE.tensorbin of shape Shape([1, 1, 1, 2816])
2026-09-08 20:22:00.592 | DEBUG    | core:as_tensor:719 - Loaded cache for /tmp/gemma4_full_model_probe_cache/optimized_graph_folds_router0_sharedffn0_expertscale1/multichip/layer_5/post_attn_ln_dtype_BFLOAT16_layout_TILE.tensorbin of shape Shape([1, 1, 1, 2816])
2026-09-08 20:22:00.592 | DEBUG    | core:as_tensor:719 - Loaded cache for /tmp/gemma4_full_model_probe_cache/optimized_graph_folds_router0_sharedffn0_expertscale1/multichip/layer_5/pre_ff_ln_dtype_BFLOAT16_layout_TILE.tensorbin of shape Shape([1, 1, 1, 2816])
2026-09-08 20:22:00.592 | DEBUG    | core:as_tensor:719 - Loaded cache for /tmp/gemma4_full_model_probe_cache/optimized_graph_folds_router0_sharedffn0_expertscale1/multichip/layer_5/post_ff_ln_dtype_BFLOAT16_layout_TILE.tensorbin of shape Shape([1, 1, 1, 2816])
2026-09-08 20:22:00.592 | DEBUG    | core:as_tensor:719 - Loaded cache for /tmp/gemma4_full_model_probe_cache/optimized_graph_folds_router0_sharedffn0_expertscale1/multichip/layer_5/post_ff_ln_1_dtype_BFLOAT16_layout_TILE.tensorbin of shape Shape([1, 1, 1, 2816])
2026-09-08 20:22:00.592 | DEBUG    | core:as_tensor:719 - Loaded cache for /tmp/gemma4_full_model_probe_cache/optimized_graph_folds_router0_sharedffn0_expertscale1/multichip/layer_5/post_ff_ln_2_dtype_BFLOAT16_layout_TILE.tensorbin of shape Shape([1, 1, 1, 2816])
2026-09-08 20:22:00.592 | DEBUG    | core:as_tensor:719 - Loaded cache for /tmp/gemma4_full_model_probe_cache/optimized_graph_folds_router0_sharedffn0_expertscale1/multichip/layer_5/pre_ff_ln_2_dtype_BFLOAT16_layout_TILE.tensorbin of shape Shape([1, 1, 1, 2816])
2026-09-08 20:22:00.593 | DEBUG    | core:as_tensor:719 - Loaded cache for /tmp/gemma4_full_model_probe_cache/optimized_graph_folds_router0_sharedffn0_expertscale1/multichip/layer_5/q_norm_dtype_BFLOAT16_layout_TILE.tensorbin of shape Shape([1, 1, 1, 512])
2026-09-08 20:22:00.593 | DEBUG    | core:as_tensor:719 - Loaded cache for /tmp/gemma4_full_model_probe_cache/optimized_graph_folds_router0_sharedffn0_expertscale1/multichip/layer_5/k_norm_dtype_BFLOAT16_layout_TILE.tensorbin of shape Shape([1, 1, 1, 512])
2026-09-08 20:22:00.601 | DEBUG    | core:as_tensor:719 - Loaded cache for /tmp/gemma4_full_model_probe_cache/optimized_graph_folds_router0_sharedffn0_expertscale1/multichip/layer_5/qkv_tp4_dtype_BFLOAT8_B_layout_TILE.tensorbin of shape Shape([1, 1, 2816, 3072])
2026-09-08 20:22:00.618 | DEBUG    | core:as_tensor:719 - Loaded cache for /tmp/gemma4_full_model_probe_cache/optimized_graph_folds_router0_sharedffn0_expertscale1/multichip/layer_5/o_proj_tp4_dtype_BFLOAT8_B_layout_TILE.tensorbin of shape Shape([1, 1, 2048, 2816])
2026-09-08 20:22:00.620 | DEBUG    | core:as_tensor:719 - Loaded cache for /tmp/gemma4_full_model_probe_cache/optimized_graph_folds_router0_sharedffn0_expertscale1/multichip/layer_5/mlp_gate_tp4_dtype_BFLOAT16_layout_TILE.tensorbin of shape Shape([1, 1, 2816, 544])
2026-09-08 20:22:00.621 | DEBUG    | core:as_tensor:719 - Loaded cache for /tmp/gemma4_full_model_probe_cache/optimized_graph_folds_router0_sharedffn0_expertscale1/multichip/layer_5/mlp_up_tp4_dtype_BFLOAT16_layout_TILE.tensorbin of shape Shape([1, 1, 2816, 544])
2026-09-08 20:22:00.622 | DEBUG    | core:as_tensor:719 - Loaded cache for /tmp/gemma4_full_model_probe_cache/optimized_graph_folds_router0_sharedffn0_expertscale1/multichip/layer_5/mlp_down_tp4_dtype_BFLOAT16_layout_TILE.tensorbin of shape Shape([1, 1, 544, 2816])
2026-09-08 20:22:00.622 | DEBUG    | core:as_tensor:719 - Loaded cache for /tmp/gemma4_full_model_probe_cache/optimized_graph_folds_router0_sharedffn0_expertscale1/multichip/layer_5/router_scale_dtype_FLOAT32_layout_TILE.tensorbin of shape Shape([1, 1, 1, 2816])
2026-09-08 20:22:00.623 | DEBUG    | core:as_tensor:719 - Loaded cache for /tmp/gemma4_full_model_probe_cache/optimized_graph_folds_router0_sharedffn0_expertscale1/multichip/layer_5/router_proj_dtype_FLOAT32_layout_TILE.tensorbin of shape Shape([1, 1, 2816, 128])
2026-09-08 20:22:00.623 | DEBUG    | core:as_tensor:719 - Loaded cache for /tmp/gemma4_full_model_probe_cache/optimized_graph_folds_router0_sharedffn0_expertscale1/multichip/layer_5/router_per_expert_scale_dtype_FLOAT32_layout_TILE.tensorbin of shape Shape([1, 128])
2026-09-08 20:22:00.636 | DEBUG    | core:as_tensor:719 - Loaded cache for /tmp/gemma4_full_model_probe_cache/optimized_graph_folds_router0_sharedffn0_expertscale1/multichip/layer_5/expert_down_tp4_dtype_BFLOAT4_B_layout_TILE.tensorbin of shape Shape([1, 128, 192, 2816])
2026-09-08 20:22:00.637 | DEBUG    | core:as_tensor:719 - Loaded cache for /tmp/gemma4_full_model_probe_cache/optimized_graph_folds_router0_sharedffn0_expertscale1/multichip/layer_5/expert_prefill_sparsity_dtype_BFLOAT16_layout_ROW_MAJOR.tensorbin of shape Shape([1, 1, 1, 128])
2026-09-08 20:22:00.644 | DEBUG    | core:as_tensor:719 - Loaded cache for /tmp/gemma4_full_model_probe_cache/optimized_graph_folds_router0_sharedffn0_expertscale1/multichip/layer_5/packed_mlp_gate_up_decode_bfp8_tp4_dtype_BFLOAT8_B_layout_TILE.tensorbin of shape Shape([1, 1, 2816, 1088])
2026-09-08 20:22:00.888 | warning  |              Op | Allocating semaphores in L1, which may fragment L1 and reduce headroom for subsequent op allocations. Configure an L1_SMALL region to mitigate this. (all_gather_multicast_factory.cpp:42)
2026-09-08 20:22:00.902 | warning  |              Op | Fabric packet size 4352 B is suboptimal for transporting 2048 B pages. Configure 8192 B packet size to maximize throughput. (ccl_common.cpp:70)
2026-09-08 20:22:00.902 | warning  |              Op | Fabric packet size 4352 B is suboptimal for transporting 2048 B pages. Configure 8192 B packet size to maximize throughput. (ccl_common.cpp:70)
2026-09-08 20:22:00.902 | warning  |              Op | Fabric packet size 4352 B is suboptimal for transporting 2048 B pages. Configure 8192 B packet size to maximize throughput. (ccl_common.cpp:70)
2026-09-08 20:22:00.902 | warning  |              Op | Fabric packet size 4352 B is suboptimal for transporting 2048 B pages. Configure 8192 B packet size to maximize throughput. (ccl_common.cpp:70)
2026-09-08 20:22:01.009 | warning  |              Op | The following ttnn.all_gather args are deprecated and will be removed in September-2026: num_links, topology, chunks_per_sync, num_workers_per_link, num_buffers_per_channel, use_l1_small_for_semaphores. (all_gather.cpp:148)
2026-09-08 20:22:01.009 | warning  |              Op | Allocating semaphores in L1, which may fragment L1 and reduce headroom for subsequent op allocations. Configure an L1_SMALL region to mitigate this. (all_gather_multicast_factory.cpp:42)
2026-09-08 20:22:01.010 | warning  |              Op | Fabric packet size 4352 B is suboptimal for transporting 2048 B pages. Configure 8192 B packet size to maximize throughput. (ccl_common.cpp:70)
2026-09-08 20:22:01.010 | warning  |              Op | Fabric packet size 4352 B is suboptimal for transporting 2048 B pages. Configure 8192 B packet size to maximize throughput. (ccl_common.cpp:70)
2026-09-08 20:22:01.010 | warning  |              Op | Fabric packet size 4352 B is suboptimal for transporting 2048 B pages. Configure 8192 B packet size to maximize throughput. (ccl_common.cpp:70)
2026-09-08 20:22:01.011 | warning  |              Op | Fabric packet size 4352 B is suboptimal for transporting 2048 B pages. Configure 8192 B packet size to maximize throughput. (ccl_common.cpp:70)
2026-09-08 20:22:01.012 | warning  |              Op | The following ttnn.all_gather args are deprecated and will be removed in September-2026: num_links, topology, chunks_per_sync, num_workers_per_link, num_buffers_per_channel, use_l1_small_for_semaphores. (all_gather.cpp:148)
2026-09-08 20:22:01.012 | warning  |              Op | Allocating semaphores in L1, which may fragment L1 and reduce headroom for subsequent op allocations. Configure an L1_SMALL region to mitigate this. (all_gather_multicast_factory.cpp:42)
2026-09-08 20:22:01.012 | warning  |              Op | Fabric packet size 4352 B is suboptimal for transporting 4096 B pages. Configure 12288 B packet size to maximize throughput. (ccl_common.cpp:70)
2026-09-08 20:22:01.012 | warning  |              Op | Fabric packet size 4352 B is suboptimal for transporting 4096 B pages. Configure 12288 B packet size to maximize throughput. (ccl_common.cpp:70)
2026-09-08 20:22:01.012 | warning  |              Op | Fabric packet size 4352 B is suboptimal for transporting 4096 B pages. Configure 12288 B packet size to maximize throughput. (ccl_common.cpp:70)
2026-09-08 20:22:01.012 | warning  |              Op | Fabric packet size 4352 B is suboptimal for transporting 4096 B pages. Configure 12288 B packet size to maximize throughput. (ccl_common.cpp:70)
2026-09-08 20:22:01.030 | warning  |              Op | Allocating semaphores in L1, which may fragment L1 and reduce headroom for subsequent op allocations. Configure an L1_SMALL region to mitigate this. (all_gather_multicast_factory.cpp:42)
2026-09-08 20:22:01.031 | warning  |              Op | Fabric packet size 4352 B is suboptimal for transporting 2048 B pages. Configure 8192 B packet size to maximize throughput. (ccl_common.cpp:70)
2026-09-08 20:22:01.031 | warning  |              Op | Fabric packet size 4352 B is suboptimal for transporting 2048 B pages. Configure 8192 B packet size to maximize throughput. (ccl_common.cpp:70)
2026-09-08 20:22:01.031 | warning  |              Op | Fabric packet size 4352 B is suboptimal for transporting 2048 B pages. Configure 8192 B packet size to maximize throughput. (ccl_common.cpp:70)
2026-09-08 20:22:01.031 | warning  |              Op | Fabric packet size 4352 B is suboptimal for transporting 2048 B pages. Configure 8192 B packet size to maximize throughput. (ccl_common.cpp:70)
2026-09-08 20:22:01.112 | warning  |              Op | The following ttnn.all_gather args are deprecated and will be removed in September-2026: num_links, topology, chunks_per_sync, num_workers_per_link, num_buffers_per_channel, use_l1_small_for_semaphores. (all_gather.cpp:148)
2026-09-08 20:22:01.112 | warning  |              Op | The following ttnn.all_gather args are deprecated and will be removed in September-2026: num_links, topology, chunks_per_sync, num_workers_per_link, num_buffers_per_channel, use_l1_small_for_semaphores. (all_gather.cpp:148)
2026-09-08 20:22:01.130 | warning  |              Op | The following ttnn.all_gather args are deprecated and will be removed in September-2026: num_links, topology, chunks_per_sync, num_workers_per_link, num_buffers_per_channel, use_l1_small_for_semaphores. (all_gather.cpp:148)
2026-09-08 20:22:01.130 | warning  |              Op | The following ttnn.all_gather args are deprecated and will be removed in September-2026: num_links, topology, chunks_per_sync, num_workers_per_link, num_buffers_per_channel, use_l1_small_for_semaphores. (all_gather.cpp:148)
2026-09-08 20:22:02.431 | warning  |              Op | The following ttnn.all_gather args are deprecated and will be removed in September-2026: num_links, topology, chunks_per_sync, num_workers_per_link, num_buffers_per_channel, use_l1_small_for_semaphores. (all_gather.cpp:148)
2026-09-08 20:22:02.431 | warning  |              Op | The following ttnn.all_gather args are deprecated and will be removed in September-2026: num_links, topology, chunks_per_sync, num_workers_per_link, num_buffers_per_channel, use_l1_small_for_semaphores. (all_gather.cpp:148)
2026-09-08 20:22:02.468 | warning  |              Op | The following ttnn.all_gather args are deprecated and will be removed in September-2026: num_links, topology, chunks_per_sync, num_workers_per_link, num_buffers_per_channel, use_l1_small_for_semaphores. (all_gather.cpp:148)
2026-09-08 20:22:02.468 | warning  |              Op | The following ttnn.all_gather args are deprecated and will be removed in September-2026: num_links, topology, chunks_per_sync, num_workers_per_link, num_buffers_per_channel, use_l1_small_for_semaphores. (all_gather.cpp:148)
2026-09-08 20:22:02.487 | warning  |              Op | The following ttnn.all_gather args are deprecated and will be removed in September-2026: num_links, topology, chunks_per_sync, num_workers_per_link, num_buffers_per_channel, use_l1_small_for_semaphores. (all_gather.cpp:148)
2026-09-08 20:22:02.487 | warning  |              Op | The following ttnn.all_gather args are deprecated and will be removed in September-2026: num_links, topology, chunks_per_sync, num_workers_per_link, num_buffers_per_channel, use_l1_small_for_semaphores. (all_gather.cpp:148)
2026-09-08 20:22:03.758 | warning  |              Op | The following ttnn.all_gather args are deprecated and will be removed in September-2026: num_links, topology, chunks_per_sync, num_workers_per_link, num_buffers_per_channel, use_l1_small_for_semaphores. (all_gather.cpp:148)
2026-09-08 20:22:03.758 | warning  |              Op | The following ttnn.all_gather args are deprecated and will be removed in September-2026: num_links, topology, chunks_per_sync, num_workers_per_link, num_buffers_per_channel, use_l1_small_for_semaphores. (all_gather.cpp:148)
2026-09-08 20:22:05.054 | warning  |              Op | The following ttnn.all_gather args are deprecated and will be removed in September-2026: num_links, topology, chunks_per_sync, num_workers_per_link, num_buffers_per_channel, use_l1_small_for_semaphores. (all_gather.cpp:148)
2026-09-08 20:22:05.054 | warning  |              Op | The following ttnn.all_gather args are deprecated and will be removed in September-2026: num_links, topology, chunks_per_sync, num_workers_per_link, num_buffers_per_channel, use_l1_small_for_semaphores. (all_gather.cpp:148)
2026-09-08 20:22:05.208 | warning  |              Op | The following ttnn.all_gather args are deprecated and will be removed in September-2026: num_links, topology, chunks_per_sync, num_workers_per_link, num_buffers_per_channel, use_l1_small_for_semaphores. (all_gather.cpp:148)
2026-09-08 20:22:05.208 | warning  |              Op | The following ttnn.all_gather args are deprecated and will be removed in September-2026: num_links, topology, chunks_per_sync, num_workers_per_link, num_buffers_per_channel, use_l1_small_for_semaphores. (all_gather.cpp:148)
2026-09-08 20:22:05.393 | warning  |              Op | The following ttnn.all_gather args are deprecated and will be removed in September-2026: num_links, topology, chunks_per_sync, num_workers_per_link, num_buffers_per_channel, use_l1_small_for_semaphores. (all_gather.cpp:148)
2026-09-08 20:22:05.393 | warning  |              Op | The following ttnn.all_gather args are deprecated and will be removed in September-2026: num_links, topology, chunks_per_sync, num_workers_per_link, num_buffers_per_channel, use_l1_small_for_semaphores. (all_gather.cpp:148)
2026-09-08 20:22:05.781 | info     |           Metal | Watcher checking device 0 (watcher_device_reader.cpp:410)
2026-09-08 20:22:05.788 | info     |           Metal | Watcher checking device 1 (watcher_device_reader.cpp:410)
2026-09-08 20:22:05.794 | info     |           Metal | Watcher checking device 2 (watcher_device_reader.cpp:410)
2026-09-08 20:22:05.801 | info     |           Metal | Watcher checking device 3 (watcher_device_reader.cpp:410)
2026-09-08 20:22:06.688 | warning  |              Op | The following ttnn.all_gather args are deprecated and will be removed in September-2026: num_links, topology, chunks_per_sync, num_workers_per_link, num_buffers_per_channel, use_l1_small_for_semaphores. (all_gather.cpp:148)
2026-09-08 20:22:06.688 | warning  |              Op | The following ttnn.all_gather args are deprecated and will be removed in September-2026: num_links, topology, chunks_per_sync, num_workers_per_link, num_buffers_per_channel, use_l1_small_for_semaphores. (all_gather.cpp:148)
2026-09-08 20:22:06.812 | warning  |              Op | The following ttnn.all_gather args are deprecated and will be removed in September-2026: num_links, topology, chunks_per_sync, num_workers_per_link, num_buffers_per_channel, use_l1_small_for_semaphores. (all_gather.cpp:148)
2026-09-08 20:22:06.812 | warning  |              Op | The following ttnn.all_gather args are deprecated and will be removed in September-2026: num_links, topology, chunks_per_sync, num_workers_per_link, num_buffers_per_channel, use_l1_small_for_semaphores. (all_gather.cpp:148)
2026-09-08 20:22:07.020 | warning  |              Op | The following ttnn.all_gather args are deprecated and will be removed in September-2026: num_links, topology, chunks_per_sync, num_workers_per_link, num_buffers_per_channel, use_l1_small_for_semaphores. (all_gather.cpp:148)
2026-09-08 20:22:07.021 | warning  |              Op | The following ttnn.all_gather args are deprecated and will be removed in September-2026: num_links, topology, chunks_per_sync, num_workers_per_link, num_buffers_per_channel, use_l1_small_for_semaphores. (all_gather.cpp:148)
2026-09-08 20:22:08.267 | warning  |              Op | The following ttnn.all_gather args are deprecated and will be removed in September-2026: num_links, topology, chunks_per_sync, num_workers_per_link, num_buffers_per_channel, use_l1_small_for_semaphores. (all_gather.cpp:148)
2026-09-08 20:22:08.267 | warning  |              Op | The following ttnn.all_gather args are deprecated and will be removed in September-2026: num_links, topology, chunks_per_sync, num_workers_per_link, num_buffers_per_channel, use_l1_small_for_semaphores. (all_gather.cpp:148)
2026-09-08 20:22:09.582 | warning  |              Op | The following ttnn.all_gather args are deprecated and will be removed in September-2026: num_links, topology, chunks_per_sync, num_workers_per_link, num_buffers_per_channel, use_l1_small_for_semaphores. (all_gather.cpp:148)
2026-09-08 20:22:09.582 | warning  |              Op | The following ttnn.all_gather args are deprecated and will be removed in September-2026: num_links, topology, chunks_per_sync, num_workers_per_link, num_buffers_per_channel, use_l1_small_for_semaphores. (all_gather.cpp:148)
2026-09-08 20:22:09.617 | warning  |              Op | The following ttnn.all_gather args are deprecated and will be removed in September-2026: num_links, topology, chunks_per_sync, num_workers_per_link, num_buffers_per_channel, use_l1_small_for_semaphores. (all_gather.cpp:148)
2026-09-08 20:22:09.617 | warning  |              Op | The following ttnn.all_gather args are deprecated and will be removed in September-2026: num_links, topology, chunks_per_sync, num_workers_per_link, num_buffers_per_channel, use_l1_small_for_semaphores. (all_gather.cpp:148)
2026-09-08 20:22:09.637 | warning  |              Op | The following ttnn.all_gather args are deprecated and will be removed in September-2026: num_links, topology, chunks_per_sync, num_workers_per_link, num_buffers_per_channel, use_l1_small_for_semaphores. (all_gather.cpp:148)
2026-09-08 20:22:09.637 | warning  |              Op | The following ttnn.all_gather args are deprecated and will be removed in September-2026: num_links, topology, chunks_per_sync, num_workers_per_link, num_buffers_per_channel, use_l1_small_for_semaphores. (all_gather.cpp:148)
2026-09-08 20:22:10.907 | warning  |              Op | The following ttnn.all_gather args are deprecated and will be removed in September-2026: num_links, topology, chunks_per_sync, num_workers_per_link, num_buffers_per_channel, use_l1_small_for_semaphores. (all_gather.cpp:148)
2026-09-08 20:22:10.907 | warning  |              Op | The following ttnn.all_gather args are deprecated and will be removed in September-2026: num_links, topology, chunks_per_sync, num_workers_per_link, num_buffers_per_channel, use_l1_small_for_semaphores. (all_gather.cpp:148)
2026-09-08 20:22:12.193 | warning  |              Op | The following ttnn.all_gather args are deprecated and will be removed in September-2026: num_links, topology, chunks_per_sync, num_workers_per_link, num_buffers_per_channel, use_l1_small_for_semaphores. (all_gather.cpp:148)
2026-09-08 20:22:12.194 | warning  |              Op | The following ttnn.all_gather args are deprecated and will be removed in September-2026: num_links, topology, chunks_per_sync, num_workers_per_link, num_buffers_per_channel, use_l1_small_for_semaphores. (all_gather.cpp:148)
2026-09-08 20:22:13.461 | warning  |              Op | The following ttnn.all_gather args are deprecated and will be removed in September-2026: num_links, topology, chunks_per_sync, num_workers_per_link, num_buffers_per_channel, use_l1_small_for_semaphores. (all_gather.cpp:148)
2026-09-08 20:22:13.461 | warning  |              Op | The following ttnn.all_gather args are deprecated and will be removed in September-2026: num_links, topology, chunks_per_sync, num_workers_per_link, num_buffers_per_channel, use_l1_small_for_semaphores. (all_gather.cpp:148)
2026-09-08 20:22:13.495 | warning  |              Op | The following ttnn.all_gather args are deprecated and will be removed in September-2026: num_links, topology, chunks_per_sync, num_workers_per_link, num_buffers_per_channel, use_l1_small_for_semaphores. (all_gather.cpp:148)
2026-09-08 20:22:13.495 | warning  |              Op | The following ttnn.all_gather args are deprecated and will be removed in September-2026: num_links, topology, chunks_per_sync, num_workers_per_link, num_buffers_per_channel, use_l1_small_for_semaphores. (all_gather.cpp:148)
2026-09-08 20:22:13.516 | warning  |              Op | The following ttnn.all_gather args are deprecated and will be removed in September-2026: num_links, topology, chunks_per_sync, num_workers_per_link, num_buffers_per_channel, use_l1_small_for_semaphores. (all_gather.cpp:148)
2026-09-08 20:22:13.516 | warning  |              Op | The following ttnn.all_gather args are deprecated and will be removed in September-2026: num_links, topology, chunks_per_sync, num_workers_per_link, num_buffers_per_channel, use_l1_small_for_semaphores. (all_gather.cpp:148)
2026-09-08 20:22:14.777 | warning  |              Op | The following ttnn.all_gather args are deprecated and will be removed in September-2026: num_links, topology, chunks_per_sync, num_workers_per_link, num_buffers_per_channel, use_l1_small_for_semaphores. (all_gather.cpp:148)
2026-09-08 20:22:14.777 | warning  |              Op | The following ttnn.all_gather args are deprecated and will be removed in September-2026: num_links, topology, chunks_per_sync, num_workers_per_link, num_buffers_per_channel, use_l1_small_for_semaphores. (all_gather.cpp:148)
2026-09-08 20:22:14.820 | warning  |              Op | The following ttnn.all_gather args are deprecated and will be removed in September-2026: num_links, topology, chunks_per_sync, num_workers_per_link, num_buffers_per_channel, use_l1_small_for_semaphores. (all_gather.cpp:148)
2026-09-08 20:22:14.820 | warning  |              Op | The following ttnn.all_gather args are deprecated and will be removed in September-2026: num_links, topology, chunks_per_sync, num_workers_per_link, num_buffers_per_channel, use_l1_small_for_semaphores. (all_gather.cpp:148)
2026-09-08 20:22:14.840 | warning  |              Op | The following ttnn.all_gather args are deprecated and will be removed in September-2026: num_links, topology, chunks_per_sync, num_workers_per_link, num_buffers_per_channel, use_l1_small_for_semaphores. (all_gather.cpp:148)
2026-09-08 20:22:14.840 | warning  |              Op | The following ttnn.all_gather args are deprecated and will be removed in September-2026: num_links, topology, chunks_per_sync, num_workers_per_link, num_buffers_per_channel, use_l1_small_for_semaphores. (all_gather.cpp:148)
2026-09-08 20:22:15.813 | info     |           Metal | Watcher checking device 0 (watcher_device_reader.cpp:410)
2026-09-08 20:22:15.819 | info     |           Metal | Watcher checking device 1 (watcher_device_reader.cpp:410)
2026-09-08 20:22:15.826 | info     |           Metal | Watcher checking device 2 (watcher_device_reader.cpp:410)
2026-09-08 20:22:15.832 | info     |           Metal | Watcher checking device 3 (watcher_device_reader.cpp:410)
2026-09-08 20:22:16.104 | warning  |              Op | The following ttnn.all_gather args are deprecated and will be removed in September-2026: num_links, topology, chunks_per_sync, num_workers_per_link, num_buffers_per_channel, use_l1_small_for_semaphores. (all_gather.cpp:148)
2026-09-08 20:22:16.104 | warning  |              Op | The following ttnn.all_gather args are deprecated and will be removed in September-2026: num_links, topology, chunks_per_sync, num_workers_per_link, num_buffers_per_channel, use_l1_small_for_semaphores. (all_gather.cpp:148)
2026-09-08 20:22:16.139 | warning  |              Op | The following ttnn.all_gather args are deprecated and will be removed in September-2026: num_links, topology, chunks_per_sync, num_workers_per_link, num_buffers_per_channel, use_l1_small_for_semaphores. (all_gather.cpp:148)
2026-09-08 20:22:16.139 | warning  |              Op | The following ttnn.all_gather args are deprecated and will be removed in September-2026: num_links, topology, chunks_per_sync, num_workers_per_link, num_buffers_per_channel, use_l1_small_for_semaphores. (all_gather.cpp:148)
2026-09-08 20:22:16.159 | warning  |              Op | The following ttnn.all_gather args are deprecated and will be removed in September-2026: num_links, topology, chunks_per_sync, num_workers_per_link, num_buffers_per_channel, use_l1_small_for_semaphores. (all_gather.cpp:148)
2026-09-08 20:22:16.159 | warning  |              Op | The following ttnn.all_gather args are deprecated and will be removed in September-2026: num_links, topology, chunks_per_sync, num_workers_per_link, num_buffers_per_channel, use_l1_small_for_semaphores. (all_gather.cpp:148)
2026-09-08 20:22:17.416 | warning  |              Op | The following ttnn.all_gather args are deprecated and will be removed in September-2026: num_links, topology, chunks_per_sync, num_workers_per_link, num_buffers_per_channel, use_l1_small_for_semaphores. (all_gather.cpp:148)
2026-09-08 20:22:17.416 | warning  |              Op | The following ttnn.all_gather args are deprecated and will be removed in September-2026: num_links, topology, chunks_per_sync, num_workers_per_link, num_buffers_per_channel, use_l1_small_for_semaphores. (all_gather.cpp:148)
2026-09-08 20:22:17.515 | warning  |              Op | The following ttnn.all_gather args are deprecated and will be removed in September-2026: num_links, topology, chunks_per_sync, num_workers_per_link, num_buffers_per_channel, use_l1_small_for_semaphores. (all_gather.cpp:148)
2026-09-08 20:22:17.515 | warning  |              Op | The following ttnn.all_gather args are deprecated and will be removed in September-2026: num_links, topology, chunks_per_sync, num_workers_per_link, num_buffers_per_channel, use_l1_small_for_semaphores. (all_gather.cpp:148)
2026-09-08 20:22:17.721 | warning  |              Op | The following ttnn.all_gather args are deprecated and will be removed in September-2026: num_links, topology, chunks_per_sync, num_workers_per_link, num_buffers_per_channel, use_l1_small_for_semaphores. (all_gather.cpp:148)
2026-09-08 20:22:17.721 | warning  |              Op | The following ttnn.all_gather args are deprecated and will be removed in September-2026: num_links, topology, chunks_per_sync, num_workers_per_link, num_buffers_per_channel, use_l1_small_for_semaphores. (all_gather.cpp:148)
2026-09-08 20:22:18.978 | warning  |              Op | The following ttnn.all_gather args are deprecated and will be removed in September-2026: num_links, topology, chunks_per_sync, num_workers_per_link, num_buffers_per_channel, use_l1_small_for_semaphores. (all_gather.cpp:148)
2026-09-08 20:22:18.979 | warning  |              Op | The following ttnn.all_gather args are deprecated and will be removed in September-2026: num_links, topology, chunks_per_sync, num_workers_per_link, num_buffers_per_channel, use_l1_small_for_semaphores. (all_gather.cpp:148)
2026-09-08 20:22:20.331 | warning  |              Op | The following ttnn.all_gather args are deprecated and will be removed in September-2026: num_links, topology, chunks_per_sync, num_workers_per_link, num_buffers_per_channel, use_l1_small_for_semaphores. (all_gather.cpp:148)
2026-09-08 20:22:20.331 | warning  |              Op | The following ttnn.all_gather args are deprecated and will be removed in September-2026: num_links, topology, chunks_per_sync, num_workers_per_link, num_buffers_per_channel, use_l1_small_for_semaphores. (all_gather.cpp:148)
2026-09-08 20:22:21.653 | warning  |              Op | The following ttnn.all_gather args are deprecated and will be removed in September-2026: num_links, topology, chunks_per_sync, num_workers_per_link, num_buffers_per_channel, use_l1_small_for_semaphores. (all_gather.cpp:148)
2026-09-08 20:22:21.653 | warning  |              Op | The following ttnn.all_gather args are deprecated and will be removed in September-2026: num_links, topology, chunks_per_sync, num_workers_per_link, num_buffers_per_channel, use_l1_small_for_semaphores. (all_gather.cpp:148)
2026-09-08 20:22:21.755 | warning  |              Op | The following ttnn.all_gather args are deprecated and will be removed in September-2026: num_links, topology, chunks_per_sync, num_workers_per_link, num_buffers_per_channel, use_l1_small_for_semaphores. (all_gather.cpp:148)
2026-09-08 20:22:21.755 | warning  |              Op | The following ttnn.all_gather args are deprecated and will be removed in September-2026: num_links, topology, chunks_per_sync, num_workers_per_link, num_buffers_per_channel, use_l1_small_for_semaphores. (all_gather.cpp:148)
2026-09-08 20:22:21.960 | warning  |              Op | The following ttnn.all_gather args are deprecated and will be removed in September-2026: num_links, topology, chunks_per_sync, num_workers_per_link, num_buffers_per_channel, use_l1_small_for_semaphores. (all_gather.cpp:148)
2026-09-08 20:22:21.960 | warning  |              Op | The following ttnn.all_gather args are deprecated and will be removed in September-2026: num_links, topology, chunks_per_sync, num_workers_per_link, num_buffers_per_channel, use_l1_small_for_semaphores. (all_gather.cpp:148)
2026-09-08 20:22:23.225 | warning  |              Op | The following ttnn.all_gather args are deprecated and will be removed in September-2026: num_links, topology, chunks_per_sync, num_workers_per_link, num_buffers_per_channel, use_l1_small_for_semaphores. (all_gather.cpp:148)
2026-09-08 20:22:23.225 | warning  |              Op | The following ttnn.all_gather args are deprecated and will be removed in September-2026: num_links, topology, chunks_per_sync, num_workers_per_link, num_buffers_per_channel, use_l1_small_for_semaphores. (all_gather.cpp:148)
2026-09-08 20:22:23.364 | warning  |              Op | The following ttnn.all_gather args are deprecated and will be removed in September-2026: num_links, topology, chunks_per_sync, num_workers_per_link, num_buffers_per_channel, use_l1_small_for_semaphores. (all_gather.cpp:148)
2026-09-08 20:22:23.364 | warning  |              Op | The following ttnn.all_gather args are deprecated and will be removed in September-2026: num_links, topology, chunks_per_sync, num_workers_per_link, num_buffers_per_channel, use_l1_small_for_semaphores. (all_gather.cpp:148)
2026-09-08 20:22:23.573 | warning  |              Op | The following ttnn.all_gather args are deprecated and will be removed in September-2026: num_links, topology, chunks_per_sync, num_workers_per_link, num_buffers_per_channel, use_l1_small_for_semaphores. (all_gather.cpp:148)
2026-09-08 20:22:23.573 | warning  |              Op | The following ttnn.all_gather args are deprecated and will be removed in September-2026: num_links, topology, chunks_per_sync, num_workers_per_link, num_buffers_per_channel, use_l1_small_for_semaphores. (all_gather.cpp:148)
2026-09-08 20:22:24.834 | warning  |              Op | The following ttnn.all_gather args are deprecated and will be removed in September-2026: num_links, topology, chunks_per_sync, num_workers_per_link, num_buffers_per_channel, use_l1_small_for_semaphores. (all_gather.cpp:148)
2026-09-08 20:22:24.834 | warning  |              Op | The following ttnn.all_gather args are deprecated and will be removed in September-2026: num_links, topology, chunks_per_sync, num_workers_per_link, num_buffers_per_channel, use_l1_small_for_semaphores. (all_gather.cpp:148)
2026-09-08 20:22:24.932 | warning  |              Op | The following ttnn.all_gather args are deprecated and will be removed in September-2026: num_links, topology, chunks_per_sync, num_workers_per_link, num_buffers_per_channel, use_l1_small_for_semaphores. (all_gather.cpp:148)
2026-09-08 20:22:24.932 | warning  |              Op | The following ttnn.all_gather args are deprecated and will be removed in September-2026: num_links, topology, chunks_per_sync, num_workers_per_link, num_buffers_per_channel, use_l1_small_for_semaphores. (all_gather.cpp:148)
2026-09-08 20:22:25.141 | warning  |              Op | The following ttnn.all_gather args are deprecated and will be removed in September-2026: num_links, topology, chunks_per_sync, num_workers_per_link, num_buffers_per_channel, use_l1_small_for_semaphores. (all_gather.cpp:148)
2026-09-08 20:22:25.141 | warning  |              Op | The following ttnn.all_gather args are deprecated and will be removed in September-2026: num_links, topology, chunks_per_sync, num_workers_per_link, num_buffers_per_channel, use_l1_small_for_semaphores. (all_gather.cpp:148)
2026-09-08 20:22:25.844 | info     |           Metal | Watcher checking device 0 (watcher_device_reader.cpp:410)
2026-09-08 20:22:25.851 | info     |           Metal | Watcher checking device 1 (watcher_device_reader.cpp:410)
2026-09-08 20:22:25.858 | info     |           Metal | Watcher checking device 2 (watcher_device_reader.cpp:410)
2026-09-08 20:22:25.864 | info     |           Metal | Watcher checking device 3 (watcher_device_reader.cpp:410)
PASSED

=============================== warnings summary ===============================
<frozen importlib._bootstrap>:488
  <frozen importlib._bootstrap>:488: DeprecationWarning: builtin type SwigPyPacked has no __module__ attribute

<frozen importlib._bootstrap>:488
  <frozen importlib._bootstrap>:488: DeprecationWarning: builtin type SwigPyObject has no __module__ attribute

models/tt_transformers/tt/common.py:28
  /home/hous/dev/tt-metal/models/tt_transformers/tt/common.py:28: PydanticDeprecatedSince20: Support for class-based `config` is deprecated, use ConfigDict instead. Deprecated in Pydantic V2.0 to be removed in V3.0. See Pydantic V2 Migration Guide at https://errors.pydantic.dev/2.13/migration/
    class ImageMedia(BaseModel):

-- Docs: https://docs.pytest.org/en/stable/how-to/capture-warnings.html
==================================== PASSES ====================================
- generated xml file: /home/hous/dev/tt-metal/models/autoports/google_gemma_4_26b_a4b_it/doc/optimized_vllm/trace_reuse_probe/isolated_watcher_tp4.xml -
============================= slowest 25 durations =============================
29.91s call     models/autoports/google_gemma_4_26b_a4b_it/tests/test_vllm_trace_reuse.py::test_adapter_request_trace_reuse[blackhole-p150x4]
1.51s setup    models/autoports/google_gemma_4_26b_a4b_it/tests/test_vllm_trace_reuse.py::test_adapter_request_trace_reuse[blackhole-p150x4]
0.05s teardown models/autoports/google_gemma_4_26b_a4b_it/tests/test_vllm_trace_reuse.py::test_adapter_request_trace_reuse[blackhole-p150x4]
=========================== short test summary info ============================
PASSED models/autoports/google_gemma_4_26b_a4b_it/tests/test_vllm_trace_reuse.py::test_adapter_request_trace_reuse[blackhole-p150x4]
======================== 1 passed, 3 warnings in 32.35s ========================
sys:1: DeprecationWarning: builtin type swigvarlink has no __module__ attribute
2026-09-08 20:22:28.221 | info     |    BuildKernels | JIT cache stats: 816/816 hits (100.0%) [816 cached, 868 build-once dedup, 0 merged artifacts, 0 merged genfiles] (build_cache_telemetry.cpp:207)
2026-09-08 20:22:28.221 | info     |    BuildKernels | JIT telemetry: 3 registered TelemetryTokens (build_cache_telemetry.cpp:230)
2026-09-08 20:22:28.223 | info     |       LLRuntime | Watcher thread stopped watching... (watcher_server.cpp:616)
2026-09-08 20:22:48.225 | critical |           Metal | Device 0: Virtual core 29-25, Port status: 0x1, Retrain count: 0x0, Rx link up: 0x1, Train status: 0x2, PCS status: 0x1, SerDes reset status: 0x1, Postcode: 0xc0dea000, ERISC0 reset PC: 0x3638, ERISC1 reset PC: 0x9330, RISC soft reset: 0x0, Heartbeat start: 0xdcbad4c0, Heartbeat end: 0xdcbad4c0, Heartbeat changed: false (llrt.cpp:358)
2026-09-08 20:22:48.226 | critical |          Always | TT_THROW: Device 0: Timed out while waiting for active ethernet core 29-25 to become active again. Try resetting the board. Minimum tt-firmware version is 18.10.0 (assert.hpp:104)
terminate called after throwing an instance of 'std::runtime_error'
  what():  TT_THROW @ /home/hous/dev/tt-metal/tt_metal/llrt/llrt.cpp:618: tt::exception
info:
Device 0: Timed out while waiting for active ethernet core 29-25 to become active again. Try resetting the board. Minimum tt-firmware version is 18.10.0
backtrace:
 --- /home/hous/dev/tt-metal/ttnn/ttnn/../../build/lib/libtt_metal.so(+0x986638) [0x79bfea786638]
 --- tt::llrt::internal_::return_to_base_firmware_and_wait_for_heartbeat(tt::tt_metal::MetalEnvImpl&, int, tt::xy_pair const&, int)
 --- tt::tt_metal::RiscFirmwareInitializer::assert_active_ethernet_cores_to_reset(int)
 --- tt::tt_metal::RiscFirmwareInitializer::teardown(std::unordered_set<tt::tt_metal::InitializerKey, std::hash<tt::tt_metal::InitializerKey>, std::equal_to<tt::tt_metal::InitializerKey>, std::allocator<tt::tt_metal::InitializerKey> >&)
 --- tt::tt_metal::MetalContext::teardown()
 --- tt::tt_metal::MetalContext::~MetalContext()
 --- tt::tt_metal::MetalContext::destroy_instance(bool, ttsl::StrongType<int, tt::tt_metal::ContextIdTag>)
 --- tt::tt_metal::MetalContext::destroy_all_instances(bool)
 --- /lib/x86_64-linux-gnu/libc.so.6(+0x47a76) [0x79c035047a76]
 --- /lib/x86_64-linux-gnu/libc.so.6(+0x47bbe) [0x79c035047bbe]
 --- /home/hous/dev/tt-metal/python_env/bin/python3() [0x1985fde]
 --- /home/hous/dev/tt-metal/python_env/bin/python3() [0x1c7caf2]
 --- /home/hous/dev/tt-metal/python_env/bin/python3() [0x1a2b730]
 --- /home/hous/dev/tt-metal/python_env/bin/python3(_PyRun_SimpleFileObject+0x1a8) [0x19a8ca8]
 --- /home/hous/dev/tt-metal/python_env/bin/python3(_PyRun_AnyFileObject+0x4a) [0x19a898a]
 --- /home/hous/dev/tt-metal/python_env/bin/python3() [0x19a8910]
 --- /home/hous/dev/tt-metal/python_env/bin/python3() [0x19a881d]
 --- /home/hous/dev/tt-metal/python_env/bin/python3() [0x1ad6823]
 --- /home/hous/dev/tt-metal/python_env/bin/python3() [0x19846df]
 --- /home/hous/dev/tt-metal/python_env/bin/python3() [0x19844ec]
 --- /lib/x86_64-linux-gnu/libc.so.6(+0x2a1ca) [0x79c03502a1ca]
 --- /lib/x86_64-linux-gnu/libc.so.6(__libc_start_main+0x8b) [0x79c03502a28b]
 --- /home/hous/dev/tt-metal/python_env/bin/python3(_start+0x29) [0x19a66a9]

