2026-09-08 20:28:07.301 | DEBUG    | ttnn:<module>:45 - Initial ttnn.CONFIG:
Config{cache_path=/home/hous/.cache/ttnn,model_cache_path=/home/hous/.cache/ttnn/models,tmp_dir=/tmp/ttnn,enable_model_cache=false,enable_fast_runtime_mode=true,validate_program_args=false,throw_exception_on_fallback=true,enable_logging=false,enable_graph_report=false,enable_graph_python_stack_traces=false,enable_detailed_buffer_report=false,enable_detailed_tensor_report=false,enable_comparison_mode=false,comparison_mode_should_raise_exception=false,comparison_mode_pcc=0.9999,root_report_path=generated/ttnn/reports,report_name=std::nullopt,std::nullopt}
============================= test session starts ==============================
platform linux -- Python 3.12.14, pytest-9.0.3, pluggy-1.6.0 -- /home/hous/dev/tt-metal/python_env/bin/python3
cachedir: .pytest_cache
benchmark: 5.2.3 (defaults: timer=time.perf_counter disable_gc=False min_rounds=5 min_time=0.000005 max_time=1.0 calibration_precision=10 warmup=False warmup_iterations=100000)
rootdir: /home/hous/dev/tt-metal
configfile: pytest.ini
plugins: anyio-4.15.0, dash-2.15.0, repeat-0.9.4, benchmark-5.2.3, timeout-2.4.0, github-actions-annotate-failures-0.3.0, split-0.11.0, cov-7.0.0
timeout: 300.0s
timeout method: signal
timeout func_only: False
collecting ... collected 1 item

models/autoports/google_gemma_4_26b_a4b_it/tests/test_vllm_trace_reuse.py::test_adapter_request_trace_reuse[blackhole-p150x4] 2026-09-08 20:28:09.039 | info     |          Device | Opening user mode device driver (tt_cluster.cpp:224)
2026-09-08 20:28:09.039 | info     |             UMD | Cluster constructor started. (cluster.cpp:406)
2026-09-08 20:28:09.039 | info     |             UMD | Creating TopologyDiscovery for architecture: blackhole (topology_discovery.cpp:96)
2026-09-08 20:28:09.039 | info     |             UMD | Starting topology discovery. (topology_discovery.cpp:115)
2026-09-08 20:28:09.053 | info     |             UMD | Established firmware bundle version: 19.13.1 (topology_discovery.cpp:576)
2026-09-08 20:28:09.053 | info     |             UMD | Completed topology discovery. (topology_discovery.cpp:119)
2026-09-08 20:28:09.131 | info     |             UMD | Opening local chip ids/PCIe ids: {0, 1, 2, 3}/[0, 1, 2, 3] and remote chip ids {} (cluster.cpp:173)
2026-09-08 20:28:09.131 | info     |             UMD | IOMMU: enabled (cluster.cpp:147)
2026-09-08 20:28:09.131 | info     |             UMD | KMD version: 2.8.0 (cluster.cpp:150)
2026-09-08 20:28:09.131 | info     |             UMD | Cluster constructor completed. (cluster.cpp:665)
2026-09-08 20:28:09.133 | info     |             UMD | Starting devices in cluster (cluster.cpp:1205)
2026-09-08 20:28:09.377 | info     |             UMD | Starting devices in cluster completed. (cluster.cpp:1213)
2026-09-08 20:28:09.468 | info     |     Distributed | Using auto discovery to generate mesh graph. (metal_env.cpp:422)
2026-09-08 20:28:09.468 | info     |     Distributed | Constructing control plane using auto-discovery (no mesh graph descriptor). (metal_env.cpp:484)
2026-09-08 20:28:09.468 | warning  |          Always | Unknown motherboard 'B850M-C' for chip_id=2 (bus_id=0x3) — falling back to bus_id as tray_id. Add this motherboard and its bus IDs to mobo_to_bus_ids in physical_system_discovery.cpp. (physical_system_discovery.cpp:119)
2026-09-08 20:28:09.468 | info     |          Fabric | Logical multi-mesh adjacency: intermesh degree histogram {0:1}; intra-mesh degree histograms mesh0 {2:4} (topology_mapper_utils.cpp:3368)
2026-09-08 20:28:09.468 | info     |          Fabric | Physical multi-mesh adjacency: intermesh degree histogram {0:1}; intra-mesh degree histograms mesh0 {2:4} (topology_mapper_utils.cpp:3376)
2026-09-08 20:28:09.469 | INFO     | conftest:mesh_device:638 - Keeping trace_region_size=134217728 from device_params (already set)
2026-09-08 20:28:09.469 | info     |           Metal | Fabric config changed from FabricConfig::DISABLED to FabricConfig::FABRIC_1D_RING, reinitializing control plane (metal_env.cpp:324)
2026-09-08 20:28:09.469 | info     |     Distributed | Using auto discovery to generate mesh graph. (metal_env.cpp:422)
2026-09-08 20:28:09.469 | info     |     Distributed | Constructing control plane using auto-discovery (no mesh graph descriptor). (metal_env.cpp:484)
2026-09-08 20:28:09.469 | info     |          Fabric | Logical multi-mesh adjacency: intermesh degree histogram {0:1}; intra-mesh degree histograms mesh0 {2:4} (topology_mapper_utils.cpp:3368)
2026-09-08 20:28:09.469 | info     |          Fabric | Physical multi-mesh adjacency: intermesh degree histogram {0:1}; intra-mesh degree histograms mesh0 {2:4} (topology_mapper_utils.cpp:3376)
2026-09-08 20:28:09.550 | info     |       LLRuntime | Watcher log file: /home/hous/dev/tt-metal/generated/watcher/watcher.log (watcher_server.cpp:296)
2026-09-08 20:28:09.550 | info     |       LLRuntime | Watcher server initialized, disabled features: WAYPOINT (watcher_server.cpp:568)
2026-09-08 20:28:09.550 | info     |           Metal | Watcher checking device 0 (watcher_device_reader.cpp:410)
2026-09-08 20:28:09.556 | info     |           Metal | Initializing Fabric (fabric_firmware_initializer.cpp:308)
2026-09-08 20:28:09.557 | info     |           Metal | Watcher checking device 1 (watcher_device_reader.cpp:410)
2026-09-08 20:28:09.567 | info     |           Metal | Watcher checking device 2 (watcher_device_reader.cpp:410)
2026-09-08 20:28:09.573 | info     |           Metal | Watcher checking device 3 (watcher_device_reader.cpp:410)
2026-09-08 20:28:14.118 | info     |           Metal | Fabric initialized on 4 devices (fabric_firmware_initializer.cpp:455)
2026-09-08 20:28:14.118 | info     |           Metal | Fabric Initialized with config FabricConfig::FABRIC_1D_RING (fabric_firmware_initializer.cpp:325)
2026-09-08 20:28:14.916 | DEBUG    | conftest:mesh_device:668 - multidevice with 4 devices is created
2026-09-08 20:28:15.051 | DEBUG    | core:as_tensor:719 - Loaded cache for /tmp/gemma4_full_model_probe_cache/full_model/embedding_tp4_bf16_row_major_dtype_BFLOAT16_layout_ROW_MAJOR.tensorbin of shape Shape([1, 1, 262144, 704])
2026-09-08 20:28:15.687 | DEBUG    | core:as_tensor:719 - Loaded cache for /tmp/gemma4_full_model_probe_cache/full_model/lm_head_tp4_dtype_BFLOAT8_B_layout_TILE.tensorbin of shape Shape([1, 1, 2816, 65536])
2026-09-08 20:28:15.746 | DEBUG    | core:as_tensor:719 - Loaded cache for /tmp/gemma4_full_model_probe_cache/full_model/final_norm_dtype_BFLOAT16_layout_TILE.tensorbin of shape Shape([1, 1, 1, 2816])
2026-09-08 20:28:17.653 | DEBUG    | core:as_tensor:719 - Loaded cache for /tmp/gemma4_full_model_probe_cache/optimized_graph_folds_router1_sharedffn1_expertscale1/multichip/layer_0/packed_expert_gate_up_tp4_dtype_BFLOAT4_B_layout_TILE.tensorbin of shape Shape([1, 128, 2816, 384])
2026-09-08 20:28:17.707 | DEBUG    | core:as_tensor:719 - Loaded cache for /tmp/gemma4_full_model_probe_cache/optimized_graph_folds_router1_sharedffn1_expertscale1/multichip/layer_0/layer_scalar_dtype_BFLOAT16_layout_TILE.tensorbin of shape Shape([1, 1, 1, 1])
2026-09-08 20:28:17.707 | DEBUG    | core:as_tensor:719 - Loaded cache for /tmp/gemma4_full_model_probe_cache/optimized_graph_folds_router1_sharedffn1_expertscale1/multichip/layer_0/input_ln_dtype_BFLOAT16_layout_TILE.tensorbin of shape Shape([1, 1, 1, 2816])
2026-09-08 20:28:17.708 | DEBUG    | core:as_tensor:719 - Loaded cache for /tmp/gemma4_full_model_probe_cache/optimized_graph_folds_router1_sharedffn1_expertscale1/multichip/layer_0/post_attn_ln_dtype_BFLOAT16_layout_TILE.tensorbin of shape Shape([1, 1, 1, 2816])
2026-09-08 20:28:17.708 | DEBUG    | core:as_tensor:719 - Loaded cache for /tmp/gemma4_full_model_probe_cache/optimized_graph_folds_router1_sharedffn1_expertscale1/multichip/layer_0/pre_ff_ln_dtype_BFLOAT16_layout_TILE.tensorbin of shape Shape([1, 1, 1, 2816])
2026-09-08 20:28:17.708 | DEBUG    | core:as_tensor:719 - Loaded cache for /tmp/gemma4_full_model_probe_cache/optimized_graph_folds_router1_sharedffn1_expertscale1/multichip/layer_0/post_ff_ln_dtype_BFLOAT16_layout_TILE.tensorbin of shape Shape([1, 1, 1, 2816])
2026-09-08 20:28:17.708 | DEBUG    | core:as_tensor:719 - Loaded cache for /tmp/gemma4_full_model_probe_cache/optimized_graph_folds_router1_sharedffn1_expertscale1/multichip/layer_0/post_ff_ln_1_dtype_BFLOAT16_layout_TILE.tensorbin of shape Shape([1, 1, 1, 2816])
2026-09-08 20:28:17.708 | DEBUG    | core:as_tensor:719 - Loaded cache for /tmp/gemma4_full_model_probe_cache/optimized_graph_folds_router1_sharedffn1_expertscale1/multichip/layer_0/post_ff_ln_2_dtype_BFLOAT16_layout_TILE.tensorbin of shape Shape([1, 1, 1, 2816])
2026-09-08 20:28:17.708 | DEBUG    | core:as_tensor:719 - Loaded cache for /tmp/gemma4_full_model_probe_cache/optimized_graph_folds_router1_sharedffn1_expertscale1/multichip/layer_0/pre_ff_ln_2_dtype_BFLOAT16_layout_TILE.tensorbin of shape Shape([1, 1, 1, 2816])
2026-09-08 20:28:17.708 | DEBUG    | core:as_tensor:719 - Loaded cache for /tmp/gemma4_full_model_probe_cache/optimized_graph_folds_router1_sharedffn1_expertscale1/multichip/layer_0/q_norm_dtype_BFLOAT16_layout_TILE.tensorbin of shape Shape([1, 1, 1, 256])
2026-09-08 20:28:17.708 | DEBUG    | core:as_tensor:719 - Loaded cache for /tmp/gemma4_full_model_probe_cache/optimized_graph_folds_router1_sharedffn1_expertscale1/multichip/layer_0/k_norm_dtype_BFLOAT16_layout_TILE.tensorbin of shape Shape([1, 1, 1, 256])
2026-09-08 20:28:17.717 | DEBUG    | core:as_tensor:719 - Loaded cache for /tmp/gemma4_full_model_probe_cache/optimized_graph_folds_router1_sharedffn1_expertscale1/multichip/layer_0/qkv_tp4_dtype_BFLOAT16_layout_TILE.tensorbin of shape Shape([1, 1, 2816, 2048])
2026-09-08 20:28:17.725 | DEBUG    | core:as_tensor:719 - Loaded cache for /tmp/gemma4_full_model_probe_cache/optimized_graph_folds_router1_sharedffn1_expertscale1/multichip/layer_0/o_proj_tp4_dtype_BFLOAT16_layout_TILE.tensorbin of shape Shape([1, 1, 1024, 2816])
2026-09-08 20:28:17.725 | DEBUG    | core:as_tensor:719 - Loaded cache for /tmp/gemma4_full_model_probe_cache/optimized_graph_folds_router1_sharedffn1_expertscale1/multichip/layer_0/mlp_gate_tp4_dtype_BFLOAT8_B_layout_TILE.tensorbin of shape Shape([1, 1, 2816, 544])
2026-09-08 20:28:17.726 | DEBUG    | core:as_tensor:719 - Loaded cache for /tmp/gemma4_full_model_probe_cache/optimized_graph_folds_router1_sharedffn1_expertscale1/multichip/layer_0/mlp_up_tp4_dtype_BFLOAT8_B_layout_TILE.tensorbin of shape Shape([1, 1, 2816, 544])
2026-09-08 20:28:17.726 | DEBUG    | core:as_tensor:719 - Loaded cache for /tmp/gemma4_full_model_probe_cache/optimized_graph_folds_router1_sharedffn1_expertscale1/multichip/layer_0/mlp_down_tp4_dtype_BFLOAT8_B_layout_TILE.tensorbin of shape Shape([1, 1, 544, 2816])
2026-09-08 20:28:17.727 | DEBUG    | core:as_tensor:719 - Loaded cache for /tmp/gemma4_full_model_probe_cache/optimized_graph_folds_router1_sharedffn1_expertscale1/multichip/layer_0/router_scale_dtype_FLOAT32_layout_TILE.tensorbin of shape Shape([1, 1, 1, 2816])
2026-09-08 20:28:17.727 | DEBUG    | core:as_tensor:719 - Loaded cache for /tmp/gemma4_full_model_probe_cache/optimized_graph_folds_router1_sharedffn1_expertscale1/multichip/layer_0/router_proj_dtype_FLOAT32_layout_TILE.tensorbin of shape Shape([1, 1, 2816, 128])
2026-09-08 20:28:17.727 | DEBUG    | core:as_tensor:719 - Loaded cache for /tmp/gemma4_full_model_probe_cache/optimized_graph_folds_router1_sharedffn1_expertscale1/multichip/layer_0/router_per_expert_scale_dtype_FLOAT32_layout_TILE.tensorbin of shape Shape([1, 128])
2026-09-08 20:28:17.741 | DEBUG    | core:as_tensor:719 - Loaded cache for /tmp/gemma4_full_model_probe_cache/optimized_graph_folds_router1_sharedffn1_expertscale1/multichip/layer_0/expert_down_tp4_dtype_BFLOAT4_B_layout_TILE.tensorbin of shape Shape([1, 128, 192, 2816])
2026-09-08 20:28:17.741 | DEBUG    | core:as_tensor:719 - Loaded cache for /tmp/gemma4_full_model_probe_cache/optimized_graph_folds_router1_sharedffn1_expertscale1/multichip/layer_0/expert_prefill_sparsity_dtype_BFLOAT16_layout_ROW_MAJOR.tensorbin of shape Shape([1, 1, 1, 128])
2026-09-08 20:28:17.760 | DEBUG    | core:as_tensor:719 - Loaded cache for /tmp/gemma4_full_model_probe_cache/optimized_graph_folds_router1_sharedffn1_expertscale1/multichip/layer_0/packed_mlp_gate_up_decode_bfp8_tp4_dtype_BFLOAT8_B_layout_TILE.tensorbin of shape Shape([1, 1, 2816, 1088])
2026-09-08 20:28:18.966 | DEBUG    | core:as_tensor:719 - Loaded cache for /tmp/gemma4_full_model_probe_cache/optimized_graph_folds_router0_sharedffn0_expertscale1/multichip/layer_5/packed_expert_gate_up_tp4_dtype_BFLOAT4_B_layout_TILE.tensorbin of shape Shape([1, 128, 2816, 384])
2026-09-08 20:28:18.996 | DEBUG    | core:as_tensor:719 - Loaded cache for /tmp/gemma4_full_model_probe_cache/optimized_graph_folds_router0_sharedffn0_expertscale1/multichip/layer_5/layer_scalar_dtype_BFLOAT16_layout_TILE.tensorbin of shape Shape([1, 1, 1, 1])
2026-09-08 20:28:18.997 | DEBUG    | core:as_tensor:719 - Loaded cache for /tmp/gemma4_full_model_probe_cache/optimized_graph_folds_router0_sharedffn0_expertscale1/multichip/layer_5/input_ln_dtype_BFLOAT16_layout_TILE.tensorbin of shape Shape([1, 1, 1, 2816])
2026-09-08 20:28:18.997 | DEBUG    | core:as_tensor:719 - Loaded cache for /tmp/gemma4_full_model_probe_cache/optimized_graph_folds_router0_sharedffn0_expertscale1/multichip/layer_5/post_attn_ln_dtype_BFLOAT16_layout_TILE.tensorbin of shape Shape([1, 1, 1, 2816])
2026-09-08 20:28:18.997 | DEBUG    | core:as_tensor:719 - Loaded cache for /tmp/gemma4_full_model_probe_cache/optimized_graph_folds_router0_sharedffn0_expertscale1/multichip/layer_5/pre_ff_ln_dtype_BFLOAT16_layout_TILE.tensorbin of shape Shape([1, 1, 1, 2816])
2026-09-08 20:28:18.997 | DEBUG    | core:as_tensor:719 - Loaded cache for /tmp/gemma4_full_model_probe_cache/optimized_graph_folds_router0_sharedffn0_expertscale1/multichip/layer_5/post_ff_ln_dtype_BFLOAT16_layout_TILE.tensorbin of shape Shape([1, 1, 1, 2816])
2026-09-08 20:28:18.997 | DEBUG    | core:as_tensor:719 - Loaded cache for /tmp/gemma4_full_model_probe_cache/optimized_graph_folds_router0_sharedffn0_expertscale1/multichip/layer_5/post_ff_ln_1_dtype_BFLOAT16_layout_TILE.tensorbin of shape Shape([1, 1, 1, 2816])
2026-09-08 20:28:18.997 | DEBUG    | core:as_tensor:719 - Loaded cache for /tmp/gemma4_full_model_probe_cache/optimized_graph_folds_router0_sharedffn0_expertscale1/multichip/layer_5/post_ff_ln_2_dtype_BFLOAT16_layout_TILE.tensorbin of shape Shape([1, 1, 1, 2816])
2026-09-08 20:28:18.997 | DEBUG    | core:as_tensor:719 - Loaded cache for /tmp/gemma4_full_model_probe_cache/optimized_graph_folds_router0_sharedffn0_expertscale1/multichip/layer_5/pre_ff_ln_2_dtype_BFLOAT16_layout_TILE.tensorbin of shape Shape([1, 1, 1, 2816])
2026-09-08 20:28:18.997 | DEBUG    | core:as_tensor:719 - Loaded cache for /tmp/gemma4_full_model_probe_cache/optimized_graph_folds_router0_sharedffn0_expertscale1/multichip/layer_5/q_norm_dtype_BFLOAT16_layout_TILE.tensorbin of shape Shape([1, 1, 1, 512])
2026-09-08 20:28:18.998 | DEBUG    | core:as_tensor:719 - Loaded cache for /tmp/gemma4_full_model_probe_cache/optimized_graph_folds_router0_sharedffn0_expertscale1/multichip/layer_5/k_norm_dtype_BFLOAT16_layout_TILE.tensorbin of shape Shape([1, 1, 1, 512])
2026-09-08 20:28:19.006 | DEBUG    | core:as_tensor:719 - Loaded cache for /tmp/gemma4_full_model_probe_cache/optimized_graph_folds_router0_sharedffn0_expertscale1/multichip/layer_5/qkv_tp4_dtype_BFLOAT8_B_layout_TILE.tensorbin of shape Shape([1, 1, 2816, 3072])
2026-09-08 20:28:19.024 | DEBUG    | core:as_tensor:719 - Loaded cache for /tmp/gemma4_full_model_probe_cache/optimized_graph_folds_router0_sharedffn0_expertscale1/multichip/layer_5/o_proj_tp4_dtype_BFLOAT8_B_layout_TILE.tensorbin of shape Shape([1, 1, 2048, 2816])
2026-09-08 20:28:19.027 | DEBUG    | core:as_tensor:719 - Loaded cache for /tmp/gemma4_full_model_probe_cache/optimized_graph_folds_router0_sharedffn0_expertscale1/multichip/layer_5/mlp_gate_tp4_dtype_BFLOAT16_layout_TILE.tensorbin of shape Shape([1, 1, 2816, 544])
2026-09-08 20:28:19.028 | DEBUG    | core:as_tensor:719 - Loaded cache for /tmp/gemma4_full_model_probe_cache/optimized_graph_folds_router0_sharedffn0_expertscale1/multichip/layer_5/mlp_up_tp4_dtype_BFLOAT16_layout_TILE.tensorbin of shape Shape([1, 1, 2816, 544])
2026-09-08 20:28:19.029 | DEBUG    | core:as_tensor:719 - Loaded cache for /tmp/gemma4_full_model_probe_cache/optimized_graph_folds_router0_sharedffn0_expertscale1/multichip/layer_5/mlp_down_tp4_dtype_BFLOAT16_layout_TILE.tensorbin of shape Shape([1, 1, 544, 2816])
2026-09-08 20:28:19.029 | DEBUG    | core:as_tensor:719 - Loaded cache for /tmp/gemma4_full_model_probe_cache/optimized_graph_folds_router0_sharedffn0_expertscale1/multichip/layer_5/router_scale_dtype_FLOAT32_layout_TILE.tensorbin of shape Shape([1, 1, 1, 2816])
2026-09-08 20:28:19.030 | DEBUG    | core:as_tensor:719 - Loaded cache for /tmp/gemma4_full_model_probe_cache/optimized_graph_folds_router0_sharedffn0_expertscale1/multichip/layer_5/router_proj_dtype_FLOAT32_layout_TILE.tensorbin of shape Shape([1, 1, 2816, 128])
2026-09-08 20:28:19.030 | DEBUG    | core:as_tensor:719 - Loaded cache for /tmp/gemma4_full_model_probe_cache/optimized_graph_folds_router0_sharedffn0_expertscale1/multichip/layer_5/router_per_expert_scale_dtype_FLOAT32_layout_TILE.tensorbin of shape Shape([1, 128])
2026-09-08 20:28:19.043 | DEBUG    | core:as_tensor:719 - Loaded cache for /tmp/gemma4_full_model_probe_cache/optimized_graph_folds_router0_sharedffn0_expertscale1/multichip/layer_5/expert_down_tp4_dtype_BFLOAT4_B_layout_TILE.tensorbin of shape Shape([1, 128, 192, 2816])
2026-09-08 20:28:19.044 | DEBUG    | core:as_tensor:719 - Loaded cache for /tmp/gemma4_full_model_probe_cache/optimized_graph_folds_router0_sharedffn0_expertscale1/multichip/layer_5/expert_prefill_sparsity_dtype_BFLOAT16_layout_ROW_MAJOR.tensorbin of shape Shape([1, 1, 1, 128])
2026-09-08 20:28:19.052 | DEBUG    | core:as_tensor:719 - Loaded cache for /tmp/gemma4_full_model_probe_cache/optimized_graph_folds_router0_sharedffn0_expertscale1/multichip/layer_5/packed_mlp_gate_up_decode_bfp8_tp4_dtype_BFLOAT8_B_layout_TILE.tensorbin of shape Shape([1, 1, 2816, 1088])
2026-09-08 20:28:19.285 | warning  |              Op | Allocating semaphores in L1, which may fragment L1 and reduce headroom for subsequent op allocations. Configure an L1_SMALL region to mitigate this. (all_gather_multicast_factory.cpp:42)
2026-09-08 20:28:19.294 | warning  |              Op | Fabric packet size 4352 B is suboptimal for transporting 2048 B pages. Configure 8192 B packet size to maximize throughput. (ccl_common.cpp:70)
2026-09-08 20:28:19.294 | warning  |              Op | Fabric packet size 4352 B is suboptimal for transporting 2048 B pages. Configure 8192 B packet size to maximize throughput. (ccl_common.cpp:70)
2026-09-08 20:28:19.294 | warning  |              Op | Fabric packet size 4352 B is suboptimal for transporting 2048 B pages. Configure 8192 B packet size to maximize throughput. (ccl_common.cpp:70)
2026-09-08 20:28:19.294 | warning  |              Op | Fabric packet size 4352 B is suboptimal for transporting 2048 B pages. Configure 8192 B packet size to maximize throughput. (ccl_common.cpp:70)
2026-09-08 20:28:19.406 | warning  |              Op | The following ttnn.all_gather args are deprecated and will be removed in September-2026: num_links, topology, chunks_per_sync, num_workers_per_link, num_buffers_per_channel, use_l1_small_for_semaphores. (all_gather.cpp:148)
2026-09-08 20:28:19.406 | warning  |              Op | Allocating semaphores in L1, which may fragment L1 and reduce headroom for subsequent op allocations. Configure an L1_SMALL region to mitigate this. (all_gather_multicast_factory.cpp:42)
2026-09-08 20:28:19.407 | warning  |              Op | Fabric packet size 4352 B is suboptimal for transporting 2048 B pages. Configure 8192 B packet size to maximize throughput. (ccl_common.cpp:70)
2026-09-08 20:28:19.407 | warning  |              Op | Fabric packet size 4352 B is suboptimal for transporting 2048 B pages. Configure 8192 B packet size to maximize throughput. (ccl_common.cpp:70)
2026-09-08 20:28:19.407 | warning  |              Op | Fabric packet size 4352 B is suboptimal for transporting 2048 B pages. Configure 8192 B packet size to maximize throughput. (ccl_common.cpp:70)
2026-09-08 20:28:19.407 | warning  |              Op | Fabric packet size 4352 B is suboptimal for transporting 2048 B pages. Configure 8192 B packet size to maximize throughput. (ccl_common.cpp:70)
2026-09-08 20:28:19.408 | warning  |              Op | The following ttnn.all_gather args are deprecated and will be removed in September-2026: num_links, topology, chunks_per_sync, num_workers_per_link, num_buffers_per_channel, use_l1_small_for_semaphores. (all_gather.cpp:148)
2026-09-08 20:28:19.408 | warning  |              Op | Allocating semaphores in L1, which may fragment L1 and reduce headroom for subsequent op allocations. Configure an L1_SMALL region to mitigate this. (all_gather_multicast_factory.cpp:42)
2026-09-08 20:28:19.408 | warning  |              Op | Fabric packet size 4352 B is suboptimal for transporting 4096 B pages. Configure 12288 B packet size to maximize throughput. (ccl_common.cpp:70)
2026-09-08 20:28:19.408 | warning  |              Op | Fabric packet size 4352 B is suboptimal for transporting 4096 B pages. Configure 12288 B packet size to maximize throughput. (ccl_common.cpp:70)
2026-09-08 20:28:19.408 | warning  |              Op | Fabric packet size 4352 B is suboptimal for transporting 4096 B pages. Configure 12288 B packet size to maximize throughput. (ccl_common.cpp:70)
2026-09-08 20:28:19.408 | warning  |              Op | Fabric packet size 4352 B is suboptimal for transporting 4096 B pages. Configure 12288 B packet size to maximize throughput. (ccl_common.cpp:70)
2026-09-08 20:28:19.427 | warning  |              Op | Allocating semaphores in L1, which may fragment L1 and reduce headroom for subsequent op allocations. Configure an L1_SMALL region to mitigate this. (all_gather_multicast_factory.cpp:42)
2026-09-08 20:28:19.428 | warning  |              Op | Fabric packet size 4352 B is suboptimal for transporting 2048 B pages. Configure 8192 B packet size to maximize throughput. (ccl_common.cpp:70)
2026-09-08 20:28:19.428 | warning  |              Op | Fabric packet size 4352 B is suboptimal for transporting 2048 B pages. Configure 8192 B packet size to maximize throughput. (ccl_common.cpp:70)
2026-09-08 20:28:19.428 | warning  |              Op | Fabric packet size 4352 B is suboptimal for transporting 2048 B pages. Configure 8192 B packet size to maximize throughput. (ccl_common.cpp:70)
2026-09-08 20:28:19.428 | warning  |              Op | Fabric packet size 4352 B is suboptimal for transporting 2048 B pages. Configure 8192 B packet size to maximize throughput. (ccl_common.cpp:70)
2026-09-08 20:28:19.513 | warning  |              Op | The following ttnn.all_gather args are deprecated and will be removed in September-2026: num_links, topology, chunks_per_sync, num_workers_per_link, num_buffers_per_channel, use_l1_small_for_semaphores. (all_gather.cpp:148)
2026-09-08 20:28:19.514 | warning  |              Op | The following ttnn.all_gather args are deprecated and will be removed in September-2026: num_links, topology, chunks_per_sync, num_workers_per_link, num_buffers_per_channel, use_l1_small_for_semaphores. (all_gather.cpp:148)
2026-09-08 20:28:19.532 | warning  |              Op | The following ttnn.all_gather args are deprecated and will be removed in September-2026: num_links, topology, chunks_per_sync, num_workers_per_link, num_buffers_per_channel, use_l1_small_for_semaphores. (all_gather.cpp:148)
2026-09-08 20:28:19.532 | warning  |              Op | The following ttnn.all_gather args are deprecated and will be removed in September-2026: num_links, topology, chunks_per_sync, num_workers_per_link, num_buffers_per_channel, use_l1_small_for_semaphores. (all_gather.cpp:148)
2026-09-08 20:28:19.702 | info     |           Metal | Watcher checking device 0 (watcher_device_reader.cpp:410)
2026-09-08 20:28:19.709 | info     |           Metal | Watcher checking device 1 (watcher_device_reader.cpp:410)
2026-09-08 20:28:19.716 | info     |           Metal | Watcher checking device 2 (watcher_device_reader.cpp:410)
2026-09-08 20:28:19.722 | info     |           Metal | Watcher checking device 3 (watcher_device_reader.cpp:410)
2026-09-08 20:28:20.804 | warning  |              Op | The following ttnn.all_gather args are deprecated and will be removed in September-2026: num_links, topology, chunks_per_sync, num_workers_per_link, num_buffers_per_channel, use_l1_small_for_semaphores. (all_gather.cpp:148)
2026-09-08 20:28:20.804 | warning  |              Op | The following ttnn.all_gather args are deprecated and will be removed in September-2026: num_links, topology, chunks_per_sync, num_workers_per_link, num_buffers_per_channel, use_l1_small_for_semaphores. (all_gather.cpp:148)
2026-09-08 20:28:20.841 | warning  |              Op | The following ttnn.all_gather args are deprecated and will be removed in September-2026: num_links, topology, chunks_per_sync, num_workers_per_link, num_buffers_per_channel, use_l1_small_for_semaphores. (all_gather.cpp:148)
2026-09-08 20:28:20.841 | warning  |              Op | The following ttnn.all_gather args are deprecated and will be removed in September-2026: num_links, topology, chunks_per_sync, num_workers_per_link, num_buffers_per_channel, use_l1_small_for_semaphores. (all_gather.cpp:148)
2026-09-08 20:28:20.861 | warning  |              Op | The following ttnn.all_gather args are deprecated and will be removed in September-2026: num_links, topology, chunks_per_sync, num_workers_per_link, num_buffers_per_channel, use_l1_small_for_semaphores. (all_gather.cpp:148)
2026-09-08 20:28:20.861 | warning  |              Op | The following ttnn.all_gather args are deprecated and will be removed in September-2026: num_links, topology, chunks_per_sync, num_workers_per_link, num_buffers_per_channel, use_l1_small_for_semaphores. (all_gather.cpp:148)
2026-09-08 20:28:22.109 | warning  |              Op | The following ttnn.all_gather args are deprecated and will be removed in September-2026: num_links, topology, chunks_per_sync, num_workers_per_link, num_buffers_per_channel, use_l1_small_for_semaphores. (all_gather.cpp:148)
2026-09-08 20:28:22.109 | warning  |              Op | The following ttnn.all_gather args are deprecated and will be removed in September-2026: num_links, topology, chunks_per_sync, num_workers_per_link, num_buffers_per_channel, use_l1_small_for_semaphores. (all_gather.cpp:148)
2026-09-08 20:28:23.395 | warning  |              Op | The following ttnn.all_gather args are deprecated and will be removed in September-2026: num_links, topology, chunks_per_sync, num_workers_per_link, num_buffers_per_channel, use_l1_small_for_semaphores. (all_gather.cpp:148)
2026-09-08 20:28:23.395 | warning  |              Op | The following ttnn.all_gather args are deprecated and will be removed in September-2026: num_links, topology, chunks_per_sync, num_workers_per_link, num_buffers_per_channel, use_l1_small_for_semaphores. (all_gather.cpp:148)
2026-09-08 20:28:23.548 | warning  |              Op | The following ttnn.all_gather args are deprecated and will be removed in September-2026: num_links, topology, chunks_per_sync, num_workers_per_link, num_buffers_per_channel, use_l1_small_for_semaphores. (all_gather.cpp:148)
2026-09-08 20:28:23.548 | warning  |              Op | The following ttnn.all_gather args are deprecated and will be removed in September-2026: num_links, topology, chunks_per_sync, num_workers_per_link, num_buffers_per_channel, use_l1_small_for_semaphores. (all_gather.cpp:148)
2026-09-08 20:28:23.734 | warning  |              Op | The following ttnn.all_gather args are deprecated and will be removed in September-2026: num_links, topology, chunks_per_sync, num_workers_per_link, num_buffers_per_channel, use_l1_small_for_semaphores. (all_gather.cpp:148)
2026-09-08 20:28:23.734 | warning  |              Op | The following ttnn.all_gather args are deprecated and will be removed in September-2026: num_links, topology, chunks_per_sync, num_workers_per_link, num_buffers_per_channel, use_l1_small_for_semaphores. (all_gather.cpp:148)
2026-09-08 20:28:25.044 | warning  |              Op | The following ttnn.all_gather args are deprecated and will be removed in September-2026: num_links, topology, chunks_per_sync, num_workers_per_link, num_buffers_per_channel, use_l1_small_for_semaphores. (all_gather.cpp:148)
2026-09-08 20:28:25.044 | warning  |              Op | The following ttnn.all_gather args are deprecated and will be removed in September-2026: num_links, topology, chunks_per_sync, num_workers_per_link, num_buffers_per_channel, use_l1_small_for_semaphores. (all_gather.cpp:148)
2026-09-08 20:28:25.170 | warning  |              Op | The following ttnn.all_gather args are deprecated and will be removed in September-2026: num_links, topology, chunks_per_sync, num_workers_per_link, num_buffers_per_channel, use_l1_small_for_semaphores. (all_gather.cpp:148)
2026-09-08 20:28:25.170 | warning  |              Op | The following ttnn.all_gather args are deprecated and will be removed in September-2026: num_links, topology, chunks_per_sync, num_workers_per_link, num_buffers_per_channel, use_l1_small_for_semaphores. (all_gather.cpp:148)
2026-09-08 20:28:25.379 | warning  |              Op | The following ttnn.all_gather args are deprecated and will be removed in September-2026: num_links, topology, chunks_per_sync, num_workers_per_link, num_buffers_per_channel, use_l1_small_for_semaphores. (all_gather.cpp:148)
2026-09-08 20:28:25.379 | warning  |              Op | The following ttnn.all_gather args are deprecated and will be removed in September-2026: num_links, topology, chunks_per_sync, num_workers_per_link, num_buffers_per_channel, use_l1_small_for_semaphores. (all_gather.cpp:148)
2026-09-08 20:28:26.622 | warning  |              Op | The following ttnn.all_gather args are deprecated and will be removed in September-2026: num_links, topology, chunks_per_sync, num_workers_per_link, num_buffers_per_channel, use_l1_small_for_semaphores. (all_gather.cpp:148)
2026-09-08 20:28:26.622 | warning  |              Op | The following ttnn.all_gather args are deprecated and will be removed in September-2026: num_links, topology, chunks_per_sync, num_workers_per_link, num_buffers_per_channel, use_l1_small_for_semaphores. (all_gather.cpp:148)
2026-09-08 20:28:27.933 | warning  |              Op | The following ttnn.all_gather args are deprecated and will be removed in September-2026: num_links, topology, chunks_per_sync, num_workers_per_link, num_buffers_per_channel, use_l1_small_for_semaphores. (all_gather.cpp:148)
2026-09-08 20:28:27.933 | warning  |              Op | The following ttnn.all_gather args are deprecated and will be removed in September-2026: num_links, topology, chunks_per_sync, num_workers_per_link, num_buffers_per_channel, use_l1_small_for_semaphores. (all_gather.cpp:148)
2026-09-08 20:28:27.967 | warning  |              Op | The following ttnn.all_gather args are deprecated and will be removed in September-2026: num_links, topology, chunks_per_sync, num_workers_per_link, num_buffers_per_channel, use_l1_small_for_semaphores. (all_gather.cpp:148)
2026-09-08 20:28:27.967 | warning  |              Op | The following ttnn.all_gather args are deprecated and will be removed in September-2026: num_links, topology, chunks_per_sync, num_workers_per_link, num_buffers_per_channel, use_l1_small_for_semaphores. (all_gather.cpp:148)
2026-09-08 20:28:27.988 | warning  |              Op | The following ttnn.all_gather args are deprecated and will be removed in September-2026: num_links, topology, chunks_per_sync, num_workers_per_link, num_buffers_per_channel, use_l1_small_for_semaphores. (all_gather.cpp:148)
2026-09-08 20:28:27.988 | warning  |              Op | The following ttnn.all_gather args are deprecated and will be removed in September-2026: num_links, topology, chunks_per_sync, num_workers_per_link, num_buffers_per_channel, use_l1_small_for_semaphores. (all_gather.cpp:148)
2026-09-08 20:28:29.240 | warning  |              Op | The following ttnn.all_gather args are deprecated and will be removed in September-2026: num_links, topology, chunks_per_sync, num_workers_per_link, num_buffers_per_channel, use_l1_small_for_semaphores. (all_gather.cpp:148)
2026-09-08 20:28:29.240 | warning  |              Op | The following ttnn.all_gather args are deprecated and will be removed in September-2026: num_links, topology, chunks_per_sync, num_workers_per_link, num_buffers_per_channel, use_l1_small_for_semaphores. (all_gather.cpp:148)
2026-09-08 20:28:29.733 | info     |           Metal | Watcher checking device 0 (watcher_device_reader.cpp:410)
2026-09-08 20:28:29.740 | info     |           Metal | Watcher checking device 1 (watcher_device_reader.cpp:410)
2026-09-08 20:28:29.747 | info     |           Metal | Watcher checking device 2 (watcher_device_reader.cpp:410)
2026-09-08 20:28:29.753 | info     |           Metal | Watcher checking device 3 (watcher_device_reader.cpp:410)
2026-09-08 20:28:30.516 | warning  |              Op | The following ttnn.all_gather args are deprecated and will be removed in September-2026: num_links, topology, chunks_per_sync, num_workers_per_link, num_buffers_per_channel, use_l1_small_for_semaphores. (all_gather.cpp:148)
2026-09-08 20:28:30.516 | warning  |              Op | The following ttnn.all_gather args are deprecated and will be removed in September-2026: num_links, topology, chunks_per_sync, num_workers_per_link, num_buffers_per_channel, use_l1_small_for_semaphores. (all_gather.cpp:148)
2026-09-08 20:28:31.787 | warning  |              Op | The following ttnn.all_gather args are deprecated and will be removed in September-2026: num_links, topology, chunks_per_sync, num_workers_per_link, num_buffers_per_channel, use_l1_small_for_semaphores. (all_gather.cpp:148)
2026-09-08 20:28:31.787 | warning  |              Op | The following ttnn.all_gather args are deprecated and will be removed in September-2026: num_links, topology, chunks_per_sync, num_workers_per_link, num_buffers_per_channel, use_l1_small_for_semaphores. (all_gather.cpp:148)
2026-09-08 20:28:31.822 | warning  |              Op | The following ttnn.all_gather args are deprecated and will be removed in September-2026: num_links, topology, chunks_per_sync, num_workers_per_link, num_buffers_per_channel, use_l1_small_for_semaphores. (all_gather.cpp:148)
2026-09-08 20:28:31.822 | warning  |              Op | The following ttnn.all_gather args are deprecated and will be removed in September-2026: num_links, topology, chunks_per_sync, num_workers_per_link, num_buffers_per_channel, use_l1_small_for_semaphores. (all_gather.cpp:148)
2026-09-08 20:28:31.843 | warning  |              Op | The following ttnn.all_gather args are deprecated and will be removed in September-2026: num_links, topology, chunks_per_sync, num_workers_per_link, num_buffers_per_channel, use_l1_small_for_semaphores. (all_gather.cpp:148)
2026-09-08 20:28:31.843 | warning  |              Op | The following ttnn.all_gather args are deprecated and will be removed in September-2026: num_links, topology, chunks_per_sync, num_workers_per_link, num_buffers_per_channel, use_l1_small_for_semaphores. (all_gather.cpp:148)
2026-09-08 20:28:33.104 | warning  |              Op | The following ttnn.all_gather args are deprecated and will be removed in September-2026: num_links, topology, chunks_per_sync, num_workers_per_link, num_buffers_per_channel, use_l1_small_for_semaphores. (all_gather.cpp:148)
2026-09-08 20:28:33.105 | warning  |              Op | The following ttnn.all_gather args are deprecated and will be removed in September-2026: num_links, topology, chunks_per_sync, num_workers_per_link, num_buffers_per_channel, use_l1_small_for_semaphores. (all_gather.cpp:148)
2026-09-08 20:28:33.148 | warning  |              Op | The following ttnn.all_gather args are deprecated and will be removed in September-2026: num_links, topology, chunks_per_sync, num_workers_per_link, num_buffers_per_channel, use_l1_small_for_semaphores. (all_gather.cpp:148)
2026-09-08 20:28:33.148 | warning  |              Op | The following ttnn.all_gather args are deprecated and will be removed in September-2026: num_links, topology, chunks_per_sync, num_workers_per_link, num_buffers_per_channel, use_l1_small_for_semaphores. (all_gather.cpp:148)
2026-09-08 20:28:33.169 | warning  |              Op | The following ttnn.all_gather args are deprecated and will be removed in September-2026: num_links, topology, chunks_per_sync, num_workers_per_link, num_buffers_per_channel, use_l1_small_for_semaphores. (all_gather.cpp:148)
2026-09-08 20:28:33.169 | warning  |              Op | The following ttnn.all_gather args are deprecated and will be removed in September-2026: num_links, topology, chunks_per_sync, num_workers_per_link, num_buffers_per_channel, use_l1_small_for_semaphores. (all_gather.cpp:148)
2026-09-08 20:28:34.418 | warning  |              Op | The following ttnn.all_gather args are deprecated and will be removed in September-2026: num_links, topology, chunks_per_sync, num_workers_per_link, num_buffers_per_channel, use_l1_small_for_semaphores. (all_gather.cpp:148)
2026-09-08 20:28:34.418 | warning  |              Op | The following ttnn.all_gather args are deprecated and will be removed in September-2026: num_links, topology, chunks_per_sync, num_workers_per_link, num_buffers_per_channel, use_l1_small_for_semaphores. (all_gather.cpp:148)
2026-09-08 20:28:34.453 | warning  |              Op | The following ttnn.all_gather args are deprecated and will be removed in September-2026: num_links, topology, chunks_per_sync, num_workers_per_link, num_buffers_per_channel, use_l1_small_for_semaphores. (all_gather.cpp:148)
2026-09-08 20:28:34.453 | warning  |              Op | The following ttnn.all_gather args are deprecated and will be removed in September-2026: num_links, topology, chunks_per_sync, num_workers_per_link, num_buffers_per_channel, use_l1_small_for_semaphores. (all_gather.cpp:148)
2026-09-08 20:28:34.474 | warning  |              Op | The following ttnn.all_gather args are deprecated and will be removed in September-2026: num_links, topology, chunks_per_sync, num_workers_per_link, num_buffers_per_channel, use_l1_small_for_semaphores. (all_gather.cpp:148)
2026-09-08 20:28:34.474 | warning  |              Op | The following ttnn.all_gather args are deprecated and will be removed in September-2026: num_links, topology, chunks_per_sync, num_workers_per_link, num_buffers_per_channel, use_l1_small_for_semaphores. (all_gather.cpp:148)
2026-09-08 20:28:35.742 | warning  |              Op | The following ttnn.all_gather args are deprecated and will be removed in September-2026: num_links, topology, chunks_per_sync, num_workers_per_link, num_buffers_per_channel, use_l1_small_for_semaphores. (all_gather.cpp:148)
2026-09-08 20:28:35.742 | warning  |              Op | The following ttnn.all_gather args are deprecated and will be removed in September-2026: num_links, topology, chunks_per_sync, num_workers_per_link, num_buffers_per_channel, use_l1_small_for_semaphores. (all_gather.cpp:148)
2026-09-08 20:28:35.841 | warning  |              Op | The following ttnn.all_gather args are deprecated and will be removed in September-2026: num_links, topology, chunks_per_sync, num_workers_per_link, num_buffers_per_channel, use_l1_small_for_semaphores. (all_gather.cpp:148)
2026-09-08 20:28:35.841 | warning  |              Op | The following ttnn.all_gather args are deprecated and will be removed in September-2026: num_links, topology, chunks_per_sync, num_workers_per_link, num_buffers_per_channel, use_l1_small_for_semaphores. (all_gather.cpp:148)
2026-09-08 20:28:36.048 | warning  |              Op | The following ttnn.all_gather args are deprecated and will be removed in September-2026: num_links, topology, chunks_per_sync, num_workers_per_link, num_buffers_per_channel, use_l1_small_for_semaphores. (all_gather.cpp:148)
2026-09-08 20:28:36.048 | warning  |              Op | The following ttnn.all_gather args are deprecated and will be removed in September-2026: num_links, topology, chunks_per_sync, num_workers_per_link, num_buffers_per_channel, use_l1_small_for_semaphores. (all_gather.cpp:148)
2026-09-08 20:28:37.349 | warning  |              Op | The following ttnn.all_gather args are deprecated and will be removed in September-2026: num_links, topology, chunks_per_sync, num_workers_per_link, num_buffers_per_channel, use_l1_small_for_semaphores. (all_gather.cpp:148)
2026-09-08 20:28:37.349 | warning  |              Op | The following ttnn.all_gather args are deprecated and will be removed in September-2026: num_links, topology, chunks_per_sync, num_workers_per_link, num_buffers_per_channel, use_l1_small_for_semaphores. (all_gather.cpp:148)
2026-09-08 20:28:38.716 | warning  |              Op | The following ttnn.all_gather args are deprecated and will be removed in September-2026: num_links, topology, chunks_per_sync, num_workers_per_link, num_buffers_per_channel, use_l1_small_for_semaphores. (all_gather.cpp:148)
2026-09-08 20:28:38.716 | warning  |              Op | The following ttnn.all_gather args are deprecated and will be removed in September-2026: num_links, topology, chunks_per_sync, num_workers_per_link, num_buffers_per_channel, use_l1_small_for_semaphores. (all_gather.cpp:148)
2026-09-08 20:28:39.765 | info     |           Metal | Watcher checking device 0 (watcher_device_reader.cpp:410)
2026-09-08 20:28:39.772 | info     |           Metal | Watcher checking device 1 (watcher_device_reader.cpp:410)
2026-09-08 20:28:39.778 | info     |           Metal | Watcher checking device 2 (watcher_device_reader.cpp:410)
2026-09-08 20:28:39.785 | info     |           Metal | Watcher checking device 3 (watcher_device_reader.cpp:410)
2026-09-08 20:28:40.094 | warning  |              Op | The following ttnn.all_gather args are deprecated and will be removed in September-2026: num_links, topology, chunks_per_sync, num_workers_per_link, num_buffers_per_channel, use_l1_small_for_semaphores. (all_gather.cpp:148)
2026-09-08 20:28:40.094 | warning  |              Op | The following ttnn.all_gather args are deprecated and will be removed in September-2026: num_links, topology, chunks_per_sync, num_workers_per_link, num_buffers_per_channel, use_l1_small_for_semaphores. (all_gather.cpp:148)
2026-09-08 20:28:40.193 | warning  |              Op | The following ttnn.all_gather args are deprecated and will be removed in September-2026: num_links, topology, chunks_per_sync, num_workers_per_link, num_buffers_per_channel, use_l1_small_for_semaphores. (all_gather.cpp:148)
2026-09-08 20:28:40.193 | warning  |              Op | The following ttnn.all_gather args are deprecated and will be removed in September-2026: num_links, topology, chunks_per_sync, num_workers_per_link, num_buffers_per_channel, use_l1_small_for_semaphores. (all_gather.cpp:148)
2026-09-08 20:28:40.401 | warning  |              Op | The following ttnn.all_gather args are deprecated and will be removed in September-2026: num_links, topology, chunks_per_sync, num_workers_per_link, num_buffers_per_channel, use_l1_small_for_semaphores. (all_gather.cpp:148)
2026-09-08 20:28:40.401 | warning  |              Op | The following ttnn.all_gather args are deprecated and will be removed in September-2026: num_links, topology, chunks_per_sync, num_workers_per_link, num_buffers_per_channel, use_l1_small_for_semaphores. (all_gather.cpp:148)
2026-09-08 20:28:41.682 | warning  |              Op | The following ttnn.all_gather args are deprecated and will be removed in September-2026: num_links, topology, chunks_per_sync, num_workers_per_link, num_buffers_per_channel, use_l1_small_for_semaphores. (all_gather.cpp:148)
2026-09-08 20:28:41.682 | warning  |              Op | The following ttnn.all_gather args are deprecated and will be removed in September-2026: num_links, topology, chunks_per_sync, num_workers_per_link, num_buffers_per_channel, use_l1_small_for_semaphores. (all_gather.cpp:148)
2026-09-08 20:28:41.822 | warning  |              Op | The following ttnn.all_gather args are deprecated and will be removed in September-2026: num_links, topology, chunks_per_sync, num_workers_per_link, num_buffers_per_channel, use_l1_small_for_semaphores. (all_gather.cpp:148)
2026-09-08 20:28:41.822 | warning  |              Op | The following ttnn.all_gather args are deprecated and will be removed in September-2026: num_links, topology, chunks_per_sync, num_workers_per_link, num_buffers_per_channel, use_l1_small_for_semaphores. (all_gather.cpp:148)
2026-09-08 20:28:42.029 | warning  |              Op | The following ttnn.all_gather args are deprecated and will be removed in September-2026: num_links, topology, chunks_per_sync, num_workers_per_link, num_buffers_per_channel, use_l1_small_for_semaphores. (all_gather.cpp:148)
2026-09-08 20:28:42.029 | warning  |              Op | The following ttnn.all_gather args are deprecated and will be removed in September-2026: num_links, topology, chunks_per_sync, num_workers_per_link, num_buffers_per_channel, use_l1_small_for_semaphores. (all_gather.cpp:148)
2026-09-08 20:28:43.322 | warning  |              Op | The following ttnn.all_gather args are deprecated and will be removed in September-2026: num_links, topology, chunks_per_sync, num_workers_per_link, num_buffers_per_channel, use_l1_small_for_semaphores. (all_gather.cpp:148)
2026-09-08 20:28:43.322 | warning  |              Op | The following ttnn.all_gather args are deprecated and will be removed in September-2026: num_links, topology, chunks_per_sync, num_workers_per_link, num_buffers_per_channel, use_l1_small_for_semaphores. (all_gather.cpp:148)
2026-09-08 20:28:43.421 | warning  |              Op | The following ttnn.all_gather args are deprecated and will be removed in September-2026: num_links, topology, chunks_per_sync, num_workers_per_link, num_buffers_per_channel, use_l1_small_for_semaphores. (all_gather.cpp:148)
2026-09-08 20:28:43.421 | warning  |              Op | The following ttnn.all_gather args are deprecated and will be removed in September-2026: num_links, topology, chunks_per_sync, num_workers_per_link, num_buffers_per_channel, use_l1_small_for_semaphores. (all_gather.cpp:148)
2026-09-08 20:28:43.629 | warning  |              Op | The following ttnn.all_gather args are deprecated and will be removed in September-2026: num_links, topology, chunks_per_sync, num_workers_per_link, num_buffers_per_channel, use_l1_small_for_semaphores. (all_gather.cpp:148)
2026-09-08 20:28:43.629 | warning  |              Op | The following ttnn.all_gather args are deprecated and will be removed in September-2026: num_links, topology, chunks_per_sync, num_workers_per_link, num_buffers_per_channel, use_l1_small_for_semaphores. (all_gather.cpp:148)
PASSED

=============================== warnings summary ===============================
<frozen importlib._bootstrap>:488
  <frozen importlib._bootstrap>:488: DeprecationWarning: builtin type SwigPyPacked has no __module__ attribute

<frozen importlib._bootstrap>:488
  <frozen importlib._bootstrap>:488: DeprecationWarning: builtin type SwigPyObject has no __module__ attribute

models/tt_transformers/tt/common.py:28
  /home/hous/dev/tt-metal/models/tt_transformers/tt/common.py:28: PydanticDeprecatedSince20: Support for class-based `config` is deprecated, use ConfigDict instead. Deprecated in Pydantic V2.0 to be removed in V3.0. See Pydantic V2 Migration Guide at https://errors.pydantic.dev/2.13/migration/
    class ImageMedia(BaseModel):

-- Docs: https://docs.pytest.org/en/stable/how-to/capture-warnings.html
==================================== PASSES ====================================
- generated xml file: /home/hous/dev/tt-metal/models/autoports/google_gemma_4_26b_a4b_it/doc/optimized_vllm/trace_reuse_probe/router_fix_tp4.xml -
============================= slowest 25 durations =============================
29.97s call     models/autoports/google_gemma_4_26b_a4b_it/tests/test_vllm_trace_reuse.py::test_adapter_request_trace_reuse[blackhole-p150x4]
6.07s setup    models/autoports/google_gemma_4_26b_a4b_it/tests/test_vllm_trace_reuse.py::test_adapter_request_trace_reuse[blackhole-p150x4]
0.05s teardown models/autoports/google_gemma_4_26b_a4b_it/tests/test_vllm_trace_reuse.py::test_adapter_request_trace_reuse[blackhole-p150x4]
=========================== short test summary info ============================
PASSED models/autoports/google_gemma_4_26b_a4b_it/tests/test_vllm_trace_reuse.py::test_adapter_request_trace_reuse[blackhole-p150x4]
======================== 1 passed, 3 warnings in 36.96s ========================
sys:1: DeprecationWarning: builtin type swigvarlink has no __module__ attribute
2026-09-08 20:28:46.709 | info     |    BuildKernels | JIT cache stats: 784/816 hits (96.1%) [784 cached, 868 build-once dedup, 0 merged artifacts, 0 merged genfiles] (build_cache_telemetry.cpp:207)
2026-09-08 20:28:46.709 | info     |    BuildKernels | JIT telemetry: 3 registered TelemetryTokens (build_cache_telemetry.cpp:230)
2026-09-08 20:28:46.711 | info     |       LLRuntime | Watcher thread stopped watching... (watcher_server.cpp:616)
2026-09-08 20:28:46.730 | info     |          Device | Closing user mode device drivers (tt_cluster.cpp:550)
2026-09-08 20:28:46.730 | info     |             UMD | Closing devices in cluster (cluster.cpp:1218)
2026-09-08 20:28:47.304 | info     |             UMD | Closing devices in cluster completed. (cluster.cpp:1227)
2026-09-08 20:28:47.305 | info     |             UMD | Cluster destructor started. (cluster.cpp:933)
2026-09-08 20:28:47.305 | info     |             UMD | Cluster destructor completed. (cluster.cpp:936)
