2026-09-08 20:07:51.646 | DEBUG    | ttnn:<module>:45 - Initial ttnn.CONFIG:
Config{cache_path=/home/hous/.cache/ttnn,model_cache_path=/home/hous/.cache/ttnn/models,tmp_dir=/tmp/ttnn,enable_model_cache=false,enable_fast_runtime_mode=true,validate_program_args=false,throw_exception_on_fallback=false,enable_logging=false,enable_graph_report=false,enable_graph_python_stack_traces=false,enable_detailed_buffer_report=false,enable_detailed_tensor_report=false,enable_comparison_mode=false,comparison_mode_should_raise_exception=false,comparison_mode_pcc=0.9999,root_report_path=generated/ttnn/reports,report_name=std::nullopt,std::nullopt}
2026-09-08 20:07:52.213 | info     |          Device | Opening user mode device driver (tt_cluster.cpp:224)
2026-09-08 20:07:52.213 | info     |             UMD | Cluster constructor started. (cluster.cpp:406)
2026-09-08 20:07:52.213 | info     |             UMD | Creating TopologyDiscovery for architecture: blackhole (topology_discovery.cpp:96)
2026-09-08 20:07:52.213 | info     |             UMD | Starting topology discovery. (topology_discovery.cpp:115)
2026-09-08 20:07:52.225 | info     |             UMD | Established firmware bundle version: 19.13.1 (topology_discovery.cpp:576)
2026-09-08 20:07:52.226 | info     |             UMD | Completed topology discovery. (topology_discovery.cpp:119)
2026-09-08 20:07:52.304 | info     |             UMD | Opening local chip ids/PCIe ids: {0, 1, 2, 3}/[0, 1, 2, 3] and remote chip ids {} (cluster.cpp:173)
2026-09-08 20:07:52.304 | info     |             UMD | IOMMU: enabled (cluster.cpp:147)
2026-09-08 20:07:52.304 | info     |             UMD | KMD version: 2.8.0 (cluster.cpp:150)
2026-09-08 20:07:52.304 | info     |             UMD | Cluster constructor completed. (cluster.cpp:665)
2026-09-08 20:07:52.305 | info     |             UMD | Starting devices in cluster (cluster.cpp:1205)
2026-09-08 20:07:52.481 | info     |             UMD | Starting devices in cluster completed. (cluster.cpp:1213)
2026-09-08 20:07:52.572 | info     |     Distributed | Using auto discovery to generate mesh graph. (metal_env.cpp:422)
2026-09-08 20:07:52.572 | info     |     Distributed | Constructing control plane using auto-discovery (no mesh graph descriptor). (metal_env.cpp:484)
2026-09-08 20:07:52.572 | warning  |          Always | Unknown motherboard 'B850M-C' for chip_id=2 (bus_id=0x3) — falling back to bus_id as tray_id. Add this motherboard and its bus IDs to mobo_to_bus_ids in physical_system_discovery.cpp. (physical_system_discovery.cpp:119)
2026-09-08 20:07:52.572 | info     |          Fabric | Logical multi-mesh adjacency: intermesh degree histogram {0:1}; intra-mesh degree histograms mesh0 {2:4} (topology_mapper_utils.cpp:3368)
2026-09-08 20:07:52.572 | info     |          Fabric | Physical multi-mesh adjacency: intermesh degree histogram {0:1}; intra-mesh degree histograms mesh0 {2:4} (topology_mapper_utils.cpp:3376)
2026-09-08 20:07:53.211 | info     |       LLRuntime | Watcher log file: /home/hous/dev/tt-metal/generated/watcher/watcher.log (watcher_server.cpp:296)
2026-09-08 20:07:53.211 | info     |       LLRuntime | Watcher server initialized, disabled features: None (watcher_server.cpp:568)
2026-09-08 20:07:53.211 | info     |           Metal | Watcher checking device 0 (watcher_device_reader.cpp:410)
2026-09-08 20:07:53.217 | info     |           Metal | Initializing Fabric (fabric_firmware_initializer.cpp:308)
2026-09-08 20:07:53.219 | info     |           Metal | Watcher checking device 1 (watcher_device_reader.cpp:410)
2026-09-08 20:07:53.228 | info     |           Metal | Watcher checking device 2 (watcher_device_reader.cpp:410)
2026-09-08 20:07:53.234 | info     |           Metal | Watcher checking device 3 (watcher_device_reader.cpp:410)
2026-09-08 20:07:57.206 | critical |          Always | TT_FATAL: Program size (26784) too large for kernel config buffer (26624) on ACTIVE_ETH (assert.hpp:104)
Traceback (most recent call last):
  File "<string>", line 1, in <module>
  File "/home/hous/dev/tt-metal/ttnn/ttnn/distributed/distributed.py", line 671, in open_mesh_device
    return ttnn._ttnn.multi_device.open_mesh_device(
           ^^^^^^^^^^^^^^^^^^^^^^^^^^^^^^^^^^^^^^^^^
RuntimeError: TT_FATAL @ /home/hous/dev/tt-metal/tt_metal/impl/program/program.cpp:2998: state.offset <= max_size
info:
Program size (26784) too large for kernel config buffer (26624) on ACTIVE_ETH
backtrace:
 --- /home/hous/dev/tt-metal/ttnn/ttnn/../../build/lib/libtt_metal.so(+0x6c928a) [0x7654e32c928a]
 --- /home/hous/dev/tt-metal/ttnn/ttnn/../../build/lib/libtt_metal.so(_ZN2tt8tt_metal6detail11ProgramImpl24finalize_program_offsetsEN4ttsl10StrongTypeIiNS0_12ContextIdTagEEEPNS0_7IDeviceERKSt8functionIFRSt13unordered_mapIjSt10shared_ptrINS0_6KernelEESt4hashIjESt8equal_toIjESaISt4pairIKjSD_EEEjEERKS9_IFRSt6vectorISB_INS0_11KernelGroupEESaISU_EEjEERKS9_IFRKSS_INS0_9SemaphoreESaIS12_EEvEESt4spanIPS2_Lm18446744073709551615EE+0xda3) [0x7654e32b0043]
 --- tt::tt_metal::detail::ProgramImpl::finalize_offsets(tt::tt_metal::IDevice*)
 --- tt::tt_metal::Device::configure_fabric()
 --- tt::tt_metal::FabricFirmwareInitializer::compile_and_configure_fabric()
 --- tt::tt_metal::FabricFirmwareInitializer::init(std::vector<tt::tt_metal::Device*, std::allocator<tt::tt_metal::Device*> > const&, std::unordered_set<tt::tt_metal::InitializerKey, std::hash<tt::tt_metal::InitializerKey>, std::equal_to<tt::tt_metal::InitializerKey>, std::allocator<tt::tt_metal::InitializerKey> > const&)
 --- tt::tt_metal::DeviceManager::initialize_fabric_and_dispatch_fw()
 --- tt::tt_metal::distributed::MeshDeviceImpl::create(ttsl::StrongType<int, tt::tt_metal::ContextIdTag>, tt::tt_metal::distributed::MeshDeviceConfig const&, unsigned long, unsigned long, unsigned long, tt::tt_metal::DispatchCoreConfig const&, std::span<unsigned int const, 18446744073709551615ul>, unsigned long)
 --- tt::tt_metal::distributed::MeshDevice::create(tt::tt_metal::distributed::MeshDeviceConfig const&, unsigned long, unsigned long, unsigned long, tt::tt_metal::DispatchCoreConfig const&, std::span<unsigned int const, 18446744073709551615ul>, unsigned long)
 --- ttnn::distributed::open_mesh_device(unsigned long, unsigned long, unsigned long, tt::tt_metal::DispatchCoreConfig const&, std::optional<tt::tt_metal::distributed::MeshShape> const&, std::optional<tt::tt_metal::distributed::MeshCoordinate> const&, std::vector<int, std::allocator<int> > const&, unsigned long)
 --- /home/hous/dev/tt-metal/ttnn/ttnn/_ttnn.so(+0x659691) [0x7654e7259691]
 --- /home/hous/dev/tt-metal/ttnn/ttnn/_ttnn.so(+0x667a44) [0x7654e7267a44]
 --- python_env/bin/python(_PyEval_EvalFrameDefault+0x476d) [0x18184ed]
 --- python_env/bin/python(PyEval_EvalCode+0xde) [0x18b1d32]
 --- python_env/bin/python() [0x18b1891]
 --- python_env/bin/python(PyRun_SimpleStringFlags+0xe0) [0x196716e]
 --- python_env/bin/python() [0x1ad68d5]
 --- python_env/bin/python() [0x19846df]
 --- python_env/bin/python() [0x19844ec]
 --- /lib/x86_64-linux-gnu/libc.so.6(+0x2a1ca) [0x7654e842a1ca]
 --- /lib/x86_64-linux-gnu/libc.so.6(__libc_start_main+0x8b) [0x7654e842a28b]
 --- python_env/bin/python(_start+0x29) [0x19a66a9]

2026-09-08 20:07:57.657 | info     |    BuildKernels | JIT cache stats: 0/43 hits (0.0%) [0 cached, 3 build-once dedup, 0 merged artifacts, 0 merged genfiles] (build_cache_telemetry.cpp:207)
2026-09-08 20:07:57.657 | info     |    BuildKernels | JIT telemetry: 2 registered TelemetryTokens (build_cache_telemetry.cpp:230)
2026-09-08 20:07:57.658 | info     |       LLRuntime | Watcher thread stopped watching... (watcher_server.cpp:616)
2026-09-08 20:08:17.659 | critical |           Metal | Device 0: Virtual core 29-25, Port status: 0x1, Retrain count: 0x0, Rx link up: 0x1, Train status: 0x2, PCS status: 0x1, SerDes reset status: 0x1, Postcode: 0xc0dea000, ERISC0 reset PC: 0x3650, ERISC1 reset PC: 0x9330, RISC soft reset: 0x0, Heartbeat start: 0xabcd369f, Heartbeat end: 0xabcd369f, Heartbeat changed: false (llrt.cpp:358)
2026-09-08 20:08:17.659 | critical |          Always | TT_THROW: Device 0: Timed out while waiting for active ethernet core 29-25 to become active again. Try resetting the board. Minimum tt-firmware version is 18.10.0 (assert.hpp:104)
terminate called after throwing an instance of 'std::runtime_error'
  what():  TT_THROW @ /home/hous/dev/tt-metal/tt_metal/llrt/llrt.cpp:618: tt::exception
info:
Device 0: Timed out while waiting for active ethernet core 29-25 to become active again. Try resetting the board. Minimum tt-firmware version is 18.10.0
backtrace:
 --- /home/hous/dev/tt-metal/ttnn/ttnn/../../build/lib/libtt_metal.so(+0x986638) [0x7654e3586638]
 --- tt::llrt::internal_::return_to_base_firmware_and_wait_for_heartbeat(tt::tt_metal::MetalEnvImpl&, int, tt::xy_pair const&, int)
 --- tt::tt_metal::RiscFirmwareInitializer::assert_active_ethernet_cores_to_reset(int)
 --- tt::tt_metal::RiscFirmwareInitializer::teardown(std::unordered_set<tt::tt_metal::InitializerKey, std::hash<tt::tt_metal::InitializerKey>, std::equal_to<tt::tt_metal::InitializerKey>, std::allocator<tt::tt_metal::InitializerKey> >&)
 --- tt::tt_metal::MetalContext::teardown()
 --- tt::tt_metal::MetalContext::~MetalContext()
 --- tt::tt_metal::MetalContext::destroy_instance(bool, ttsl::StrongType<int, tt::tt_metal::ContextIdTag>)
 --- tt::tt_metal::MetalContext::destroy_all_instances(bool)
 --- /lib/x86_64-linux-gnu/libc.so.6(+0x47a76) [0x7654e8447a76]
 --- /lib/x86_64-linux-gnu/libc.so.6(+0x47bbe) [0x7654e8447bbe]
 --- /lib/x86_64-linux-gnu/libc.so.6(+0x2a1d1) [0x7654e842a1d1]
 --- /lib/x86_64-linux-gnu/libc.so.6(__libc_start_main+0x8b) [0x7654e842a28b]
 --- python_env/bin/python(_start+0x29) [0x19a66a9]

timeout: the monitored command dumped core
