Script started on 2026-08-26 18:00:21-04:00 [COMMAND="zsh -lc 'source models/autoports/qwen_qwen3_8_flash_next/doc/functional_decoder/ttenv.sh && sha256sum models/autoports/qwen_qwen3_8_flash_next/tt/fused_decoder.py models/autoports/qwen_qwen3_8_flash_next/doc/fused_decoder/candidates/decode_specialized_concat_heads_ops.csv && tt-perf-report models/autoports/qwen_qwen3_8_flash_next/doc/fused_decoder/candidates/decode_specialized_concat_heads_ops.csv --start-signpost FUSED_PERF_DECODE_L3 --end-signpost FUSED_PERF_DECODE_L3_END --no-color --no-advice --no-host-ops --csv models/autoports/qwen_qwen3_8_flash_next/doc/fused_decoder/candidates/decode_specialized_concat_heads_perf_report.csv --summary-file models/autoports/qwen_qwen3_8_flash_next/doc/fused_decoder/candidates/decode_specialized_concat_heads_perf_report_stacked'" <not executed on terminal>]
2991376220a99cfe6f97ec16c82af1d0445c14634e8a8cc0f0b6e225b4fb4fc3  models/autoports/qwen_qwen3_8_flash_next/tt/fused_decoder.py
66bbe4fe2f5ad589ff825b7b12143733840c78f29965c1b9213e88884cf4293a  models/autoports/qwen_qwen3_8_flash_next/doc/fused_decoder/candidates/decode_specialized_concat_heads_ops.csv
Detected CSV format: v2.1 (with device arch and worker core count)
Using architecture from CSV: blackhole
Architecture: blackhole, Worker cores: 110
Sorting CSV by 'HOST START TS' column...
Using operations after 'FUSED_PERF_DECODE_L3'.
Using operations until 'FUSED_PERF_DECODE_L3_END'.
Detected data from 1 devices. Merging device data...
Warning: SparseMatmulDeviceOperation rows without numeric nnz were found. Their DRAM/FLOP utilization is omitted; pass --active-experts K to model K active experts per input batch group.
Writing CSV output to models/autoports/qwen_qwen3_8_flash_next/doc/fused_decoder/candidates/decode_specialized_concat_heads_perf_report.csv
Overall DRAM roofline (modeled ops): 4.7% (24 GB/s)
Warning: Unclassified operation 'NLPCreateQKVHeadsDecodeDeviceOperation' found. Please add to OPERATION_CATEGORIES for proper classification.
Warning: Unclassified operation 'UntilizeCodegenDeviceOperation' found. Please add to OPERATION_CATEGORIES for proper classification.
Warning: Unclassified operation 'RepeatCodegenDeviceOperation' found. Please add to OPERATION_CATEGORIES for proper classification.
Warning: Unclassified operation 'GatherDeviceOperation' found. Please add to OPERATION_CATEGORIES for proper classification.
Warning: Unclassified operation 'TopkRoutePrepDeviceOperation' found. Please add to OPERATION_CATEGORIES for proper classification.
Warning: Unclassified operation 'TopkLargeIndicesDeviceOperation' found. Please add to OPERATION_CATEGORIES for proper classification.
Warning: Unclassified operation 'TopkRouteFinishDeviceOperation' found. Please add to OPERATION_CATEGORIES for proper classification.
Warning: Unclassified operation 'TopKDeviceOperation' found. Please add to OPERATION_CATEGORIES for proper classification.
Warning: Unclassified operation 'ScatterDeviceOperation' found. Please add to OPERATION_CATEGORIES for proper classification.
Writing CSV stacked report to models/autoports/qwen_qwen3_8_flash_next/doc/fused_decoder/candidates/decode_specialized_concat_heads_perf_report_stacked.csv
Plotting PNG stacked report to models/autoports/qwen_qwen3_8_flash_next/doc/fused_decoder/candidates/decode_specialized_concat_heads_perf_report_stacked.png

Script done on 2026-08-26 18:00:22-04:00 [COMMAND_EXIT_CODE="0"]
