2026-08-09 18:42:50.268 | DEBUG    | ttnn:<module>:78 - Initial ttnn.CONFIG:
Config{cache_path=/home/ttuser/.cache/ttnn,model_cache_path=/home/ttuser/.cache/ttnn/models,tmp_dir=/tmp/ttnn,enable_model_cache=false,enable_fast_runtime_mode=true,validate_program_args=false,throw_exception_on_fallback=false,enable_logging=false,enable_graph_report=false,enable_graph_python_stack_traces=false,enable_detailed_buffer_report=false,enable_detailed_tensor_report=false,enable_comparison_mode=false,comparison_mode_should_raise_exception=false,comparison_mode_pcc=0.9999,root_report_path=generated/ttnn/reports,report_name=std::nullopt,std::nullopt}
[transformers] The fast path is not available because one of the required library is not installed. Falling back to torch implementation. To install follow https://github.com/fla-org/flash-linear-attention#installation and https://github.com/Dao-AILab/causal-conv1d
RESULT TRI_INV_BASE= 8 real_weight_prefill_pcc=0.999970 recurrent_state_pcc=0.999993 decode_pcc=0.999985 warmed_prefill_ms=204.7
RESULT TRI_INV_BASE=16 real_weight_prefill_pcc=0.999969 recurrent_state_pcc=0.999992 decode_pcc=0.999986 warmed_prefill_ms=161.1
RESULT TRI_INV_BASE=32 real_weight_prefill_pcc=0.999970 recurrent_state_pcc=0.999988 decode_pcc=0.999986 warmed_prefill_ms=136.4
nanobind: leaked 1 instances!
 - leaked instance 0x7b3ba0ef9818 of type "ttnn._ttnn.tensor.CoreRangeSet"
nanobind: leaked 13 types!
 - leaked type "ttnn._ttnn.operations.matmul.MatmulMultiCoreReuseMultiCast1DProgramConfig"
 - leaked type "ttnn._ttnn.operations.matmul.MatmulInputs"
 - leaked type "ttnn._ttnn.operations.matmul.MatmulMultiCoreReuseMultiCastBatchedDRAMShardedProgramConfig"
 - leaked type "UnaryOpType"
 - leaked type "ttnn._ttnn.operations.matmul.MatmulMultiCoreReuseOptimizedProgramFactory"
 - leaked type "ttnn._ttnn.operations.matmul.MatmulParams"
 - leaked type "ttnn._ttnn.tensor.CoreRangeSet"
 - leaked type "ttnn._ttnn.operations.matmul.MatmulMultiCoreReuseProgramConfig"
 - leaked type "ttnn._ttnn.operations.matmul.MatmulDeviceOperation"
 - leaked type "ttnn._ttnn.operations.matmul.MatmulProgramConfig"
 - ... skipped remainder
nanobind: leaked 202 functions!
 - leaked function "ranges"
 - leaked function ""
 - leaked function ""
 - leaked function "item"
 - leaked function "get_current_command_queue_id_for_thread"
 - leaked function ""
 - leaked function ""
 - leaked function ""
 - leaked function ""
 - leaked function ""
 - ... skipped remainder
nanobind: this is likely caused by a reference counting issue in the binding code.
See https://nanobind.readthedocs.io/en/latest/refleaks.html
