2026-07-17 17:32:40.493 | DEBUG    | ttnn:<module>:79 - Initial ttnn.CONFIG:
Config{cache_path=/home/ttuser/.cache/ttnn,model_cache_path=/home/ttuser/.cache/ttnn/models,tmp_dir=/tmp/ttnn,enable_model_cache=false,enable_fast_runtime_mode=true,throw_exception_on_fallback=false,enable_logging=false,enable_graph_report=false,enable_graph_python_stack_traces=false,enable_detailed_buffer_report=false,enable_detailed_tensor_report=false,enable_comparison_mode=false,comparison_mode_should_raise_exception=false,comparison_mode_pcc=0.9999,root_report_path=generated/ttnn/reports,report_name=std::nullopt,std::nullopt}
2026-07-17 17:32:40.816 | info     |          Device | Opening user mode device driver (tt_cluster.cpp:228)
2026-07-17 17:32:40.816 | info     |             UMD | Cluster constructor started. (cluster.cpp:348)
2026-07-17 17:32:40.816 | info     |             UMD | Creating TopologyDiscovery for architecture: blackhole (topology_discovery.cpp:91)
2026-07-17 17:32:40.816 | info     |             UMD | Starting topology discovery. (topology_discovery.cpp:110)
2026-07-17 17:32:40.818 | info     |             UMD | Established firmware bundle version: 19.11.0 (topology_discovery.cpp:569)
2026-07-17 17:32:40.818 | info     |             UMD | Firmware bundle version 19.11.0 on the system is newer than the latest fully tested version 19.5.0 for blackhole architecture. Newest features may not be supported. (topology_discovery.cpp:601)
2026-07-17 17:32:40.828 | info     |             UMD | Completed topology discovery. (topology_discovery.cpp:114)
2026-07-17 17:32:41.092 | info     |             UMD | Opening local chip ids/PCIe ids: {0, 1, 2, 3}/[0, 1, 2, 3] and remote chip ids {} (cluster.cpp:168)
2026-07-17 17:32:41.092 | info     |             UMD | IOMMU: enabled (cluster.cpp:142)
2026-07-17 17:32:41.092 | info     |             UMD | KMD version: 2.9.0 (cluster.cpp:145)
2026-07-17 17:32:41.092 | info     |             UMD | Cluster constructor completed. (cluster.cpp:520)
2026-07-17 17:32:41.093 | info     |             UMD | Starting devices in cluster (cluster.cpp:1024)
2026-07-17 17:32:41.406 | info     |             UMD | Starting devices in cluster completed. (cluster.cpp:1032)
2026-07-17 17:32:41.537 | info     |     Distributed | Using auto discovery to generate mesh graph. (metal_env.cpp:367)
2026-07-17 17:32:41.537 | info     |     Distributed | Constructing control plane using auto-discovery (no mesh graph descriptor). (metal_env.cpp:429)
2026-07-17 17:32:41.537 | warning  |          Always | Unknown motherboard 'B850M-C' for chip_id=0 (bus_id=0x1) — falling back to bus_id as tray_id. Add this motherboard and its bus IDs to mobo_to_bus_ids in physical_system_discovery.cpp. (physical_system_discovery.cpp:89)
2026-07-17 17:32:41.537 | warning  |          Always | Unknown motherboard 'B850M-C' for chip_id=1 (bus_id=0x2) — falling back to bus_id as tray_id. Add this motherboard and its bus IDs to mobo_to_bus_ids in physical_system_discovery.cpp. (physical_system_discovery.cpp:89)
2026-07-17 17:32:41.537 | warning  |          Always | Unknown motherboard 'B850M-C' for chip_id=2 (bus_id=0x3) — falling back to bus_id as tray_id. Add this motherboard and its bus IDs to mobo_to_bus_ids in physical_system_discovery.cpp. (physical_system_discovery.cpp:89)
2026-07-17 17:32:41.537 | warning  |          Always | Unknown motherboard 'B850M-C' for chip_id=3 (bus_id=0x4) — falling back to bus_id as tray_id. Add this motherboard and its bus IDs to mobo_to_bus_ids in physical_system_discovery.cpp. (physical_system_discovery.cpp:89)
2026-07-17 17:32:41.537 | warning  |          Always | Unknown motherboard 'B850M-C' for chip_id=1 (bus_id=0x2) — falling back to bus_id as tray_id. Add this motherboard and its bus IDs to mobo_to_bus_ids in physical_system_discovery.cpp. (physical_system_discovery.cpp:89)
2026-07-17 17:32:41.537 | warning  |          Always | Unknown motherboard 'B850M-C' for chip_id=0 (bus_id=0x1) — falling back to bus_id as tray_id. Add this motherboard and its bus IDs to mobo_to_bus_ids in physical_system_discovery.cpp. (physical_system_discovery.cpp:89)
2026-07-17 17:32:41.537 | warning  |          Always | Unknown motherboard 'B850M-C' for chip_id=2 (bus_id=0x3) — falling back to bus_id as tray_id. Add this motherboard and its bus IDs to mobo_to_bus_ids in physical_system_discovery.cpp. (physical_system_discovery.cpp:89)
2026-07-17 17:32:41.537 | warning  |          Always | Unknown motherboard 'B850M-C' for chip_id=3 (bus_id=0x4) — falling back to bus_id as tray_id. Add this motherboard and its bus IDs to mobo_to_bus_ids in physical_system_discovery.cpp. (physical_system_discovery.cpp:89)
2026-07-17 17:32:41.537 | info     |          Fabric | Logical multi-mesh adjacency: intermesh degree histogram {0:1}; intra-mesh degree histograms mesh0 {2:4} (topology_mapper_utils.cpp:2342)
2026-07-17 17:32:41.537 | info     |          Fabric | Physical multi-mesh adjacency: intermesh degree histogram {0:1}; intra-mesh degree histograms mesh0 {2:4} (topology_mapper_utils.cpp:2350)
2026-07-17 17:32:41.538 | DEBUG    | ttnn.device:__init__:152 - Using default dispatch core type for this system: DispatchCoreType.WORKER
2026-07-17 17:32:41.538 | DEBUG    | ttnn.device:__init__:154 - Using default dispatch core axis for this system: DispatchCoreAxis.COL
2026-07-17 17:32:41.543 | info     |    BuildKernels | Using pre-compiled firmware from: /home/ttuser/dev/tt-metal/tt_metal/pre-compiled/13793420398762238087/ (build_env_manager.cpp:347)
2026-07-17 17:32:41.543 | info     |    BuildKernels | Using pre-compiled firmware from: /home/ttuser/dev/tt-metal/tt_metal/pre-compiled/13793420398762238087/ (build_env_manager.cpp:347)
2026-07-17 17:32:41.543 | info     |    BuildKernels | Using pre-compiled firmware from: /home/ttuser/dev/tt-metal/tt_metal/pre-compiled/13793420398762238087/ (build_env_manager.cpp:347)
2026-07-17 17:32:41.543 | info     |    BuildKernels | Using pre-compiled firmware from: /home/ttuser/dev/tt-metal/tt_metal/pre-compiled/13793420398762238087/ (build_env_manager.cpp:347)
2026-07-17 17:32:41.577 | warning  |           Metal | Unable to set process priority to 0, error code: -1 (thread_pool.cpp:106)
2026-07-17 17:32:41.577 | warning  |           Metal | Unable to set process priority to 0, error code: -1 (thread_pool.cpp:106)
2026-07-17 17:32:41.578 | warning  |           Metal | Unable to set process priority to 0, error code: -1 (thread_pool.cpp:106)
2026-07-17 17:32:41.578 | warning  |           Metal | Unable to set process priority to 0, error code: -1 (thread_pool.cpp:106)
2026-07-17 17:32:41.578 | warning  |           Metal | Unable to set process priority to 0, error code: -1 (thread_pool.cpp:106)
2026-07-17 17:32:41.578 | warning  |           Metal | Unable to set process priority to 0, error code: -1 (thread_pool.cpp:106)
2026-07-17 17:32:41.578 | warning  |           Metal | Unable to set process priority to 0, error code: -1 (thread_pool.cpp:106)
2026-07-17 17:32:41.578 | warning  |           Metal | Unable to set process priority to 0, error code: -1 (thread_pool.cpp:106)
2026-07-17 17:32:41.579 | info     |           Metal | Initializing Fabric (fabric_firmware_initializer.cpp:288)
2026-07-17 17:32:41.605 | info     |           Metal | Fabric initialized on Device 0 (device.cpp:429)
2026-07-17 17:32:41.607 | info     |           Metal | Fabric initialized on Device 1 (device.cpp:429)
2026-07-17 17:32:41.610 | info     |           Metal | Fabric initialized on Device 2 (device.cpp:429)
2026-07-17 17:32:41.611 | info     |           Metal | Fabric initialized on Device 3 (device.cpp:429)
2026-07-17 17:32:41.611 | info     |           Metal | Fabric initialized on 4 devices (fabric_firmware_initializer.cpp:435)
2026-07-17 17:32:41.611 | info     |           Metal | Fabric Initialized with config FabricConfig::FABRIC_1D_RING (fabric_firmware_initializer.cpp:305)
2026-07-17 17:32:41.659 | info     |           Metal | ShmResourceTracker: removed orphaned shm '/tt_device_154095680226368_memory' (shm_resource_tracker.cpp:282)
2026-07-17 17:32:41.659 | info     |           Metal | ShmResourceTracker: removed orphaned shm '/tt_device_154095680226369_memory' (shm_resource_tracker.cpp:282)
2026-07-17 17:32:41.659 | info     |           Metal | ShmResourceTracker: removed orphaned shm '/tt_device_154095680227712_memory' (shm_resource_tracker.cpp:282)
2026-07-17 17:32:41.659 | info     |           Metal | ShmResourceTracker: removed orphaned shm '/tt_device_154095680227713_memory' (shm_resource_tracker.cpp:282)
2026-07-17 17:32:42.240 | info     |           Metal | [Real-time profiler] Device 2 sync complete: 100 samples, frequency=1.349984 GHz, device_time_at_sync=2141567246542 cycles (realtime_profiler_manager.cpp:1127)
2026-07-17 17:32:42.241 | info     |           Metal | [Real-time profiler] Device 0 sync complete: 100 samples, frequency=1.349992 GHz, device_time_at_sync=2116477856014 cycles (realtime_profiler_manager.cpp:1127)
2026-07-17 17:32:42.241 | info     |           Metal | [Real-time profiler] Device 1 sync complete: 100 samples, frequency=1.349992 GHz, device_time_at_sync=2127330182283 cycles (realtime_profiler_manager.cpp:1127)
2026-07-17 17:32:42.242 | info     |           Metal | [Real-time profiler] Device 3 sync complete: 100 samples, frequency=1.349990 GHz, device_time_at_sync=2153112841108 cycles (realtime_profiler_manager.cpp:1127)
[attn_bfp4_lofi] PCC min=0.962729 rows={8: 0.962729, 31: 0.971368, 33: 0.973327, 64: 0.974015, 127: 0.971856, 128: 0.970979, 200: 0.972939, 256: 0.970245, 511: 0.969934, 512: 0.97212}
entry[0]             top1=0.980 (48/49)  top5=1.000 (49/49)  top100=1.000 (49/49)
entry[1]             top1=0.980 (50/51)  top5=0.980 (50/51)  top100=1.000 (51/51)
entry[2]             top1=0.969 (62/64)  top5=1.000 (64/64)  top100=1.000 (64/64)
entry[3]             top1=0.983 (57/58)  top5=1.000 (58/58)  top100=1.000 (58/58)
AGGREGATE            top1=0.977 (217/222)  top5=0.995 (221/222)  top100=1.000 (222/222)
[attn_bfp4_lofi] prefill {'top1': 0.977477, 'top5': 0.995495, 'top100': 1.0, 'total': 222}
2026-07-17 17:32:46.264 | warning  |           Metal | Allocating device buffers is unsafe due to the existence of an active trace. These buffers may be corrupted once a trace is executed. (allocator.cpp:110)
entry[0]             top1=0.857 (42/49)  top5=0.980 (48/49)  top100=1.000 (49/49)  TTFT=53.02ms  decode=330.27 t/s/u  e2e=247.02 t/s/u
entry[1]             top1=0.961 (49/51)  top5=0.980 (50/51)  top100=1.000 (51/51)  TTFT=3.43ms  decode=347.79 t/s/u  e2e=346.46 t/s/u
entry[2]             top1=0.984 (63/64)  top5=1.000 (64/64)  top100=1.000 (64/64)  TTFT=3.08ms  decode=347.61 t/s/u  e2e=347.21 t/s/u
entry[3]             top1=0.966 (56/58)  top5=0.983 (57/58)  top100=1.000 (58/58)  TTFT=2.68ms  decode=344.48 t/s/u  e2e=344.92 t/s/u
AGGREGATE            top1=0.946 (210/222)  top5=0.986 (219/222)  top100=1.000 (222/222)  TTFT=15.55ms  decode=342.87 t/s/u  e2e=318.03 t/s/u
[attn_bfp4_lofi] TF {'top1': 0.945946, 'top5': 0.986486, 'top100': 1.0, 'total': 222, 'ttft_ms': 15.5546, 'decode_t_s_u': 342.8747, 'traced': True}
[attn_bfp4_lofi] tokenout {'T128_ms': 1.7916, 'T512_ms': 2.5208, 'T128_t_s_u': 558.16, 'T512_t_s_u': 396.7, 'regime': 'warmed min-of-3x30 traced replay, batch-1, on-device argmax, no logits readback'}
[attn_bfp4_lofi] STATUS=fail gate={'top1_ok': True, 'top5_ok': True, 'pcc_ok': False}
CANDIDATE_DONE attn_bfp4_lofi fail
nanobind: leaked 2 instances!
 - leaked instance 0x7926732f51b8 of type "ttnn._ttnn.tensor.CoreRangeSet"
 - leaked instance 0x7926734f2b68 of type "ttnn._ttnn.device.DispatchCoreConfig"
nanobind: leaked 44 types!
 - leaked type "DispatchCoreAxis"
 - leaked type "ttnn._ttnn.device.SubDeviceManagerId"
 - leaked type "ttnn._ttnn.types.iterator"
 - leaked type "MathFidelity"
 - leaked type "ttnn._ttnn.operations.matmul.MatmulMultiCoreReuseMultiCast1DProgramConfig"
 - leaked type "ttnn._ttnn.types.Shape"
 - leaked type "ttnn._ttnn.operations.matmul.MatmulInputs"
 - leaked type "ttnn._ttnn.operations.matmul.MatmulMultiCoreReuseMultiCastBatchedDRAMShardedProgramConfig"
 - leaked type "BufferType"
 - leaked type "UnaryOpType"
 - ... skipped remainder
nanobind: leaked 345 functions!
 - leaked function "block_sharded"
 - leaked function ""
 - leaked function "__init__"
 - leaked function "get_l1_alignment"
 - leaked function "get_tile"
 - leaked function "disable_and_clear_program_cache"
 - leaked function "tensor_topology"
 - leaked function "__getitem__"
 - leaked function ""
 - leaked function ""
 - ... skipped remainder
nanobind: this is likely caused by a reference counting issue in the binding code.
See https://nanobind.readthedocs.io/en/latest/refleaks.html2026-07-17 17:32:48.402 | info     |    BuildKernels | JIT cache stats: 335/355 hits (94.4%) [335 cached, 192 build-once dedup, 0 merged artifacts, 0 merged genfiles] (build_cache_telemetry.cpp:207)
2026-07-17 17:32:48.402 | info     |    BuildKernels | JIT telemetry: 3 registered TelemetryTokens (build_cache_telemetry.cpp:230)
2026-07-17 17:32:48.420 | info     |          Device | Closing user mode device drivers (tt_cluster.cpp:512)
2026-07-17 17:32:48.420 | info     |             UMD | Closing devices in cluster (cluster.cpp:1037)
2026-07-17 17:32:48.956 | info     |             UMD | Closing devices in cluster completed. (cluster.cpp:1046)
2026-07-17 17:32:48.956 | info     |             UMD | Cluster destructor started. (cluster.cpp:754)
2026-07-17 17:32:48.956 | info     |             UMD | Cluster destructor completed. (cluster.cpp:757)
