2026-07-17 17:33:20.574 | DEBUG    | ttnn:<module>:79 - Initial ttnn.CONFIG:
Config{cache_path=/home/ttuser/.cache/ttnn,model_cache_path=/home/ttuser/.cache/ttnn/models,tmp_dir=/tmp/ttnn,enable_model_cache=false,enable_fast_runtime_mode=true,throw_exception_on_fallback=false,enable_logging=false,enable_graph_report=false,enable_graph_python_stack_traces=false,enable_detailed_buffer_report=false,enable_detailed_tensor_report=false,enable_comparison_mode=false,comparison_mode_should_raise_exception=false,comparison_mode_pcc=0.9999,root_report_path=generated/ttnn/reports,report_name=std::nullopt,std::nullopt}
2026-07-17 17:33:21.569 | info     |          Device | Opening user mode device driver (tt_cluster.cpp:228)
2026-07-17 17:33:21.569 | info     |             UMD | Cluster constructor started. (cluster.cpp:348)
2026-07-17 17:33:21.569 | info     |             UMD | Creating TopologyDiscovery for architecture: blackhole (topology_discovery.cpp:91)
2026-07-17 17:33:21.569 | info     |             UMD | Starting topology discovery. (topology_discovery.cpp:110)
2026-07-17 17:33:21.572 | info     |             UMD | Established firmware bundle version: 19.11.0 (topology_discovery.cpp:569)
2026-07-17 17:33:21.572 | info     |             UMD | Firmware bundle version 19.11.0 on the system is newer than the latest fully tested version 19.5.0 for blackhole architecture. Newest features may not be supported. (topology_discovery.cpp:601)
2026-07-17 17:33:21.581 | info     |             UMD | Completed topology discovery. (topology_discovery.cpp:114)
2026-07-17 17:33:21.847 | info     |             UMD | Opening local chip ids/PCIe ids: {0, 1, 2, 3}/[0, 1, 2, 3] and remote chip ids {} (cluster.cpp:168)
2026-07-17 17:33:21.847 | info     |             UMD | IOMMU: enabled (cluster.cpp:142)
2026-07-17 17:33:21.847 | info     |             UMD | KMD version: 2.9.0 (cluster.cpp:145)
2026-07-17 17:33:21.847 | info     |             UMD | Cluster constructor completed. (cluster.cpp:520)
2026-07-17 17:33:21.849 | info     |             UMD | Starting devices in cluster (cluster.cpp:1024)
2026-07-17 17:33:22.111 | info     |             UMD | Starting devices in cluster completed. (cluster.cpp:1032)
2026-07-17 17:33:22.241 | info     |     Distributed | Using auto discovery to generate mesh graph. (metal_env.cpp:367)
2026-07-17 17:33:22.241 | info     |     Distributed | Constructing control plane using auto-discovery (no mesh graph descriptor). (metal_env.cpp:429)
2026-07-17 17:33:22.241 | warning  |          Always | Unknown motherboard 'B850M-C' for chip_id=0 (bus_id=0x1) — falling back to bus_id as tray_id. Add this motherboard and its bus IDs to mobo_to_bus_ids in physical_system_discovery.cpp. (physical_system_discovery.cpp:89)
2026-07-17 17:33:22.241 | warning  |          Always | Unknown motherboard 'B850M-C' for chip_id=1 (bus_id=0x2) — falling back to bus_id as tray_id. Add this motherboard and its bus IDs to mobo_to_bus_ids in physical_system_discovery.cpp. (physical_system_discovery.cpp:89)
2026-07-17 17:33:22.241 | warning  |          Always | Unknown motherboard 'B850M-C' for chip_id=2 (bus_id=0x3) — falling back to bus_id as tray_id. Add this motherboard and its bus IDs to mobo_to_bus_ids in physical_system_discovery.cpp. (physical_system_discovery.cpp:89)
2026-07-17 17:33:22.241 | warning  |          Always | Unknown motherboard 'B850M-C' for chip_id=3 (bus_id=0x4) — falling back to bus_id as tray_id. Add this motherboard and its bus IDs to mobo_to_bus_ids in physical_system_discovery.cpp. (physical_system_discovery.cpp:89)
2026-07-17 17:33:22.241 | warning  |          Always | Unknown motherboard 'B850M-C' for chip_id=1 (bus_id=0x2) — falling back to bus_id as tray_id. Add this motherboard and its bus IDs to mobo_to_bus_ids in physical_system_discovery.cpp. (physical_system_discovery.cpp:89)
2026-07-17 17:33:22.241 | warning  |          Always | Unknown motherboard 'B850M-C' for chip_id=0 (bus_id=0x1) — falling back to bus_id as tray_id. Add this motherboard and its bus IDs to mobo_to_bus_ids in physical_system_discovery.cpp. (physical_system_discovery.cpp:89)
2026-07-17 17:33:22.241 | warning  |          Always | Unknown motherboard 'B850M-C' for chip_id=2 (bus_id=0x3) — falling back to bus_id as tray_id. Add this motherboard and its bus IDs to mobo_to_bus_ids in physical_system_discovery.cpp. (physical_system_discovery.cpp:89)
2026-07-17 17:33:22.241 | warning  |          Always | Unknown motherboard 'B850M-C' for chip_id=3 (bus_id=0x4) — falling back to bus_id as tray_id. Add this motherboard and its bus IDs to mobo_to_bus_ids in physical_system_discovery.cpp. (physical_system_discovery.cpp:89)
2026-07-17 17:33:22.241 | info     |          Fabric | Logical multi-mesh adjacency: intermesh degree histogram {0:1}; intra-mesh degree histograms mesh0 {2:4} (topology_mapper_utils.cpp:2342)
2026-07-17 17:33:22.241 | info     |          Fabric | Physical multi-mesh adjacency: intermesh degree histogram {0:1}; intra-mesh degree histograms mesh0 {2:4} (topology_mapper_utils.cpp:2350)
2026-07-17 17:33:22.242 | DEBUG    | ttnn.device:__init__:152 - Using default dispatch core type for this system: DispatchCoreType.WORKER
2026-07-17 17:33:22.242 | DEBUG    | ttnn.device:__init__:154 - Using default dispatch core axis for this system: DispatchCoreAxis.COL
2026-07-17 17:33:22.247 | info     |    BuildKernels | Using pre-compiled firmware from: /home/ttuser/dev/tt-metal/tt_metal/pre-compiled/13793420398762238087/ (build_env_manager.cpp:347)
2026-07-17 17:33:22.247 | info     |    BuildKernels | Using pre-compiled firmware from: /home/ttuser/dev/tt-metal/tt_metal/pre-compiled/13793420398762238087/ (build_env_manager.cpp:347)
2026-07-17 17:33:22.247 | info     |    BuildKernels | Using pre-compiled firmware from: /home/ttuser/dev/tt-metal/tt_metal/pre-compiled/13793420398762238087/ (build_env_manager.cpp:347)
2026-07-17 17:33:22.247 | info     |    BuildKernels | Using pre-compiled firmware from: /home/ttuser/dev/tt-metal/tt_metal/pre-compiled/13793420398762238087/ (build_env_manager.cpp:347)
2026-07-17 17:33:22.280 | warning  |           Metal | Unable to set process priority to 0, error code: -1 (thread_pool.cpp:106)
2026-07-17 17:33:22.281 | warning  |           Metal | Unable to set process priority to 0, error code: -1 (thread_pool.cpp:106)
2026-07-17 17:33:22.281 | warning  |           Metal | Unable to set process priority to 0, error code: -1 (thread_pool.cpp:106)
2026-07-17 17:33:22.281 | warning  |           Metal | Unable to set process priority to 0, error code: -1 (thread_pool.cpp:106)
2026-07-17 17:33:22.281 | warning  |           Metal | Unable to set process priority to 0, error code: -1 (thread_pool.cpp:106)
2026-07-17 17:33:22.281 | warning  |           Metal | Unable to set process priority to 0, error code: -1 (thread_pool.cpp:106)
2026-07-17 17:33:22.281 | warning  |           Metal | Unable to set process priority to 0, error code: -1 (thread_pool.cpp:106)
2026-07-17 17:33:22.282 | warning  |           Metal | Unable to set process priority to 0, error code: -1 (thread_pool.cpp:106)
2026-07-17 17:33:22.282 | info     |           Metal | Initializing Fabric (fabric_firmware_initializer.cpp:288)
2026-07-17 17:33:22.301 | info     |           Metal | Fabric initialized on Device 0 (device.cpp:429)
2026-07-17 17:33:22.308 | info     |           Metal | Fabric initialized on Device 1 (device.cpp:429)
2026-07-17 17:33:22.309 | info     |           Metal | Fabric initialized on Device 2 (device.cpp:429)
2026-07-17 17:33:22.310 | info     |           Metal | Fabric initialized on Device 3 (device.cpp:429)
2026-07-17 17:33:22.310 | info     |           Metal | Fabric initialized on 4 devices (fabric_firmware_initializer.cpp:435)
2026-07-17 17:33:22.310 | info     |           Metal | Fabric Initialized with config FabricConfig::FABRIC_1D_RING (fabric_firmware_initializer.cpp:305)
2026-07-17 17:33:22.357 | info     |           Metal | ShmResourceTracker: removed orphaned shm '/tt_device_154095680226368_memory' (shm_resource_tracker.cpp:282)
2026-07-17 17:33:22.357 | info     |           Metal | ShmResourceTracker: removed orphaned shm '/tt_device_154095680226369_memory' (shm_resource_tracker.cpp:282)
2026-07-17 17:33:22.357 | info     |           Metal | ShmResourceTracker: removed orphaned shm '/tt_device_154095680227712_memory' (shm_resource_tracker.cpp:282)
2026-07-17 17:33:22.357 | info     |           Metal | ShmResourceTracker: removed orphaned shm '/tt_device_154095680227713_memory' (shm_resource_tracker.cpp:282)
2026-07-17 17:33:22.940 | info     |           Metal | [Real-time profiler] Device 0 sync complete: 100 samples, frequency=1.349989 GHz, device_time_at_sync=2153611150581 cycles (realtime_profiler_manager.cpp:1127)
2026-07-17 17:33:22.941 | info     |           Metal | [Real-time profiler] Device 2 sync complete: 100 samples, frequency=1.349988 GHz, device_time_at_sync=2179393062541 cycles (realtime_profiler_manager.cpp:1127)
2026-07-17 17:33:22.941 | info     |           Metal | [Real-time profiler] Device 1 sync complete: 100 samples, frequency=1.349989 GHz, device_time_at_sync=2164790457758 cycles (realtime_profiler_manager.cpp:1127)
2026-07-17 17:33:22.943 | info     |           Metal | [Real-time profiler] Device 3 sync complete: 100 samples, frequency=1.349990 GHz, device_time_at_sync=2191197047105 cycles (realtime_profiler_manager.cpp:1127)
[ccl_ag_bfp8] PCC min=0.998051 rows={8: 0.998273, 31: 0.998918, 33: 0.998474, 64: 0.998654, 127: 0.998051, 128: 0.998163, 200: 0.998507, 256: 0.998759, 511: 0.998517, 512: 0.998859}
entry[0]             top1=1.000 (49/49)  top5=1.000 (49/49)  top100=1.000 (49/49)
entry[1]             top1=0.980 (50/51)  top5=1.000 (51/51)  top100=1.000 (51/51)
entry[2]             top1=1.000 (64/64)  top5=1.000 (64/64)  top100=1.000 (64/64)
entry[3]             top1=1.000 (58/58)  top5=1.000 (58/58)  top100=1.000 (58/58)
AGGREGATE            top1=0.995 (221/222)  top5=1.000 (222/222)  top100=1.000 (222/222)
[ccl_ag_bfp8] prefill {'top1': 0.995495, 'top5': 1.0, 'top100': 1.0, 'total': 222}
2026-07-17 17:33:25.953 | warning  |           Metal | Allocating device buffers is unsafe due to the existence of an active trace. These buffers may be corrupted once a trace is executed. (allocator.cpp:110)
entry[0]             top1=0.980 (48/49)  top5=1.000 (49/49)  top100=1.000 (49/49)  TTFT=57.24ms  decode=332.26 t/s/u  e2e=242.92 t/s/u
entry[1]             top1=1.000 (51/51)  top5=1.000 (51/51)  top100=1.000 (51/51)  TTFT=2.87ms  decode=346.71 t/s/u  e2e=346.72 t/s/u
entry[2]             top1=0.984 (63/64)  top5=0.984 (63/64)  top100=1.000 (64/64)  TTFT=2.98ms  decode=340.94 t/s/u  e2e=340.83 t/s/u
entry[3]             top1=0.983 (57/58)  top5=1.000 (58/58)  top100=1.000 (58/58)  TTFT=3.01ms  decode=344.21 t/s/u  e2e=343.98 t/s/u
AGGREGATE            top1=0.986 (219/222)  top5=0.995 (221/222)  top100=1.000 (222/222)  TTFT=16.53ms  decode=341.12 t/s/u  e2e=314.80 t/s/u
[ccl_ag_bfp8] TF {'top1': 0.986486, 'top5': 0.995495, 'top100': 1.0, 'total': 222, 'ttft_ms': 16.5273, 'decode_t_s_u': 341.1238, 'traced': True}
[ccl_ag_bfp8] tokenout {'T128_ms': 1.8436, 'T512_ms': 2.5338, 'T128_t_s_u': 542.42, 'T512_t_s_u': 394.66, 'regime': 'warmed min-of-3x30 traced replay, batch-1, on-device argmax, no logits readback'}
[ccl_ag_bfp8] STATUS=pass gate={'top1_ok': True, 'top5_ok': True, 'pcc_ok': True}
CANDIDATE_DONE ccl_ag_bfp8 pass
nanobind: leaked 2 instances!
 - leaked instance 0x7450a48f5a28 of type "ttnn._ttnn.tensor.CoreRangeSet"
 - leaked instance 0x7450a4905758 of type "ttnn._ttnn.device.DispatchCoreConfig"
nanobind: leaked 44 types!
 - leaked type "DispatchCoreAxis"
 - leaked type "ttnn._ttnn.device.SubDeviceManagerId"
 - leaked type "ttnn._ttnn.types.iterator"
 - leaked type "MathFidelity"
 - leaked type "ttnn._ttnn.operations.matmul.MatmulMultiCoreReuseMultiCast1DProgramConfig"
 - leaked type "ttnn._ttnn.types.Shape"
 - leaked type "ttnn._ttnn.operations.matmul.MatmulInputs"
 - leaked type "ttnn._ttnn.operations.matmul.MatmulMultiCoreReuseMultiCastBatchedDRAMShardedProgramConfig"
 - leaked type "BufferType"
 - leaked type "UnaryOpType"
 - ... skipped remainder
nanobind: leaked 345 functions!
 - leaked function ""
 - leaked function "experimental_set_per_core_allocation"
 - leaked function "__eq__"
 - leaked function "__hash__"
 - leaked function "to_json"
 - leaked function ""
 - leaked function ""
 - leaked function "experimental_per_core_buffer_address"
 - leaked function ""
 - leaked function ""
 - ... skipped remainder
nanobind: this is likely caused by a reference counting issue in the binding code.
See https://nanobind.readthedocs.io/en/latest/refleaks.html2026-07-17 17:33:28.124 | info     |    BuildKernels | JIT cache stats: 360/360 hits (100.0%) [360 cached, 198 build-once dedup, 0 merged artifacts, 0 merged genfiles] (build_cache_telemetry.cpp:207)
2026-07-17 17:33:28.124 | info     |    BuildKernels | JIT telemetry: 3 registered TelemetryTokens (build_cache_telemetry.cpp:230)
2026-07-17 17:33:28.141 | info     |          Device | Closing user mode device drivers (tt_cluster.cpp:512)
2026-07-17 17:33:28.141 | info     |             UMD | Closing devices in cluster (cluster.cpp:1037)
2026-07-17 17:33:28.658 | info     |             UMD | Closing devices in cluster completed. (cluster.cpp:1046)
2026-07-17 17:33:28.658 | info     |             UMD | Cluster destructor started. (cluster.cpp:754)
2026-07-17 17:33:28.658 | info     |             UMD | Cluster destructor completed. (cluster.cpp:757)
