skip baseline (exists)
=== running candidate bf16_weights ===
    bf16_weights rc=0
=== running candidate bfp8_lofi ===
    bfp8_lofi rc=0
=== running candidate bfp8_hifi4 ===
    bfp8_hifi4 rc=0
=== running candidate mlp_bfp4_lofi ===
    mlp_bfp4_lofi rc=0
=== running candidate mlp_bfp4_hifi2 ===
    mlp_bfp4_hifi2 rc=0
=== running candidate attn_bfp4_lofi ===
    attn_bfp4_lofi rc=0
=== running candidate all_bfp4_lofi ===
    all_bfp4_lofi rc=0
=== running candidate ccl_bfp8 ===
    ccl_bfp8 rc=0
=== running candidate ccl_ag_bfp8 ===
    ccl_ag_bfp8 rc=0
aggregated 10 candidates -> sweep_results.json + .csv

PASSING (ranked by traced TF decode t/s/u):
  baseline         tf_decode=347.8 t/s/u  top1=0.9865 top5=0.9955
  bfp8_hifi4       tf_decode=343.1 t/s/u  top1=0.9910 top5=0.9955
  ccl_ag_bfp8      tf_decode=341.1 t/s/u  top1=0.9865 top5=0.9955
  bf16_weights     tf_decode=339.1 t/s/u  top1=0.9820 top5=0.9955

FAIL/ERROR:
  bfp8_lofi        status=fail top1=0.968468 top5=0.986486 pcc=0.992827 err=None
  mlp_bfp4_lofi    status=fail top1=0.936937 top5=0.977477 pcc=0.920851 err=None
  mlp_bfp4_hifi2   status=error top1=None top5=None pcc=None err=NameError: name 'load_selected' is not defined
  attn_bfp4_lofi   status=fail top1=0.945946 top5=0.986486 pcc=0.962729 err=None
  all_bfp4_lofi    status=fail top1=0.918919 top5=0.968468 pcc=0.930738 err=None
  ccl_bfp8         status=fail top1=0.959459 top5=1.0 pcc=0.989615 err=None
