2026-07-17 17:32:23.176 | DEBUG    | ttnn:<module>:79 - Initial ttnn.CONFIG:
Config{cache_path=/home/ttuser/.cache/ttnn,model_cache_path=/home/ttuser/.cache/ttnn/models,tmp_dir=/tmp/ttnn,enable_model_cache=false,enable_fast_runtime_mode=true,throw_exception_on_fallback=false,enable_logging=false,enable_graph_report=false,enable_graph_python_stack_traces=false,enable_detailed_buffer_report=false,enable_detailed_tensor_report=false,enable_comparison_mode=false,comparison_mode_should_raise_exception=false,comparison_mode_pcc=0.9999,root_report_path=generated/ttnn/reports,report_name=std::nullopt,std::nullopt}
2026-07-17 17:32:23.500 | info     |          Device | Opening user mode device driver (tt_cluster.cpp:228)
2026-07-17 17:32:23.500 | info     |             UMD | Cluster constructor started. (cluster.cpp:348)
2026-07-17 17:32:23.500 | info     |             UMD | Creating TopologyDiscovery for architecture: blackhole (topology_discovery.cpp:91)
2026-07-17 17:32:23.500 | info     |             UMD | Starting topology discovery. (topology_discovery.cpp:110)
2026-07-17 17:32:23.503 | info     |             UMD | Established firmware bundle version: 19.11.0 (topology_discovery.cpp:569)
2026-07-17 17:32:23.503 | info     |             UMD | Firmware bundle version 19.11.0 on the system is newer than the latest fully tested version 19.5.0 for blackhole architecture. Newest features may not be supported. (topology_discovery.cpp:601)
2026-07-17 17:32:23.513 | info     |             UMD | Completed topology discovery. (topology_discovery.cpp:114)
2026-07-17 17:32:23.775 | info     |             UMD | Opening local chip ids/PCIe ids: {0, 1, 2, 3}/[0, 1, 2, 3] and remote chip ids {} (cluster.cpp:168)
2026-07-17 17:32:23.775 | info     |             UMD | IOMMU: enabled (cluster.cpp:142)
2026-07-17 17:32:23.775 | info     |             UMD | KMD version: 2.9.0 (cluster.cpp:145)
2026-07-17 17:32:23.775 | info     |             UMD | Cluster constructor completed. (cluster.cpp:520)
2026-07-17 17:32:23.777 | info     |             UMD | Starting devices in cluster (cluster.cpp:1024)
2026-07-17 17:32:24.104 | info     |             UMD | Starting devices in cluster completed. (cluster.cpp:1032)
2026-07-17 17:32:24.231 | info     |     Distributed | Using auto discovery to generate mesh graph. (metal_env.cpp:367)
2026-07-17 17:32:24.231 | info     |     Distributed | Constructing control plane using auto-discovery (no mesh graph descriptor). (metal_env.cpp:429)
2026-07-17 17:32:24.231 | warning  |          Always | Unknown motherboard 'B850M-C' for chip_id=0 (bus_id=0x1) — falling back to bus_id as tray_id. Add this motherboard and its bus IDs to mobo_to_bus_ids in physical_system_discovery.cpp. (physical_system_discovery.cpp:89)
2026-07-17 17:32:24.231 | warning  |          Always | Unknown motherboard 'B850M-C' for chip_id=1 (bus_id=0x2) — falling back to bus_id as tray_id. Add this motherboard and its bus IDs to mobo_to_bus_ids in physical_system_discovery.cpp. (physical_system_discovery.cpp:89)
2026-07-17 17:32:24.231 | warning  |          Always | Unknown motherboard 'B850M-C' for chip_id=2 (bus_id=0x3) — falling back to bus_id as tray_id. Add this motherboard and its bus IDs to mobo_to_bus_ids in physical_system_discovery.cpp. (physical_system_discovery.cpp:89)
2026-07-17 17:32:24.231 | warning  |          Always | Unknown motherboard 'B850M-C' for chip_id=3 (bus_id=0x4) — falling back to bus_id as tray_id. Add this motherboard and its bus IDs to mobo_to_bus_ids in physical_system_discovery.cpp. (physical_system_discovery.cpp:89)
2026-07-17 17:32:24.231 | warning  |          Always | Unknown motherboard 'B850M-C' for chip_id=1 (bus_id=0x2) — falling back to bus_id as tray_id. Add this motherboard and its bus IDs to mobo_to_bus_ids in physical_system_discovery.cpp. (physical_system_discovery.cpp:89)
2026-07-17 17:32:24.231 | warning  |          Always | Unknown motherboard 'B850M-C' for chip_id=0 (bus_id=0x1) — falling back to bus_id as tray_id. Add this motherboard and its bus IDs to mobo_to_bus_ids in physical_system_discovery.cpp. (physical_system_discovery.cpp:89)
2026-07-17 17:32:24.231 | warning  |          Always | Unknown motherboard 'B850M-C' for chip_id=2 (bus_id=0x3) — falling back to bus_id as tray_id. Add this motherboard and its bus IDs to mobo_to_bus_ids in physical_system_discovery.cpp. (physical_system_discovery.cpp:89)
2026-07-17 17:32:24.231 | warning  |          Always | Unknown motherboard 'B850M-C' for chip_id=3 (bus_id=0x4) — falling back to bus_id as tray_id. Add this motherboard and its bus IDs to mobo_to_bus_ids in physical_system_discovery.cpp. (physical_system_discovery.cpp:89)
2026-07-17 17:32:24.232 | info     |          Fabric | Logical multi-mesh adjacency: intermesh degree histogram {0:1}; intra-mesh degree histograms mesh0 {2:4} (topology_mapper_utils.cpp:2342)
2026-07-17 17:32:24.232 | info     |          Fabric | Physical multi-mesh adjacency: intermesh degree histogram {0:1}; intra-mesh degree histograms mesh0 {2:4} (topology_mapper_utils.cpp:2350)
2026-07-17 17:32:24.232 | DEBUG    | ttnn.device:__init__:152 - Using default dispatch core type for this system: DispatchCoreType.WORKER
2026-07-17 17:32:24.232 | DEBUG    | ttnn.device:__init__:154 - Using default dispatch core axis for this system: DispatchCoreAxis.COL
2026-07-17 17:32:24.237 | info     |    BuildKernels | Using pre-compiled firmware from: /home/ttuser/dev/tt-metal/tt_metal/pre-compiled/13793420398762238087/ (build_env_manager.cpp:347)
2026-07-17 17:32:24.237 | info     |    BuildKernels | Using pre-compiled firmware from: /home/ttuser/dev/tt-metal/tt_metal/pre-compiled/13793420398762238087/ (build_env_manager.cpp:347)
2026-07-17 17:32:24.237 | info     |    BuildKernels | Using pre-compiled firmware from: /home/ttuser/dev/tt-metal/tt_metal/pre-compiled/13793420398762238087/ (build_env_manager.cpp:347)
2026-07-17 17:32:24.237 | info     |    BuildKernels | Using pre-compiled firmware from: /home/ttuser/dev/tt-metal/tt_metal/pre-compiled/13793420398762238087/ (build_env_manager.cpp:347)
2026-07-17 17:32:24.272 | warning  |           Metal | Unable to set process priority to 0, error code: -1 (thread_pool.cpp:106)
2026-07-17 17:32:24.272 | warning  |           Metal | Unable to set process priority to 0, error code: -1 (thread_pool.cpp:106)
2026-07-17 17:32:24.272 | warning  |           Metal | Unable to set process priority to 0, error code: -1 (thread_pool.cpp:106)
2026-07-17 17:32:24.273 | warning  |           Metal | Unable to set process priority to 0, error code: -1 (thread_pool.cpp:106)
2026-07-17 17:32:24.273 | warning  |           Metal | Unable to set process priority to 0, error code: -1 (thread_pool.cpp:106)
2026-07-17 17:32:24.273 | warning  |           Metal | Unable to set process priority to 0, error code: -1 (thread_pool.cpp:106)
2026-07-17 17:32:24.273 | warning  |           Metal | Unable to set process priority to 0, error code: -1 (thread_pool.cpp:106)
2026-07-17 17:32:24.273 | warning  |           Metal | Unable to set process priority to 0, error code: -1 (thread_pool.cpp:106)
2026-07-17 17:32:24.273 | info     |           Metal | Initializing Fabric (fabric_firmware_initializer.cpp:288)
2026-07-17 17:32:24.305 | info     |           Metal | Fabric initialized on Device 0 (device.cpp:429)
2026-07-17 17:32:24.306 | info     |           Metal | Fabric initialized on Device 1 (device.cpp:429)
2026-07-17 17:32:24.306 | info     |           Metal | Fabric initialized on Device 2 (device.cpp:429)
2026-07-17 17:32:24.307 | info     |           Metal | Fabric initialized on Device 3 (device.cpp:429)
2026-07-17 17:32:24.307 | info     |           Metal | Fabric initialized on 4 devices (fabric_firmware_initializer.cpp:435)
2026-07-17 17:32:24.307 | info     |           Metal | Fabric Initialized with config FabricConfig::FABRIC_1D_RING (fabric_firmware_initializer.cpp:305)
2026-07-17 17:32:24.354 | info     |           Metal | ShmResourceTracker: removed orphaned shm '/tt_device_154095680226368_memory' (shm_resource_tracker.cpp:282)
2026-07-17 17:32:24.354 | info     |           Metal | ShmResourceTracker: removed orphaned shm '/tt_device_154095680226369_memory' (shm_resource_tracker.cpp:282)
2026-07-17 17:32:24.354 | info     |           Metal | ShmResourceTracker: removed orphaned shm '/tt_device_154095680227712_memory' (shm_resource_tracker.cpp:282)
2026-07-17 17:32:24.354 | info     |           Metal | ShmResourceTracker: removed orphaned shm '/tt_device_154095680227713_memory' (shm_resource_tracker.cpp:282)
2026-07-17 17:32:24.937 | info     |           Metal | [Real-time profiler] Device 2 sync complete: 100 samples, frequency=1.349991 GHz, device_time_at_sync=2127935674147 cycles (realtime_profiler_manager.cpp:1127)
2026-07-17 17:32:24.938 | info     |           Metal | [Real-time profiler] Device 1 sync complete: 100 samples, frequency=1.349991 GHz, device_time_at_sync=2113943054828 cycles (realtime_profiler_manager.cpp:1127)
2026-07-17 17:32:24.939 | info     |           Metal | [Real-time profiler] Device 3 sync complete: 100 samples, frequency=1.349992 GHz, device_time_at_sync=2139267714889 cycles (realtime_profiler_manager.cpp:1127)
2026-07-17 17:32:24.939 | info     |           Metal | [Real-time profiler] Device 0 sync complete: 100 samples, frequency=1.349990 GHz, device_time_at_sync=2103282159190 cycles (realtime_profiler_manager.cpp:1127)
[mlp_bfp4_lofi] PCC min=0.920851 rows={8: 0.920851, 31: 0.959841, 33: 0.960655, 64: 0.961901, 127: 0.957796, 128: 0.958514, 200: 0.962047, 256: 0.961424, 511: 0.959857, 512: 0.959836}
entry[0]             top1=0.980 (48/49)  top5=1.000 (49/49)  top100=1.000 (49/49)
entry[1]             top1=0.961 (49/51)  top5=1.000 (51/51)  top100=1.000 (51/51)
entry[2]             top1=0.984 (63/64)  top5=1.000 (64/64)  top100=1.000 (64/64)
entry[3]             top1=0.983 (57/58)  top5=1.000 (58/58)  top100=1.000 (58/58)
AGGREGATE            top1=0.977 (217/222)  top5=1.000 (222/222)  top100=1.000 (222/222)
[mlp_bfp4_lofi] prefill {'top1': 0.977477, 'top5': 1.0, 'top100': 1.0, 'total': 222}
2026-07-17 17:32:28.319 | warning  |           Metal | Allocating device buffers is unsafe due to the existence of an active trace. These buffers may be corrupted once a trace is executed. (allocator.cpp:110)
entry[0]             top1=0.878 (43/49)  top5=0.959 (47/49)  top100=1.000 (49/49)  TTFT=54.48ms  decode=353.43 t/s/u  e2e=257.49 t/s/u
entry[1]             top1=0.941 (48/51)  top5=0.980 (50/51)  top100=1.000 (51/51)  TTFT=2.61ms  decode=345.47 t/s/u  e2e=346.12 t/s/u
entry[2]             top1=0.969 (62/64)  top5=0.984 (63/64)  top100=1.000 (64/64)  TTFT=3.36ms  decode=358.55 t/s/u  e2e=357.39 t/s/u
entry[3]             top1=0.948 (55/58)  top5=0.983 (57/58)  top100=1.000 (58/58)  TTFT=2.63ms  decode=340.16 t/s/u  e2e=340.76 t/s/u
AGGREGATE            top1=0.937 (208/222)  top5=0.977 (217/222)  top100=1.000 (222/222)  TTFT=15.77ms  decode=349.46 t/s/u  e2e=323.18 t/s/u
[mlp_bfp4_lofi] TF {'top1': 0.936937, 'top5': 0.977477, 'top100': 1.0, 'total': 222, 'ttft_ms': 15.7726, 'decode_t_s_u': 349.4615, 'traced': True}
[mlp_bfp4_lofi] tokenout {'T128_ms': 1.7711, 'T512_ms': 2.4952, 'T128_t_s_u': 564.62, 'T512_t_s_u': 400.77, 'regime': 'warmed min-of-3x30 traced replay, batch-1, on-device argmax, no logits readback'}
[mlp_bfp4_lofi] STATUS=fail gate={'top1_ok': True, 'top5_ok': False, 'pcc_ok': False}
CANDIDATE_DONE mlp_bfp4_lofi fail
nanobind: leaked 2 instances!
 - leaked instance 0x72abf60d1128 of type "ttnn._ttnn.tensor.CoreRangeSet"
 - leaked instance 0x72abf61baa48 of type "ttnn._ttnn.device.DispatchCoreConfig"
nanobind: leaked 44 types!
 - leaked type "DispatchCoreAxis"
 - leaked type "ttnn._ttnn.device.SubDeviceManagerId"
 - leaked type "ttnn._ttnn.types.iterator"
 - leaked type "MathFidelity"
 - leaked type "ttnn._ttnn.operations.matmul.MatmulMultiCoreReuseMultiCast1DProgramConfig"
 - leaked type "ttnn._ttnn.types.Shape"
 - leaked type "ttnn._ttnn.operations.matmul.MatmulInputs"
 - leaked type "ttnn._ttnn.operations.matmul.MatmulMultiCoreReuseMultiCastBatchedDRAMShardedProgramConfig"
 - leaked type "BufferType"
 - leaked type "UnaryOpType"
 - ... skipped remainder
nanobind: leaked 345 functions!
 - leaked function "push_current_command_queue_id_for_thread"
 - leaked function ""
 - leaked function "pop_current_command_queue_id_for_thread"
 - leaked function "quiesce_devices"
 - leaked function "id"
 - leaked function "__iter__"
 - leaked function ""
 - leaked function "from_json"
 - leaked function ""
 - leaked function "__repr__"
 - ... skipped remainder
nanobind: this is likely caused by a reference counting issue in the binding code.
See https://nanobind.readthedocs.io/en/latest/refleaks.html2026-07-17 17:32:30.465 | info     |    BuildKernels | JIT cache stats: 341/355 hits (96.1%) [341 cached, 192 build-once dedup, 0 merged artifacts, 0 merged genfiles] (build_cache_telemetry.cpp:207)
2026-07-17 17:32:30.465 | info     |    BuildKernels | JIT telemetry: 3 registered TelemetryTokens (build_cache_telemetry.cpp:230)
2026-07-17 17:32:30.482 | info     |          Device | Closing user mode device drivers (tt_cluster.cpp:512)
2026-07-17 17:32:30.482 | info     |             UMD | Closing devices in cluster (cluster.cpp:1037)
2026-07-17 17:32:30.953 | info     |             UMD | Closing devices in cluster completed. (cluster.cpp:1046)
2026-07-17 17:32:30.954 | info     |             UMD | Cluster destructor started. (cluster.cpp:754)
2026-07-17 17:32:30.954 | info     |             UMD | Cluster destructor completed. (cluster.cpp:757)
