{
  "verdict": "pass",
  "chat_run_to_run": {
    "text_exact_match": true,
    "selected_tokens_match": true,
    "selected_token_match_by_position": [
      true,
      true,
      true
    ],
    "maximum_selected_logprob_absolute_delta": 0.0,
    "minimum_top10_token_overlap": 10,
    "maximum_common_logprob_absolute_delta": 0.0
  },
  "chat_cross_batch_position": [
    {
      "text_exact_match": true,
      "selected_tokens_match": true,
      "selected_token_match_by_position": [
        true,
        true,
        true
      ],
      "maximum_selected_logprob_absolute_delta": 0.0,
      "minimum_top10_token_overlap": 10,
      "maximum_common_logprob_absolute_delta": 0.0
    },
    {
      "text_exact_match": true,
      "selected_tokens_match": true,
      "selected_token_match_by_position": [
        true,
        true,
        true
      ],
      "maximum_selected_logprob_absolute_delta": 0.0,
      "minimum_top10_token_overlap": 10,
      "maximum_common_logprob_absolute_delta": 0.0
    },
    {
      "text_exact_match": true,
      "selected_tokens_match": true,
      "selected_token_match_by_position": [
        true,
        true,
        true
      ],
      "maximum_selected_logprob_absolute_delta": 0.0,
      "minimum_top10_token_overlap": 10,
      "maximum_common_logprob_absolute_delta": 0.0
    },
    {
      "text_exact_match": true,
      "selected_tokens_match": true,
      "selected_token_match_by_position": [
        true,
        true,
        true
      ],
      "maximum_selected_logprob_absolute_delta": 0.0,
      "minimum_top10_token_overlap": 10,
      "maximum_common_logprob_absolute_delta": 0.0
    },
    {
      "text_exact_match": true,
      "selected_tokens_match": true,
      "selected_token_match_by_position": [
        true,
        true,
        true
      ],
      "maximum_selected_logprob_absolute_delta": 0.0,
      "minimum_top10_token_overlap": 10,
      "maximum_common_logprob_absolute_delta": 0.0
    },
    {
      "text_exact_match": true,
      "selected_tokens_match": true,
      "selected_token_match_by_position": [
        true,
        true,
        true
      ],
      "maximum_selected_logprob_absolute_delta": 0.0,
      "minimum_top10_token_overlap": 10,
      "maximum_common_logprob_absolute_delta": 0.0
    },
    {
      "text_exact_match": true,
      "selected_tokens_match": true,
      "selected_token_match_by_position": [
        true,
        true,
        true
      ],
      "maximum_selected_logprob_absolute_delta": 0.0,
      "minimum_top10_token_overlap": 10,
      "maximum_common_logprob_absolute_delta": 0.0
    }
  ],
  "chat_graph_shape": [
    {
      "text_exact_match": true,
      "selected_tokens_match": true,
      "selected_token_match_by_position": [
        true,
        true,
        true
      ],
      "maximum_selected_logprob_absolute_delta": 0.0,
      "minimum_top10_token_overlap": 10,
      "maximum_common_logprob_absolute_delta": 0.53125
    },
    {
      "text_exact_match": true,
      "selected_tokens_match": true,
      "selected_token_match_by_position": [
        true,
        true,
        true
      ],
      "maximum_selected_logprob_absolute_delta": 0.0,
      "minimum_top10_token_overlap": 10,
      "maximum_common_logprob_absolute_delta": 0.53125
    },
    {
      "text_exact_match": true,
      "selected_tokens_match": true,
      "selected_token_match_by_position": [
        true,
        true,
        true
      ],
      "maximum_selected_logprob_absolute_delta": 0.0,
      "minimum_top10_token_overlap": 10,
      "maximum_common_logprob_absolute_delta": 0.53125
    },
    {
      "text_exact_match": true,
      "selected_tokens_match": true,
      "selected_token_match_by_position": [
        true,
        true,
        true
      ],
      "maximum_selected_logprob_absolute_delta": 0.0,
      "minimum_top10_token_overlap": 10,
      "maximum_common_logprob_absolute_delta": 0.53125
    },
    {
      "text_exact_match": true,
      "selected_tokens_match": true,
      "selected_token_match_by_position": [
        true,
        true,
        true
      ],
      "maximum_selected_logprob_absolute_delta": 0.0,
      "minimum_top10_token_overlap": 10,
      "maximum_common_logprob_absolute_delta": 0.53125
    },
    {
      "text_exact_match": true,
      "selected_tokens_match": true,
      "selected_token_match_by_position": [
        true,
        true,
        true
      ],
      "maximum_selected_logprob_absolute_delta": 0.0,
      "minimum_top10_token_overlap": 10,
      "maximum_common_logprob_absolute_delta": 0.53125
    },
    {
      "text_exact_match": true,
      "selected_tokens_match": true,
      "selected_token_match_by_position": [
        true,
        true,
        true
      ],
      "maximum_selected_logprob_absolute_delta": 0.0,
      "minimum_top10_token_overlap": 10,
      "maximum_common_logprob_absolute_delta": 0.53125
    },
    {
      "text_exact_match": true,
      "selected_tokens_match": true,
      "selected_token_match_by_position": [
        true,
        true,
        true
      ],
      "maximum_selected_logprob_absolute_delta": 0.0,
      "minimum_top10_token_overlap": 10,
      "maximum_common_logprob_absolute_delta": 0.53125
    }
  ],
  "direct_run_to_run": [
    {
      "text_exact_match": true,
      "selected_tokens_match": true,
      "selected_token_match_by_position": [
        true,
        true
      ],
      "maximum_selected_logprob_absolute_delta": 0.0,
      "minimum_top10_token_overlap": 10,
      "maximum_common_logprob_absolute_delta": 0.0
    },
    {
      "text_exact_match": true,
      "selected_tokens_match": true,
      "selected_token_match_by_position": [
        true,
        true
      ],
      "maximum_selected_logprob_absolute_delta": 0.0,
      "minimum_top10_token_overlap": 10,
      "maximum_common_logprob_absolute_delta": 0.0
    },
    {
      "text_exact_match": true,
      "selected_tokens_match": true,
      "selected_token_match_by_position": [
        true,
        true
      ],
      "maximum_selected_logprob_absolute_delta": 0.0,
      "minimum_top10_token_overlap": 10,
      "maximum_common_logprob_absolute_delta": 0.0
    },
    {
      "text_exact_match": true,
      "selected_tokens_match": true,
      "selected_token_match_by_position": [
        true,
        true
      ],
      "maximum_selected_logprob_absolute_delta": 0.0,
      "minimum_top10_token_overlap": 10,
      "maximum_common_logprob_absolute_delta": 0.0
    }
  ],
  "direct_standalone": [
    {
      "text_exact_match": false,
      "selected_tokens_match": true,
      "selected_token_match_by_position": [
        true,
        true
      ],
      "maximum_selected_logprob_absolute_delta": 0.0,
      "minimum_top10_token_overlap": 10,
      "maximum_common_logprob_absolute_delta": 0.0
    },
    {
      "text_exact_match": false,
      "selected_tokens_match": true,
      "selected_token_match_by_position": [
        true,
        true
      ],
      "maximum_selected_logprob_absolute_delta": 0.0,
      "minimum_top10_token_overlap": 10,
      "maximum_common_logprob_absolute_delta": 0.0
    },
    {
      "text_exact_match": false,
      "selected_tokens_match": true,
      "selected_token_match_by_position": [
        true,
        true
      ],
      "maximum_selected_logprob_absolute_delta": 0.0,
      "minimum_top10_token_overlap": 10,
      "maximum_common_logprob_absolute_delta": 0.0
    },
    {
      "text_exact_match": false,
      "selected_tokens_match": true,
      "selected_token_match_by_position": [
        true,
        true
      ],
      "maximum_selected_logprob_absolute_delta": 0.0,
      "minimum_top10_token_overlap": 10,
      "maximum_common_logprob_absolute_delta": 0.0
    }
  ],
  "direct_cross_batch_position": {
    "0": [
      {
        "text_exact_match": true,
        "selected_tokens_match": true,
        "selected_token_match_by_position": [
          true,
          true
        ],
        "maximum_selected_logprob_absolute_delta": 0.0,
        "minimum_top10_token_overlap": 10,
        "maximum_common_logprob_absolute_delta": 0.0
      }
    ],
    "1": [
      {
        "text_exact_match": true,
        "selected_tokens_match": true,
        "selected_token_match_by_position": [
          true,
          true
        ],
        "maximum_selected_logprob_absolute_delta": 0.0,
        "minimum_top10_token_overlap": 10,
        "maximum_common_logprob_absolute_delta": 0.0
      }
    ],
    "2": [
      {
        "text_exact_match": true,
        "selected_tokens_match": true,
        "selected_token_match_by_position": [
          true,
          true
        ],
        "maximum_selected_logprob_absolute_delta": 0.0,
        "minimum_top10_token_overlap": 10,
        "maximum_common_logprob_absolute_delta": 0.0
      }
    ],
    "3": [
      {
        "text_exact_match": true,
        "selected_tokens_match": true,
        "selected_token_match_by_position": [
          true,
          true
        ],
        "maximum_selected_logprob_absolute_delta": 0.0,
        "minimum_top10_token_overlap": 10,
        "maximum_common_logprob_absolute_delta": 0.0
      }
    ]
  },
  "direct_graph_shape": [
    {
      "text_exact_match": true,
      "selected_tokens_match": true,
      "selected_token_match_by_position": [
        true,
        true
      ],
      "maximum_selected_logprob_absolute_delta": 0.06259732507169247,
      "minimum_top10_token_overlap": 6,
      "maximum_common_logprob_absolute_delta": 2.6249022483825684
    },
    {
      "text_exact_match": true,
      "selected_tokens_match": true,
      "selected_token_match_by_position": [
        true,
        true
      ],
      "maximum_selected_logprob_absolute_delta": 0.3997812271118164,
      "minimum_top10_token_overlap": 6,
      "maximum_common_logprob_absolute_delta": 1.8424065113067627
    },
    {
      "text_exact_match": true,
      "selected_tokens_match": true,
      "selected_token_match_by_position": [
        true,
        true
      ],
      "maximum_selected_logprob_absolute_delta": 0.21441107988357544,
      "minimum_top10_token_overlap": 10,
      "maximum_common_logprob_absolute_delta": 0.7230889797210693
    },
    {
      "text_exact_match": true,
      "selected_tokens_match": true,
      "selected_token_match_by_position": [
        true,
        true
      ],
      "maximum_selected_logprob_absolute_delta": 0.14012980461120605,
      "minimum_top10_token_overlap": 9,
      "maximum_common_logprob_absolute_delta": 1.265129566192627
    },
    {
      "text_exact_match": true,
      "selected_tokens_match": true,
      "selected_token_match_by_position": [
        true,
        true
      ],
      "maximum_selected_logprob_absolute_delta": 0.06259732507169247,
      "minimum_top10_token_overlap": 6,
      "maximum_common_logprob_absolute_delta": 2.6249022483825684
    },
    {
      "text_exact_match": true,
      "selected_tokens_match": true,
      "selected_token_match_by_position": [
        true,
        true
      ],
      "maximum_selected_logprob_absolute_delta": 0.3997812271118164,
      "minimum_top10_token_overlap": 6,
      "maximum_common_logprob_absolute_delta": 1.8424065113067627
    },
    {
      "text_exact_match": true,
      "selected_tokens_match": true,
      "selected_token_match_by_position": [
        true,
        true
      ],
      "maximum_selected_logprob_absolute_delta": 0.21441107988357544,
      "minimum_top10_token_overlap": 10,
      "maximum_common_logprob_absolute_delta": 0.7230889797210693
    },
    {
      "text_exact_match": true,
      "selected_tokens_match": true,
      "selected_token_match_by_position": [
        true,
        true
      ],
      "maximum_selected_logprob_absolute_delta": 0.14012980461120605,
      "minimum_top10_token_overlap": 9,
      "maximum_common_logprob_absolute_delta": 1.265129566192627
    }
  ],
  "direct_concurrent_standalone": [
    {
      "text_exact_match": false,
      "selected_tokens_match": true,
      "selected_token_match_by_position": [
        true,
        true
      ],
      "maximum_selected_logprob_absolute_delta": 0.06259732507169247,
      "minimum_top10_token_overlap": 6,
      "maximum_common_logprob_absolute_delta": 2.6249022483825684
    },
    {
      "text_exact_match": false,
      "selected_tokens_match": true,
      "selected_token_match_by_position": [
        true,
        true
      ],
      "maximum_selected_logprob_absolute_delta": 0.3997812271118164,
      "minimum_top10_token_overlap": 6,
      "maximum_common_logprob_absolute_delta": 1.8424065113067627
    },
    {
      "text_exact_match": false,
      "selected_tokens_match": true,
      "selected_token_match_by_position": [
        true,
        true
      ],
      "maximum_selected_logprob_absolute_delta": 0.21441107988357544,
      "minimum_top10_token_overlap": 10,
      "maximum_common_logprob_absolute_delta": 0.7230889797210693
    },
    {
      "text_exact_match": false,
      "selected_tokens_match": true,
      "selected_token_match_by_position": [
        true,
        true
      ],
      "maximum_selected_logprob_absolute_delta": 0.14012980461120605,
      "minimum_top10_token_overlap": 9,
      "maximum_common_logprob_absolute_delta": 1.265129566192627
    },
    {
      "text_exact_match": false,
      "selected_tokens_match": true,
      "selected_token_match_by_position": [
        true,
        true
      ],
      "maximum_selected_logprob_absolute_delta": 0.06259732507169247,
      "minimum_top10_token_overlap": 6,
      "maximum_common_logprob_absolute_delta": 2.6249022483825684
    },
    {
      "text_exact_match": false,
      "selected_tokens_match": true,
      "selected_token_match_by_position": [
        true,
        true
      ],
      "maximum_selected_logprob_absolute_delta": 0.3997812271118164,
      "minimum_top10_token_overlap": 6,
      "maximum_common_logprob_absolute_delta": 1.8424065113067627
    },
    {
      "text_exact_match": false,
      "selected_tokens_match": true,
      "selected_token_match_by_position": [
        true,
        true
      ],
      "maximum_selected_logprob_absolute_delta": 0.21441107988357544,
      "minimum_top10_token_overlap": 10,
      "maximum_common_logprob_absolute_delta": 0.7230889797210693
    },
    {
      "text_exact_match": false,
      "selected_tokens_match": true,
      "selected_token_match_by_position": [
        true,
        true
      ],
      "maximum_selected_logprob_absolute_delta": 0.14012980461120605,
      "minimum_top10_token_overlap": 9,
      "maximum_common_logprob_absolute_delta": 1.265129566192627
    }
  ]
}
