Detected CSV format: v2.1 (with device arch and worker core count)
Using architecture from CSV: blackhole
Architecture: blackhole, Worker cores: 110
Sorting CSV by 'HOST START TS' column...
Using operations after 'PERF_DECODE_L3'.
Using operations until 'PERF_DECODE_L3_END'.
Detected data from 1 devices. Merging device data...
Warning: SparseMatmulDeviceOperation rows without numeric nnz were found. Their DRAM/FLOP utilization is omitted; pass --active-experts K to model K active experts per input batch group.
Writing CSV output to models/autoports/qwen_qwen3_8_flash_next/doc/functional_decoder/tracy/layer3_qsa/decode_perf_report.csv
Overall DRAM roofline (modeled ops): 3.7% (19 GB/s)
Warning: Unclassified operation 'UntilizeCodegenDeviceOperation' found. Please add to OPERATION_CATEGORIES for proper classification.
Warning: Unclassified operation 'RepeatCodegenDeviceOperation' found. Please add to OPERATION_CATEGORIES for proper classification.
Warning: Unclassified operation 'GatherDeviceOperation' found. Please add to OPERATION_CATEGORIES for proper classification.
Warning: Unclassified operation 'TopkRoutePrepDeviceOperation' found. Please add to OPERATION_CATEGORIES for proper classification.
Warning: Unclassified operation 'TopkLargeIndicesDeviceOperation' found. Please add to OPERATION_CATEGORIES for proper classification.
Warning: Unclassified operation 'TopkRouteFinishDeviceOperation' found. Please add to OPERATION_CATEGORIES for proper classification.
Warning: Unclassified operation 'TopKDeviceOperation' found. Please add to OPERATION_CATEGORIES for proper classification.
Warning: Unclassified operation 'ScatterDeviceOperation' found. Please add to OPERATION_CATEGORIES for proper classification.
Writing CSV stacked report to models/autoports/qwen_qwen3_8_flash_next/doc/functional_decoder/tracy/layer3_qsa/decode_perf_report_stacked.csv
Plotting PNG stacked report to models/autoports/qwen_qwen3_8_flash_next/doc/functional_decoder/tracy/layer3_qsa/decode_perf_report_stacked.png
