{
    "time": "2026-08-20T14:06:32.297185",
    "host_info": {
        "OS": "Linux",
        "Distro": "Ubuntu 24.04.4 LTS",
        "Kernel": "7.0.0-28-generic",
        "Hostname": "tt-quietbox",
        "Platform": "x86_64",
        "Python": "3.12.3",
        "Memory": "249.31 GB",
        "Driver": "TT-KMD 2.10.0"
    },
    "host_sw_vers": {
        "tt_smi": "5.3.0",
        "pyluwen": "0.8.5",
        "tt_umd": "0.9.6"
    },
    "device_info": [
        {
            "smbus_telem": {
                "BOARD_ID_HIGH": "0x461",
                "BOARD_ID_LOW": "0x3192404c",
                "ASIC_ID": null,
                "HARVESTING_STATE": "0x0",
                "UPDATE_TELEM_SPEED": "0x64",
                "VCORE": "0x2d0",
                "TDP": "0xd",
                "TDC": "0x13",
                "VDD_LIMITS": "0x38402bc",
                "THM_LIMIT_SHUTDOWN": "0x6e",
                "ASIC_TEMPERATURE": "0x2af8ba",
                "VREG_TEMPERATURE": "0x0",
                "BOARD_TEMPERATURE": "0x0",
                "AICLK": "0x320",
                "AXICLK": "0x3c0",
                "ARCCLK": "0x320",
                "L2CPUCLK0": "0x0",
                "L2CPUCLK1": "0x0",
                "L2CPUCLK2": "0x0",
                "L2CPUCLK3": "0x0",
                "ETH_LIVE_STATUS": "0xc140c14",
                "DDR_STATUS": "0x55555555",
                "DDR_SPEED": "0x3e80",
                "ETH_FW_VERSION": "0x10b00",
                "GDDR_FW_VERSION": "0x20010",
                "DM_APP_FW_VERSION": "0x1b0000",
                "DM_BL_FW_VERSION": "0x0",
                "FLASH_BUNDLE_VERSION": "0x130b0000",
                "CM_FW_VERSION": "0x210000",
                "L2CPU_FW_VERSION": "0x0",
                "FAN_SPEED": "0xffffffff",
                "TIMER_HEARTBEAT": "0x9526",
                "TELEMETRY_ENUM_COUNT": "0x47",
                "ENABLED_TENSIX_COL": "0x3fcf",
                "ENABLED_ETH": "0x3edf",
                "ENABLED_GDDR": "0xff",
                "ENABLED_L2CPU": "0xf",
                "PCIE_USAGE": "0x4",
                "NOC_TRANSLATION": "0x1",
                "FAN_RPM": "0xffffffff",
                "GDDR_0_1_TEMP": "0x262a2a2c",
                "GDDR_2_3_TEMP": "0x2a2a2828",
                "GDDR_4_5_TEMP": "0x2a282a2a",
                "GDDR_6_7_TEMP": "0x282a2a2a",
                "GDDR_0_1_CORR_ERRS": "0x0",
                "GDDR_2_3_CORR_ERRS": "0x0",
                "GDDR_4_5_CORR_ERRS": "0x0",
                "GDDR_6_7_CORR_ERRS": "0x0",
                "GDDR_UNCORR_ERRS": "0x0",
                "MAX_GDDR_TEMP": "0x2c",
                "ASIC_LOCATION": "0x1",
                "BOARD_POWER_LIMIT": "0x226",
                "TDC_LIMIT_MAX": "0x1f4",
                "THM_LIMIT_THROTTLE": "0x5a",
                "TT_FLASH_VERSION": null,
                "THERM_TRIP_COUNT": "0x0",
                "ASIC_ID_HIGH": "0x174a1ee",
                "ASIC_ID_LOW": "0x6e739850",
                "AICLK_LIMIT_MAX": "0x546",
                "TDP_LIMIT_MAX": "0x7d",
                "AICLK_ARB_MIN": "0x10320",
                "AICLK_ARB_MAX": "0x70546",
                "ENABLED_MIN_ARB": "0x3",
                "ENABLED_MAX_ARB": "0xff",
                "NUMBER_OF_TAGS": "0x1"
            },
            "board_info": {
                "bus_id": "0000:01:00.0",
                "board_type": "p300c",
                "board_id": "000004613192404c",
                "coords": "N/A",
                "dram_status": true,
                "dram_speed": "16G",
                "pcie_speed": 4,
                "pcie_width": "4"
            },
            "telemetry": {
                "voltage": "0.72",
                "current": " 19.0",
                "power": " 13.0",
                "aiclk": " 800",
                "asic_temperature": "43.0",
                "fan_speed": "65535",
                "heartbeat": "6363"
            },
            "firmwares": {
                "fw_bundle_version": "19.11.0.0",
                "tt_flash_version": "N/A",
                "cm_fw": "0.33.0.0",
                "cm_fw_date": "2020-00-33",
                "eth_fw": "1.11.0",
                "dm_bl_fw": "0.0.0.0",
                "dm_app_fw": "0.27.0.0",
                "gddr_fw": "2.16"
            },
            "limits": {
                "vdd_min": "0.70",
                "vdd_max": "0.90",
                "tdp_limit": "125",
                "tdc_limit": "500",
                "asic_fmax": "1350",
                "therm_trip_l1_limit": "90",
                "thm_limit": "110",
                "bus_peak_limit": 0,
                "fan_rpm_limit": 0
            }
        },
        {
            "smbus_telem": {
                "BOARD_ID_HIGH": "0x461",
                "BOARD_ID_LOW": "0x3192404c",
                "ASIC_ID": null,
                "HARVESTING_STATE": "0x0",
                "UPDATE_TELEM_SPEED": "0x64",
                "VCORE": "0x2d0",
                "TDP": "0xc",
                "TDC": "0x12",
                "VDD_LIMITS": "0x38402bc",
                "THM_LIMIT_SHUTDOWN": "0x6e",
                "ASIC_TEMPERATURE": "0x2cd482",
                "VREG_TEMPERATURE": "0x0",
                "BOARD_TEMPERATURE": "0x0",
                "AICLK": "0x320",
                "AXICLK": "0x3c0",
                "ARCCLK": "0x320",
                "L2CPUCLK0": "0x0",
                "L2CPUCLK1": "0x0",
                "L2CPUCLK2": "0x0",
                "L2CPUCLK3": "0x0",
                "ETH_LIVE_STATUS": "0x5c005c",
                "DDR_STATUS": "0x55555555",
                "DDR_SPEED": "0x3e80",
                "ETH_FW_VERSION": "0x10b00",
                "GDDR_FW_VERSION": "0x20010",
                "DM_APP_FW_VERSION": "0x1b0000",
                "DM_BL_FW_VERSION": "0x0",
                "FLASH_BUNDLE_VERSION": "0x130b0000",
                "CM_FW_VERSION": "0x210000",
                "L2CPU_FW_VERSION": "0x0",
                "FAN_SPEED": "0xffffffff",
                "TIMER_HEARTBEAT": "0x9525",
                "TELEMETRY_ENUM_COUNT": "0x47",
                "ENABLED_TENSIX_COL": "0x3fdb",
                "ENABLED_ETH": "0x3edf",
                "ENABLED_GDDR": "0xff",
                "ENABLED_L2CPU": "0xf",
                "PCIE_USAGE": "0x1",
                "NOC_TRANSLATION": "0x1",
                "FAN_RPM": "0xffffffff",
                "GDDR_0_1_TEMP": "0x262a2c2e",
                "GDDR_2_3_TEMP": "0x2a2c2c2c",
                "GDDR_4_5_TEMP": "0x282a2c2c",
                "GDDR_6_7_TEMP": "0x2a2c2a28",
                "GDDR_0_1_CORR_ERRS": "0x0",
                "GDDR_2_3_CORR_ERRS": "0x0",
                "GDDR_4_5_CORR_ERRS": "0x0",
                "GDDR_6_7_CORR_ERRS": "0x0",
                "GDDR_UNCORR_ERRS": "0x0",
                "MAX_GDDR_TEMP": "0x2e",
                "ASIC_LOCATION": "0x0",
                "BOARD_POWER_LIMIT": "0x226",
                "TDC_LIMIT_MAX": "0x1f4",
                "THM_LIMIT_THROTTLE": "0x5a",
                "TT_FLASH_VERSION": null,
                "THERM_TRIP_COUNT": "0x0",
                "ASIC_ID_HIGH": "0x71b46add",
                "ASIC_ID_LOW": "0xe6b74928",
                "AICLK_LIMIT_MAX": "0x546",
                "TDP_LIMIT_MAX": "0x7d",
                "AICLK_ARB_MIN": "0x10320",
                "AICLK_ARB_MAX": "0x70546",
                "ENABLED_MIN_ARB": "0x3",
                "ENABLED_MAX_ARB": "0xff",
                "NUMBER_OF_TAGS": "0x1"
            },
            "board_info": {
                "bus_id": "0000:02:00.0",
                "board_type": "p300c",
                "board_id": "000004613192404c",
                "coords": "N/A",
                "dram_status": true,
                "dram_speed": "16G",
                "pcie_speed": 4,
                "pcie_width": "4"
            },
            "telemetry": {
                "voltage": "0.72",
                "current": " 18.0",
                "power": " 12.0",
                "aiclk": " 800",
                "asic_temperature": "44.8",
                "fan_speed": "65535",
                "heartbeat": "6363"
            },
            "firmwares": {
                "fw_bundle_version": "19.11.0.0",
                "tt_flash_version": "N/A",
                "cm_fw": "0.33.0.0",
                "cm_fw_date": "2020-00-33",
                "eth_fw": "1.11.0",
                "dm_bl_fw": "0.0.0.0",
                "dm_app_fw": "0.27.0.0",
                "gddr_fw": "2.16"
            },
            "limits": {
                "vdd_min": "0.70",
                "vdd_max": "0.90",
                "tdp_limit": "125",
                "tdc_limit": "500",
                "asic_fmax": "1350",
                "therm_trip_l1_limit": "90",
                "thm_limit": "110",
                "bus_peak_limit": 0,
                "fan_rpm_limit": 0
            }
        },
        {
            "smbus_telem": {
                "BOARD_ID_HIGH": "0x461",
                "BOARD_ID_LOW": "0x31924022",
                "ASIC_ID": null,
                "HARVESTING_STATE": "0x0",
                "UPDATE_TELEM_SPEED": "0x64",
                "VCORE": "0x2cf",
                "TDP": "0xc",
                "TDC": "0x11",
                "VDD_LIMITS": "0x38402bc",
                "THM_LIMIT_SHUTDOWN": "0x6e",
                "ASIC_TEMPERATURE": "0x2b0922",
                "VREG_TEMPERATURE": "0x0",
                "BOARD_TEMPERATURE": "0x0",
                "AICLK": "0x320",
                "AXICLK": "0x3c0",
                "ARCCLK": "0x320",
                "L2CPUCLK0": "0x0",
                "L2CPUCLK1": "0x0",
                "L2CPUCLK2": "0x0",
                "L2CPUCLK3": "0x0",
                "ETH_LIVE_STATUS": "0xc140c14",
                "DDR_STATUS": "0x55555555",
                "DDR_SPEED": "0x3e80",
                "ETH_FW_VERSION": "0x10b00",
                "GDDR_FW_VERSION": "0x20010",
                "DM_APP_FW_VERSION": "0x1b0000",
                "DM_BL_FW_VERSION": "0x0",
                "FLASH_BUNDLE_VERSION": "0x130b0000",
                "CM_FW_VERSION": "0x210000",
                "L2CPU_FW_VERSION": "0x0",
                "FAN_SPEED": "0xffffffff",
                "TIMER_HEARTBEAT": "0x9526",
                "TELEMETRY_ENUM_COUNT": "0x47",
                "ENABLED_TENSIX_COL": "0x3bfe",
                "ENABLED_ETH": "0x3edf",
                "ENABLED_GDDR": "0xff",
                "ENABLED_L2CPU": "0xf",
                "PCIE_USAGE": "0x4",
                "NOC_TRANSLATION": "0x1",
                "FAN_RPM": "0xffffffff",
                "GDDR_0_1_TEMP": "0x2a2a2a2c",
                "GDDR_2_3_TEMP": "0x2a2a282a",
                "GDDR_4_5_TEMP": "0x2828282a",
                "GDDR_6_7_TEMP": "0x2a2a282a",
                "GDDR_0_1_CORR_ERRS": "0x0",
                "GDDR_2_3_CORR_ERRS": "0x0",
                "GDDR_4_5_CORR_ERRS": "0x0",
                "GDDR_6_7_CORR_ERRS": "0x0",
                "GDDR_UNCORR_ERRS": "0x0",
                "MAX_GDDR_TEMP": "0x2c",
                "ASIC_LOCATION": "0x1",
                "BOARD_POWER_LIMIT": "0x226",
                "TDC_LIMIT_MAX": "0x1f4",
                "THM_LIMIT_THROTTLE": "0x5a",
                "TT_FLASH_VERSION": null,
                "THERM_TRIP_COUNT": "0x0",
                "ASIC_ID_HIGH": "0xc0b3b8f5",
                "ASIC_ID_LOW": "0xa7e648ed",
                "AICLK_LIMIT_MAX": "0x546",
                "TDP_LIMIT_MAX": "0x7d",
                "AICLK_ARB_MIN": "0x10320",
                "AICLK_ARB_MAX": "0x70546",
                "ENABLED_MIN_ARB": "0x3",
                "ENABLED_MAX_ARB": "0xff",
                "NUMBER_OF_TAGS": "0x1"
            },
            "board_info": {
                "bus_id": "0000:03:00.0",
                "board_type": "p300c",
                "board_id": "0000046131924022",
                "coords": "N/A",
                "dram_status": true,
                "dram_speed": "16G",
                "pcie_speed": 4,
                "pcie_width": "4"
            },
            "telemetry": {
                "voltage": "0.72",
                "current": " 17.0",
                "power": " 12.0",
                "aiclk": " 800",
                "asic_temperature": "43.0",
                "fan_speed": "65535",
                "heartbeat": "6363"
            },
            "firmwares": {
                "fw_bundle_version": "19.11.0.0",
                "tt_flash_version": "N/A",
                "cm_fw": "0.33.0.0",
                "cm_fw_date": "2020-00-33",
                "eth_fw": "1.11.0",
                "dm_bl_fw": "0.0.0.0",
                "dm_app_fw": "0.27.0.0",
                "gddr_fw": "2.16"
            },
            "limits": {
                "vdd_min": "0.70",
                "vdd_max": "0.90",
                "tdp_limit": "125",
                "tdc_limit": "500",
                "asic_fmax": "1350",
                "therm_trip_l1_limit": "90",
                "thm_limit": "110",
                "bus_peak_limit": 0,
                "fan_rpm_limit": 0
            }
        },
        {
            "smbus_telem": {
                "BOARD_ID_HIGH": "0x461",
                "BOARD_ID_LOW": "0x31924022",
                "ASIC_ID": null,
                "HARVESTING_STATE": "0x0",
                "UPDATE_TELEM_SPEED": "0x64",
                "VCORE": "0x2cf",
                "TDP": "0xf",
                "TDC": "0x15",
                "VDD_LIMITS": "0x38402bc",
                "THM_LIMIT_SHUTDOWN": "0x6e",
                "ASIC_TEMPERATURE": "0x2ce4ea",
                "VREG_TEMPERATURE": "0x0",
                "BOARD_TEMPERATURE": "0x0",
                "AICLK": "0x320",
                "AXICLK": "0x3c0",
                "ARCCLK": "0x320",
                "L2CPUCLK0": "0x0",
                "L2CPUCLK1": "0x0",
                "L2CPUCLK2": "0x0",
                "L2CPUCLK3": "0x0",
                "ETH_LIVE_STATUS": "0x5c005c",
                "DDR_STATUS": "0x55555555",
                "DDR_SPEED": "0x3e80",
                "ETH_FW_VERSION": "0x10b00",
                "GDDR_FW_VERSION": "0x20010",
                "DM_APP_FW_VERSION": "0x1b0000",
                "DM_BL_FW_VERSION": "0x0",
                "FLASH_BUNDLE_VERSION": "0x130b0000",
                "CM_FW_VERSION": "0x210000",
                "L2CPU_FW_VERSION": "0x0",
                "FAN_SPEED": "0xffffffff",
                "TIMER_HEARTBEAT": "0x9525",
                "TELEMETRY_ENUM_COUNT": "0x47",
                "ENABLED_TENSIX_COL": "0x3fd7",
                "ENABLED_ETH": "0x3edf",
                "ENABLED_GDDR": "0xff",
                "ENABLED_L2CPU": "0xf",
                "PCIE_USAGE": "0x1",
                "NOC_TRANSLATION": "0x1",
                "FAN_RPM": "0xffffffff",
                "GDDR_0_1_TEMP": "0x2a2a2a2a",
                "GDDR_2_3_TEMP": "0x2a2c2a2c",
                "GDDR_4_5_TEMP": "0x2c2c2c2e",
                "GDDR_6_7_TEMP": "0x2c2c2c2c",
                "GDDR_0_1_CORR_ERRS": "0x0",
                "GDDR_2_3_CORR_ERRS": "0x0",
                "GDDR_4_5_CORR_ERRS": "0x0",
                "GDDR_6_7_CORR_ERRS": "0x0",
                "GDDR_UNCORR_ERRS": "0x0",
                "MAX_GDDR_TEMP": "0x2e",
                "ASIC_LOCATION": "0x0",
                "BOARD_POWER_LIMIT": "0x226",
                "TDC_LIMIT_MAX": "0x1f4",
                "THM_LIMIT_THROTTLE": "0x5a",
                "TT_FLASH_VERSION": null,
                "THERM_TRIP_COUNT": "0x0",
                "ASIC_ID_HIGH": "0x92ed38d8",
                "ASIC_ID_LOW": "0xbcff37a9",
                "AICLK_LIMIT_MAX": "0x546",
                "TDP_LIMIT_MAX": "0x7d",
                "AICLK_ARB_MIN": "0x10320",
                "AICLK_ARB_MAX": "0x70546",
                "ENABLED_MIN_ARB": "0x3",
                "ENABLED_MAX_ARB": "0xff",
                "NUMBER_OF_TAGS": "0x1"
            },
            "board_info": {
                "bus_id": "0000:04:00.0",
                "board_type": "p300c",
                "board_id": "0000046131924022",
                "coords": "N/A",
                "dram_status": true,
                "dram_speed": "16G",
                "pcie_speed": 4,
                "pcie_width": "4"
            },
            "telemetry": {
                "voltage": "0.72",
                "current": " 21.0",
                "power": " 15.0",
                "aiclk": " 800",
                "asic_temperature": "44.9",
                "fan_speed": "65535",
                "heartbeat": "6363"
            },
            "firmwares": {
                "fw_bundle_version": "19.11.0.0",
                "tt_flash_version": "N/A",
                "cm_fw": "0.33.0.0",
                "cm_fw_date": "2020-00-33",
                "eth_fw": "1.11.0",
                "dm_bl_fw": "0.0.0.0",
                "dm_app_fw": "0.27.0.0",
                "gddr_fw": "2.16"
            },
            "limits": {
                "vdd_min": "0.70",
                "vdd_max": "0.90",
                "tdp_limit": "125",
                "tdc_limit": "500",
                "asic_fmax": "1350",
                "therm_trip_l1_limit": "90",
                "thm_limit": "110",
                "bus_peak_limit": 0,
                "fan_rpm_limit": 0
            }
        }
    ]
}
