2026-08-20 09:07:13.690 | DEBUG    | ttnn:<module>:79 - Initial ttnn.CONFIG:
Config{cache_path=/home/ttuser/.cache/ttnn,model_cache_path=/home/ttuser/.cache/ttnn/models,tmp_dir=/tmp/ttnn,enable_model_cache=false,enable_fast_runtime_mode=true,throw_exception_on_fallback=false,enable_logging=false,enable_graph_report=false,enable_graph_python_stack_traces=false,enable_detailed_buffer_report=false,enable_detailed_tensor_report=false,enable_comparison_mode=false,comparison_mode_should_raise_exception=false,comparison_mode_pcc=0.9999,root_report_path=generated/ttnn/reports,report_name=std::nullopt,std::nullopt}
2026-08-20 09:07:13.839 | info     |          Device | Opening user mode device driver (tt_cluster.cpp:228)
2026-08-20 09:07:13.839 | info     |             UMD | Cluster constructor started. (cluster.cpp:348)
2026-08-20 09:07:13.839 | info     |             UMD | Creating TopologyDiscovery for architecture: blackhole (topology_discovery.cpp:95)
2026-08-20 09:07:13.839 | info     |             UMD | Starting topology discovery. (topology_discovery.cpp:114)
2026-08-20 09:07:13.851 | info     |             UMD | Established firmware bundle version: 19.11.0 (topology_discovery.cpp:574)
2026-08-20 09:07:13.851 | info     |             UMD | Completed topology discovery. (topology_discovery.cpp:118)
2026-08-20 09:07:13.929 | info     |             UMD | Opening local chip ids/PCIe ids: {0, 1, 2, 3}/[0, 1, 2, 3] and remote chip ids {} (cluster.cpp:168)
2026-08-20 09:07:13.929 | info     |             UMD | IOMMU: enabled (cluster.cpp:142)
2026-08-20 09:07:13.929 | info     |             UMD | KMD version: 2.10.0 (cluster.cpp:145)
2026-08-20 09:07:13.929 | info     |             UMD | Cluster constructor completed. (cluster.cpp:520)
2026-08-20 09:07:13.930 | info     |             UMD | Starting devices in cluster (cluster.cpp:1024)
2026-08-20 09:07:14.204 | info     |             UMD | Starting devices in cluster completed. (cluster.cpp:1032)
2026-08-20 09:07:14.328 | info     |     Distributed | Using auto discovery to generate mesh graph. (metal_env.cpp:408)
2026-08-20 09:07:14.328 | info     |     Distributed | Constructing control plane using auto-discovery (no mesh graph descriptor). (metal_env.cpp:470)
2026-08-20 09:07:14.328 | warning  |          Always | Unknown motherboard 'B850M-C' for chip_id=0 (bus_id=0x1) — falling back to bus_id as tray_id. Add this motherboard and its bus IDs to mobo_to_bus_ids in physical_system_discovery.cpp. (physical_system_discovery.cpp:89)
2026-08-20 09:07:14.328 | warning  |          Always | Unknown motherboard 'B850M-C' for chip_id=1 (bus_id=0x2) — falling back to bus_id as tray_id. Add this motherboard and its bus IDs to mobo_to_bus_ids in physical_system_discovery.cpp. (physical_system_discovery.cpp:89)
2026-08-20 09:07:14.328 | warning  |          Always | Unknown motherboard 'B850M-C' for chip_id=2 (bus_id=0x3) — falling back to bus_id as tray_id. Add this motherboard and its bus IDs to mobo_to_bus_ids in physical_system_discovery.cpp. (physical_system_discovery.cpp:89)
2026-08-20 09:07:14.328 | warning  |          Always | Unknown motherboard 'B850M-C' for chip_id=3 (bus_id=0x4) — falling back to bus_id as tray_id. Add this motherboard and its bus IDs to mobo_to_bus_ids in physical_system_discovery.cpp. (physical_system_discovery.cpp:89)
2026-08-20 09:07:14.328 | warning  |          Always | Unknown motherboard 'B850M-C' for chip_id=1 (bus_id=0x2) — falling back to bus_id as tray_id. Add this motherboard and its bus IDs to mobo_to_bus_ids in physical_system_discovery.cpp. (physical_system_discovery.cpp:89)
2026-08-20 09:07:14.328 | warning  |          Always | Unknown motherboard 'B850M-C' for chip_id=0 (bus_id=0x1) — falling back to bus_id as tray_id. Add this motherboard and its bus IDs to mobo_to_bus_ids in physical_system_discovery.cpp. (physical_system_discovery.cpp:89)
2026-08-20 09:07:14.328 | warning  |          Always | Unknown motherboard 'B850M-C' for chip_id=2 (bus_id=0x3) — falling back to bus_id as tray_id. Add this motherboard and its bus IDs to mobo_to_bus_ids in physical_system_discovery.cpp. (physical_system_discovery.cpp:89)
2026-08-20 09:07:14.328 | warning  |          Always | Unknown motherboard 'B850M-C' for chip_id=3 (bus_id=0x4) — falling back to bus_id as tray_id. Add this motherboard and its bus IDs to mobo_to_bus_ids in physical_system_discovery.cpp. (physical_system_discovery.cpp:89)
2026-08-20 09:07:14.328 | info     |          Fabric | Logical multi-mesh adjacency: intermesh degree histogram {0:1}; intra-mesh degree histograms mesh0 {2:4} (topology_mapper_utils.cpp:2342)
2026-08-20 09:07:14.328 | info     |          Fabric | Physical multi-mesh adjacency: intermesh degree histogram {0:1}; intra-mesh degree histograms mesh0 {2:4} (topology_mapper_utils.cpp:2350)
2026-08-20 09:07:14.331 | info     |    BuildKernels | Using pre-compiled firmware from: /home/ttuser/.local/lib/model-bringup/tt-metal/tt_metal/pre-compiled/5822202293905037534/ (build_env_manager.cpp:347)
2026-08-20 09:07:14.332 | info     |    BuildKernels | Using pre-compiled firmware from: /home/ttuser/.local/lib/model-bringup/tt-metal/tt_metal/pre-compiled/5822202293905037534/ (build_env_manager.cpp:347)
2026-08-20 09:07:14.333 | info     |    BuildKernels | Using pre-compiled firmware from: /home/ttuser/.local/lib/model-bringup/tt-metal/tt_metal/pre-compiled/5822202293905037534/ (build_env_manager.cpp:347)
2026-08-20 09:07:14.333 | info     |    BuildKernels | Using pre-compiled firmware from: /home/ttuser/.local/lib/model-bringup/tt-metal/tt_metal/pre-compiled/5822202293905037534/ (build_env_manager.cpp:347)
2026-08-20 09:07:14.372 | info     |           Metal | Initializing Fabric (fabric_firmware_initializer.cpp:296)
2026-08-20 09:07:14.401 | info     |           Metal | Fabric initialized on Device 0 (device.cpp:431)
2026-08-20 09:07:14.402 | info     |           Metal | Fabric initialized on Device 1 (device.cpp:431)
2026-08-20 09:07:14.403 | info     |           Metal | Fabric initialized on Device 2 (device.cpp:431)
2026-08-20 09:07:14.403 | info     |           Metal | Fabric initialized on Device 3 (device.cpp:431)
2026-08-20 09:07:14.403 | info     |           Metal | Fabric initialized on 4 devices (fabric_firmware_initializer.cpp:444)
2026-08-20 09:07:14.403 | info     |           Metal | Fabric Initialized with config FabricConfig::FABRIC_1D_RING (fabric_firmware_initializer.cpp:313)
2026-08-20 09:07:14.453 | info     |           Metal | ShmResourceTracker: removed orphaned shm '/tt_device_154095680226368_memory' (shm_resource_tracker.cpp:282)
2026-08-20 09:07:14.453 | info     |           Metal | ShmResourceTracker: removed orphaned shm '/tt_device_154095680226369_memory' (shm_resource_tracker.cpp:282)
2026-08-20 09:07:14.453 | info     |           Metal | ShmResourceTracker: removed orphaned shm '/tt_device_154095680227712_memory' (shm_resource_tracker.cpp:282)
2026-08-20 09:07:14.453 | info     |           Metal | ShmResourceTracker: removed orphaned shm '/tt_device_154095680227713_memory' (shm_resource_tracker.cpp:282)
2026-08-20 09:07:15.032 | info     |           Metal | [Real-time profiler] Device 3 sync complete: 100 samples, frequency=1.349988 GHz, device_time_at_sync=7460097799516 cycles (realtime_profiler_manager.cpp:1127)
2026-08-20 09:07:15.032 | info     |           Metal | [Real-time profiler] Device 0 sync complete: 100 samples, frequency=1.349989 GHz, device_time_at_sync=7428779592604 cycles (realtime_profiler_manager.cpp:1127)
2026-08-20 09:07:15.032 | info     |           Metal | [Real-time profiler] Device 1 sync complete: 100 samples, frequency=1.349989 GHz, device_time_at_sync=7438075312511 cycles (realtime_profiler_manager.cpp:1127)
2026-08-20 09:07:15.033 | info     |           Metal | [Real-time profiler] Device 2 sync complete: 100 samples, frequency=1.349980 GHz, device_time_at_sync=7449952576811 cycles (realtime_profiler_manager.cpp:1127)
2026-08-20 09:07:15.580 | info     |           Metal | Pinned source memory start address 0x71ece2c004a8 must be aligned 64 B (dispatch.cpp:1180)
entry[0]             top1=0.970 (97/100)  top5=1.000 (100/100)  top100=1.000 (100/100)
AGGREGATE            top1=0.970 (97/100)  top5=1.000 (100/100)  top100=1.000 (100/100)
nanobind: leaked 2 instances!
 - leaked instance 0x71ef00b44d08 of type "ttnn._ttnn.tensor.MemoryConfig"
 - leaked instance 0x72107511d968 of type "ttnn._ttnn.tensor.CoreRangeSet"
nanobind: leaked 38 types!
 - leaked type "DispatchCoreAxis"
 - leaked type "ttnn._ttnn.device.SubDeviceManagerId"
 - leaked type "MathFidelity"
 - leaked type "ttnn._ttnn.operations.matmul.MatmulMultiCoreReuseMultiCast1DProgramConfig"
 - leaked type "ttnn._ttnn.operations.matmul.MatmulInputs"
 - leaked type "ttnn._ttnn.multi_device.MeshMapperConfig"
 - leaked type "ttnn._ttnn.operations.matmul.MatmulMultiCoreReuseMultiCastBatchedDRAMShardedProgramConfig"
 - leaked type "BufferType"
 - leaked type "UnaryOpType"
 - leaked type "Layout"
 - ... skipped remainder
nanobind: leaked 333 functions!
 - leaked function "__init__"
 - leaked function "host_buffer"
 - leaked function ""
 - leaked function "__repr__"
 - leaked function "to_json"
 - leaked function "size"
 - leaked function "to"
 - leaked function ""
 - leaked function ""
 - leaked function ""
 - ... skipped remainder
nanobind: this is likely caused by a reference counting issue in the binding code.
See https://nanobind.readthedocs.io/en/latest/refleaks.html2026-08-20 09:14:59.443 | info     |    BuildKernels | JIT cache stats: 689/690 hits (99.9%) [689 cached, 380 build-once dedup, 0 merged artifacts, 0 merged genfiles] (build_cache_telemetry.cpp:207)
2026-08-20 09:14:59.443 | info     |    BuildKernels | JIT telemetry: 3 registered TelemetryTokens (build_cache_telemetry.cpp:230)
2026-08-20 09:14:59.463 | info     |          Device | Closing user mode device drivers (tt_cluster.cpp:513)
2026-08-20 09:14:59.463 | info     |             UMD | Closing devices in cluster (cluster.cpp:1037)
2026-08-20 09:15:00.017 | info     |             UMD | Closing devices in cluster completed. (cluster.cpp:1046)
2026-08-20 09:15:00.017 | info     |             UMD | Cluster destructor started. (cluster.cpp:754)
2026-08-20 09:15:00.017 | info     |             UMD | Cluster destructor completed. (cluster.cpp:757)
