2026-08-20 09:15:11.704 | DEBUG    | ttnn:<module>:79 - Initial ttnn.CONFIG:
Config{cache_path=/home/ttuser/.cache/ttnn,model_cache_path=/home/ttuser/.cache/ttnn/models,tmp_dir=/tmp/ttnn,enable_model_cache=false,enable_fast_runtime_mode=true,throw_exception_on_fallback=false,enable_logging=false,enable_graph_report=false,enable_graph_python_stack_traces=false,enable_detailed_buffer_report=false,enable_detailed_tensor_report=false,enable_comparison_mode=false,comparison_mode_should_raise_exception=false,comparison_mode_pcc=0.9999,root_report_path=generated/ttnn/reports,report_name=std::nullopt,std::nullopt}
2026-08-20 09:15:11.855 | info     |          Device | Opening user mode device driver (tt_cluster.cpp:228)
2026-08-20 09:15:11.855 | info     |             UMD | Cluster constructor started. (cluster.cpp:348)
2026-08-20 09:15:11.855 | info     |             UMD | Creating TopologyDiscovery for architecture: blackhole (topology_discovery.cpp:95)
2026-08-20 09:15:11.855 | info     |             UMD | Starting topology discovery. (topology_discovery.cpp:114)
2026-08-20 09:15:11.867 | info     |             UMD | Established firmware bundle version: 19.11.0 (topology_discovery.cpp:574)
2026-08-20 09:15:11.867 | info     |             UMD | Completed topology discovery. (topology_discovery.cpp:118)
2026-08-20 09:15:11.945 | info     |             UMD | Opening local chip ids/PCIe ids: {0, 1, 2, 3}/[0, 1, 2, 3] and remote chip ids {} (cluster.cpp:168)
2026-08-20 09:15:11.945 | info     |             UMD | IOMMU: enabled (cluster.cpp:142)
2026-08-20 09:15:11.945 | info     |             UMD | KMD version: 2.10.0 (cluster.cpp:145)
2026-08-20 09:15:11.945 | info     |             UMD | Cluster constructor completed. (cluster.cpp:520)
2026-08-20 09:15:11.946 | info     |             UMD | Starting devices in cluster (cluster.cpp:1024)
2026-08-20 09:15:12.262 | info     |             UMD | Starting devices in cluster completed. (cluster.cpp:1032)
2026-08-20 09:15:12.387 | info     |     Distributed | Using auto discovery to generate mesh graph. (metal_env.cpp:408)
2026-08-20 09:15:12.387 | info     |     Distributed | Constructing control plane using auto-discovery (no mesh graph descriptor). (metal_env.cpp:470)
2026-08-20 09:15:12.387 | warning  |          Always | Unknown motherboard 'B850M-C' for chip_id=0 (bus_id=0x1) — falling back to bus_id as tray_id. Add this motherboard and its bus IDs to mobo_to_bus_ids in physical_system_discovery.cpp. (physical_system_discovery.cpp:89)
2026-08-20 09:15:12.387 | warning  |          Always | Unknown motherboard 'B850M-C' for chip_id=1 (bus_id=0x2) — falling back to bus_id as tray_id. Add this motherboard and its bus IDs to mobo_to_bus_ids in physical_system_discovery.cpp. (physical_system_discovery.cpp:89)
2026-08-20 09:15:12.387 | warning  |          Always | Unknown motherboard 'B850M-C' for chip_id=2 (bus_id=0x3) — falling back to bus_id as tray_id. Add this motherboard and its bus IDs to mobo_to_bus_ids in physical_system_discovery.cpp. (physical_system_discovery.cpp:89)
2026-08-20 09:15:12.387 | warning  |          Always | Unknown motherboard 'B850M-C' for chip_id=3 (bus_id=0x4) — falling back to bus_id as tray_id. Add this motherboard and its bus IDs to mobo_to_bus_ids in physical_system_discovery.cpp. (physical_system_discovery.cpp:89)
2026-08-20 09:15:12.387 | warning  |          Always | Unknown motherboard 'B850M-C' for chip_id=1 (bus_id=0x2) — falling back to bus_id as tray_id. Add this motherboard and its bus IDs to mobo_to_bus_ids in physical_system_discovery.cpp. (physical_system_discovery.cpp:89)
2026-08-20 09:15:12.387 | warning  |          Always | Unknown motherboard 'B850M-C' for chip_id=0 (bus_id=0x1) — falling back to bus_id as tray_id. Add this motherboard and its bus IDs to mobo_to_bus_ids in physical_system_discovery.cpp. (physical_system_discovery.cpp:89)
2026-08-20 09:15:12.387 | warning  |          Always | Unknown motherboard 'B850M-C' for chip_id=2 (bus_id=0x3) — falling back to bus_id as tray_id. Add this motherboard and its bus IDs to mobo_to_bus_ids in physical_system_discovery.cpp. (physical_system_discovery.cpp:89)
2026-08-20 09:15:12.387 | warning  |          Always | Unknown motherboard 'B850M-C' for chip_id=3 (bus_id=0x4) — falling back to bus_id as tray_id. Add this motherboard and its bus IDs to mobo_to_bus_ids in physical_system_discovery.cpp. (physical_system_discovery.cpp:89)
2026-08-20 09:15:12.387 | info     |          Fabric | Logical multi-mesh adjacency: intermesh degree histogram {0:1}; intra-mesh degree histograms mesh0 {2:4} (topology_mapper_utils.cpp:2342)
2026-08-20 09:15:12.387 | info     |          Fabric | Physical multi-mesh adjacency: intermesh degree histogram {0:1}; intra-mesh degree histograms mesh0 {2:4} (topology_mapper_utils.cpp:2350)
2026-08-20 09:15:12.391 | info     |    BuildKernels | Using pre-compiled firmware from: /home/ttuser/.local/lib/model-bringup/tt-metal/tt_metal/pre-compiled/5822202293905037534/ (build_env_manager.cpp:347)
2026-08-20 09:15:12.392 | info     |    BuildKernels | Using pre-compiled firmware from: /home/ttuser/.local/lib/model-bringup/tt-metal/tt_metal/pre-compiled/5822202293905037534/ (build_env_manager.cpp:347)
2026-08-20 09:15:12.393 | info     |    BuildKernels | Using pre-compiled firmware from: /home/ttuser/.local/lib/model-bringup/tt-metal/tt_metal/pre-compiled/5822202293905037534/ (build_env_manager.cpp:347)
2026-08-20 09:15:12.393 | info     |    BuildKernels | Using pre-compiled firmware from: /home/ttuser/.local/lib/model-bringup/tt-metal/tt_metal/pre-compiled/5822202293905037534/ (build_env_manager.cpp:347)
2026-08-20 09:15:12.432 | info     |           Metal | Initializing Fabric (fabric_firmware_initializer.cpp:296)
2026-08-20 09:15:12.460 | info     |           Metal | Fabric initialized on Device 0 (device.cpp:431)
2026-08-20 09:15:12.460 | info     |           Metal | Fabric initialized on Device 1 (device.cpp:431)
2026-08-20 09:15:12.461 | info     |           Metal | Fabric initialized on Device 2 (device.cpp:431)
2026-08-20 09:15:12.462 | info     |           Metal | Fabric initialized on Device 3 (device.cpp:431)
2026-08-20 09:15:12.462 | info     |           Metal | Fabric initialized on 4 devices (fabric_firmware_initializer.cpp:444)
2026-08-20 09:15:12.462 | info     |           Metal | Fabric Initialized with config FabricConfig::FABRIC_1D_RING (fabric_firmware_initializer.cpp:313)
2026-08-20 09:15:12.512 | info     |           Metal | ShmResourceTracker: removed orphaned shm '/tt_device_154095680226368_memory' (shm_resource_tracker.cpp:282)
2026-08-20 09:15:12.512 | info     |           Metal | ShmResourceTracker: removed orphaned shm '/tt_device_154095680226369_memory' (shm_resource_tracker.cpp:282)
2026-08-20 09:15:12.512 | info     |           Metal | ShmResourceTracker: removed orphaned shm '/tt_device_154095680227712_memory' (shm_resource_tracker.cpp:282)
2026-08-20 09:15:12.512 | info     |           Metal | ShmResourceTracker: removed orphaned shm '/tt_device_154095680227713_memory' (shm_resource_tracker.cpp:282)
2026-08-20 09:15:13.092 | info     |           Metal | [Real-time profiler] Device 0 sync complete: 100 samples, frequency=1.349986 GHz, device_time_at_sync=8057678557845 cycles (realtime_profiler_manager.cpp:1127)
2026-08-20 09:15:13.092 | info     |           Metal | [Real-time profiler] Device 3 sync complete: 100 samples, frequency=1.349985 GHz, device_time_at_sync=8089367951151 cycles (realtime_profiler_manager.cpp:1127)
2026-08-20 09:15:13.092 | info     |           Metal | [Real-time profiler] Device 1 sync complete: 100 samples, frequency=1.349985 GHz, device_time_at_sync=8067116861495 cycles (realtime_profiler_manager.cpp:1127)
2026-08-20 09:15:13.094 | info     |           Metal | [Real-time profiler] Device 2 sync complete: 100 samples, frequency=1.349983 GHz, device_time_at_sync=8079113679854 cycles (realtime_profiler_manager.cpp:1127)
2026-08-20 09:15:13.622 | info     |           Metal | Pinned source memory start address 0x722f46c004a8 must be aligned 64 B (dispatch.cpp:1180)
2026-08-20 09:23:24.286 | DEBUG    | models.common.sampling.generator:reset_trace:137 - Resetting sampling trace (penalties=False, log_probs=False, force_argmax=False, trace_id=MeshTraceId(1))
entry[0]             top1=0.970 (97/100)  top5=1.000 (100/100)  top100=1.000 (100/100)  TTFT=14522.16ms  decode=16.42 t/s/u  e2e=4.87 t/s/u
AGGREGATE            top1=0.970 (97/100)  top5=1.000 (100/100)  top100=1.000 (100/100)  TTFT=14522.16ms  decode=16.42 t/s/u  e2e=4.87 t/s/u
nanobind: leaked 2 instances!
 - leaked instance 0x7252f056dc98 of type "ttnn._ttnn.tensor.CoreRangeSet"
 - leaked instance 0x723177ba8b88 of type "ttnn._ttnn.tensor.MemoryConfig"
nanobind: leaked 38 types!
 - leaked type "DispatchCoreAxis"
 - leaked type "ttnn._ttnn.device.SubDeviceManagerId"
 - leaked type "MathFidelity"
 - leaked type "ttnn._ttnn.operations.matmul.MatmulMultiCoreReuseMultiCast1DProgramConfig"
 - leaked type "ttnn._ttnn.operations.matmul.MatmulInputs"
 - leaked type "ttnn._ttnn.multi_device.MeshMapperConfig"
 - leaked type "ttnn._ttnn.operations.matmul.MatmulMultiCoreReuseMultiCastBatchedDRAMShardedProgramConfig"
 - leaked type "BufferType"
 - leaked type "UnaryOpType"
 - leaked type "Layout"
 - ... skipped remainder
nanobind: leaked 333 functions!
 - leaked function "experimental_set_per_core_allocation"
 - leaked function "to_json"
 - leaked function ""
 - leaked function ""
 - leaked function "get_optimal_dram_bank_to_logical_worker_assignment"
 - leaked function "__init__"
 - leaked function ""
 - leaked function ""
 - leaked function "from_json"
 - leaked function "default_core_range"
 - ... skipped remainder
nanobind: this is likely caused by a reference counting issue in the binding code.
See https://nanobind.readthedocs.io/en/latest/refleaks.html2026-08-20 09:23:24.952 | info     |    BuildKernels | JIT cache stats: 886/886 hits (100.0%) [886 cached, 602 build-once dedup, 0 merged artifacts, 0 merged genfiles] (build_cache_telemetry.cpp:207)
2026-08-20 09:23:24.952 | info     |    BuildKernels | JIT telemetry: 3 registered TelemetryTokens (build_cache_telemetry.cpp:230)
2026-08-20 09:23:24.975 | info     |          Device | Closing user mode device drivers (tt_cluster.cpp:513)
2026-08-20 09:23:24.975 | info     |             UMD | Closing devices in cluster (cluster.cpp:1037)
2026-08-20 09:23:25.473 | info     |             UMD | Closing devices in cluster completed. (cluster.cpp:1046)
2026-08-20 09:23:25.473 | info     |             UMD | Cluster destructor started. (cluster.cpp:754)
2026-08-20 09:23:25.473 | info     |             UMD | Cluster destructor completed. (cluster.cpp:757)
