2026-07-17 14:59:52.735 | DEBUG    | ttnn:<module>:79 - Initial ttnn.CONFIG:
Config{cache_path=/home/ttuser/.cache/ttnn,model_cache_path=/home/ttuser/.cache/ttnn/models,tmp_dir=/tmp/ttnn,enable_model_cache=false,enable_fast_runtime_mode=true,throw_exception_on_fallback=false,enable_logging=false,enable_graph_report=false,enable_graph_python_stack_traces=false,enable_detailed_buffer_report=false,enable_detailed_tensor_report=false,enable_comparison_mode=false,comparison_mode_should_raise_exception=false,comparison_mode_pcc=0.9999,root_report_path=generated/ttnn/reports,report_name=std::nullopt,std::nullopt}
============================= test session starts ==============================
platform linux -- Python 3.12.3, pytest-9.0.3, pluggy-1.6.0 -- /home/ttuser/.tenstorrent-venv/bin/python
cachedir: .pytest_cache
rootdir: /home/ttuser/dev/tt-metal
configfile: pytest.ini
plugins: anyio-4.13.0
collecting ... collected 1 item

models/autoports/hexgrad_kokoro_82m/tests/test_multichip_decoder.py::test_uses_multichip_tp_path 2026-07-17 14:59:53.723 | info     |          Device | Opening user mode device driver (tt_cluster.cpp:228)
2026-07-17 14:59:53.723 | info     |             UMD | Cluster constructor started. (cluster.cpp:348)
2026-07-17 14:59:53.723 | info     |             UMD | Creating TopologyDiscovery for architecture: blackhole (topology_discovery.cpp:91)
2026-07-17 14:59:53.723 | info     |             UMD | Starting topology discovery. (topology_discovery.cpp:110)
2026-07-17 14:59:53.726 | info     |             UMD | Established firmware bundle version: 19.11.0 (topology_discovery.cpp:569)
2026-07-17 14:59:53.726 | info     |             UMD | Firmware bundle version 19.11.0 on the system is newer than the latest fully tested version 19.5.0 for blackhole architecture. Newest features may not be supported. (topology_discovery.cpp:601)
2026-07-17 14:59:53.736 | info     |             UMD | Completed topology discovery. (topology_discovery.cpp:114)
2026-07-17 14:59:54.046 | info     |             UMD | Opening local chip ids/PCIe ids: {0, 1, 2, 3}/[0, 1, 2, 3] and remote chip ids {} (cluster.cpp:168)
2026-07-17 14:59:54.047 | info     |             UMD | IOMMU: enabled (cluster.cpp:142)
2026-07-17 14:59:54.047 | info     |             UMD | KMD version: 2.9.0 (cluster.cpp:145)
2026-07-17 14:59:54.047 | info     |             UMD | Cluster constructor completed. (cluster.cpp:520)
2026-07-17 14:59:54.049 | info     |             UMD | Starting devices in cluster (cluster.cpp:1024)
2026-07-17 14:59:54.229 | info     |             UMD | Starting devices in cluster completed. (cluster.cpp:1032)
2026-07-17 14:59:54.371 | info     |     Distributed | Using auto discovery to generate mesh graph. (metal_env.cpp:367)
2026-07-17 14:59:54.371 | info     |     Distributed | Constructing control plane using auto-discovery (no mesh graph descriptor). (metal_env.cpp:429)
2026-07-17 14:59:54.371 | warning  |          Always | Unknown motherboard 'B850M-C' for chip_id=0 (bus_id=0x1) — falling back to bus_id as tray_id. Add this motherboard and its bus IDs to mobo_to_bus_ids in physical_system_discovery.cpp. (physical_system_discovery.cpp:89)
2026-07-17 14:59:54.371 | warning  |          Always | Unknown motherboard 'B850M-C' for chip_id=1 (bus_id=0x2) — falling back to bus_id as tray_id. Add this motherboard and its bus IDs to mobo_to_bus_ids in physical_system_discovery.cpp. (physical_system_discovery.cpp:89)
2026-07-17 14:59:54.371 | warning  |          Always | Unknown motherboard 'B850M-C' for chip_id=2 (bus_id=0x3) — falling back to bus_id as tray_id. Add this motherboard and its bus IDs to mobo_to_bus_ids in physical_system_discovery.cpp. (physical_system_discovery.cpp:89)
2026-07-17 14:59:54.371 | warning  |          Always | Unknown motherboard 'B850M-C' for chip_id=3 (bus_id=0x4) — falling back to bus_id as tray_id. Add this motherboard and its bus IDs to mobo_to_bus_ids in physical_system_discovery.cpp. (physical_system_discovery.cpp:89)
2026-07-17 14:59:54.371 | warning  |          Always | Unknown motherboard 'B850M-C' for chip_id=1 (bus_id=0x2) — falling back to bus_id as tray_id. Add this motherboard and its bus IDs to mobo_to_bus_ids in physical_system_discovery.cpp. (physical_system_discovery.cpp:89)
2026-07-17 14:59:54.371 | warning  |          Always | Unknown motherboard 'B850M-C' for chip_id=0 (bus_id=0x1) — falling back to bus_id as tray_id. Add this motherboard and its bus IDs to mobo_to_bus_ids in physical_system_discovery.cpp. (physical_system_discovery.cpp:89)
2026-07-17 14:59:54.371 | warning  |          Always | Unknown motherboard 'B850M-C' for chip_id=2 (bus_id=0x3) — falling back to bus_id as tray_id. Add this motherboard and its bus IDs to mobo_to_bus_ids in physical_system_discovery.cpp. (physical_system_discovery.cpp:89)
2026-07-17 14:59:54.371 | warning  |          Always | Unknown motherboard 'B850M-C' for chip_id=3 (bus_id=0x4) — falling back to bus_id as tray_id. Add this motherboard and its bus IDs to mobo_to_bus_ids in physical_system_discovery.cpp. (physical_system_discovery.cpp:89)
2026-07-17 14:59:54.371 | info     |          Fabric | Logical multi-mesh adjacency: intermesh degree histogram {0:1}; intra-mesh degree histograms mesh0 {2:4} (topology_mapper_utils.cpp:2342)
2026-07-17 14:59:54.371 | info     |          Fabric | Physical multi-mesh adjacency: intermesh degree histogram {0:1}; intra-mesh degree histograms mesh0 {2:4} (topology_mapper_utils.cpp:2350)
2026-07-17 14:59:54.371 | info     |           Metal | Fabric config changed from FabricConfig::DISABLED to FabricConfig::FABRIC_1D_RING, reinitializing control plane (metal_env.cpp:281)
2026-07-17 14:59:54.372 | info     |     Distributed | Using auto discovery to generate mesh graph. (metal_env.cpp:367)
2026-07-17 14:59:54.372 | info     |     Distributed | Constructing control plane using auto-discovery (no mesh graph descriptor). (metal_env.cpp:429)
2026-07-17 14:59:54.372 | warning  |          Always | Unknown motherboard 'B850M-C' for chip_id=0 (bus_id=0x1) — falling back to bus_id as tray_id. Add this motherboard and its bus IDs to mobo_to_bus_ids in physical_system_discovery.cpp. (physical_system_discovery.cpp:89)
2026-07-17 14:59:54.372 | warning  |          Always | Unknown motherboard 'B850M-C' for chip_id=1 (bus_id=0x2) — falling back to bus_id as tray_id. Add this motherboard and its bus IDs to mobo_to_bus_ids in physical_system_discovery.cpp. (physical_system_discovery.cpp:89)
2026-07-17 14:59:54.372 | warning  |          Always | Unknown motherboard 'B850M-C' for chip_id=2 (bus_id=0x3) — falling back to bus_id as tray_id. Add this motherboard and its bus IDs to mobo_to_bus_ids in physical_system_discovery.cpp. (physical_system_discovery.cpp:89)
2026-07-17 14:59:54.372 | warning  |          Always | Unknown motherboard 'B850M-C' for chip_id=3 (bus_id=0x4) — falling back to bus_id as tray_id. Add this motherboard and its bus IDs to mobo_to_bus_ids in physical_system_discovery.cpp. (physical_system_discovery.cpp:89)
2026-07-17 14:59:54.372 | warning  |          Always | Unknown motherboard 'B850M-C' for chip_id=1 (bus_id=0x2) — falling back to bus_id as tray_id. Add this motherboard and its bus IDs to mobo_to_bus_ids in physical_system_discovery.cpp. (physical_system_discovery.cpp:89)
2026-07-17 14:59:54.372 | warning  |          Always | Unknown motherboard 'B850M-C' for chip_id=0 (bus_id=0x1) — falling back to bus_id as tray_id. Add this motherboard and its bus IDs to mobo_to_bus_ids in physical_system_discovery.cpp. (physical_system_discovery.cpp:89)
2026-07-17 14:59:54.372 | warning  |          Always | Unknown motherboard 'B850M-C' for chip_id=2 (bus_id=0x3) — falling back to bus_id as tray_id. Add this motherboard and its bus IDs to mobo_to_bus_ids in physical_system_discovery.cpp. (physical_system_discovery.cpp:89)
2026-07-17 14:59:54.372 | warning  |          Always | Unknown motherboard 'B850M-C' for chip_id=3 (bus_id=0x4) — falling back to bus_id as tray_id. Add this motherboard and its bus IDs to mobo_to_bus_ids in physical_system_discovery.cpp. (physical_system_discovery.cpp:89)
2026-07-17 14:59:54.372 | info     |          Fabric | Logical multi-mesh adjacency: intermesh degree histogram {0:1}; intra-mesh degree histograms mesh0 {2:4} (topology_mapper_utils.cpp:2342)
2026-07-17 14:59:54.372 | info     |          Fabric | Physical multi-mesh adjacency: intermesh degree histogram {0:1}; intra-mesh degree histograms mesh0 {2:4} (topology_mapper_utils.cpp:2350)
2026-07-17 14:59:54.372 | DEBUG    | ttnn.device:__init__:152 - Using default dispatch core type for this system: DispatchCoreType.WORKER
2026-07-17 14:59:54.372 | DEBUG    | ttnn.device:__init__:154 - Using default dispatch core axis for this system: DispatchCoreAxis.COL
2026-07-17 14:59:55.163 | info     |       LLRuntime | Watcher log file: /home/ttuser/dev/tt-metal/generated/watcher/watcher.log (watcher_server.cpp:286)
2026-07-17 14:59:55.163 | info     |       LLRuntime | Watcher attached device 0 (watcher_server.cpp:132)
2026-07-17 14:59:55.163 | info     |       LLRuntime | Watcher attached device 1 (watcher_server.cpp:132)
2026-07-17 14:59:55.163 | info     |       LLRuntime | Watcher attached device 2 (watcher_server.cpp:132)
2026-07-17 14:59:55.163 | info     |       LLRuntime | Watcher attached device 3 (watcher_server.cpp:132)
2026-07-17 14:59:55.163 | info     |       LLRuntime | Watcher server initialized, disabled features: None (watcher_server.cpp:547)
2026-07-17 14:59:55.163 | info     |           Metal | Watcher checking device 0 (watcher_device_reader.cpp:393)
2026-07-17 14:59:55.169 | info     |           Metal | Watcher checking device 1 (watcher_device_reader.cpp:393)
2026-07-17 14:59:55.171 | info     |           Metal | Initializing Fabric (fabric_firmware_initializer.cpp:288)
2026-07-17 14:59:55.177 | info     |           Metal | Watcher checking device 2 (watcher_device_reader.cpp:393)
2026-07-17 14:59:55.184 | info     |           Metal | Watcher checking device 3 (watcher_device_reader.cpp:393)
2026-07-17 14:59:59.474 | critical |          Always | TT_FATAL: Program size (27920) too large for kernel config buffer (25600) on ACTIVE_ETH (assert.hpp:104)
ERROR

==================================== ERRORS ====================================
________________ ERROR at setup of test_uses_multichip_tp_path _________________

    @pytest.fixture(scope="module")
    def mesh():
        try:
            sys_desc = ttnn._ttnn.multi_device.SystemMeshDescriptor()
            sys_shape = tuple(sys_desc.shape())
        except Exception as e:
            pytest.skip(f"cannot query system mesh: {e}")
        if sys_shape[0] * sys_shape[1] < MESH_SHAPE[0] * MESH_SHAPE[1]:
            pytest.skip(f"system mesh {sys_shape} too small for {MESH_SHAPE}")
        # Physical 4-ring -> ring fabric + Topology.Ring is the fastest config.
        ttnn.set_fabric_config(ttnn.FabricConfig.FABRIC_1D_RING, ttnn.FabricReliabilityMode.STRICT_INIT, None, ttnn.FabricTensixConfig.DISABLED)
>       dev = ttnn.open_mesh_device(mesh_shape=ttnn.MeshShape(MESH_SHAPE), trace_region_size=90000000)
              ^^^^^^^^^^^^^^^^^^^^^^^^^^^^^^^^^^^^^^^^^^^^^^^^^^^^^^^^^^^^^^^^^^^^^^^^^^^^^^^^^^^^^^^^

models/autoports/hexgrad_kokoro_82m/tests/test_multichip_decoder.py:158:
_ _ _ _ _ _ _ _ _ _ _ _ _ _ _ _ _ _ _ _ _ _ _ _ _ _ _ _ _ _ _ _ _ _ _ _ _ _ _ _

mesh_shape = MeshShape([1, 4]), l1_small_size = 0, trace_region_size = 90000000
num_command_queues = 1, dispatch_core_config = None, offset = None
physical_device_ids = [], worker_l1_size = 0

    def open_mesh_device(
        mesh_shape: ttnn.MeshShape = None,
        l1_small_size: int = ttnn._ttnn.device.DEFAULT_L1_SMALL_SIZE,
        trace_region_size: int = ttnn._ttnn.device.DEFAULT_TRACE_REGION_SIZE,
        num_command_queues: int = 1,
        dispatch_core_config: ttnn.DispatchCoreConfig = None,
        offset: Optional[ttnn.MeshCoordinate] = None,
        physical_device_ids: List[int] = [],
        worker_l1_size: int = ttnn._ttnn.device.DEFAULT_WORKER_L1_SIZE,
    ):
        """
        Open a mesh device with the specified configuration.

        Args:
            mesh_shape (ttnn.MeshShape, optional): The shape of the mesh device. Defaults to the global shape of the system mesh.
            l1_small_size (int, optional): Size of the L1 small memory. Defaults to ttnn._ttnn.device.DEFAULT_L1_SMALL_SIZE.
            trace_region_size (int, optional): Size of the trace region. Defaults to ttnn._ttnn.device.DEFAULT_TRACE_REGION_SIZE.
            num_command_queues (int, optional): Number of command queues. Defaults to 1.
            dispatch_core_type (int, optional): Type of dispatch core. Defaults to DispatchCoreType.WORKER.
            offset (ttnn.MeshCoordinate, optional): Offset in logical mesh coordinates for the mesh device. Defaults to None.
            physical_device_ids (List[int], optional): List of physical device IDs to use. Defaults to [].
            worker_l1_size (int, optional): Size of the usable worker L1 memory. Defaults to ttnn._ttnn.device.DEFAULT_WORKER_L1_SIZE.

        Returns:
            ttnn._ttnn.multi_device.MeshDevice: The opened mesh device.

        """
>       return ttnn._ttnn.multi_device.open_mesh_device(
            l1_small_size=l1_small_size,
            trace_region_size=trace_region_size,
            num_command_queues=num_command_queues,
            dispatch_core_config=dispatch_core_config or ttnn.DispatchCoreConfig(),
            mesh_shape=mesh_shape,
            offset=offset,
            physical_device_ids=physical_device_ids,
            worker_l1_size=worker_l1_size,
        )
E       RuntimeError: TT_FATAL @ /home/ttuser/dev/tt-metal/tt_metal/impl/program/program.cpp:2483: state.offset <= max_size
E       info:
E       Program size (27920) too large for kernel config buffer (25600) on ACTIVE_ETH
E       backtrace:
E        --- /home/ttuser/dev/tt-metal/build_Release/lib/libtt_metal.so(+0x8ecf9a) [0x78f92f0ecf9a]
E        --- /home/ttuser/dev/tt-metal/build_Release/lib/libtt_metal.so(_ZN2tt8tt_metal6detail11ProgramImpl24finalize_program_offsetsEN4ttsl10StrongTypeIiNS0_12ContextIdTagEEEPNS0_7IDeviceERKSt8functionIFRSt13unordered_mapIjSt10shared_ptrINS0_6KernelEESt4hashIjESt8equal_toIjESaISt4pairIKjSD_EEEjEERKS9_IFRSt6vectorISB_INS0_11KernelGroupEESaISU_EEjEERKS9_IFRKSS_INS0_9SemaphoreESaIS12_EEvEESt4spanIPS2_Lm18446744073709551615EE+0xa6e) [0x78f92f0cb5be]
E        --- tt::tt_metal::detail::ProgramImpl::finalize_offsets(tt::tt_metal::IDevice*)
E        --- tt::tt_metal::Device::configure_fabric()
E        --- tt::tt_metal::FabricFirmwareInitializer::compile_and_configure_fabric()
E        --- tt::tt_metal::FabricFirmwareInitializer::init(std::vector<tt::tt_metal::Device*, std::allocator<tt::tt_metal::Device*> > const&, std::unordered_set<tt::tt_metal::InitializerKey, std::hash<tt::tt_metal::InitializerKey>, std::equal_to<tt::tt_metal::InitializerKey>, std::allocator<tt::tt_metal::InitializerKey> > const&)
E        --- tt::tt_metal::DeviceManager::initialize_fabric_and_dispatch_fw()
E        --- tt::tt_metal::distributed::MeshDeviceImpl::create(ttsl::StrongType<int, tt::tt_metal::ContextIdTag>, tt::tt_metal::distributed::MeshDeviceConfig const&, unsigned long, unsigned long, unsigned long, tt::tt_metal::DispatchCoreConfig const&, std::span<unsigned int const, 18446744073709551615ul>, unsigned long)
E        --- tt::tt_metal::distributed::MeshDevice::create(tt::tt_metal::distributed::MeshDeviceConfig const&, unsigned long, unsigned long, unsigned long, tt::tt_metal::DispatchCoreConfig const&, std::span<unsigned int const, 18446744073709551615ul>, unsigned long)
E        --- ttnn::distributed::open_mesh_device(unsigned long, unsigned long, unsigned long, tt::tt_metal::DispatchCoreConfig const&, std::optional<tt::tt_metal::distributed::MeshShape> const&, std::optional<tt::tt_metal::distributed::MeshCoordinate> const&, std::vector<int, std::allocator<int> > const&, unsigned long)
E        --- /home/ttuser/dev/tt-metal/ttnn/ttnn/_ttnn.so(+0x801f96) [0x78f932201f96]
E        --- /home/ttuser/dev/tt-metal/ttnn/ttnn/_ttnn.so(+0x315575) [0x78f931d15575]
E        --- python(PyObject_Vectorcall+0x35) [0x549935]
E        --- python(_PyEval_EvalFrameDefault+0xa89) [0x5d6f09]
E        --- python() [0x5551d6]
E        --- python() [0x5d3f2c]
E        --- python() [0x581cf7]
E        --- python(PyObject_Vectorcall+0x35) [0x549935]
E        --- python(_PyEval_EvalFrameDefault+0xa89) [0x5d6f09]
E        --- python(_PyObject_Call_Prepend+0x18a) [0x54a84a]
E        --- python() [0x5a31b8]
E        --- python(_PyObject_MakeTpCall+0x13e) [0x548ffe]
E        --- python(_PyEval_EvalFrameDefault+0xa89) [0x5d6f09]
E        --- python(_PyObject_Call_Prepend+0x18a) [0x54a84a]
E        --- python() [0x5a31b8]
E        --- python(PyObject_Call+0x6c) [0x54b0ac]
E        --- python(_PyEval_EvalFrameDefault+0x4cbe) [0x5db13e]
E        --- python(_PyObject_Call_Prepend+0x18a) [0x54a84a]
E        --- python() [0x5a31b8]
E        --- python(_PyObject_MakeTpCall+0x13e) [0x548ffe]
E        --- python(_PyEval_EvalFrameDefault+0xa89) [0x5d6f09]
E        --- python(_PyObject_Call_Prepend+0x18a) [0x54a84a]
E        --- python() [0x5a31b8]
E        --- python(_PyObject_MakeTpCall+0x13e) [0x548ffe]
E        --- python(_PyEval_EvalFrameDefault+0xa89) [0x5d6f09]
E        --- python(_PyObject_Call_Prepend+0x18a) [0x54a84a]
E        --- python() [0x5a31b8]
E        --- python(_PyObject_MakeTpCall+0x13e) [0x548ffe]
E        --- python(_PyEval_EvalFrameDefault+0xa89) [0x5d6f09]
E        --- python(PyEval_EvalCode+0x15b) [0x5d544b]
E        --- python() [0x5d2fdc]
E        --- python() [0x581add]
E        --- python(PyObject_Vectorcall+0x35) [0x549935]
E        --- python(_PyEval_EvalFrameDefault+0xa89) [0x5d6f09]
E        --- python() [0x6bce82]
E        --- python(Py_RunMain+0x232) [0x6bcab2]
E        --- python(Py_BytesMain+0x2d) [0x6bc71d]
E        --- /lib/x86_64-linux-gnu/libc.so.6(+0x2a1ca) [0x78f977a2a1ca]
E        --- /lib/x86_64-linux-gnu/libc.so.6(__libc_start_main+0x8b) [0x78f977a2a28b]
E        --- python(_start+0x25) [0x657bc5]

ttnn/ttnn/distributed/distributed.py:671: RuntimeError
=============================== warnings summary ===============================
../../.tenstorrent-venv/lib/python3.12/site-packages/_pytest/config/__init__.py:1434
  /home/ttuser/.tenstorrent-venv/lib/python3.12/site-packages/_pytest/config/__init__.py:1434: PytestConfigWarning: Unknown config option: timeout

    self._warn_or_fail_if_strict(f"Unknown config option: {key}\n")

-- Docs: https://docs.pytest.org/en/stable/how-to/capture-warnings.html
- generated xml file: /home/ttuser/dev/tt-metal/generated/test_reports/most_recent_tests.xml -
============================== slowest durations ===============================
5.76s setup    models/autoports/hexgrad_kokoro_82m/tests/test_multichip_decoder.py::test_uses_multichip_tp_path

(1 durations < 0.005s hidden.  Use -vv to show these durations.)
=========================== short test summary info ============================
ERROR models/autoports/hexgrad_kokoro_82m/tests/test_multichip_decoder.py::test_uses_multichip_tp_path
========================= 1 warning, 1 error in 5.85s ==========================
nanobind: leaked 2 instances!
 - leaked instance 0x78f91a5d4408 of type "ttnn._ttnn.tensor.MemoryConfig"
 - leaked instance 0x78f91a66f6d8 of type "ttnn._ttnn.tensor.CoreRangeSet"
nanobind: leaked 21 types!
 - leaked type "ttnn._ttnn.operations.matmul.MatmulMultiCoreReuseMultiCast1DProgramConfig"
 - leaked type "ttnn._ttnn.operations.matmul.MatmulInputs"
 - leaked type "ttnn._ttnn.operations.matmul.MatmulMultiCoreReuseMultiCastBatchedDRAMShardedProgramConfig"
 - leaked type "BufferType"
 - leaked type "UnaryOpType"
 - leaked type "Layout"
 - leaked type "ttnn._ttnn.operations.matmul.MatmulMultiCoreReuseOptimizedProgramFactory"
 - leaked type "Arch"
 - leaked type "ttnn._ttnn.operations.matmul.MatmulParams"
 - leaked type "ttnn._ttnn.tensor.CoreRangeSet"
 - ... skipped remainder
nanobind: leaked 247 functions!
 - leaked function "__repr__"
 - leaked function "merge"
 - leaked function ""
 - leaked function ""
 - leaked function ""
 - leaked function ""
 - leaked function "from_json"
 - leaked function "__repr__"
 - leaked function ""
 - leaked function "id"
 - ... skipped remainder
nanobind: this is likely caused by a reference counting issue in the binding code.
See https://nanobind.readthedocs.io/en/latest/refleaks.html2026-07-17 15:00:01.769 | info     |    BuildKernels | JIT cache stats: 0/41 hits (0.0%) [0 cached, 3 build-once dedup, 0 merged artifacts, 0 merged genfiles] (build_cache_telemetry.cpp:207)
2026-07-17 15:00:01.769 | info     |    BuildKernels | JIT telemetry: 2 registered TelemetryTokens (build_cache_telemetry.cpp:230)
2026-07-17 15:00:01.769 | info     |       LLRuntime | Watcher thread stopped watching... (watcher_server.cpp:595)
2026-07-17 15:00:01.769 | info     |       LLRuntime | Watcher detached device 0 (watcher_server.cpp:181)
2026-07-17 15:00:01.769 | info     |       LLRuntime | Watcher detached device 1 (watcher_server.cpp:181)
2026-07-17 15:00:01.769 | info     |       LLRuntime | Watcher detached device 2 (watcher_server.cpp:181)
2026-07-17 15:00:01.769 | info     |       LLRuntime | Watcher detached device 3 (watcher_server.cpp:181)
2026-07-17 15:00:01.785 | info     |          Device | Closing user mode device drivers (tt_cluster.cpp:512)
2026-07-17 15:00:01.785 | info     |             UMD | Closing devices in cluster (cluster.cpp:1037)
timeout: the monitored command dumped core
