2026-07-17 14:25:35.408 | DEBUG    | ttnn:<module>:79 - Initial ttnn.CONFIG:
Config{cache_path=/home/ttuser/.cache/ttnn,model_cache_path=/home/ttuser/.cache/ttnn/models,tmp_dir=/tmp/ttnn,enable_model_cache=false,enable_fast_runtime_mode=true,throw_exception_on_fallback=false,enable_logging=false,enable_graph_report=false,enable_graph_python_stack_traces=false,enable_detailed_buffer_report=false,enable_detailed_tensor_report=false,enable_comparison_mode=false,comparison_mode_should_raise_exception=false,comparison_mode_pcc=0.9999,root_report_path=generated/ttnn/reports,report_name=std::nullopt,std::nullopt}
============================= test session starts ==============================
platform linux -- Python 3.12.3, pytest-9.0.3, pluggy-1.6.0 -- /home/ttuser/.tenstorrent-venv/bin/python
cachedir: .pytest_cache
rootdir: /home/ttuser/dev/tt-metal
configfile: pytest.ini
plugins: anyio-4.13.0
collecting ... collected 27 items / 20 deselected / 7 selected

models/autoports/hexgrad_kokoro_82m/tests/test_multichip_decoder.py::test_prefill_pcc_vs_single_chip[512] 2026-07-17 14:25:36.095 | info     |          Device | Opening user mode device driver (tt_cluster.cpp:228)
2026-07-17 14:25:36.095 | info     |             UMD | Cluster constructor started. (cluster.cpp:348)
2026-07-17 14:25:36.095 | info     |             UMD | Creating TopologyDiscovery for architecture: blackhole (topology_discovery.cpp:91)
2026-07-17 14:25:36.095 | info     |             UMD | Starting topology discovery. (topology_discovery.cpp:110)
2026-07-17 14:25:36.098 | info     |             UMD | Established firmware bundle version: 19.11.0 (topology_discovery.cpp:569)
2026-07-17 14:25:36.098 | info     |             UMD | Firmware bundle version 19.11.0 on the system is newer than the latest fully tested version 19.5.0 for blackhole architecture. Newest features may not be supported. (topology_discovery.cpp:601)
2026-07-17 14:25:36.108 | info     |             UMD | Completed topology discovery. (topology_discovery.cpp:114)
2026-07-17 14:25:36.329 | info     |             UMD | Opening local chip ids/PCIe ids: {0, 1, 2, 3}/[0, 1, 2, 3] and remote chip ids {} (cluster.cpp:168)
2026-07-17 14:25:36.329 | info     |             UMD | IOMMU: enabled (cluster.cpp:142)
2026-07-17 14:25:36.329 | info     |             UMD | KMD version: 2.9.0 (cluster.cpp:145)
2026-07-17 14:25:36.329 | info     |             UMD | Cluster constructor completed. (cluster.cpp:520)
2026-07-17 14:25:36.331 | info     |             UMD | Starting devices in cluster (cluster.cpp:1024)
2026-07-17 14:25:36.334 | info     |             UMD | Starting devices in cluster completed. (cluster.cpp:1032)
2026-07-17 14:25:36.456 | info     |     Distributed | Using auto discovery to generate mesh graph. (metal_env.cpp:367)
2026-07-17 14:25:36.456 | info     |     Distributed | Constructing control plane using auto-discovery (no mesh graph descriptor). (metal_env.cpp:429)
2026-07-17 14:25:36.456 | warning  |          Always | Unknown motherboard 'B850M-C' for chip_id=0 (bus_id=0x1) — falling back to bus_id as tray_id. Add this motherboard and its bus IDs to mobo_to_bus_ids in physical_system_discovery.cpp. (physical_system_discovery.cpp:89)
2026-07-17 14:25:36.456 | warning  |          Always | Unknown motherboard 'B850M-C' for chip_id=1 (bus_id=0x2) — falling back to bus_id as tray_id. Add this motherboard and its bus IDs to mobo_to_bus_ids in physical_system_discovery.cpp. (physical_system_discovery.cpp:89)
2026-07-17 14:25:36.456 | warning  |          Always | Unknown motherboard 'B850M-C' for chip_id=2 (bus_id=0x3) — falling back to bus_id as tray_id. Add this motherboard and its bus IDs to mobo_to_bus_ids in physical_system_discovery.cpp. (physical_system_discovery.cpp:89)
2026-07-17 14:25:36.456 | warning  |          Always | Unknown motherboard 'B850M-C' for chip_id=3 (bus_id=0x4) — falling back to bus_id as tray_id. Add this motherboard and its bus IDs to mobo_to_bus_ids in physical_system_discovery.cpp. (physical_system_discovery.cpp:89)
2026-07-17 14:25:36.456 | warning  |          Always | Unknown motherboard 'B850M-C' for chip_id=1 (bus_id=0x2) — falling back to bus_id as tray_id. Add this motherboard and its bus IDs to mobo_to_bus_ids in physical_system_discovery.cpp. (physical_system_discovery.cpp:89)
2026-07-17 14:25:36.456 | warning  |          Always | Unknown motherboard 'B850M-C' for chip_id=0 (bus_id=0x1) — falling back to bus_id as tray_id. Add this motherboard and its bus IDs to mobo_to_bus_ids in physical_system_discovery.cpp. (physical_system_discovery.cpp:89)
2026-07-17 14:25:36.456 | warning  |          Always | Unknown motherboard 'B850M-C' for chip_id=2 (bus_id=0x3) — falling back to bus_id as tray_id. Add this motherboard and its bus IDs to mobo_to_bus_ids in physical_system_discovery.cpp. (physical_system_discovery.cpp:89)
2026-07-17 14:25:36.456 | warning  |          Always | Unknown motherboard 'B850M-C' for chip_id=3 (bus_id=0x4) — falling back to bus_id as tray_id. Add this motherboard and its bus IDs to mobo_to_bus_ids in physical_system_discovery.cpp. (physical_system_discovery.cpp:89)
2026-07-17 14:25:36.456 | info     |          Fabric | Logical multi-mesh adjacency: intermesh degree histogram {0:1}; intra-mesh degree histograms mesh0 {2:4} (topology_mapper_utils.cpp:2342)
2026-07-17 14:25:36.456 | info     |          Fabric | Physical multi-mesh adjacency: intermesh degree histogram {0:1}; intra-mesh degree histograms mesh0 {2:4} (topology_mapper_utils.cpp:2350)
2026-07-17 14:25:36.457 | info     |           Metal | Fabric config changed from FabricConfig::DISABLED to FabricConfig::FABRIC_1D_RING, reinitializing control plane (metal_env.cpp:281)
2026-07-17 14:25:36.457 | info     |     Distributed | Using auto discovery to generate mesh graph. (metal_env.cpp:367)
2026-07-17 14:25:36.457 | info     |     Distributed | Constructing control plane using auto-discovery (no mesh graph descriptor). (metal_env.cpp:429)
2026-07-17 14:25:36.457 | warning  |          Always | Unknown motherboard 'B850M-C' for chip_id=0 (bus_id=0x1) — falling back to bus_id as tray_id. Add this motherboard and its bus IDs to mobo_to_bus_ids in physical_system_discovery.cpp. (physical_system_discovery.cpp:89)
2026-07-17 14:25:36.457 | warning  |          Always | Unknown motherboard 'B850M-C' for chip_id=1 (bus_id=0x2) — falling back to bus_id as tray_id. Add this motherboard and its bus IDs to mobo_to_bus_ids in physical_system_discovery.cpp. (physical_system_discovery.cpp:89)
2026-07-17 14:25:36.457 | warning  |          Always | Unknown motherboard 'B850M-C' for chip_id=2 (bus_id=0x3) — falling back to bus_id as tray_id. Add this motherboard and its bus IDs to mobo_to_bus_ids in physical_system_discovery.cpp. (physical_system_discovery.cpp:89)
2026-07-17 14:25:36.457 | warning  |          Always | Unknown motherboard 'B850M-C' for chip_id=3 (bus_id=0x4) — falling back to bus_id as tray_id. Add this motherboard and its bus IDs to mobo_to_bus_ids in physical_system_discovery.cpp. (physical_system_discovery.cpp:89)
2026-07-17 14:25:36.457 | warning  |          Always | Unknown motherboard 'B850M-C' for chip_id=1 (bus_id=0x2) — falling back to bus_id as tray_id. Add this motherboard and its bus IDs to mobo_to_bus_ids in physical_system_discovery.cpp. (physical_system_discovery.cpp:89)
2026-07-17 14:25:36.457 | warning  |          Always | Unknown motherboard 'B850M-C' for chip_id=0 (bus_id=0x1) — falling back to bus_id as tray_id. Add this motherboard and its bus IDs to mobo_to_bus_ids in physical_system_discovery.cpp. (physical_system_discovery.cpp:89)
2026-07-17 14:25:36.457 | warning  |          Always | Unknown motherboard 'B850M-C' for chip_id=2 (bus_id=0x3) — falling back to bus_id as tray_id. Add this motherboard and its bus IDs to mobo_to_bus_ids in physical_system_discovery.cpp. (physical_system_discovery.cpp:89)
2026-07-17 14:25:36.457 | warning  |          Always | Unknown motherboard 'B850M-C' for chip_id=3 (bus_id=0x4) — falling back to bus_id as tray_id. Add this motherboard and its bus IDs to mobo_to_bus_ids in physical_system_discovery.cpp. (physical_system_discovery.cpp:89)
2026-07-17 14:25:36.457 | info     |          Fabric | Logical multi-mesh adjacency: intermesh degree histogram {0:1}; intra-mesh degree histograms mesh0 {2:4} (topology_mapper_utils.cpp:2342)
2026-07-17 14:25:36.457 | info     |          Fabric | Physical multi-mesh adjacency: intermesh degree histogram {0:1}; intra-mesh degree histograms mesh0 {2:4} (topology_mapper_utils.cpp:2350)
2026-07-17 14:25:36.457 | DEBUG    | ttnn.device:__init__:152 - Using default dispatch core type for this system: DispatchCoreType.WORKER
2026-07-17 14:25:36.457 | DEBUG    | ttnn.device:__init__:154 - Using default dispatch core axis for this system: DispatchCoreAxis.COL
2026-07-17 14:25:37.078 | info     |       LLRuntime | Watcher log file: /home/ttuser/dev/tt-metal/generated/watcher/watcher.log (watcher_server.cpp:286)
2026-07-17 14:25:37.078 | info     |       LLRuntime | Watcher attached device 0 (watcher_server.cpp:132)
2026-07-17 14:25:37.078 | info     |       LLRuntime | Watcher attached device 1 (watcher_server.cpp:132)
2026-07-17 14:25:37.078 | info     |       LLRuntime | Watcher attached device 2 (watcher_server.cpp:132)
2026-07-17 14:25:37.078 | info     |       LLRuntime | Watcher attached device 3 (watcher_server.cpp:132)
2026-07-17 14:25:37.078 | info     |       LLRuntime | Watcher server initialized, disabled features: ETH (watcher_server.cpp:547)
2026-07-17 14:25:37.078 | info     |           Metal | Watcher checking device 0 (watcher_device_reader.cpp:393)
2026-07-17 14:25:37.084 | info     |           Metal | Initializing Fabric (fabric_firmware_initializer.cpp:288)
2026-07-17 14:25:37.084 | info     |           Metal | Watcher checking device 1 (watcher_device_reader.cpp:393)
2026-07-17 14:25:37.093 | info     |           Metal | Watcher checking device 2 (watcher_device_reader.cpp:393)
2026-07-17 14:25:37.099 | info     |           Metal | Watcher checking device 3 (watcher_device_reader.cpp:393)
2026-07-17 14:25:38.805 | info     |           Metal | Fabric initialized on Device 0 (device.cpp:429)
2026-07-17 14:25:41.001 | info     |           Metal | Fabric initialized on Device 1 (device.cpp:429)
2026-07-17 14:25:41.001 | info     |           Metal | Fabric initialized on Device 2 (device.cpp:429)
2026-07-17 14:25:41.002 | info     |           Metal | Fabric initialized on Device 3 (device.cpp:429)
2026-07-17 14:25:41.002 | info     |           Metal | Fabric initialized on 4 devices (fabric_firmware_initializer.cpp:435)
2026-07-17 14:25:41.002 | info     |           Metal | Fabric Initialized with config FabricConfig::FABRIC_1D_RING (fabric_firmware_initializer.cpp:305)
2026-07-17 14:25:42.405 | info     |           Metal | ShmResourceTracker: removed orphaned shm '/tt_device_154095680226368_memory' (shm_resource_tracker.cpp:282)
2026-07-17 14:25:42.405 | info     |           Metal | ShmResourceTracker: removed orphaned shm '/tt_device_154095680226369_memory' (shm_resource_tracker.cpp:282)
2026-07-17 14:25:42.405 | info     |           Metal | ShmResourceTracker: removed orphaned shm '/tt_device_154095680227712_memory' (shm_resource_tracker.cpp:282)
2026-07-17 14:25:42.405 | info     |           Metal | ShmResourceTracker: removed orphaned shm '/tt_device_154095680227713_memory' (shm_resource_tracker.cpp:282)
2026-07-17 14:25:43.383 | info     |           Metal | [Real-time profiler] Device 2 sync complete: 100 samples, frequency=1.349987 GHz, device_time_at_sync=1169119138817 cycles (realtime_profiler_manager.cpp:1127)
2026-07-17 14:25:43.383 | info     |           Metal | [Real-time profiler] Device 1 sync complete: 100 samples, frequency=1.349995 GHz, device_time_at_sync=1163059227215 cycles (realtime_profiler_manager.cpp:1127)
2026-07-17 14:25:43.383 | info     |           Metal | [Real-time profiler] Device 3 sync complete: 100 samples, frequency=1.349986 GHz, device_time_at_sync=1174949562702 cycles (realtime_profiler_manager.cpp:1127)
2026-07-17 14:25:43.385 | info     |           Metal | [Real-time profiler] Device 0 sync complete: 100 samples, frequency=1.349994 GHz, device_time_at_sync=1158294008793 cycles (realtime_profiler_manager.cpp:1127)
2026-07-17 14:25:47.206 | info     |           Metal | Watcher checking device 0 (watcher_device_reader.cpp:393)
2026-07-17 14:25:47.212 | info     |           Metal | Watcher checking device 1 (watcher_device_reader.cpp:393)
2026-07-17 14:25:47.217 | info     |           Metal | Watcher checking device 2 (watcher_device_reader.cpp:393)
2026-07-17 14:25:47.223 | info     |           Metal | Watcher checking device 3 (watcher_device_reader.cpp:393)
2026-07-17 14:25:57.234 | info     |           Metal | Watcher checking device 0 (watcher_device_reader.cpp:393)
2026-07-17 14:25:57.239 | info     |           Metal | Watcher checking device 1 (watcher_device_reader.cpp:393)
2026-07-17 14:25:57.245 | info     |           Metal | Watcher checking device 2 (watcher_device_reader.cpp:393)
2026-07-17 14:25:57.250 | info     |           Metal | Watcher checking device 3 (watcher_device_reader.cpp:393)
PASSED
models/autoports/hexgrad_kokoro_82m/tests/test_multichip_decoder.py::test_decode_traced_pcc[512] 2026-07-17 14:26:00.649 | warning  |           Metal | Allocating device buffers is unsafe due to the existence of an active trace. These buffers may be corrupted once a trace is executed. (allocator.cpp:110)
PASSED
models/autoports/hexgrad_kokoro_82m/tests/test_multichip_decoder.py::test_decode_traced_masked_batch 2026-07-17 14:26:07.264 | info     |           Metal | Watcher checking device 0 (watcher_device_reader.cpp:393)
2026-07-17 14:26:07.270 | info     |           Metal | Watcher checking device 1 (watcher_device_reader.cpp:393)
2026-07-17 14:26:07.275 | info     |           Metal | Watcher checking device 2 (watcher_device_reader.cpp:393)
2026-07-17 14:26:07.281 | info     |           Metal | Watcher checking device 3 (watcher_device_reader.cpp:393)
PASSED
models/autoports/hexgrad_kokoro_82m/tests/test_multichip_decoder.py::test_component_pcc_vs_single_chip 2026-07-17 14:26:17.293 | info     |           Metal | Watcher checking device 0 (watcher_device_reader.cpp:393)
2026-07-17 14:26:17.299 | info     |           Metal | Watcher checking device 1 (watcher_device_reader.cpp:393)
2026-07-17 14:26:17.304 | info     |           Metal | Watcher checking device 2 (watcher_device_reader.cpp:393)
2026-07-17 14:26:17.310 | info     |           Metal | Watcher checking device 3 (watcher_device_reader.cpp:393)
PASSED
models/autoports/hexgrad_kokoro_82m/tests/test_multichip_decoder.py::test_decode_determinism PASSED
models/autoports/hexgrad_kokoro_82m/tests/test_multichip_decoder.py::test_decode_is_stateless PASSED
models/autoports/hexgrad_kokoro_82m/tests/test_multichip_decoder.py::test_decode_stress_repeated_replay 2026-07-17 14:26:27.331 | info     |           Metal | Watcher checking device 0 (watcher_device_reader.cpp:393)
2026-07-17 14:26:27.338 | info     |           Metal | Watcher checking device 1 (watcher_device_reader.cpp:393)
2026-07-17 14:26:27.344 | info     |           Metal | Watcher checking device 2 (watcher_device_reader.cpp:393)
2026-07-17 14:26:27.350 | info     |           Metal | Watcher checking device 3 (watcher_device_reader.cpp:393)
PASSED

=============================== warnings summary ===============================
../../.tenstorrent-venv/lib/python3.12/site-packages/_pytest/config/__init__.py:1434
  /home/ttuser/.tenstorrent-venv/lib/python3.12/site-packages/_pytest/config/__init__.py:1434: PytestConfigWarning: Unknown config option: timeout

    self._warn_or_fail_if_strict(f"Unknown config option: {key}\n")

-- Docs: https://docs.pytest.org/en/stable/how-to/capture-warnings.html
==================================== PASSES ====================================
- generated xml file: /home/ttuser/dev/tt-metal/generated/test_reports/most_recent_tests.xml -
============================== slowest durations ===============================
13.42s call     models/autoports/hexgrad_kokoro_82m/tests/test_multichip_decoder.py::test_prefill_pcc_vs_single_chip[512]
10.39s setup    models/autoports/hexgrad_kokoro_82m/tests/test_multichip_decoder.py::test_prefill_pcc_vs_single_chip[512]
8.43s call     models/autoports/hexgrad_kokoro_82m/tests/test_multichip_decoder.py::test_component_pcc_vs_single_chip
8.05s call     models/autoports/hexgrad_kokoro_82m/tests/test_multichip_decoder.py::test_decode_traced_masked_batch
6.95s call     models/autoports/hexgrad_kokoro_82m/tests/test_multichip_decoder.py::test_decode_determinism
2.99s call     models/autoports/hexgrad_kokoro_82m/tests/test_multichip_decoder.py::test_decode_stress_repeated_replay
1.10s call     models/autoports/hexgrad_kokoro_82m/tests/test_multichip_decoder.py::test_decode_is_stateless
0.73s call     models/autoports/hexgrad_kokoro_82m/tests/test_multichip_decoder.py::test_decode_traced_pcc[512]
0.23s setup    models/autoports/hexgrad_kokoro_82m/tests/test_multichip_decoder.py::test_decode_stress_repeated_replay
0.23s setup    models/autoports/hexgrad_kokoro_82m/tests/test_multichip_decoder.py::test_decode_determinism
0.22s setup    models/autoports/hexgrad_kokoro_82m/tests/test_multichip_decoder.py::test_decode_is_stateless
0.18s setup    models/autoports/hexgrad_kokoro_82m/tests/test_multichip_decoder.py::test_component_pcc_vs_single_chip
0.17s setup    models/autoports/hexgrad_kokoro_82m/tests/test_multichip_decoder.py::test_decode_traced_pcc[512]
0.16s teardown models/autoports/hexgrad_kokoro_82m/tests/test_multichip_decoder.py::test_decode_stress_repeated_replay
0.16s setup    models/autoports/hexgrad_kokoro_82m/tests/test_multichip_decoder.py::test_decode_traced_masked_batch

(6 durations < 0.005s hidden.  Use -vv to show these durations.)
=========================== short test summary info ============================
PASSED models/autoports/hexgrad_kokoro_82m/tests/test_multichip_decoder.py::test_prefill_pcc_vs_single_chip[512]
PASSED models/autoports/hexgrad_kokoro_82m/tests/test_multichip_decoder.py::test_decode_traced_pcc[512]
PASSED models/autoports/hexgrad_kokoro_82m/tests/test_multichip_decoder.py::test_decode_traced_masked_batch
PASSED models/autoports/hexgrad_kokoro_82m/tests/test_multichip_decoder.py::test_component_pcc_vs_single_chip
PASSED models/autoports/hexgrad_kokoro_82m/tests/test_multichip_decoder.py::test_decode_determinism
PASSED models/autoports/hexgrad_kokoro_82m/tests/test_multichip_decoder.py::test_decode_is_stateless
PASSED models/autoports/hexgrad_kokoro_82m/tests/test_multichip_decoder.py::test_decode_stress_repeated_replay
================= 7 passed, 20 deselected, 1 warning in 53.43s =================
nanobind: leaked 2 instances!
 - leaked instance 0x7198b3374408 of type "ttnn._ttnn.tensor.MemoryConfig"
 - leaked instance 0x7198b341eef8 of type "ttnn._ttnn.tensor.CoreRangeSet"
nanobind: leaked 20 types!
 - leaked type "ttnn._ttnn.operations.matmul.MatmulMultiCoreReuseMultiCast1DProgramConfig"
 - leaked type "ttnn._ttnn.operations.matmul.MatmulInputs"
 - leaked type "ttnn._ttnn.operations.matmul.MatmulMultiCoreReuseMultiCastBatchedDRAMShardedProgramConfig"
 - leaked type "BufferType"
 - leaked type "UnaryOpType"
 - leaked type "Layout"
 - leaked type "ttnn._ttnn.operations.matmul.MatmulMultiCoreReuseOptimizedProgramFactory"
 - leaked type "Arch"
 - leaked type "ttnn._ttnn.operations.matmul.MatmulParams"
 - leaked type "ttnn._ttnn.tensor.CoreRangeSet"
 - ... skipped remainder
nanobind: leaked 247 functions!
 - leaked function ""
 - leaked function "get_device_id"
 - leaked function "get_current_command_queue_id_for_thread"
 - leaked function ""
 - leaked function ""
 - leaked function ""
 - leaked function ""
 - leaked function "extract_shard"
 - leaked function "get_system_mesh_id"
 - leaked function "__repr__"
 - ... skipped remainder
nanobind: this is likely caused by a reference counting issue in the binding code.
See https://nanobind.readthedocs.io/en/latest/refleaks.html2026-07-17 14:26:31.752 | info     |    BuildKernels | JIT cache stats: 0/426 hits (0.0%) [0 cached, 280 build-once dedup, 0 merged artifacts, 0 merged genfiles] (build_cache_telemetry.cpp:207)
2026-07-17 14:26:31.752 | info     |    BuildKernels | JIT telemetry: 2 registered TelemetryTokens (build_cache_telemetry.cpp:230)
2026-07-17 14:26:31.754 | info     |       LLRuntime | Watcher thread stopped watching... (watcher_server.cpp:595)
2026-07-17 14:26:31.754 | info     |       LLRuntime | Watcher detached device 0 (watcher_server.cpp:181)
2026-07-17 14:26:31.754 | info     |       LLRuntime | Watcher detached device 1 (watcher_server.cpp:181)
2026-07-17 14:26:31.754 | info     |       LLRuntime | Watcher detached device 2 (watcher_server.cpp:181)
2026-07-17 14:26:31.754 | info     |       LLRuntime | Watcher detached device 3 (watcher_server.cpp:181)
2026-07-17 14:26:31.770 | info     |          Device | Closing user mode device drivers (tt_cluster.cpp:512)
2026-07-17 14:26:31.770 | info     |             UMD | Closing devices in cluster (cluster.cpp:1037)
2026-07-17 14:26:32.328 | info     |             UMD | Closing devices in cluster completed. (cluster.cpp:1046)
2026-07-17 14:26:32.328 | info     |             UMD | Cluster destructor started. (cluster.cpp:754)
2026-07-17 14:26:32.328 | info     |             UMD | Cluster destructor completed. (cluster.cpp:757)
